
> financieramente-app@1.4.0 test:unit
> vitest --config vitest.unit.config.ts --run


 RUN  v3.2.4 /Users/andres/Documents/financieramente/financieramente-app

 × src/app/dashboard/negocios/__tests__/negocios-page-client.business-list-sort.test.tsx > NegociosPageClient - orden del listado por fecha de creación > renderiza el listado con el negocio más reciente primero aunque el hook devuelva primero el más antiguo 20ms
   → expect(element).toHaveAttribute("data-testid", "business-row-SORT-NEW") // element.getAttribute("data-testid") === "business-row-SORT-NEW"

Expected the element to have attribute:
  data-testid="business-row-SORT-NEW"
Received:
  data-testid="business-row-SORT-OLD"
stderr | src/features/negocios/__tests__/components/business-cancel-modal.test.tsx > BusinessCancelModal > Happy Path - Escenario 11: Inicio del proceso de cancelación > should show modal title with business ID
Warning: Missing `Description` or `aria-describedby={undefined}` for {DialogContent}.

stderr | src/features/negocios/__tests__/components/business-cancel-modal.test.tsx > BusinessCancelModal > Happy Path - Escenario 11: Inicio del proceso de cancelación > should show warning message
Warning: Missing `Description` or `aria-describedby={undefined}` for {DialogContent}.

 ✓ src/features/negocios/__tests__/components/business-cancel-modal.test.tsx > BusinessCancelModal > Happy Path - Escenario 11: Inicio del proceso de cancelación > should show modal title with business ID 85ms
stderr | src/features/negocios/__tests__/components/business-cancel-modal.test.tsx > BusinessCancelModal > Happy Path - Escenario 11: Inicio del proceso de cancelación > should show business basic info
Warning: Missing `Description` or `aria-describedby={undefined}` for {DialogContent}.

stderr | src/features/negocios/__tests__/components/business-cancel-modal.test.tsx > BusinessCancelModal > Happy Path - Escenario 11: Inicio del proceso de cancelación > should show character counter starting at 0
Warning: Missing `Description` or `aria-describedby={undefined}` for {DialogContent}.

stderr | src/features/negocios/__tests__/components/business-cancel-modal.test.tsx > BusinessCancelModal > Happy Path - Escenario 11: Inicio del proceso de cancelación > should have confirm button disabled initially
Warning: Missing `Description` or `aria-describedby={undefined}` for {DialogContent}.

stderr | src/features/negocios/__tests__/components/business-cancel-modal.test.tsx > BusinessCancelModal > Happy Path - Escenario 11: Inicio del proceso de cancelación > should show status badge
Warning: Missing `Description` or `aria-describedby={undefined}` for {DialogContent}.

stderr | src/features/negocios/__tests__/components/business-cancel-modal.test.tsx > BusinessCancelModal > Happy Path - Escenario 12: Cancelación exitosa > should enable confirm button when reason has 20+ characters
Warning: Missing `Description` or `aria-describedby={undefined}` for {DialogContent}.

 ✓ src/features/negocios/__tests__/components/business-cancel-modal.test.tsx > BusinessCancelModal > Happy Path - Escenario 11: Inicio del proceso de cancelación > should show warning message 21ms
 ✓ src/features/negocios/__tests__/components/business-cancel-modal.test.tsx > BusinessCancelModal > Happy Path - Escenario 11: Inicio del proceso de cancelación > should show business basic info 22ms
 ✓ src/features/negocios/__tests__/components/business-cancel-modal.test.tsx > BusinessCancelModal > Happy Path - Escenario 11: Inicio del proceso de cancelación > should show character counter starting at 0 14ms
 ✓ src/features/negocios/__tests__/components/business-cancel-modal.test.tsx > BusinessCancelModal > Happy Path - Escenario 11: Inicio del proceso de cancelación > should have confirm button disabled initially 24ms
 ✓ src/features/negocios/__tests__/components/business-cancel-modal.test.tsx > BusinessCancelModal > Happy Path - Escenario 11: Inicio del proceso de cancelación > should show status badge 14ms
 ✓ src/features/distribution-commission/__tests__/components/commission-rule-form.validation.test.tsx > CommissionRuleForm — validation presentation > shows destructive FormMessage and aria-invalid on category when row is invalid 172ms
stderr | src/features/distribution-commission/__tests__/components/commission-rule-form.validation.test.tsx > CommissionRuleForm — validation presentation > shows percentage FormMessage after blur when field cleared (RF-02)
Select is changing from uncontrolled to controlled. Components should not switch from controlled to uncontrolled (or vice versa). Decide between using a controlled or uncontrolled value for the lifetime of the component.

 ✓ src/features/shared/ui/__tests__/create-business-form.test.tsx > CreateBusinessForm > renders form with all fields 167ms
stderr | src/features/negocios/__tests__/components/business-cancel-modal.test.tsx > BusinessCancelModal > Happy Path - Escenario 12: Cancelación exitosa > should call onConfirm with reason when confirmed
Warning: Missing `Description` or `aria-describedby={undefined}` for {DialogContent}.

 ✓ src/features/distribution-commission/__tests__/components/commission-rule-form.validation.test.tsx > CommissionRuleForm — validation presentation > shows percentage FormMessage after blur when field cleared (RF-02) 209ms
stderr | src/features/distribution-commission/__tests__/components/commission-rule-form.validation.test.tsx > CommissionRuleForm — validation presentation > clears percentage field error after valid value and blur
Select is changing from uncontrolled to controlled. Components should not switch from controlled to uncontrolled (or vice versa). Decide between using a controlled or uncontrolled value for the lifetime of the component.

 ✓ src/features/shared/ui/__tests__/create-business-form.test.tsx > CreateBusinessForm > blocks all fields except documento when documento is empty 137ms
 ✓ src/features/negocios/__tests__/components/business-cancel-modal.test.tsx > BusinessCancelModal > Happy Path - Escenario 12: Cancelación exitosa > should enable confirm button when reason has 20+ characters 369ms
stderr | src/features/distribution-commission/__tests__/components/commission-rule-form.validation.test.tsx > CommissionRuleForm — validation presentation > shows inline error after blur for 0 and for above 100
Select is changing from uncontrolled to controlled. Components should not switch from controlled to uncontrolled (or vice versa). Decide between using a controlled or uncontrolled value for the lifetime of the component.

 ✓ src/features/distribution-commission/__tests__/components/commission-rule-form.validation.test.tsx > CommissionRuleForm — validation presentation > clears percentage field error after valid value and blur 258ms
 ✓ src/features/product/__tests__/components/product-form.test.tsx > ProductForm > Create Mode > should render form with empty fields (happy path) 107ms
 ✓ src/features/product/__tests__/components/product-form.test.tsx > ProductForm > Create Mode > should call onCancel when cancel button is clicked 43ms
 ✓ src/features/product/__tests__/components/product-form.test.tsx > ProductForm > Create Mode > should disable submit button when loading 21ms
stderr | src/features/negocios/__tests__/components/business-cancel-modal.test.tsx > BusinessCancelModal > Happy Path - Escenario 12: Cancelación exitosa > should update character counter as user types
Warning: Missing `Description` or `aria-describedby={undefined}` for {DialogContent}.

stderr | src/features/product/__tests__/components/product-form.test.tsx > ProductForm > Create Mode > should show loading text when submitting
Select is changing from uncontrolled to controlled. Components should not switch from controlled to uncontrolled (or vice versa). Decide between using a controlled or uncontrolled value for the lifetime of the component.

stderr | src/features/negocios/__tests__/components/business-cancel-modal.test.tsx > BusinessCancelModal > Happy Path - Escenario 12: Cancelación exitosa > should close modal after successful confirm
Warning: Missing `Description` or `aria-describedby={undefined}` for {DialogContent}.

 ✓ src/features/negocios/__tests__/components/business-cancel-modal.test.tsx > BusinessCancelModal > Happy Path - Escenario 12: Cancelación exitosa > should call onConfirm with reason when confirmed 299ms
 ✓ src/features/negocios/__tests__/components/business-cancel-modal.test.tsx > BusinessCancelModal > Happy Path - Escenario 12: Cancelación exitosa > should update character counter as user types 69ms
stderr | src/features/distribution-commission/__tests__/components/commission-rule-form.validation.test.tsx > CommissionRuleForm — validation presentation > blocks submit and shows sum error when distribution percentages exceed 100
Select is changing from uncontrolled to controlled. Components should not switch from controlled to uncontrolled (or vice versa). Decide between using a controlled or uncontrolled value for the lifetime of the component.

 ✓ src/features/distribution-commission/__tests__/components/commission-rule-form.validation.test.tsx > CommissionRuleForm — validation presentation > shows inline error after blur for 0 and for above 100 217ms
stderr | src/features/product/__tests__/components/product-form.test.tsx > ProductForm > Create Mode > should submit form with valid data (happy path)
Select is changing from uncontrolled to controlled. Components should not switch from controlled to uncontrolled (or vice versa). Decide between using a controlled or uncontrolled value for the lifetime of the component.

 ✓ src/features/product/__tests__/components/product-form.test.tsx > ProductForm > Create Mode > should show loading text when submitting 152ms
 ↓ src/features/product/__tests__/components/product-form.test.tsx > ProductForm > Create Mode > should validate required fields
 ↓ src/features/product/__tests__/components/product-form.test.tsx > ProductForm > Create Mode > should validate name minimum length
stderr | src/features/distribution-commission/__tests__/components/commission-rule-form.validation.test.tsx > CommissionRuleForm — validation presentation > blocks submit and shows sum error when distribution percentages exceed 100
Select is changing from uncontrolled to controlled. Components should not switch from controlled to uncontrolled (or vice versa). Decide between using a controlled or uncontrolled value for the lifetime of the component.

 ✓ src/features/product/__tests__/components/product-form.test.tsx > ProductForm > Create Mode > should submit form with valid data (happy path) 130ms
 ✓ src/features/product/__tests__/components/product-form.test.tsx > ProductForm > Edit Mode > should render form with initial data (happy path) 17ms
 ✓ src/features/product/__tests__/components/product-form.test.tsx > ProductForm > Edit Mode > should show update button text in edit mode 18ms
stderr | src/features/negocios/__tests__/components/business-cancel-modal.test.tsx > BusinessCancelModal > Flujos Alternos - Escenario 13: Cancelación del proceso > should close modal when cancel button clicked
Warning: Missing `Description` or `aria-describedby={undefined}` for {DialogContent}.

stderr | src/features/negocios/__tests__/components/business-cancel-modal.test.tsx > BusinessCancelModal > Flujos Alternos - Escenario 13: Cancelación del proceso > should NOT call onConfirm when cancelled
Warning: Missing `Description` or `aria-describedby={undefined}` for {DialogContent}.

 ✓ src/features/negocios/__tests__/components/business-cancel-modal.test.tsx > BusinessCancelModal > Happy Path - Escenario 12: Cancelación exitosa > should close modal after successful confirm 241ms
 ✓ src/features/negocios/__tests__/components/business-cancel-modal.test.tsx > BusinessCancelModal > Flujos Alternos - Escenario 13: Cancelación del proceso > should close modal when cancel button clicked 24ms
 ✓ src/features/product/__tests__/components/product-form.test.tsx > ProductForm > Edit Mode > should submit form with updated data 92ms
 ✓ src/features/shared/ui/__tests__/create-business-form.test.tsx > CreateBusinessForm > unlocks all fields when documento has value 680ms
 ✓ src/features/shared/ui/__tests__/create-business-form.test.tsx > CreateBusinessForm > submit button is disabled when documento is empty 60ms
stderr | src/features/distribution-commission/__tests__/components/commission-rule-form.validation.test.tsx > CommissionRuleForm — validation presentation > sets aria-invalid on percentage input when blurred invalid
Select is changing from uncontrolled to controlled. Components should not switch from controlled to uncontrolled (or vice versa). Decide between using a controlled or uncontrolled value for the lifetime of the component.

 ✓ src/features/distribution-commission/__tests__/components/commission-rule-form.validation.test.tsx > CommissionRuleForm — validation presentation > blocks submit and shows sum error when distribution percentages exceed 100 339ms
 ✓ src/features/product/__tests__/components/product-form.test.tsx > ProductForm > Edit Mode > should allow partial updates 111ms
 ✓ src/features/product/__tests__/components/product-form.test.tsx > ProductForm > Edit Mode > should disable form when loading 24ms
 ↓ src/features/product/__tests__/components/product-form.test.tsx > ProductForm > Error Handling > should display validation errors for invalid name
stderr | src/features/negocios/__tests__/components/business-cancel-modal.test.tsx > BusinessCancelModal > Flujos Alternos - Escenario 13: Cancelación del proceso > should reset reason when modal is closed
Warning: Missing `Description` or `aria-describedby={undefined}` for {DialogContent}.
Warning: Missing `Description` or `aria-describedby={undefined}` for {DialogContent}.

stderr | src/features/negocios/__tests__/components/business-cancel-modal.test.tsx > BusinessCancelModal > Validación de longitud de motivo > should show minimum length message when under 20 chars
Warning: Missing `Description` or `aria-describedby={undefined}` for {DialogContent}.

stderr | src/features/distribution-commission/__tests__/components/commission-rule-form.validation.test.tsx > CommissionRuleForm — validation presentation > shows Cartera column when portfolio switch is enabled
Select is changing from uncontrolled to controlled. Components should not switch from controlled to uncontrolled (or vice versa). Decide between using a controlled or uncontrolled value for the lifetime of the component.

stderr | src/features/negocios/__tests__/components/business-cancel-modal.test.tsx > BusinessCancelModal > Validación de longitud de motivo > should not show minimum message when 20+ chars
Warning: Missing `Description` or `aria-describedby={undefined}` for {DialogContent}.

 ✓ src/features/distribution-commission/__tests__/components/commission-rule-form.validation.test.tsx > CommissionRuleForm — validation presentation > sets aria-invalid on percentage input when blurred invalid 137ms
 ✓ src/features/distribution-commission/__tests__/components/commission-rule-form.validation.test.tsx > CommissionRuleForm — validation presentation > shows Cartera column when portfolio switch is enabled 108ms
 ✓ src/features/negocios/__tests__/components/business-cancel-modal.test.tsx > BusinessCancelModal > Flujos Alternos - Escenario 13: Cancelación del proceso > should NOT call onConfirm when cancelled 228ms
 ✓ src/features/negocios/__tests__/components/business-cancel-modal.test.tsx > BusinessCancelModal > Flujos Alternos - Escenario 13: Cancelación del proceso > should reset reason when modal is closed 21ms
 ✓ src/features/negocios/__tests__/components/business-cancel-modal.test.tsx > BusinessCancelModal > Validación de longitud de motivo > should show minimum length message when under 20 chars 37ms
stderr | src/features/negocios/__tests__/components/business-cancel-modal.test.tsx > BusinessCancelModal > Validación de longitud de motivo > should truncate at 500 characters
Warning: Missing `Description` or `aria-describedby={undefined}` for {DialogContent}.

stderr | src/features/negocios/__tests__/components/business-cancel-modal.test.tsx > BusinessCancelModal > Estado de carga > should show loading skeleton when isLoading
`DialogContent` requires a `DialogTitle` for the component to be accessible for screen reader users.

If you want to hide the `DialogTitle`, you can wrap it with our VisuallyHidden component.

For more information, see https://radix-ui.com/primitives/docs/components/dialog
Warning: Missing `Description` or `aria-describedby={undefined}` for {DialogContent}.

stderr | src/features/negocios/__tests__/components/business-cancel-modal.test.tsx > BusinessCancelModal > Estado de carga > should show loading state during submission
Warning: Missing `Description` or `aria-describedby={undefined}` for {DialogContent}.

 ✓ src/features/product/__tests__/components/product-form.test.tsx > ProductForm > Error Handling > should display validation errors for name too long 380ms
 ✓ src/features/negocios/__tests__/components/business-cancel-modal.test.tsx > BusinessCancelModal > Validación de longitud de motivo > should not show minimum message when 20+ chars 163ms
 ✓ src/features/negocios/__tests__/components/business-cancel-modal.test.tsx > BusinessCancelModal > Validación de longitud de motivo > should truncate at 500 characters 7ms
 ✓ src/features/negocios/__tests__/components/business-cancel-modal.test.tsx > BusinessCancelModal > Estado de carga > should show loading skeleton when isLoading 5ms
 ✓ src/features/negocios/__tests__/components/business-cancel-modal.test.tsx > BusinessCancelModal > Estado de carga > should not render when business is null 0ms
stderr | src/features/negocios/__tests__/components/business-cancel-modal.test.tsx > BusinessCancelModal > Estado de carga > should show loading state during submission
An update to BusinessCancelModal inside a test was not wrapped in act(...).

When testing, code that causes React state updates should be wrapped into act(...):

act(() => {
  /* fire events that update state */
});
/* assert on the output */

This ensures that you're testing the behavior the user would see in the browser. Learn more at https://react.dev/link/wrap-tests-with-act
An update to BusinessCancelModal inside a test was not wrapped in act(...).

When testing, code that causes React state updates should be wrapped into act(...):

act(() => {
  /* fire events that update state */
});
/* assert on the output */

This ensures that you're testing the behavior the user would see in the browser. Learn more at https://react.dev/link/wrap-tests-with-act

 ✓ src/features/negocios/__tests__/components/business-cancel-modal.test.tsx > BusinessCancelModal > Estado de carga > should show loading state during submission 131ms
 ✓ src/features/product-configuration/__tests__/hooks/use-product-configurations.test.ts > useProductConfigurations > should start with loading state 62ms
stderr | src/features/product-configuration/__tests__/hooks/use-product-configurations.test.ts > useProductConfigurations > should handle API error
Error loading configurations: Error: Error al obtener configuraciones
    at /Users/andres/Documents/financieramente/financieramente-app/src/features/product-configuration/hooks/use-product-configurations.ts:77:11

 ✓ src/features/product-configuration/__tests__/hooks/use-product-configurations.test.ts > useProductConfigurations > should fetch configurations successfully (happy path) 55ms
 ✓ src/features/product-configuration/__tests__/hooks/use-product-configurations.test.ts > useProductConfigurations > should handle API error 54ms
 ✓ src/features/product-configuration/__tests__/hooks/use-product-configurations.test.ts > useProductConfigurations > should handle network error 55ms
 ✓ src/features/shared/ui/__tests__/create-business-form.test.tsx > CreateBusinessForm > shows validation error for invalid email 819ms
 ✓ src/features/shared/ui/__tests__/create-business-form.test.tsx > CreateBusinessForm > calls onCancel when cancel button is clicked 17ms
stderr | src/features/negocios/__tests__/components/business-view-modal.test.tsx > BusinessViewModal > Happy Path > should render business ID in title
Warning: Missing `Description` or `aria-describedby={undefined}` for {DialogContent}.

stderr | src/features/negocios/__tests__/components/business-view-modal.test.tsx > BusinessViewModal > Happy Path > should display client information
Warning: Missing `Description` or `aria-describedby={undefined}` for {DialogContent}.

 ✓ src/features/negocios/__tests__/components/business-view-modal.test.tsx > BusinessViewModal > Happy Path > should render business ID in title 93ms
stderr | src/features/negocios/__tests__/components/business-view-modal.test.tsx > BusinessViewModal > Happy Path > should display product information
Warning: Missing `Description` or `aria-describedby={undefined}` for {DialogContent}.

stderr | src/features/negocios/__tests__/components/business-view-modal.test.tsx > BusinessViewModal > Happy Path > should display agent information
Warning: Missing `Description` or `aria-describedby={undefined}` for {DialogContent}.

stderr | src/features/negocios/__tests__/components/business-view-modal.test.tsx > BusinessViewModal > Happy Path > should show status badge
Warning: Missing `Description` or `aria-describedby={undefined}` for {DialogContent}.

stderr | src/features/negocios/__tests__/components/business-view-modal.test.tsx > BusinessViewModal > Happy Path > should format currency value
Warning: Missing `Description` or `aria-describedby={undefined}` for {DialogContent}.

 ✓ src/features/negocios/__tests__/components/business-view-modal.test.tsx > BusinessViewModal > Happy Path > should display client information 17ms
 ✓ src/features/negocios/__tests__/components/business-view-modal.test.tsx > BusinessViewModal > Happy Path > should display product information 40ms
 ✓ src/features/negocios/__tests__/components/business-view-modal.test.tsx > BusinessViewModal > Happy Path > should display agent information 28ms
 ✓ src/features/negocios/__tests__/components/business-view-modal.test.tsx > BusinessViewModal > Happy Path > should show status badge 13ms
stderr | src/features/negocios/__tests__/components/business-view-modal.test.tsx > BusinessViewModal > Happy Path > should call onOpenChange when close button clicked
Warning: Missing `Description` or `aria-describedby={undefined}` for {DialogContent}.

stderr | src/features/negocios/__tests__/components/business-view-modal.test.tsx > BusinessViewModal > Happy Path > should display term correctly
Warning: Missing `Description` or `aria-describedby={undefined}` for {DialogContent}.

stderr | src/features/negocios/__tests__/components/business-view-modal.test.tsx > BusinessViewModal > Happy Path > should display periodicity
Warning: Missing `Description` or `aria-describedby={undefined}` for {DialogContent}.

 ✓ src/features/negocios/__tests__/components/business-view-modal.test.tsx > BusinessViewModal > Happy Path > should format currency value 29ms
 ✓ src/features/negocios/__tests__/components/business-view-modal.test.tsx > BusinessViewModal > Happy Path > should call onOpenChange when close button clicked 28ms
 ✓ src/features/negocios/__tests__/components/business-view-modal.test.tsx > BusinessViewModal > Happy Path > should display term correctly 34ms
stderr | src/features/negocios/__tests__/components/business-view-modal.test.tsx > BusinessViewModal > Happy Path > should display client origin
Warning: Missing `Description` or `aria-describedby={undefined}` for {DialogContent}.

stderr | src/features/negocios/__tests__/components/business-view-modal.test.tsx > BusinessViewModal > Flujos Alternos > should show "Sin asignar" when contract is null
Warning: Missing `Description` or `aria-describedby={undefined}` for {DialogContent}.

stderr | src/features/negocios/__tests__/components/business-view-modal.test.tsx > BusinessViewModal > Flujos Alternos > should handle missing periodicity
Warning: Missing `Description` or `aria-describedby={undefined}` for {DialogContent}.

stderr | src/features/negocios/__tests__/components/business-view-modal.test.tsx > BusinessViewModal > Flujos Alternos > should handle missing term
Warning: Missing `Description` or `aria-describedby={undefined}` for {DialogContent}.

stderr | src/features/negocios/__tests__/components/business-view-modal.test.tsx > BusinessViewModal > Flujos Alternos > should show loading skeleton when isLoading
Warning: Missing `Description` or `aria-describedby={undefined}` for {DialogContent}.

stderr | src/features/negocios/__tests__/components/business-view-modal.test.tsx > BusinessViewModal > Edit client origin from Ver Negocio modal when EMITIDO > Modal loads with origin as label and Editar origen in footer when EMITIDO
Warning: Missing `Description` or `aria-describedby={undefined}` for {DialogContent}.

 ✓ src/features/negocios/__tests__/components/business-view-modal.test.tsx > BusinessViewModal > Happy Path > should display periodicity 47ms
 ✓ src/features/negocios/__tests__/components/business-view-modal.test.tsx > BusinessViewModal > Happy Path > should display client origin 39ms
 ✓ src/features/negocios/__tests__/components/business-view-modal.test.tsx > BusinessViewModal > Flujos Alternos > should show "Sin asignar" when contract is null 12ms
 ✓ src/features/negocios/__tests__/components/business-view-modal.test.tsx > BusinessViewModal > Flujos Alternos > should not render when business is null 1ms
 ✓ src/features/negocios/__tests__/components/business-view-modal.test.tsx > BusinessViewModal > Flujos Alternos > should handle missing periodicity 13ms
 ✓ src/features/negocios/__tests__/components/business-view-modal.test.tsx > BusinessViewModal > Flujos Alternos > should handle missing term 10ms
 ✓ src/features/negocios/__tests__/components/business-view-modal.test.tsx > BusinessViewModal > Flujos Alternos > should show loading skeleton when isLoading 8ms
 ✓ src/features/negocios/__tests__/components/business-view-modal.test.tsx > BusinessViewModal > Flujos Alternos > should not render when open is false 2ms
 ✓ src/features/product-configuration/__tests__/hooks/use-product-configurations.test.ts > useProductConfigurations > should pass search params to API 527ms
 ✓ src/features/product-configuration/__tests__/hooks/use-product-configurations.test.ts > useProductConfigurations > should pass active filter to API 3ms
 ✓ src/features/product-configuration/__tests__/hooks/use-product-configurations.test.ts > useProductConfigurations > should refetch when reload() is called 55ms
stderr | src/features/negocios/__tests__/components/business-view-modal.test.tsx > BusinessViewModal > Edit client origin from Ver Negocio modal when EMITIDO > Clicking Editar origen shows Select and Guardar in footer
Warning: Missing `Description` or `aria-describedby={undefined}` for {DialogContent}.

stderr | src/features/negocios/__tests__/components/business-view-modal.test.tsx > BusinessViewModal > Edit client origin from Ver Negocio modal when EMITIDO > User saves new origin and modal returns to label view
Warning: Missing `Description` or `aria-describedby={undefined}` for {DialogContent}.

 ✓ src/features/negocios/__tests__/components/business-view-modal.test.tsx > BusinessViewModal > Edit client origin from Ver Negocio modal when EMITIDO > Modal loads with origin as label and Editar origen in footer when EMITIDO 22ms
 ✓ src/features/negocios/__tests__/components/business-view-modal.test.tsx > BusinessViewModal > Edit client origin from Ver Negocio modal when EMITIDO > Clicking Editar origen shows Select and Guardar in footer 56ms
 ✓ src/features/shared/ui/__tests__/create-business-form.test.tsx > CreateBusinessForm > submit button is enabled when documento has value 582ms
stderr | src/features/negocios/__tests__/components/business-view-modal.test.tsx > BusinessViewModal > Edit client origin from Ver Negocio modal when EMITIDO > Non-EMITIDO business does not show Editar origen
Warning: Missing `Description` or `aria-describedby={undefined}` for {DialogContent}.

stderr | src/features/negocios/__tests__/components/business-view-modal.test.tsx > BusinessViewModal > Edit client origin from Ver Negocio modal when EMITIDO > shows toast.error with API error message when onSaveOrigin rejects with a 400-like error
Warning: Missing `Description` or `aria-describedby={undefined}` for {DialogContent}.

 ✓ src/features/negocios/__tests__/components/business-view-modal.test.tsx > BusinessViewModal > Edit client origin from Ver Negocio modal when EMITIDO > User saves new origin and modal returns to label view 154ms
 ✓ src/features/negocios/__tests__/components/business-view-modal.test.tsx > BusinessViewModal > Edit client origin from Ver Negocio modal when EMITIDO > Non-EMITIDO business does not show Editar origen 16ms
 ✓ src/features/pre-liquidacion/__tests__/RegistrosLiquidacionTable.test.tsx > RegistrosLiquidacionTable — "Detalle de Distribución" button > renders a "Detalle de Distribución" button for each row 211ms
 ✓ src/features/pre-liquidacion/__tests__/RegistrosLiquidacionTable.test.tsx > RegistrosLiquidacionTable — "Detalle de Distribución" button > calls onVerDistribucion with the correct idSettlementCommission on click 73ms
stderr | src/features/negocios/__tests__/components/business-view-modal.test.tsx > BusinessViewModal > Edit client origin from Ver Negocio modal when EMITIDO > does not call toast.error when onSaveOrigin resolves successfully
Warning: Missing `Description` or `aria-describedby={undefined}` for {DialogContent}.

 ✓ src/features/negocios/__tests__/components/business-view-modal.test.tsx > BusinessViewModal > Edit client origin from Ver Negocio modal when EMITIDO > shows toast.error with API error message when onSaveOrigin rejects with a 400-like error 115ms
 ✓ src/features/pre-liquidacion/__tests__/RegistrosLiquidacionTable.test.tsx > RegistrosLiquidacionTable — "Detalle de Distribución" button > calls onVerDistribucion only once per click 62ms
 ✓ src/features/pre-liquidacion/__tests__/RegistrosLiquidacionTable.test.tsx > RegistrosLiquidacionTable — "Detalle de Distribución" button > renders no "Detalle de Distribución" buttons when registros is empty 55ms
 ✓ src/features/pre-liquidacion/__tests__/RegistrosLiquidacionTable.test.tsx > RegistrosLiquidacionTable — "Detalle de Distribución" button > renders the "Detalle de Distribución" button text visible in each row 28ms
 ✓ src/features/negocios/__tests__/components/business-view-modal.test.tsx > BusinessViewModal > Edit client origin from Ver Negocio modal when EMITIDO > does not call toast.error when onSaveOrigin resolves successfully 106ms
 ✓ src/features/pre-liquidacion/__tests__/RegistrosLiquidacionTable.test.tsx > RegistrosLiquidacionTable — selection and other behaviours > renders all registro rows 36ms
 ✓ src/features/pre-liquidacion/__tests__/RegistrosLiquidacionTable.test.tsx > RegistrosLiquidacionTable — selection and other behaviours > calls onSelectionChange with the correct id when toggling a row checkbox 24ms
 ✓ src/features/pre-liquidacion/__tests__/RegistrosLiquidacionTable.test.tsx > RegistrosLiquidacionTable — selection and other behaviours > renders "Ver negocio" button only when idBusiness is not null 39ms
 ✓ src/features/pre-liquidacion/__tests__/RegistrosLiquidacionTable.test.tsx > RegistrosLiquidacionTable — selection and other behaviours > calls onVerNegocio with the correct idBusiness on click 49ms
stderr | src/features/levels/__tests__/components/level-form.test.tsx > LevelForm > Create Mode > should render form in create mode (happy path)
An update to LevelForm inside a test was not wrapped in act(...).

When testing, code that causes React state updates should be wrapped into act(...):

act(() => {
  /* fire events that update state */
});
/* assert on the output */

This ensures that you're testing the behavior the user would see in the browser. Learn more at https://react.dev/link/wrap-tests-with-act
An update to LevelForm inside a test was not wrapped in act(...).

When testing, code that causes React state updates should be wrapped into act(...):

act(() => {
  /* fire events that update state */
});
/* assert on the output */

This ensures that you're testing the behavior the user would see in the browser. Learn more at https://react.dev/link/wrap-tests-with-act

stderr | src/features/levels/__tests__/components/level-form.test.tsx > LevelForm > Create Mode > should display all form fields
An update to LevelForm inside a test was not wrapped in act(...).

When testing, code that causes React state updates should be wrapped into act(...):

act(() => {
  /* fire events that update state */
});
/* assert on the output */

This ensures that you're testing the behavior the user would see in the browser. Learn more at https://react.dev/link/wrap-tests-with-act
An update to LevelForm inside a test was not wrapped in act(...).

When testing, code that causes React state updates should be wrapped into act(...):

act(() => {
  /* fire events that update state */
});
/* assert on the output */

This ensures that you're testing the behavior the user would see in the browser. Learn more at https://react.dev/link/wrap-tests-with-act

 ✓ src/features/levels/__tests__/components/level-form.test.tsx > LevelForm > Create Mode > should render form in create mode (happy path) 92ms
stderr | src/features/levels/__tests__/components/level-form.test.tsx > LevelForm > Create Mode > should disable submit button when isLoading is true
An update to LevelForm inside a test was not wrapped in act(...).

When testing, code that causes React state updates should be wrapped into act(...):

act(() => {
  /* fire events that update state */
});
/* assert on the output */

This ensures that you're testing the behavior the user would see in the browser. Learn more at https://react.dev/link/wrap-tests-with-act
An update to LevelForm inside a test was not wrapped in act(...).

When testing, code that causes React state updates should be wrapped into act(...):

act(() => {
  /* fire events that update state */
});
/* assert on the output */

This ensures that you're testing the behavior the user would see in the browser. Learn more at https://react.dev/link/wrap-tests-with-act

stderr | src/features/levels/__tests__/components/level-form.test.tsx > LevelForm > Edit Mode > should render form in edit mode with initialData
An update to LevelForm inside a test was not wrapped in act(...).

When testing, code that causes React state updates should be wrapped into act(...):

act(() => {
  /* fire events that update state */
});
/* assert on the output */

This ensures that you're testing the behavior the user would see in the browser. Learn more at https://react.dev/link/wrap-tests-with-act
An update to LevelForm inside a test was not wrapped in act(...).

When testing, code that causes React state updates should be wrapped into act(...):

act(() => {
  /* fire events that update state */
});
/* assert on the output */

This ensures that you're testing the behavior the user would see in the browser. Learn more at https://react.dev/link/wrap-tests-with-act

 ✓ src/features/levels/__tests__/components/level-form.test.tsx > LevelForm > Create Mode > should display all form fields 29ms
 ✓ src/features/levels/__tests__/components/level-form.test.tsx > LevelForm > Create Mode > should call onCancel when cancel button clicked 68ms
 ✓ src/features/levels/__tests__/components/level-form.test.tsx > LevelForm > Create Mode > should disable submit button when isLoading is true 25ms
stderr | src/features/levels/__tests__/components/level-form.test.tsx > LevelForm > Edit Mode > should pre-fill form in edit mode
An update to LevelForm inside a test was not wrapped in act(...).

When testing, code that causes React state updates should be wrapped into act(...):

act(() => {
  /* fire events that update state */
});
/* assert on the output */

This ensures that you're testing the behavior the user would see in the browser. Learn more at https://react.dev/link/wrap-tests-with-act
An update to LevelForm inside a test was not wrapped in act(...).

When testing, code that causes React state updates should be wrapped into act(...):

act(() => {
  /* fire events that update state */
});
/* assert on the output */

This ensures that you're testing the behavior the user would see in the browser. Learn more at https://react.dev/link/wrap-tests-with-act

stderr | src/features/levels/__tests__/components/level-form.test.tsx > LevelForm > Edit Mode > should show Guardando... when isLoading in edit mode
An update to LevelForm inside a test was not wrapped in act(...).

When testing, code that causes React state updates should be wrapped into act(...):

act(() => {
  /* fire events that update state */
});
/* assert on the output */

This ensures that you're testing the behavior the user would see in the browser. Learn more at https://react.dev/link/wrap-tests-with-act
An update to LevelForm inside a test was not wrapped in act(...).

When testing, code that causes React state updates should be wrapped into act(...):

act(() => {
  /* fire events that update state */
});
/* assert on the output */

This ensures that you're testing the behavior the user would see in the browser. Learn more at https://react.dev/link/wrap-tests-with-act

 ✓ src/features/levels/__tests__/components/level-form.test.tsx > LevelForm > Edit Mode > should render form in edit mode with initialData 26ms
 ✓ src/features/levels/__tests__/components/level-form.test.tsx > LevelForm > Edit Mode > should pre-fill form in edit mode 23ms
 ✓ src/features/levels/__tests__/components/level-form.test.tsx > LevelForm > Edit Mode > should show Guardando... when isLoading in edit mode 19ms
 ✓ src/features/negocios/__tests__/components/agent-autocomplete.test.tsx > AgentAutocomplete > Happy Path > should render with placeholder when no value 25ms
 ✓ src/features/negocios/__tests__/components/agent-autocomplete.test.tsx > AgentAutocomplete > Happy Path > should display selected agent from default agents list 6ms
 ✓ src/features/negocios/__tests__/components/agent-autocomplete.test.tsx > AgentAutocomplete > Happy Path > should open popover when button is clicked 59ms
 ✓ src/features/levels/__tests__/components/level-form.test.tsx > LevelForm > Validation > should show validation errors for empty required fields 60ms
stderr | src/features/levels/__tests__/components/level-form.test.tsx > LevelForm > Beneficiary Mode > should render beneficiaryMode selector
An update to LevelForm inside a test was not wrapped in act(...).

When testing, code that causes React state updates should be wrapped into act(...):

act(() => {
  /* fire events that update state */
});
/* assert on the output */

This ensures that you're testing the behavior the user would see in the browser. Learn more at https://react.dev/link/wrap-tests-with-act
An update to LevelForm inside a test was not wrapped in act(...).

When testing, code that causes React state updates should be wrapped into act(...):

act(() => {
  /* fire events that update state */
});
/* assert on the output */

This ensures that you're testing the behavior the user would see in the browser. Learn more at https://react.dev/link/wrap-tests-with-act

 ✓ src/features/negocios/__tests__/components/agent-autocomplete.test.tsx > AgentAutocomplete > Happy Path > should select agent from default agents list 26ms
 ✓ src/features/negocios/__tests__/components/agent-autocomplete.test.tsx > AgentAutocomplete > Remote Search > should search agents remotely when onSearch is provided 43ms
 ✓ src/features/negocios/__tests__/components/agent-autocomplete.test.tsx > AgentAutocomplete > Remote Search > should select agent from remote search results 42ms
stderr | src/features/levels/__tests__/components/level-form.test.tsx > LevelForm > Beneficiary Mode > should not show idFixedBeneficiaryUser picker when OVERRIDE is selected
An update to LevelForm inside a test was not wrapped in act(...).

When testing, code that causes React state updates should be wrapped into act(...):

act(() => {
  /* fire events that update state */
});
/* assert on the output */

This ensures that you're testing the behavior the user would see in the browser. Learn more at https://react.dev/link/wrap-tests-with-act
An update to LevelForm inside a test was not wrapped in act(...).

When testing, code that causes React state updates should be wrapped into act(...):

act(() => {
  /* fire events that update state */
});
/* assert on the output */

This ensures that you're testing the behavior the user would see in the browser. Learn more at https://react.dev/link/wrap-tests-with-act

stderr | src/features/levels/__tests__/components/level-form.test.tsx > LevelForm > Beneficiary Mode > should show idFixedBeneficiaryUser picker when BENEFICIARIO_GENERAL is selected
An update to LevelForm inside a test was not wrapped in act(...).

When testing, code that causes React state updates should be wrapped into act(...):

act(() => {
  /* fire events that update state */
});
/* assert on the output */

This ensures that you're testing the behavior the user would see in the browser. Learn more at https://react.dev/link/wrap-tests-with-act
An update to LevelForm inside a test was not wrapped in act(...).

When testing, code that causes React state updates should be wrapped into act(...):

act(() => {
  /* fire events that update state */
});
/* assert on the output */

This ensures that you're testing the behavior the user would see in the browser. Learn more at https://react.dev/link/wrap-tests-with-act

stderr | src/features/levels/__tests__/components/level-form.test.tsx > LevelForm > Beneficiary Mode > should show read-only system user display for system levels with BENEFICIARIO_GENERAL and a configured user
An update to LevelForm inside a test was not wrapped in act(...).

When testing, code that causes React state updates should be wrapped into act(...):

act(() => {
  /* fire events that update state */
});
/* assert on the output */

This ensures that you're testing the behavior the user would see in the browser. Learn more at https://react.dev/link/wrap-tests-with-act
An update to LevelForm inside a test was not wrapped in act(...).

When testing, code that causes React state updates should be wrapped into act(...):

act(() => {
  /* fire events that update state */
});
/* assert on the output */

This ensures that you're testing the behavior the user would see in the browser. Learn more at https://react.dev/link/wrap-tests-with-act

 ✓ src/features/levels/__tests__/components/level-form.test.tsx > LevelForm > Validation > should validate code length 129ms
 ✓ src/features/levels/__tests__/components/level-form.test.tsx > LevelForm > Beneficiary Mode > should render beneficiaryMode selector 19ms
 ✓ src/features/levels/__tests__/components/level-form.test.tsx > LevelForm > Beneficiary Mode > should not show idFixedBeneficiaryUser picker when OVERRIDE is selected 22ms
 ✓ src/features/levels/__tests__/components/level-form.test.tsx > LevelForm > Beneficiary Mode > should show idFixedBeneficiaryUser picker when BENEFICIARIO_GENERAL is selected 27ms
 ✓ src/features/shared/ui/__tests__/create-business-form.test.tsx > CreateBusinessForm > displays loading state during submission 1151ms
stderr | src/features/levels/__tests__/components/level-form.test.tsx > LevelForm > Beneficiary Mode > should show empty state placeholder for system levels with BENEFICIARIO_GENERAL and no user configured
An update to LevelForm inside a test was not wrapped in act(...).

When testing, code that causes React state updates should be wrapped into act(...):

act(() => {
  /* fire events that update state */
});
/* assert on the output */

This ensures that you're testing the behavior the user would see in the browser. Learn more at https://react.dev/link/wrap-tests-with-act
An update to LevelForm inside a test was not wrapped in act(...).

When testing, code that causes React state updates should be wrapped into act(...):

act(() => {
  /* fire events that update state */
});
/* assert on the output */

This ensures that you're testing the behavior the user would see in the browser. Learn more at https://react.dev/link/wrap-tests-with-act

stderr | src/features/levels/__tests__/components/level-form.test.tsx > LevelForm > Form Disabled State > should disable all inputs when loading
An update to LevelForm inside a test was not wrapped in act(...).

When testing, code that causes React state updates should be wrapped into act(...):

act(() => {
  /* fire events that update state */
});
/* assert on the output */

This ensures that you're testing the behavior the user would see in the browser. Learn more at https://react.dev/link/wrap-tests-with-act
An update to LevelForm inside a test was not wrapped in act(...).

When testing, code that causes React state updates should be wrapped into act(...):

act(() => {
  /* fire events that update state */
});
/* assert on the output */

This ensures that you're testing the behavior the user would see in the browser. Learn more at https://react.dev/link/wrap-tests-with-act

 ✓ src/features/negocios/__tests__/components/agent-autocomplete.test.tsx > AgentAutocomplete > Remote Search > should persist selected agent after search query is cleared 32ms
 ✓ src/features/negocios/__tests__/components/agent-autocomplete.test.tsx > AgentAutocomplete > Remote Search > should show loading state while searching 27ms
 ✓ src/features/negocios/__tests__/components/agent-autocomplete.test.tsx > AgentAutocomplete > Remote Search > should require at least 3 characters for remote search 18ms
 ✓ src/features/negocios/__tests__/components/agent-autocomplete.test.tsx > AgentAutocomplete > Agent Persistence > should display selected agent from cache after remoteAgents is cleared 25ms
 ✓ src/features/negocios/__tests__/components/agent-autocomplete.test.tsx > AgentAutocomplete > Agent Persistence > should not show "Money Strategist no encontrado" when agent is in cache 24ms
stderr | src/features/levels/__tests__/components/level-form.test.tsx > LevelForm > Form Disabled State > should disable cancel button when loading
An update to LevelForm inside a test was not wrapped in act(...).

When testing, code that causes React state updates should be wrapped into act(...):

act(() => {
  /* fire events that update state */
});
/* assert on the output */

This ensures that you're testing the behavior the user would see in the browser. Learn more at https://react.dev/link/wrap-tests-with-act
An update to LevelForm inside a test was not wrapped in act(...).

When testing, code that causes React state updates should be wrapped into act(...):

act(() => {
  /* fire events that update state */
});
/* assert on the output */

This ensures that you're testing the behavior the user would see in the browser. Learn more at https://react.dev/link/wrap-tests-with-act

stderr | src/features/levels/__tests__/components/level-form.test.tsx > LevelForm > Hierarchy specs > color input renders with type="color"
An update to LevelForm inside a test was not wrapped in act(...).

When testing, code that causes React state updates should be wrapped into act(...):

act(() => {
  /* fire events that update state */
});
/* assert on the output */

This ensures that you're testing the behavior the user would see in the browser. Learn more at https://react.dev/link/wrap-tests-with-act
An update to LevelForm inside a test was not wrapped in act(...).

When testing, code that causes React state updates should be wrapped into act(...):

act(() => {
  /* fire events that update state */
});
/* assert on the output */

This ensures that you're testing the behavior the user would see in the browser. Learn more at https://react.dev/link/wrap-tests-with-act

stderr | src/features/levels/__tests__/components/level-form.test.tsx > LevelForm > Hierarchy specs > next-level select excludes the current level id
An update to LevelForm inside a test was not wrapped in act(...).

When testing, code that causes React state updates should be wrapped into act(...):

act(() => {
  /* fire events that update state */
});
/* assert on the output */

This ensures that you're testing the behavior the user would see in the browser. Learn more at https://react.dev/link/wrap-tests-with-act
An update to LevelForm inside a test was not wrapped in act(...).

When testing, code that causes React state updates should be wrapped into act(...):

act(() => {
  /* fire events that update state */
});
/* assert on the output */

This ensures that you're testing the behavior the user would see in the browser. Learn more at https://react.dev/link/wrap-tests-with-act

 ✓ src/features/levels/__tests__/components/level-form.test.tsx > LevelForm > Beneficiary Mode > should show read-only system user display for system levels with BENEFICIARIO_GENERAL and a configured user 20ms
 ✓ src/features/levels/__tests__/components/level-form.test.tsx > LevelForm > Beneficiary Mode > should show empty state placeholder for system levels with BENEFICIARIO_GENERAL and no user configured 14ms
 ✓ src/features/levels/__tests__/components/level-form.test.tsx > LevelForm > Form Disabled State > should disable all inputs when loading 13ms
 ✓ src/features/levels/__tests__/components/level-form.test.tsx > LevelForm > Form Disabled State > should disable cancel button when loading 12ms
 ✓ src/features/levels/__tests__/components/level-form.test.tsx > LevelForm > Hierarchy specs > color input renders with type="color" 22ms
 ✓ src/features/levels/__tests__/components/level-form.test.tsx > LevelForm > Hierarchy specs > next-level select excludes the current level id 23ms
 ✓ src/features/product/__tests__/components/products-table.test.tsx > ProductsTableSection > should render table with products (happy path) 71ms
 ✓ src/features/product/__tests__/components/products-table.test.tsx > ProductsTableSection > should render product IDs 28ms
 ✓ src/features/negocios/__tests__/components/agent-autocomplete.test.tsx > AgentAutocomplete > Edit Mode > should initialize cache from agents prop in edit mode 3ms
 ✓ src/features/negocios/__tests__/components/agent-autocomplete.test.tsx > AgentAutocomplete > Edit Mode > should display existing agent in edit mode 4ms
 ✓ src/features/negocios/__tests__/components/agent-autocomplete.test.tsx > AgentAutocomplete > Edit Mode > should allow changing agent in edit mode 20ms
 ✓ src/features/negocios/__tests__/components/agent-autocomplete.test.tsx > AgentAutocomplete > Create Mode > should work with default agents when user is agent 11ms
 ✓ src/features/negocios/__tests__/components/agent-autocomplete.test.tsx > AgentAutocomplete > Create Mode > should allow searching and selecting any agent when canSearchAgents is true 31ms
 ✓ src/features/levels/__tests__/components/level-form.test.tsx > LevelForm > Hierarchy specs > switching to OVERRIDE clears user selector 91ms
 ✓ src/features/negocios/__tests__/components/agent-autocomplete.test.tsx > AgentAutocomplete > Cache Management > should avoid duplicate agents in cache 55ms
 ✓ src/features/negocios/__tests__/components/agent-autocomplete.test.tsx > AgentAutocomplete > Cache Management > should merge agents from props into cache 12ms
 ✓ src/features/negocios/__tests__/components/agent-autocomplete.test.tsx > AgentAutocomplete > Value Synchronization > should update displayed agent when value prop changes 6ms
 ✓ src/features/negocios/__tests__/components/agent-autocomplete.test.tsx > AgentAutocomplete > Value Synchronization > should clear selection when value is set to empty string 7ms
 ✓ src/features/negocios/__tests__/components/agent-autocomplete.test.tsx > AgentAutocomplete > Edge Cases > should handle empty search results 20ms
 ✓ src/features/negocios/__tests__/components/agent-autocomplete.test.tsx > AgentAutocomplete > Edge Cases > should handle search error gracefully 18ms
 ✓ src/features/negocios/__tests__/components/agent-autocomplete.test.tsx > AgentAutocomplete > Edge Cases > should filter agents locally when no remote search 12ms
 ✓ src/features/negocios/__tests__/components/agent-autocomplete.test.tsx > AgentAutocomplete > Edge Cases > should display identity number when available 3ms
 ✓ src/features/negocios/__tests__/components/agent-autocomplete.test.tsx > AgentAutocomplete > Accessibility > should have proper aria attributes 3ms
 ✓ src/features/negocios/__tests__/components/agent-autocomplete.test.tsx > AgentAutocomplete > Accessibility > should be disabled when disabled prop is true 2ms
 ✓ src/features/product/__tests__/components/products-table.test.tsx > ProductsTableSection > should render company names 22ms
 ✓ src/features/product/__tests__/components/products-table.test.tsx > ProductsTableSection > should render status badges correctly 24ms
 ✓ src/features/product/__tests__/components/products-table.test.tsx > ProductsTableSection > should call onAddProduct when add button is clicked 67ms
 ✓ src/features/product/__tests__/components/products-table.test.tsx > ProductsTableSection > should call onEditProduct when edit button is clicked 25ms
 ✓ src/features/product/__tests__/components/products-table.test.tsx > ProductsTableSection > should call onDeleteProduct when delete button is clicked 24ms
 ✓ src/features/product/__tests__/components/products-table.test.tsx > ProductsTableSection > should call onGlobalSearch when search is performed 49ms
 ✓ src/features/product/__tests__/components/products-table.test.tsx > ProductsTableSection > should render pagination when provided 16ms
 ✓ src/features/product/__tests__/components/products-table.test.tsx > ProductsTableSection > should render company filter when companies are provided 18ms
 ✓ src/features/product/__tests__/components/products-table.test.tsx > ProductsTableSection > should call onCompanyChange when company filter changes 93ms
 ✓ src/features/product/__tests__/components/products-table.test.tsx > ProductsTableSection > should show loading state when isSearching is true 16ms
 ✓ src/features/product/__tests__/components/products-table.test.tsx > ProductsTableSection > should format dates correctly 15ms
 ✓ src/features/product/__tests__/components/products-table.test.tsx > ProductsTableSection > should handle empty products array 21ms
 ✓ src/features/product/__tests__/components/products-table.test.tsx > ProductsTableSection > should render all action buttons for each product 16ms
 ✓ src/features/product/__tests__/components/products-table.test.tsx > ProductsTableSection > should handle pagination page change 14ms
 ✓ src/features/shared/ui/__tests__/select.test.tsx > Select Component > renders select with trigger and opens content 110ms
 ✓ src/features/shared/ui/__tests__/select.test.tsx > Select Component > applies popper position and max-height to content 22ms
 ✓ src/features/shared/ui/__tests__/select.test.tsx > Select Component > does not have the fixed viewport height class in popper mode 29ms
 ✓ src/features/product/__tests__/hooks/use-product.test.ts > useProduct > should start with loading state 60ms
 ✓ src/features/levels/__tests__/hooks/use-levels.test.ts > useLevels > should start with loading state 61ms
 ✓ src/features/product/__tests__/hooks/use-product.test.ts > useProduct > should fetch product successfully (happy path) 53ms
 ✓ src/features/product/__tests__/hooks/use-product.test.ts > useProduct > should handle API error 54ms
 ✓ src/features/levels/__tests__/hooks/use-levels.test.ts > useLevels > should fetch levels successfully (happy path) 54ms
 ✓ src/features/levels/__tests__/hooks/use-levels.test.ts > useLevels > should handle API error 53ms
 ✓ src/features/product/__tests__/hooks/use-product.test.ts > useProduct > should handle network error 54ms
 ✓ src/features/product/__tests__/hooks/use-product.test.ts > useProduct > should handle unknown error 54ms
 ✓ src/features/product/__tests__/hooks/use-product.test.ts > useProduct > should handle invalid ID 2ms
 ✓ src/features/levels/__tests__/hooks/use-levels.test.ts > useLevels > should handle network error 53ms
 ✓ src/features/levels/__tests__/hooks/use-levels.test.ts > useLevels > should handle unknown error 52ms
 ✓ src/features/levels/__tests__/hooks/use-levels.test.ts > useLevels > should pass search params to API 3ms
 ✓ src/features/levels/__tests__/hooks/use-levels.test.ts > useLevels > should pass typeLevel filter to API 3ms
 ✓ src/features/levels/__tests__/hooks/use-levels.test.ts > useLevels > should pass status filter to API 4ms
 ✓ src/features/product/__tests__/hooks/use-product.test.ts > useProduct > should refetch when refetch is called 55ms
 ✓ src/features/product/__tests__/hooks/use-product.test.ts > useProduct > should refetch when id changes 104ms
 ✓ src/features/levels/__tests__/hooks/use-levels.test.ts > useLevels > should refetch when refetch() is called 57ms
 ✓ src/features/levels/__tests__/hooks/use-levels.test.ts > useLevels > should refetch when params change 4ms
 ✓ src/features/levels/__tests__/hooks/use-levels.test.ts > useLevels > should handle empty params 2ms
 ✓ src/features/levels/__tests__/hooks/use-levels.test.ts > useLevels > should update state correctly on success 53ms
 ✓ src/features/categories/__tests__/hooks/use-categories.test.ts > useCategories > should start with loading state 60ms
 ✓ src/features/company/__tests__/hooks/use-company.test.ts > useCompany > should start with loading state 61ms
 ✓ src/features/categories/__tests__/hooks/use-categories.test.ts > useCategories > should fetch categories successfully (happy path) 54ms
 ✓ src/features/categories/__tests__/hooks/use-categories.test.ts > useCategories > should handle API error 54ms
 ✓ src/features/company/__tests__/hooks/use-company.test.ts > useCompany > should fetch company successfully 54ms
 ✓ src/features/company/__tests__/hooks/use-company.test.ts > useCompany > should handle API error 53ms
 ✓ src/features/categories/__tests__/hooks/use-categories.test.ts > useCategories > should handle network error 54ms
 ✓ src/features/categories/__tests__/hooks/use-categories.test.ts > useCategories > should handle unknown error 52ms
 ✓ src/features/categories/__tests__/hooks/use-categories.test.ts > useCategories > should pass search params to API 2ms
 ✓ src/features/categories/__tests__/hooks/use-categories.test.ts > useCategories > should pass status filter to API 2ms
stderr | src/features/company/__tests__/hooks/use-company.test.ts > useCompany > should refetch when refetch is called
An update to TestComponent inside a test was not wrapped in act(...).

When testing, code that causes React state updates should be wrapped into act(...):

act(() => {
  /* fire events that update state */
});
/* assert on the output */

This ensures that you're testing the behavior the user would see in the browser. Learn more at https://react.dev/link/wrap-tests-with-act

stderr | src/features/company/__tests__/hooks/use-company.test.ts > useCompany > should refetch when refetch is called
An update to TestComponent inside a test was not wrapped in act(...).

When testing, code that causes React state updates should be wrapped into act(...):

act(() => {
  /* fire events that update state */
});
/* assert on the output */

This ensures that you're testing the behavior the user would see in the browser. Learn more at https://react.dev/link/wrap-tests-with-act

 ✓ src/features/company/__tests__/hooks/use-company.test.ts > useCompany > should handle network error 54ms
 ✓ src/features/company/__tests__/hooks/use-company.test.ts > useCompany > should handle invalid ID 2ms
 ✓ src/features/company/__tests__/hooks/use-company.test.ts > useCompany > should refetch when refetch is called 56ms
 ✓ src/features/categories/__tests__/hooks/use-categories.test.ts > useCategories > should refetch when refetch() is called 54ms
 ✓ src/features/categories/__tests__/hooks/use-categories.test.ts > useCategories > should refetch when params change 3ms
 ✓ src/features/categories/__tests__/hooks/use-categories.test.ts > useCategories > should update state correctly on success 52ms
 ✓ src/features/company/__tests__/hooks/use-company.test.ts > useCompany > should refetch when ID changes 127ms
 ✓ src/features/admin/origins/hooks/__tests__/use-origins.test.ts > useProductOrigins > should start with loading state 109ms
 ✓ src/features/admin/origins/hooks/__tests__/use-origins.test.ts > useProductOrigins > should fetch product origins successfully (happy path) 56ms
stderr | src/features/admin/origins/hooks/__tests__/use-origins.test.ts > useProductOrigins > should provide refetch function
An update to TestComponent inside a test was not wrapped in act(...).

When testing, code that causes React state updates should be wrapped into act(...):

act(() => {
  /* fire events that update state */
});
/* assert on the output */

This ensures that you're testing the behavior the user would see in the browser. Learn more at https://react.dev/link/wrap-tests-with-act

stderr | src/features/admin/origins/hooks/__tests__/use-origins.test.ts > useProductOrigins > should provide refetch function
An update to TestComponent inside a test was not wrapped in act(...).

When testing, code that causes React state updates should be wrapped into act(...):

act(() => {
  /* fire events that update state */
});
/* assert on the output */

This ensures that you're testing the behavior the user would see in the browser. Learn more at https://react.dev/link/wrap-tests-with-act

 ✓ src/features/admin/origins/hooks/__tests__/use-origins.test.ts > useProductOrigins > should handle API error 58ms
 ✓ src/features/admin/origins/hooks/__tests__/use-origins.test.ts > useProductOrigins > should provide refetch function 67ms
 ✓ src/features/negocios/__tests__/components/action-cell.test.tsx > ActionCell > Visibilidad de botones > should show edit button for VENTA_EFECTUADA status 97ms
stderr | src/features/admin/origins/hooks/__tests__/use-origins.test.ts > useProductOriginMutations > should create product origin successfully
An update to TestComponent inside a test was not wrapped in act(...).

When testing, code that causes React state updates should be wrapped into act(...):

act(() => {
  /* fire events that update state */
});
/* assert on the output */

This ensures that you're testing the behavior the user would see in the browser. Learn more at https://react.dev/link/wrap-tests-with-act

stderr | src/features/admin/origins/hooks/__tests__/use-origins.test.ts > useProductOriginMutations > should create product origin successfully
An update to TestComponent inside a test was not wrapped in act(...).

When testing, code that causes React state updates should be wrapped into act(...):

act(() => {
  /* fire events that update state */
});
/* assert on the output */

This ensures that you're testing the behavior the user would see in the browser. Learn more at https://react.dev/link/wrap-tests-with-act

stderr | src/features/admin/origins/hooks/__tests__/use-origins.test.ts > useProductOriginMutations > should handle create error
An update to TestComponent inside a test was not wrapped in act(...).

When testing, code that causes React state updates should be wrapped into act(...):

act(() => {
  /* fire events that update state */
});
/* assert on the output */

This ensures that you're testing the behavior the user would see in the browser. Learn more at https://react.dev/link/wrap-tests-with-act

stderr | src/features/admin/origins/hooks/__tests__/use-origins.test.ts > useProductOriginMutations > should handle create error
An update to TestComponent inside a test was not wrapped in act(...).

When testing, code that causes React state updates should be wrapped into act(...):

act(() => {
  /* fire events that update state */
});
/* assert on the output */

This ensures that you're testing the behavior the user would see in the browser. Learn more at https://react.dev/link/wrap-tests-with-act

stderr | src/features/admin/origins/hooks/__tests__/use-origins.test.ts > useProductOriginMutations > should update product origin successfully
An update to TestComponent inside a test was not wrapped in act(...).

When testing, code that causes React state updates should be wrapped into act(...):

act(() => {
  /* fire events that update state */
});
/* assert on the output */

This ensures that you're testing the behavior the user would see in the browser. Learn more at https://react.dev/link/wrap-tests-with-act

stderr | src/features/admin/origins/hooks/__tests__/use-origins.test.ts > useProductOriginMutations > should update product origin successfully
An update to TestComponent inside a test was not wrapped in act(...).

When testing, code that causes React state updates should be wrapped into act(...):

act(() => {
  /* fire events that update state */
});
/* assert on the output */

This ensures that you're testing the behavior the user would see in the browser. Learn more at https://react.dev/link/wrap-tests-with-act

stderr | src/features/admin/origins/hooks/__tests__/use-origins.test.ts > useProductOriginMutations > should delete product origin successfully
An update to TestComponent inside a test was not wrapped in act(...).

When testing, code that causes React state updates should be wrapped into act(...):

act(() => {
  /* fire events that update state */
});
/* assert on the output */

This ensures that you're testing the behavior the user would see in the browser. Learn more at https://react.dev/link/wrap-tests-with-act

stderr | src/features/admin/origins/hooks/__tests__/use-origins.test.ts > useProductOriginMutations > should delete product origin successfully
An update to TestComponent inside a test was not wrapped in act(...).

When testing, code that causes React state updates should be wrapped into act(...):

act(() => {
  /* fire events that update state */
});
/* assert on the output */

This ensures that you're testing the behavior the user would see in the browser. Learn more at https://react.dev/link/wrap-tests-with-act

stderr | src/features/admin/origins/hooks/__tests__/use-origins.test.ts > useClientOriginMutations > should create client origin successfully
An update to TestComponent inside a test was not wrapped in act(...).

When testing, code that causes React state updates should be wrapped into act(...):

act(() => {
  /* fire events that update state */
});
/* assert on the output */

This ensures that you're testing the behavior the user would see in the browser. Learn more at https://react.dev/link/wrap-tests-with-act

stderr | src/features/admin/origins/hooks/__tests__/use-origins.test.ts > useClientOriginMutations > should create client origin successfully
An update to TestComponent inside a test was not wrapped in act(...).

When testing, code that causes React state updates should be wrapped into act(...):

act(() => {
  /* fire events that update state */
});
/* assert on the output */

This ensures that you're testing the behavior the user would see in the browser. Learn more at https://react.dev/link/wrap-tests-with-act

 ✓ src/features/admin/origins/hooks/__tests__/use-origins.test.ts > useClientOrigins > should fetch client origins successfully (happy path) 57ms
 ✓ src/features/admin/origins/hooks/__tests__/use-origins.test.ts > useClientOrigins > should handle API error 60ms
 ✓ src/features/admin/origins/hooks/__tests__/use-origins.test.ts > useProductOriginMutations > should create product origin successfully 6ms
 ✓ src/features/admin/origins/hooks/__tests__/use-origins.test.ts > useProductOriginMutations > should handle create error 1ms
 ✓ src/features/admin/origins/hooks/__tests__/use-origins.test.ts > useProductOriginMutations > should update product origin successfully 2ms
 ✓ src/features/admin/origins/hooks/__tests__/use-origins.test.ts > useProductOriginMutations > should delete product origin successfully 8ms
stderr | src/features/admin/origins/hooks/__tests__/use-origins.test.ts > useClientOriginMutations > should update client origin successfully
An update to TestComponent inside a test was not wrapped in act(...).

When testing, code that causes React state updates should be wrapped into act(...):

act(() => {
  /* fire events that update state */
});
/* assert on the output */

This ensures that you're testing the behavior the user would see in the browser. Learn more at https://react.dev/link/wrap-tests-with-act

stderr | src/features/admin/origins/hooks/__tests__/use-origins.test.ts > useClientOriginMutations > should update client origin successfully
An update to TestComponent inside a test was not wrapped in act(...).

When testing, code that causes React state updates should be wrapped into act(...):

act(() => {
  /* fire events that update state */
});
/* assert on the output */

This ensures that you're testing the behavior the user would see in the browser. Learn more at https://react.dev/link/wrap-tests-with-act

stderr | src/features/admin/origins/hooks/__tests__/use-origins.test.ts > useClientOriginMutations > should delete client origin successfully
An update to TestComponent inside a test was not wrapped in act(...).

When testing, code that causes React state updates should be wrapped into act(...):

act(() => {
  /* fire events that update state */
});
/* assert on the output */

This ensures that you're testing the behavior the user would see in the browser. Learn more at https://react.dev/link/wrap-tests-with-act

stderr | src/features/admin/origins/hooks/__tests__/use-origins.test.ts > useClientOriginMutations > should delete client origin successfully
An update to TestComponent inside a test was not wrapped in act(...).

When testing, code that causes React state updates should be wrapped into act(...):

act(() => {
  /* fire events that update state */
});
/* assert on the output */

This ensures that you're testing the behavior the user would see in the browser. Learn more at https://react.dev/link/wrap-tests-with-act

 ✓ src/features/admin/origins/hooks/__tests__/use-origins.test.ts > useClientOriginMutations > should create client origin successfully 2ms
 ✓ src/features/admin/origins/hooks/__tests__/use-origins.test.ts > useClientOriginMutations > should update client origin successfully 1ms
 ✓ src/features/admin/origins/hooks/__tests__/use-origins.test.ts > useClientOriginMutations > should delete client origin successfully 2ms
 ✓ src/features/negocios/__tests__/components/action-cell.test.tsx > ActionCell > Visibilidad de botones > should show edit button for EMITIDO status when user is ADMIN 34ms
 ✓ src/features/negocios/__tests__/components/action-cell.test.tsx > ActionCell > Visibilidad de botones > should NOT show edit button for EMITIDO when user is AGENTE 21ms
 ✓ src/features/negocios/__tests__/components/action-cell.test.tsx > ActionCell > Visibilidad de botones > should NOT show edit button for CANCELADO status 18ms
 ✓ src/features/negocios/__tests__/components/action-cell.test.tsx > ActionCell > Visibilidad de botones > should always show view button 53ms
 ✓ src/features/negocios/__tests__/components/action-cell.test.tsx > ActionCell > Visibilidad de botones > should show cancel button for ADMIN role 21ms
 ✓ src/features/negocios/__tests__/components/action-cell.test.tsx > ActionCell > Visibilidad de botones > should show cancel button for ANALISTA_SOPORTE role 8ms
 ✓ src/features/negocios/__tests__/components/action-cell.test.tsx > ActionCell > Visibilidad de botones > should show cancel button for ASISTENTE_GERENCIA_OPERATIVA role 13ms
 ✓ src/features/negocios/__tests__/components/action-cell.test.tsx > ActionCell > Visibilidad de botones > should NOT show cancel button for AGENTE role 7ms
 ✓ src/features/negocios/__tests__/components/action-cell.test.tsx > ActionCell > Visibilidad de botones > should NOT show cancel button for CANCELADO status 4ms
 ✓ src/features/negocios/__tests__/components/action-cell.test.tsx > ActionCell > Eventos de click > should call onEdit when edit button is clicked 16ms
 ✓ src/features/negocios/__tests__/components/action-cell.test.tsx > ActionCell > Eventos de click > should call onView when view button is clicked 7ms
 ✓ src/features/negocios/__tests__/components/action-cell.test.tsx > ActionCell > Eventos de click > should call onCancel when cancel button is clicked 7ms
 ✓ src/features/negocios/__tests__/components/action-cell.test.tsx > ActionCell > Fondear button visibility > should NOT show "Ver Fondeo" button for AGENTE role on EMITIDO without payments 3ms
 ✓ src/features/negocios/__tests__/components/action-cell.test.tsx > ActionCell > Fondear button visibility > should show "Ver Fondeo" for AGENTE with pending annual payments 5ms
 ✓ src/features/negocios/__tests__/components/action-cell.test.tsx > ActionCell > Fondear button visibility > should NOT show Fondear button for FONDEADO status 3ms
 ✓ src/features/negocios/__tests__/components/action-cell.test.tsx > ActionCell > Fondear button visibility > should show Fondear button for EMITIDO + anual con cuotas pendientes 10ms
 ✓ src/features/negocios/__tests__/components/action-cell.test.tsx > ActionCell > Fondear button visibility > should NOT show Fondear for EMITIDO + anual sin cuotas pendientes 6ms
 ✓ src/features/negocios/__tests__/components/action-cell.test.tsx > ActionCell > Fondear button visibility > should show Fondear for FONDEADO + anual con cuotas pendientes 5ms
 ✓ src/features/negocios/__tests__/components/action-cell.test.tsx > ActionCell > Fondear button visibility > should NOT show Fondear button for ANALISTA_SOPORTE role 4ms
 ✓ src/features/negocios/__tests__/components/action-cell.test.tsx > ActionCell > Fondear button visibility > should show Fondear button for EMITIDO + ADMIN + no annual payments 10ms
 ✓ src/features/negocios/__tests__/components/action-cell.test.tsx > ActionCell > Fondear button visibility > should show Fondear button for EMITIDO + ASISTENTE_GERENCIA_OPERATIVA + no annual payments 7ms
 ✓ src/features/negocios/__tests__/components/action-cell.test.tsx > ActionCell > Escenario 10: Visualización del ícono de cancelar según rol > should show edit, view, cancel for ASISTENTE_GERENCIA in VENTA_EFECTUADA 8ms
 ✓ src/features/negocios/__tests__/components/action-cell.test.tsx > ActionCell > Escenario 10: Visualización del ícono de cancelar según rol > should show edit, view, cancel for ASISTENTE_GERENCIA in EMITIDO 14ms
 ✓ src/features/negocios/__tests__/components/action-cell.test.tsx > ActionCell > Escenario 10: Visualización del ícono de cancelar según rol > should show only view for CANCELADO status 3ms
 ✓ src/features/product/__tests__/hooks/use-products.test.ts > useProducts > should start with loading state 63ms
 ✓ src/features/categories/__tests__/hooks/use-category.test.ts > useCategory > should start with loading state 61ms
 ✓ src/features/product/__tests__/hooks/use-products.test.ts > useProducts > should fetch products successfully (happy path) 54ms
 ✓ src/features/product/__tests__/hooks/use-products.test.ts > useProducts > should handle API error 55ms
 ✓ src/features/categories/__tests__/hooks/use-category.test.ts > useCategory > should fetch category successfully (happy path) 54ms
 ✓ src/features/categories/__tests__/hooks/use-category.test.ts > useCategory > should handle API error (404) 54ms
 ✓ src/features/product/__tests__/hooks/use-products.test.ts > useProducts > should handle network error 53ms
 ✓ src/features/product/__tests__/hooks/use-products.test.ts > useProducts > should handle unknown error 53ms
 ✓ src/features/product/__tests__/hooks/use-products.test.ts > useProducts > should pass search params to API 3ms
 ✓ src/features/product/__tests__/hooks/use-products.test.ts > useProducts > should pass status filter to API 2ms
 ✓ src/features/product/__tests__/hooks/use-products.test.ts > useProducts > should pass idCompany filter to API 2ms
 ✓ src/features/categories/__tests__/hooks/use-category.test.ts > useCategory > should handle network error 54ms
 ✓ src/features/categories/__tests__/hooks/use-category.test.ts > useCategory > should handle unknown error 54ms
 ✓ src/features/categories/__tests__/hooks/use-category.test.ts > useCategory > should pass correct ID to API 2ms
 ✓ src/features/categories/__tests__/hooks/use-category.test.ts > useCategory > should update state correctly on success 52ms
 ✓ src/features/categories/__tests__/hooks/use-category.test.ts > useCategory > should handle invalid ID (zero) 2ms
 ✓ src/features/categories/__tests__/hooks/use-category.test.ts > useCategory > should handle invalid ID (negative) 2ms
 ✓ src/features/product/__tests__/hooks/use-products.test.ts > useProducts > should refetch when refetch is called 56ms
 ✓ src/features/product/__tests__/hooks/use-products.test.ts > useProducts > should refetch when params change 3ms
 ✓ src/features/product/__tests__/hooks/use-products.test.ts > useProducts > should handle empty params 1ms
 ✓ src/features/product-configuration/__tests__/components/product-configurations-table.test.tsx > ProductConfigurationsTableSection > should render the table header 70ms
 ✓ src/features/product-configuration/__tests__/components/product-configurations-table.test.tsx > ProductConfigurationsTableSection > should render the create button 28ms
 ✓ src/features/product-configuration/__tests__/components/product-configurations-table.test.tsx > ProductConfigurationsTableSection > should render configuration code 43ms
 ✓ src/features/product-configuration/__tests__/components/product-configurations-table.test.tsx > ProductConfigurationsTableSection > should render product name 17ms
 ✓ src/features/product-configuration/__tests__/components/product-configurations-table.test.tsx > ProductConfigurationsTableSection > should render company name 32ms
 ✓ src/features/product-configuration/__tests__/components/product-configurations-table.test.tsx > ProductConfigurationsTableSection > should render category name 15ms
 ✓ src/features/product-configuration/__tests__/components/product-configurations-table.test.tsx > ProductConfigurationsTableSection > does not render Distribución para nuevos negocios column header (RF-09) 17ms
 ✓ src/features/categories/__tests__/components/category-form.test.tsx > CategoryForm > Create Mode > should render form in create mode (happy path) 97ms
 ✓ src/features/categories/__tests__/components/category-form.test.tsx > CategoryForm > Create Mode > should display name and description fields 37ms
 ✓ src/features/categories/__tests__/components/category-form.test.tsx > CategoryForm > Create Mode > should show idCategoryType selector 28ms
 ✓ src/features/product-configuration/__tests__/components/product-configurations-table.test.tsx > ProductConfigurationsTableSection > should render active switch 22ms
 ✓ src/features/product-configuration/__tests__/components/product-configurations-table.test.tsx > ProductConfigurationsTableSection > should render inactive switch 15ms
 ✓ src/features/product-configuration/__tests__/components/product-configurations-table.test.tsx > ProductConfigurationsTableSection > should render multiple configurations 52ms
 ✓ src/features/product-configuration/__tests__/components/product-configurations-table.test.tsx > ProductConfigurationsTableSection > should render search placeholder 20ms
 ✓ src/features/product-configuration/__tests__/components/product-configurations-table.test.tsx > ProductConfigurationsTableSection > shows Pendiente when distributionSetupIncomplete is true 63ms
 ✓ src/features/product-configuration/__tests__/components/product-configurations-table.test.tsx > ProductConfigurationsTableSection > shows Configurada when distribution is not incomplete 20ms
stderr | src/features/load-file/__tests__/use-file-history.test.ts > useFileHistory — AsyncState lifecycle > transitions to loading when fetchHistorial is called
An update to TestComponent inside a test was not wrapped in act(...).

When testing, code that causes React state updates should be wrapped into act(...):

act(() => {
  /* fire events that update state */
});
/* assert on the output */

This ensures that you're testing the behavior the user would see in the browser. Learn more at https://react.dev/link/wrap-tests-with-act

 ✓ src/features/categories/__tests__/components/category-form.test.tsx > CategoryForm > Create Mode > should call onCancel when cancel button clicked 73ms
 ✓ src/features/categories/__tests__/components/category-form.test.tsx > CategoryForm > Create Mode > should disable submit button when isLoading is true 16ms
 ✓ src/features/categories/__tests__/components/category-form.test.tsx > CategoryForm > Edit Mode > should render form in edit mode with initialData 15ms
 ✓ src/features/categories/__tests__/components/category-form.test.tsx > CategoryForm > Edit Mode > should pre-fill name in edit mode 15ms
 ✓ src/features/categories/__tests__/components/category-form.test.tsx > CategoryForm > Edit Mode > should show Guardando... when isLoading in edit mode 14ms
 ✓ src/features/categories/__tests__/components/category-form.test.tsx > CategoryForm > Validation > should show validation error when name is empty 43ms
 ✓ src/features/categories/__tests__/components/category-form.test.tsx > CategoryForm > Form Disabled State > should disable name input when loading 14ms
 ✓ src/features/categories/__tests__/components/category-form.test.tsx > CategoryForm > Form Disabled State > should disable cancel button when loading 12ms
 ✓ src/features/commission-discounts/__tests__/use-commission-discounts.test.ts > useCommissionDiscounts > sets status to success and populates state.data after successful fetch 61ms
 ✓ src/features/load-file/__tests__/use-file-history.test.ts > useFileHistory — AsyncState lifecycle > initial state is idle before fetch resolves 8ms
 ✓ src/features/load-file/__tests__/use-file-history.test.ts > useFileHistory — AsyncState lifecycle > transitions to loading when fetchHistorial is called 3ms
 ✓ src/features/load-file/__tests__/use-file-history.test.ts > useFileHistory — AsyncState lifecycle > resolves to success with data when getImportHistory resolves 54ms
stderr | src/features/load-file/__tests__/use-file-history.test.ts > useFileHistory — AsyncState lifecycle > resolves to error with message when getImportHistory rejects
Error fetching history: Error: Network error
    at /Users/andres/Documents/financieramente/financieramente-app/src/features/load-file/__tests__/use-file-history.test.ts:121:4
    at file:///Users/andres/Documents/financieramente/financieramente-app/node_modules/@vitest/runner/dist/chunk-hooks.js:155:11
    at file:///Users/andres/Documents/financieramente/financieramente-app/node_modules/@vitest/runner/dist/chunk-hooks.js:752:26
    at file:///Users/andres/Documents/financieramente/financieramente-app/node_modules/@vitest/runner/dist/chunk-hooks.js:1897:20
    at new Promise (<anonymous>)
    at runWithTimeout (file:///Users/andres/Documents/financieramente/financieramente-app/node_modules/@vitest/runner/dist/chunk-hooks.js:1863:10)
    at runTest (file:///Users/andres/Documents/financieramente/financieramente-app/node_modules/@vitest/runner/dist/chunk-hooks.js:1574:12)
    at runSuite (file:///Users/andres/Documents/financieramente/financieramente-app/node_modules/@vitest/runner/dist/chunk-hooks.js:1729:8)
    at runSuite (file:///Users/andres/Documents/financieramente/financieramente-app/node_modules/@vitest/runner/dist/chunk-hooks.js:1729:8)
    at runFiles (file:///Users/andres/Documents/financieramente/financieramente-app/node_modules/@vitest/runner/dist/chunk-hooks.js:1787:3)

stderr | src/features/load-file/__tests__/use-file-history.test.ts > useFileHistory — AsyncState lifecycle > resolves to error when response contains error field
Error fetching history: Error: Unauthorized
    at fetchHistorial (/Users/andres/Documents/financieramente/financieramente-app/src/features/load-file/hooks/use-file-history.ts:47:11)

 ✓ src/features/commission-discounts/__tests__/use-commission-discounts.test.ts > useCommissionDiscounts > sets status to loading before fetch resolves 55ms
 ✓ src/features/commission-discounts/__tests__/use-commission-discounts.test.ts > useCommissionDiscounts > sets status to error and state.error when fetch rejects 56ms
 ✓ src/features/load-file/__tests__/use-file-history.test.ts > useFileHistory — AsyncState lifecycle > maps fileType and idFileImport from API response to CargaHistorial 54ms
 ✓ src/features/load-file/__tests__/use-file-history.test.ts > useFileHistory — AsyncState lifecycle > resolves to error with message when getImportHistory rejects 55ms
stderr | src/features/load-file/__tests__/use-file-history.test.ts > useFileHistory — AsyncState lifecycle > derived value historial is [] when state is not success
Error fetching history: Error: fail
    at /Users/andres/Documents/financieramente/financieramente-app/src/features/load-file/__tests__/use-file-history.test.ts:148:46
    at file:///Users/andres/Documents/financieramente/financieramente-app/node_modules/@vitest/runner/dist/chunk-hooks.js:155:11
    at file:///Users/andres/Documents/financieramente/financieramente-app/node_modules/@vitest/runner/dist/chunk-hooks.js:752:26
    at file:///Users/andres/Documents/financieramente/financieramente-app/node_modules/@vitest/runner/dist/chunk-hooks.js:1897:20
    at new Promise (<anonymous>)
    at runWithTimeout (file:///Users/andres/Documents/financieramente/financieramente-app/node_modules/@vitest/runner/dist/chunk-hooks.js:1863:10)
    at runTest (file:///Users/andres/Documents/financieramente/financieramente-app/node_modules/@vitest/runner/dist/chunk-hooks.js:1574:12)
    at runSuite (file:///Users/andres/Documents/financieramente/financieramente-app/node_modules/@vitest/runner/dist/chunk-hooks.js:1729:8)
    at runSuite (file:///Users/andres/Documents/financieramente/financieramente-app/node_modules/@vitest/runner/dist/chunk-hooks.js:1729:8)
    at runFiles (file:///Users/andres/Documents/financieramente/financieramente-app/node_modules/@vitest/runner/dist/chunk-hooks.js:1787:3)

 ✓ src/features/commission-discounts/__tests__/use-commission-discounts.test.ts > useCommissionDiscounts > refresh re-triggers loading and then settles to success 107ms
 ✓ src/features/commission-discounts/__tests__/use-commission-discounts.test.ts > useCommissionDiscounts > exposes a refresh function 53ms
 ✓ src/features/load-file/__tests__/use-file-history.test.ts > useFileHistory — AsyncState lifecycle > resolves to error when response contains error field 54ms
 ✓ src/features/load-file/__tests__/use-file-history.test.ts > useFileHistory — AsyncState lifecycle > derived value historial is [] when state is not success 54ms
 ✓ src/features/load-file/__tests__/use-file-history.test.ts > useFileHistory — AsyncState lifecycle > derived value isLoading is false when state is success 53ms
 ✓ src/features/levels/__tests__/hooks/use-level.test.ts > useLevel > should start with loading state 62ms
 ✓ src/features/levels/__tests__/hooks/use-level.test.ts > useLevel > should fetch level successfully (happy path) 59ms
 ✓ src/features/levels/__tests__/hooks/use-level.test.ts > useLevel > should handle API error (404) 57ms
 ✓ src/features/categories/__tests__/hooks/use-admin-categories.test.ts > useAdminCategories > should return categories on success 62ms
 ✓ src/features/categories/__tests__/hooks/use-admin-categories.test.ts > useAdminCategories > should request pageSize 1000 4ms
 ✓ src/features/categories/__tests__/hooks/use-admin-categories.test.ts > useAdminCategories > should pass status filter to getCategories 3ms
 ✓ src/features/levels/__tests__/hooks/use-level.test.ts > useLevel > should handle network error 56ms
 ✓ src/features/levels/__tests__/hooks/use-level.test.ts > useLevel > should handle unknown error 54ms
 ✓ src/features/levels/__tests__/hooks/use-level.test.ts > useLevel > should pass correct ID to API 6ms
 ✓ src/features/categories/__tests__/hooks/use-admin-categories.test.ts > useAdminCategories > should handle API error response 54ms
 ✓ src/features/categories/__tests__/hooks/use-admin-categories.test.ts > useAdminCategories > should handle thrown error 54ms
 ✓ src/features/levels/__tests__/hooks/use-level.test.ts > useLevel > should update state correctly on success 55ms
 ✓ src/features/levels/__tests__/hooks/use-level.test.ts > useLevel > should handle invalid ID (zero) 5ms
 ✓ src/features/levels/__tests__/hooks/use-level.test.ts > useLevel > should handle invalid ID (negative) 4ms
stderr | src/features/categories/__tests__/hooks/use-admin-categories.test.ts > useAdminCategories > should refresh categories when refreshCategories is called
An update to TestComponent inside a test was not wrapped in act(...).

When testing, code that causes React state updates should be wrapped into act(...):

act(() => {
  /* fire events that update state */
});
/* assert on the output */

This ensures that you're testing the behavior the user would see in the browser. Learn more at https://react.dev/link/wrap-tests-with-act
An update to TestComponent inside a test was not wrapped in act(...).

When testing, code that causes React state updates should be wrapped into act(...):

act(() => {
  /* fire events that update state */
});
/* assert on the output */

This ensures that you're testing the behavior the user would see in the browser. Learn more at https://react.dev/link/wrap-tests-with-act

stderr | src/features/categories/__tests__/hooks/use-admin-categories.test.ts > useAdminCategories > should refresh categories when refreshCategories is called
An update to TestComponent inside a test was not wrapped in act(...).

When testing, code that causes React state updates should be wrapped into act(...):

act(() => {
  /* fire events that update state */
});
/* assert on the output */

This ensures that you're testing the behavior the user would see in the browser. Learn more at https://react.dev/link/wrap-tests-with-act
An update to TestComponent inside a test was not wrapped in act(...).

When testing, code that causes React state updates should be wrapped into act(...):

act(() => {
  /* fire events that update state */
});
/* assert on the output */

This ensures that you're testing the behavior the user would see in the browser. Learn more at https://react.dev/link/wrap-tests-with-act

 ✓ src/features/categories/__tests__/hooks/use-admin-categories.test.ts > useAdminCategories > should refresh categories when refreshCategories is called 111ms
stderr | src/features/shared/ui/__tests__/cancel-business-modal.test.tsx > CancelBusinessModal > renders modal with business ID
Warning: Missing `Description` or `aria-describedby={undefined}` for {DialogContent}.

stderr | src/features/shared/ui/__tests__/cancel-business-modal.test.tsx > CancelBusinessModal > renders warning message
Warning: Missing `Description` or `aria-describedby={undefined}` for {DialogContent}.

stderr | src/features/shared/ui/__tests__/cancel-business-modal.test.tsx > CancelBusinessModal > renders explanation field with required indicator
Warning: Missing `Description` or `aria-describedby={undefined}` for {DialogContent}.

 ✓ src/features/shared/ui/__tests__/cancel-business-modal.test.tsx > CancelBusinessModal > renders modal with business ID 79ms
 ✓ src/features/shared/ui/__tests__/cancel-business-modal.test.tsx > CancelBusinessModal > renders warning message 15ms
stderr | src/features/shared/ui/__tests__/cancel-business-modal.test.tsx > CancelBusinessModal > renders confirmation question
Warning: Missing `Description` or `aria-describedby={undefined}` for {DialogContent}.

stderr | src/features/shared/ui/__tests__/cancel-business-modal.test.tsx > CancelBusinessModal > renders cancel and confirm buttons
Warning: Missing `Description` or `aria-describedby={undefined}` for {DialogContent}.

stderr | src/features/shared/ui/__tests__/cancel-business-modal.test.tsx > CancelBusinessModal > disables confirm button when reason is empty
Warning: Missing `Description` or `aria-describedby={undefined}` for {DialogContent}.

stderr | src/features/shared/ui/__tests__/cancel-business-modal.test.tsx > CancelBusinessModal > enables confirm button when reason is filled
Warning: Missing `Description` or `aria-describedby={undefined}` for {DialogContent}.

stderr | src/features/shared/ui/__tests__/cancel-business-modal.test.tsx > CancelBusinessModal > calls onCancel when cancel button is clicked
Warning: Missing `Description` or `aria-describedby={undefined}` for {DialogContent}.

 ✓ src/features/shared/ui/__tests__/cancel-business-modal.test.tsx > CancelBusinessModal > renders explanation field with required indicator 13ms
 ✓ src/features/shared/ui/__tests__/cancel-business-modal.test.tsx > CancelBusinessModal > renders confirmation question 16ms
 ✓ src/features/shared/ui/__tests__/cancel-business-modal.test.tsx > CancelBusinessModal > renders cancel and confirm buttons 25ms
 ✓ src/features/shared/ui/__tests__/cancel-business-modal.test.tsx > CancelBusinessModal > disables confirm button when reason is empty 22ms
 ✓ src/features/shared/ui/__tests__/cancel-business-modal.test.tsx > CancelBusinessModal > enables confirm button when reason is filled 20ms
stderr | src/features/shared/ui/__tests__/cancel-business-modal.test.tsx > CancelBusinessModal > calls onConfirm with reason when confirm button is clicked
Warning: Missing `Description` or `aria-describedby={undefined}` for {DialogContent}.

stderr | src/features/shared/ui/__tests__/cancel-business-modal.test.tsx > CancelBusinessModal > closes modal after successful confirmation
Warning: Missing `Description` or `aria-describedby={undefined}` for {DialogContent}.

stderr | src/features/shared/ui/__tests__/cancel-business-modal.test.tsx > CancelBusinessModal > clears reason when cancel button is clicked
Warning: Missing `Description` or `aria-describedby={undefined}` for {DialogContent}.

stderr | src/features/shared/ui/__tests__/cancel-business-modal.test.tsx > CancelBusinessModal > uses default business ID when not provided
Warning: Missing `Description` or `aria-describedby={undefined}` for {DialogContent}.

 ✓ src/features/shared/ui/__tests__/cancel-business-modal.test.tsx > CancelBusinessModal > calls onCancel when cancel button is clicked 20ms
 ✓ src/features/shared/ui/__tests__/cancel-business-modal.test.tsx > CancelBusinessModal > calls onConfirm with reason when confirm button is clicked 21ms
 ✓ src/features/shared/ui/__tests__/cancel-business-modal.test.tsx > CancelBusinessModal > closes modal after successful confirmation 23ms
 ✓ src/features/shared/ui/__tests__/cancel-business-modal.test.tsx > CancelBusinessModal > clears reason when cancel button is clicked 19ms
 ✓ src/features/shared/ui/__tests__/cancel-business-modal.test.tsx > CancelBusinessModal > uses default business ID when not provided 10ms
stderr | src/features/pre-liquidacion/__tests__/components/ModalErroresConfiguracion.test.tsx > ModalErroresConfiguracion > renders the list of errors when open=true and registrosConError is non-empty
Warning: Missing `Description` or `aria-describedby={undefined}` for {DialogContent}.

 ✓ src/features/company/__tests__/hooks/use-companies.test.ts > useCompanies > should start with loading state 61ms
stderr | src/features/shared/ui/__tests__/modal.test.tsx > Modal Component > opens modal when trigger is clicked
Warning: Missing `Description` or `aria-describedby={undefined}` for {DialogContent}.

stderr | src/features/pre-liquidacion/__tests__/components/ModalErroresConfiguracion.test.tsx > ModalErroresConfiguracion > calls onClose when the close button is clicked
Warning: Missing `Description` or `aria-describedby={undefined}` for {DialogContent}.

stderr | src/features/shared/ui/__tests__/modal.test.tsx > Modal Component > applies correct size classes
Warning: Missing `Description` or `aria-describedby={undefined}` for {DialogContent}.

stderr | src/features/shared/ui/__tests__/modal.test.tsx > Modal Component > handles close button click
Warning: Missing `Description` or `aria-describedby={undefined}` for {DialogContent}.

 ✓ src/features/shared/ui/__tests__/modal.test.tsx > Modal Component > renders modal with title and description 60ms
 ✓ src/features/shared/ui/__tests__/modal.test.tsx > Modal Component > renders with trigger button 2ms
 ✓ src/features/shared/ui/__tests__/modal.test.tsx > Modal Component > opens modal when trigger is clicked 12ms
 ✓ src/features/shared/ui/__tests__/modal.test.tsx > Modal Component > applies correct size classes 9ms
stderr | src/features/shared/ui/__tests__/modal.test.tsx > Modal Component > does not show close button when showCloseButton is false
Warning: Missing `Description` or `aria-describedby={undefined}` for {DialogContent}.

stderr | src/features/shared/ui/__tests__/modal.test.tsx > AlertModal Component > renders info alert modal
Warning: Missing `Description` or `aria-describedby={undefined}` for {DialogContent}.

stderr | src/features/pre-liquidacion/__tests__/components/ModalErroresConfiguracion.test.tsx > ModalErroresConfiguracion > does not render content when registrosConError is empty
Warning: Missing `Description` or `aria-describedby={undefined}` for {DialogContent}.

 ✓ src/features/pre-liquidacion/__tests__/components/ModalErroresConfiguracion.test.tsx > ModalErroresConfiguracion > renders the list of errors when open=true and registrosConError is non-empty 148ms
 ✓ src/features/pre-liquidacion/__tests__/components/ModalErroresConfiguracion.test.tsx > ModalErroresConfiguracion > calls onClose when the close button is clicked 87ms
stderr | src/features/shared/ui/__tests__/modal.test.tsx > AlertModal Component > renders success alert modal
Warning: Missing `Description` or `aria-describedby={undefined}` for {DialogContent}.

 ✓ src/features/pre-liquidacion/__tests__/components/ModalErroresConfiguracion.test.tsx > ModalErroresConfiguracion > does not render content when registrosConError is empty 31ms
 ✓ src/features/pre-liquidacion/__tests__/components/ModalErroresConfiguracion.test.tsx > ModalErroresConfiguracion > does not render content when open=false (Dialog closed) 1ms
stderr | src/features/shared/ui/__tests__/modal.test.tsx > AlertModal Component > renders warning alert modal
Warning: Missing `Description` or `aria-describedby={undefined}` for {DialogContent}.

stderr | src/features/shared/ui/__tests__/modal.test.tsx > AlertModal Component > renders error alert modal
Warning: Missing `Description` or `aria-describedby={undefined}` for {DialogContent}.

stderr | src/features/shared/ui/__tests__/modal.test.tsx > AlertModal Component > handles confirm button click
Warning: Missing `Description` or `aria-describedby={undefined}` for {DialogContent}.

stderr | src/features/shared/ui/__tests__/modal.test.tsx > ConfirmModal Component > renders confirm modal with message and buttons
Warning: Missing `Description` or `aria-describedby={undefined}` for {DialogContent}.

stderr | src/features/shared/ui/__tests__/modal.test.tsx > ConfirmModal Component > handles confirm button click
Warning: Missing `Description` or `aria-describedby={undefined}` for {DialogContent}.

stderr | src/features/shared/ui/__tests__/modal.test.tsx > ConfirmModal Component > handles cancel button click
Warning: Missing `Description` or `aria-describedby={undefined}` for {DialogContent}.

stderr | src/features/shared/ui/__tests__/modal.test.tsx > ConfirmModal Component > renders destructive confirm modal
Warning: Missing `Description` or `aria-describedby={undefined}` for {DialogContent}.

 ✓ src/features/company/__tests__/hooks/use-companies.test.ts > useCompanies > should fetch companies successfully 54ms
 ✓ src/features/company/__tests__/hooks/use-companies.test.ts > useCompanies > should handle API error 54ms
stderr | src/features/shared/ui/__tests__/modal.test.tsx > FormModal Component > renders form modal with fields
Warning: Missing `Description` or `aria-describedby={undefined}` for {DialogContent}.

stderr | src/features/shared/ui/__tests__/modal.test.tsx > FormModal Component > renders required field indicators
Warning: Missing `Description` or `aria-describedby={undefined}` for {DialogContent}.

stderr | src/features/shared/ui/__tests__/modal.test.tsx > FormModal Component > handles form field changes
Warning: Missing `Description` or `aria-describedby={undefined}` for {DialogContent}.

stderr | src/features/shared/ui/__tests__/modal.test.tsx > FormModal Component > handles form submission
Warning: Missing `Description` or `aria-describedby={undefined}` for {DialogContent}.

 ✓ src/features/shared/ui/__tests__/modal.test.tsx > Modal Component > handles close button click 21ms
 ✓ src/features/shared/ui/__tests__/modal.test.tsx > Modal Component > does not show close button when showCloseButton is false 9ms
 ✓ src/features/shared/ui/__tests__/modal.test.tsx > AlertModal Component > renders info alert modal 7ms
 ✓ src/features/shared/ui/__tests__/modal.test.tsx > AlertModal Component > renders success alert modal 6ms
 ✓ src/features/shared/ui/__tests__/modal.test.tsx > AlertModal Component > renders warning alert modal 8ms
 ✓ src/features/shared/ui/__tests__/modal.test.tsx > AlertModal Component > renders error alert modal 6ms
 ✓ src/features/shared/ui/__tests__/modal.test.tsx > AlertModal Component > handles confirm button click 6ms
 ✓ src/features/shared/ui/__tests__/modal.test.tsx > AlertModal Component > renders with trigger 1ms
 ✓ src/features/shared/ui/__tests__/modal.test.tsx > ConfirmModal Component > renders confirm modal with message and buttons 6ms
 ✓ src/features/shared/ui/__tests__/modal.test.tsx > ConfirmModal Component > handles confirm button click 7ms
 ✓ src/features/shared/ui/__tests__/modal.test.tsx > ConfirmModal Component > handles cancel button click 6ms
 ✓ src/features/shared/ui/__tests__/modal.test.tsx > ConfirmModal Component > renders destructive confirm modal 6ms
 ✓ src/features/shared/ui/__tests__/modal.test.tsx > ConfirmModal Component > renders with trigger 1ms
 ✓ src/features/shared/ui/__tests__/modal.test.tsx > FormModal Component > renders form modal with fields 10ms
 ✓ src/features/shared/ui/__tests__/modal.test.tsx > FormModal Component > renders required field indicators 8ms
 ✓ src/features/shared/ui/__tests__/modal.test.tsx > FormModal Component > handles form field changes 11ms
stderr | src/features/shared/ui/__tests__/modal.test.tsx > FormModal Component > handles cancel button click
Warning: Missing `Description` or `aria-describedby={undefined}` for {DialogContent}.

stderr | src/features/shared/ui/__tests__/modal.test.tsx > FormModal Component > renders different input types correctly
Warning: Missing `Description` or `aria-describedby={undefined}` for {DialogContent}.

 ✓ src/features/shared/ui/__tests__/modal.test.tsx > FormModal Component > handles form submission 17ms
 ✓ src/features/shared/ui/__tests__/modal.test.tsx > FormModal Component > handles cancel button click 10ms
 ✓ src/features/shared/ui/__tests__/modal.test.tsx > FormModal Component > renders with trigger 2ms
 ✓ src/features/shared/ui/__tests__/modal.test.tsx > FormModal Component > renders different input types correctly 8ms
stderr | src/features/company/__tests__/hooks/use-companies.test.ts > useCompanies > should refetch when refetch is called
An update to TestComponent inside a test was not wrapped in act(...).

When testing, code that causes React state updates should be wrapped into act(...):

act(() => {
  /* fire events that update state */
});
/* assert on the output */

This ensures that you're testing the behavior the user would see in the browser. Learn more at https://react.dev/link/wrap-tests-with-act

stderr | src/features/company/__tests__/hooks/use-companies.test.ts > useCompanies > should refetch when refetch is called
An update to TestComponent inside a test was not wrapped in act(...).

When testing, code that causes React state updates should be wrapped into act(...):

act(() => {
  /* fire events that update state */
});
/* assert on the output */

This ensures that you're testing the behavior the user would see in the browser. Learn more at https://react.dev/link/wrap-tests-with-act

 ✓ src/features/company/__tests__/hooks/use-companies.test.ts > useCompanies > should handle network error 55ms
 ✓ src/features/company/__tests__/hooks/use-companies.test.ts > useCompanies > should pass search params to API 4ms
 ✓ src/features/company/__tests__/hooks/use-companies.test.ts > useCompanies > should pass status filter to API 3ms
 ✓ src/features/company/__tests__/hooks/use-companies.test.ts > useCompanies > should refetch when refetch is called 53ms
 ✓ src/features/company/__tests__/hooks/use-companies.test.ts > useCompanies > should refetch when params change 4ms
 ✓ src/features/levels/__tests__/hooks/use-admin-levels.test.ts > useAdminLevels > should return levels on success 63ms
 ✓ src/features/levels/__tests__/hooks/use-admin-levels.test.ts > useAdminLevels > should request pageSize 1000 2ms
 ✓ src/features/levels/__tests__/hooks/use-admin-levels.test.ts > useAdminLevels > should pass filters to getLevels 3ms
 ✓ src/features/levels/__tests__/hooks/use-admin-levels.test.ts > useAdminLevels > should handle API error response 54ms
 ✓ src/features/levels/__tests__/hooks/use-admin-levels.test.ts > useAdminLevels > should handle thrown error 54ms
stderr | src/features/levels/__tests__/hooks/use-admin-levels.test.ts > useAdminLevels > should refresh levels when refreshLevels is called
An update to TestComponent inside a test was not wrapped in act(...).

When testing, code that causes React state updates should be wrapped into act(...):

act(() => {
  /* fire events that update state */
});
/* assert on the output */

This ensures that you're testing the behavior the user would see in the browser. Learn more at https://react.dev/link/wrap-tests-with-act
An update to TestComponent inside a test was not wrapped in act(...).

When testing, code that causes React state updates should be wrapped into act(...):

act(() => {
  /* fire events that update state */
});
/* assert on the output */

This ensures that you're testing the behavior the user would see in the browser. Learn more at https://react.dev/link/wrap-tests-with-act

stderr | src/features/levels/__tests__/hooks/use-admin-levels.test.ts > useAdminLevels > should refresh levels when refreshLevels is called
An update to TestComponent inside a test was not wrapped in act(...).

When testing, code that causes React state updates should be wrapped into act(...):

act(() => {
  /* fire events that update state */
});
/* assert on the output */

This ensures that you're testing the behavior the user would see in the browser. Learn more at https://react.dev/link/wrap-tests-with-act
An update to TestComponent inside a test was not wrapped in act(...).

When testing, code that causes React state updates should be wrapped into act(...):

act(() => {
  /* fire events that update state */
});
/* assert on the output */

This ensures that you're testing the behavior the user would see in the browser. Learn more at https://react.dev/link/wrap-tests-with-act

 ✓ src/features/levels/__tests__/hooks/use-admin-levels.test.ts > useAdminLevels > should refresh levels when refreshLevels is called 106ms
stderr | src/features/shared/ui/__tests__/liquidation-detail-modal.test.tsx > LiquidationDetailModal > renders modal with liquidation details
Warning: Missing `Description` or `aria-describedby={undefined}` for {DialogContent}.

stderr | src/features/shared/ui/__tests__/liquidation-detail-modal.test.tsx > LiquidationDetailModal > displays status badge
Warning: Missing `Description` or `aria-describedby={undefined}` for {DialogContent}.

stderr | src/features/shared/ui/__tests__/liquidation-detail-modal.test.tsx > LiquidationDetailModal > displays client information
Warning: Missing `Description` or `aria-describedby={undefined}` for {DialogContent}.

 ✓ src/features/shared/ui/__tests__/liquidation-detail-modal.test.tsx > LiquidationDetailModal > renders modal with liquidation details 72ms
 ✓ src/features/shared/ui/__tests__/liquidation-detail-modal.test.tsx > LiquidationDetailModal > displays status badge 14ms
stderr | src/features/shared/ui/__tests__/liquidation-detail-modal.test.tsx > LiquidationDetailModal > displays liquidation amount
Warning: Missing `Description` or `aria-describedby={undefined}` for {DialogContent}.

stderr | src/features/product-configuration/__tests__/components/product-configuration-form.test.tsx > ProductConfigurationForm > create mode > should render create form title
An update to ProductConfigurationForm inside a test was not wrapped in act(...).

When testing, code that causes React state updates should be wrapped into act(...):

act(() => {
  /* fire events that update state */
});
/* assert on the output */

This ensures that you're testing the behavior the user would see in the browser. Learn more at https://react.dev/link/wrap-tests-with-act
An update to ProductConfigurationForm inside a test was not wrapped in act(...).

When testing, code that causes React state updates should be wrapped into act(...):

act(() => {
  /* fire events that update state */
});
/* assert on the output */

This ensures that you're testing the behavior the user would see in the browser. Learn more at https://react.dev/link/wrap-tests-with-act
An update to ProductConfigurationForm inside a test was not wrapped in act(...).

When testing, code that causes React state updates should be wrapped into act(...):

act(() => {
  /* fire events that update state */
});
/* assert on the output */

This ensures that you're testing the behavior the user would see in the browser. Learn more at https://react.dev/link/wrap-tests-with-act

stderr | src/features/shared/ui/__tests__/liquidation-detail-modal.test.tsx > LiquidationDetailModal > displays agent information
Warning: Missing `Description` or `aria-describedby={undefined}` for {DialogContent}.

 ✓ src/features/shared/ui/DataTable/__tests__/DataTable.test.tsx > DataTable > debe renderizar correctamente los datos 69ms
 ✓ src/features/shared/ui/DataTable/__tests__/DataTable.test.tsx > DataTable > debe mostrar mensaje de vacío cuando no hay datos 17ms
stderr | src/features/shared/ui/__tests__/liquidation-detail-modal.test.tsx > LiquidationDetailModal > displays product information
Warning: Missing `Description` or `aria-describedby={undefined}` for {DialogContent}.

stderr | src/features/product-configuration/__tests__/components/product-configuration-form.test.tsx > ProductConfigurationForm > create mode > should render company select
An update to ProductConfigurationForm inside a test was not wrapped in act(...).

When testing, code that causes React state updates should be wrapped into act(...):

act(() => {
  /* fire events that update state */
});
/* assert on the output */

This ensures that you're testing the behavior the user would see in the browser. Learn more at https://react.dev/link/wrap-tests-with-act
An update to ProductConfigurationForm inside a test was not wrapped in act(...).

When testing, code that causes React state updates should be wrapped into act(...):

act(() => {
  /* fire events that update state */
});
/* assert on the output */

This ensures that you're testing the behavior the user would see in the browser. Learn more at https://react.dev/link/wrap-tests-with-act
An update to ProductConfigurationForm inside a test was not wrapped in act(...).

When testing, code that causes React state updates should be wrapped into act(...):

act(() => {
  /* fire events that update state */
});
/* assert on the output */

This ensures that you're testing the behavior the user would see in the browser. Learn more at https://react.dev/link/wrap-tests-with-act

stderr | src/features/shared/ui/__tests__/liquidation-detail-modal.test.tsx > LiquidationDetailModal > displays insurance company information
Warning: Missing `Description` or `aria-describedby={undefined}` for {DialogContent}.

stderr | src/features/product-configuration/__tests__/components/product-configuration-form.test.tsx > ProductConfigurationForm > create mode > should render product select
An update to ProductConfigurationForm inside a test was not wrapped in act(...).

When testing, code that causes React state updates should be wrapped into act(...):

act(() => {
  /* fire events that update state */
});
/* assert on the output */

This ensures that you're testing the behavior the user would see in the browser. Learn more at https://react.dev/link/wrap-tests-with-act
An update to ProductConfigurationForm inside a test was not wrapped in act(...).

When testing, code that causes React state updates should be wrapped into act(...):

act(() => {
  /* fire events that update state */
});
/* assert on the output */

This ensures that you're testing the behavior the user would see in the browser. Learn more at https://react.dev/link/wrap-tests-with-act
An update to ProductConfigurationForm inside a test was not wrapped in act(...).

When testing, code that causes React state updates should be wrapped into act(...):

act(() => {
  /* fire events that update state */
});
/* assert on the output */

This ensures that you're testing the behavior the user would see in the browser. Learn more at https://react.dev/link/wrap-tests-with-act

stderr | src/features/shared/ui/__tests__/liquidation-detail-modal.test.tsx > LiquidationDetailModal > renders edit button
Warning: Missing `Description` or `aria-describedby={undefined}` for {DialogContent}.

stderr | src/features/product-configuration/__tests__/components/product-configuration-form.test.tsx > ProductConfigurationForm > create mode > should render level select
An update to ProductConfigurationForm inside a test was not wrapped in act(...).

When testing, code that causes React state updates should be wrapped into act(...):

act(() => {
  /* fire events that update state */
});
/* assert on the output */

This ensures that you're testing the behavior the user would see in the browser. Learn more at https://react.dev/link/wrap-tests-with-act
An update to ProductConfigurationForm inside a test was not wrapped in act(...).

When testing, code that causes React state updates should be wrapped into act(...):

act(() => {
  /* fire events that update state */
});
/* assert on the output */

This ensures that you're testing the behavior the user would see in the browser. Learn more at https://react.dev/link/wrap-tests-with-act
An update to ProductConfigurationForm inside a test was not wrapped in act(...).

When testing, code that causes React state updates should be wrapped into act(...):

act(() => {
  /* fire events that update state */
});
/* assert on the output */

This ensures that you're testing the behavior the user would see in the browser. Learn more at https://react.dev/link/wrap-tests-with-act

 ✓ src/features/product-configuration/__tests__/components/product-configuration-form.test.tsx > ProductConfigurationForm > create mode > should render create form title 54ms
 ✓ src/features/product-configuration/__tests__/components/product-configuration-form.test.tsx > ProductConfigurationForm > create mode > should render company select 21ms
 ✓ src/features/product-configuration/__tests__/components/product-configuration-form.test.tsx > ProductConfigurationForm > create mode > should render product select 14ms
stderr | src/features/shared/ui/__tests__/liquidation-detail-modal.test.tsx > LiquidationDetailModal > renders cancel button
Warning: Missing `Description` or `aria-describedby={undefined}` for {DialogContent}.

stderr | src/features/product-configuration/__tests__/components/product-configuration-form.test.tsx > ProductConfigurationForm > create mode > should render create button
An update to ProductConfigurationForm inside a test was not wrapped in act(...).

When testing, code that causes React state updates should be wrapped into act(...):

act(() => {
  /* fire events that update state */
});
/* assert on the output */

This ensures that you're testing the behavior the user would see in the browser. Learn more at https://react.dev/link/wrap-tests-with-act
An update to ProductConfigurationForm inside a test was not wrapped in act(...).

When testing, code that causes React state updates should be wrapped into act(...):

act(() => {
  /* fire events that update state */
});
/* assert on the output */

This ensures that you're testing the behavior the user would see in the browser. Learn more at https://react.dev/link/wrap-tests-with-act
An update to ProductConfigurationForm inside a test was not wrapped in act(...).

When testing, code that causes React state updates should be wrapped into act(...):

act(() => {
  /* fire events that update state */
});
/* assert on the output */

This ensures that you're testing the behavior the user would see in the browser. Learn more at https://react.dev/link/wrap-tests-with-act

stderr | src/features/product-configuration/__tests__/components/product-configuration-form.test.tsx > ProductConfigurationForm > create mode > should render cancel button
An update to ProductConfigurationForm inside a test was not wrapped in act(...).

When testing, code that causes React state updates should be wrapped into act(...):

act(() => {
  /* fire events that update state */
});
/* assert on the output */

This ensures that you're testing the behavior the user would see in the browser. Learn more at https://react.dev/link/wrap-tests-with-act
An update to ProductConfigurationForm inside a test was not wrapped in act(...).

When testing, code that causes React state updates should be wrapped into act(...):

act(() => {
  /* fire events that update state */
});
/* assert on the output */

This ensures that you're testing the behavior the user would see in the browser. Learn more at https://react.dev/link/wrap-tests-with-act
An update to ProductConfigurationForm inside a test was not wrapped in act(...).

When testing, code that causes React state updates should be wrapped into act(...):

act(() => {
  /* fire events that update state */
});
/* assert on the output */

This ensures that you're testing the behavior the user would see in the browser. Learn more at https://react.dev/link/wrap-tests-with-act

stderr | src/features/shared/ui/__tests__/liquidation-detail-modal.test.tsx > LiquidationDetailModal > renders both edit and cancel buttons
Warning: Missing `Description` or `aria-describedby={undefined}` for {DialogContent}.

 ✓ src/features/shared/ui/__tests__/liquidation-detail-modal.test.tsx > LiquidationDetailModal > displays client information 14ms
 ✓ src/features/shared/ui/__tests__/liquidation-detail-modal.test.tsx > LiquidationDetailModal > displays liquidation amount 18ms
 ✓ src/features/shared/ui/__tests__/liquidation-detail-modal.test.tsx > LiquidationDetailModal > displays agent information 11ms
 ✓ src/features/shared/ui/__tests__/liquidation-detail-modal.test.tsx > LiquidationDetailModal > displays product information 14ms
 ✓ src/features/shared/ui/__tests__/liquidation-detail-modal.test.tsx > LiquidationDetailModal > displays insurance company information 9ms
 ✓ src/features/shared/ui/__tests__/liquidation-detail-modal.test.tsx > LiquidationDetailModal > renders edit button 16ms
 ✓ src/features/shared/ui/__tests__/liquidation-detail-modal.test.tsx > LiquidationDetailModal > renders cancel button 13ms
 ✓ src/features/shared/ui/__tests__/liquidation-detail-modal.test.tsx > LiquidationDetailModal > renders both edit and cancel buttons 26ms
stderr | src/features/product-configuration/__tests__/components/product-configuration-form.test.tsx > ProductConfigurationForm > create mode > should show loading state
An update to ProductConfigurationForm inside a test was not wrapped in act(...).

When testing, code that causes React state updates should be wrapped into act(...):

act(() => {
  /* fire events that update state */
});
/* assert on the output */

This ensures that you're testing the behavior the user would see in the browser. Learn more at https://react.dev/link/wrap-tests-with-act
An update to ProductConfigurationForm inside a test was not wrapped in act(...).

When testing, code that causes React state updates should be wrapped into act(...):

act(() => {
  /* fire events that update state */
});
/* assert on the output */

This ensures that you're testing the behavior the user would see in the browser. Learn more at https://react.dev/link/wrap-tests-with-act
An update to ProductConfigurationForm inside a test was not wrapped in act(...).

When testing, code that causes React state updates should be wrapped into act(...):

act(() => {
  /* fire events that update state */
});
/* assert on the output */

This ensures that you're testing the behavior the user would see in the browser. Learn more at https://react.dev/link/wrap-tests-with-act

stderr | src/features/product-configuration/__tests__/components/product-configuration-form.test.tsx > ProductConfigurationForm > edit mode > should render edit form title
An update to ProductConfigurationForm inside a test was not wrapped in act(...).

When testing, code that causes React state updates should be wrapped into act(...):

act(() => {
  /* fire events that update state */
});
/* assert on the output */

This ensures that you're testing the behavior the user would see in the browser. Learn more at https://react.dev/link/wrap-tests-with-act
An update to ProductConfigurationForm inside a test was not wrapped in act(...).

When testing, code that causes React state updates should be wrapped into act(...):

act(() => {
  /* fire events that update state */
});
/* assert on the output */

This ensures that you're testing the behavior the user would see in the browser. Learn more at https://react.dev/link/wrap-tests-with-act

 ✓ src/features/shared/ui/DataTable/__tests__/DataTable.test.tsx > DataTable > debe mostrar skeletons cuando está cargando 47ms
 ✓ src/features/shared/ui/DataTable/__tests__/DataTable.test.tsx > DataTable > debe filtrar los datos mediante la búsqueda global 36ms
 ✓ src/features/shared/ui/DataTable/__tests__/DataTable.test.tsx > DataTable > debe manejar la selección de filas si selectable es true 50ms
 ✓ src/features/shared/ui/DataTable/__tests__/DataTable.test.tsx > DataTable > debe disparar onRowClick cuando se hace click en una fila 18ms
stderr | src/features/product-configuration/__tests__/components/product-configuration-form.test.tsx > ProductConfigurationForm > edit mode > should show company as readonly
An update to ProductConfigurationForm inside a test was not wrapped in act(...).

When testing, code that causes React state updates should be wrapped into act(...):

act(() => {
  /* fire events that update state */
});
/* assert on the output */

This ensures that you're testing the behavior the user would see in the browser. Learn more at https://react.dev/link/wrap-tests-with-act
An update to ProductConfigurationForm inside a test was not wrapped in act(...).

When testing, code that causes React state updates should be wrapped into act(...):

act(() => {
  /* fire events that update state */
});
/* assert on the output */

This ensures that you're testing the behavior the user would see in the browser. Learn more at https://react.dev/link/wrap-tests-with-act

stderr | src/features/product-configuration/__tests__/components/product-configuration-form.test.tsx > ProductConfigurationForm > edit mode > should show product as readonly
An update to ProductConfigurationForm inside a test was not wrapped in act(...).

When testing, code that causes React state updates should be wrapped into act(...):

act(() => {
  /* fire events that update state */
});
/* assert on the output */

This ensures that you're testing the behavior the user would see in the browser. Learn more at https://react.dev/link/wrap-tests-with-act
An update to ProductConfigurationForm inside a test was not wrapped in act(...).

When testing, code that causes React state updates should be wrapped into act(...):

act(() => {
  /* fire events that update state */
});
/* assert on the output */

This ensures that you're testing the behavior the user would see in the browser. Learn more at https://react.dev/link/wrap-tests-with-act

stderr | src/features/product-configuration/__tests__/components/product-configuration-form.test.tsx > ProductConfigurationForm > edit mode > should show category as readonly
An update to ProductConfigurationForm inside a test was not wrapped in act(...).

When testing, code that causes React state updates should be wrapped into act(...):

act(() => {
  /* fire events that update state */
});
/* assert on the output */

This ensures that you're testing the behavior the user would see in the browser. Learn more at https://react.dev/link/wrap-tests-with-act
An update to ProductConfigurationForm inside a test was not wrapped in act(...).

When testing, code that causes React state updates should be wrapped into act(...):

act(() => {
  /* fire events that update state */
});
/* assert on the output */

This ensures that you're testing the behavior the user would see in the browser. Learn more at https://react.dev/link/wrap-tests-with-act

stderr | src/features/product-configuration/__tests__/components/product-configuration-form.test.tsx > ProductConfigurationForm > edit mode > should show code as readonly
An update to ProductConfigurationForm inside a test was not wrapped in act(...).

When testing, code that causes React state updates should be wrapped into act(...):

act(() => {
  /* fire events that update state */
});
/* assert on the output */

This ensures that you're testing the behavior the user would see in the browser. Learn more at https://react.dev/link/wrap-tests-with-act
An update to ProductConfigurationForm inside a test was not wrapped in act(...).

When testing, code that causes React state updates should be wrapped into act(...):

act(() => {
  /* fire events that update state */
});
/* assert on the output */

This ensures that you're testing the behavior the user would see in the browser. Learn more at https://react.dev/link/wrap-tests-with-act

stderr | src/features/product-configuration/__tests__/components/product-configuration-form.test.tsx > ProductConfigurationForm > edit mode > should render save button
An update to ProductConfigurationForm inside a test was not wrapped in act(...).

When testing, code that causes React state updates should be wrapped into act(...):

act(() => {
  /* fire events that update state */
});
/* assert on the output */

This ensures that you're testing the behavior the user would see in the browser. Learn more at https://react.dev/link/wrap-tests-with-act
An update to ProductConfigurationForm inside a test was not wrapped in act(...).

When testing, code that causes React state updates should be wrapped into act(...):

act(() => {
  /* fire events that update state */
});
/* assert on the output */

This ensures that you're testing the behavior the user would see in the browser. Learn more at https://react.dev/link/wrap-tests-with-act

stderr | src/features/product-configuration/__tests__/components/product-configuration-form.test.tsx > ProductConfigurationForm > edit mode > should show loading state
An update to ProductConfigurationForm inside a test was not wrapped in act(...).

When testing, code that causes React state updates should be wrapped into act(...):

act(() => {
  /* fire events that update state */
});
/* assert on the output */

This ensures that you're testing the behavior the user would see in the browser. Learn more at https://react.dev/link/wrap-tests-with-act
An update to ProductConfigurationForm inside a test was not wrapped in act(...).

When testing, code that causes React state updates should be wrapped into act(...):

act(() => {
  /* fire events that update state */
});
/* assert on the output */

This ensures that you're testing the behavior the user would see in the browser. Learn more at https://react.dev/link/wrap-tests-with-act

 ✓ src/features/product-configuration/__tests__/components/product-configuration-form.test.tsx > ProductConfigurationForm > create mode > should render level select 13ms
 ✓ src/features/product-configuration/__tests__/components/product-configuration-form.test.tsx > ProductConfigurationForm > create mode > should render create button 12ms
 ✓ src/features/product-configuration/__tests__/components/product-configuration-form.test.tsx > ProductConfigurationForm > create mode > should render cancel button 11ms
 ✓ src/features/product-configuration/__tests__/components/product-configuration-form.test.tsx > ProductConfigurationForm > create mode > should show loading state 15ms
 ✓ src/features/product-configuration/__tests__/components/product-configuration-form.test.tsx > ProductConfigurationForm > edit mode > should render edit form title 14ms
 ✓ src/features/product-configuration/__tests__/components/product-configuration-form.test.tsx > ProductConfigurationForm > edit mode > should show company as readonly 9ms
 ✓ src/features/product-configuration/__tests__/components/product-configuration-form.test.tsx > ProductConfigurationForm > edit mode > should show product as readonly 9ms
 ✓ src/features/product-configuration/__tests__/components/product-configuration-form.test.tsx > ProductConfigurationForm > edit mode > should show category as readonly 9ms
 ✓ src/features/product-configuration/__tests__/components/product-configuration-form.test.tsx > ProductConfigurationForm > edit mode > should show code as readonly 8ms
 ✓ src/features/product-configuration/__tests__/components/product-configuration-form.test.tsx > ProductConfigurationForm > edit mode > should render save button 7ms
stderr | src/features/product-configuration/__tests__/components/product-configuration-form.test.tsx > ProductConfigurationForm > edit mode > should render PPC section
An update to ProductConfigurationForm inside a test was not wrapped in act(...).

When testing, code that causes React state updates should be wrapped into act(...):

act(() => {
  /* fire events that update state */
});
/* assert on the output */

This ensures that you're testing the behavior the user would see in the browser. Learn more at https://react.dev/link/wrap-tests-with-act
An update to ProductConfigurationForm inside a test was not wrapped in act(...).

When testing, code that causes React state updates should be wrapped into act(...):

act(() => {
  /* fire events that update state */
});
/* assert on the output */

This ensures that you're testing the behavior the user would see in the browser. Learn more at https://react.dev/link/wrap-tests-with-act

 ✓ src/features/product-configuration/__tests__/components/product-configuration-form.test.tsx > ProductConfigurationForm > edit mode > should show loading state 8ms
 ✓ src/features/product-configuration/__tests__/components/product-configuration-form.test.tsx > ProductConfigurationForm > edit mode > should render PPC section 7ms
stderr | src/features/pre-liquidacion/__tests__/use-distribucion-comision.test.ts > useDistribucionComision > transitions to loading state while fetch is in progress
An update to TestComponent inside a test was not wrapped in act(...).

When testing, code that causes React state updates should be wrapped into act(...):

act(() => {
  /* fire events that update state */
});
/* assert on the output */

This ensures that you're testing the behavior the user would see in the browser. Learn more at https://react.dev/link/wrap-tests-with-act

 ✓ src/features/pre-liquidacion/__tests__/use-distribucion-comision.test.ts > useDistribucionComision > stays idle and does not fetch when id is null 8ms
 ✓ src/features/pre-liquidacion/__tests__/use-distribucion-comision.test.ts > useDistribucionComision > stays idle and does not fetch when id is 0 or negative 1ms
 ✓ src/features/pre-liquidacion/__tests__/use-distribucion-comision.test.ts > useDistribucionComision > transitions to loading state while fetch is in progress 5ms
 ✓ src/features/pre-liquidacion/__tests__/use-distribucion-comision.test.ts > useDistribucionComision > fetches from the correct URL 2ms
 ✓ src/features/pre-liquidacion/__tests__/use-distribucion-comision.test.ts > useDistribucionComision > transitions from loading to success and returns distribucion 53ms
stderr | src/features/pre-liquidacion/__tests__/use-distribucion-comision.test.ts > useDistribucionComision > transitions to error state when fetch throws (network error)
Error al obtener distribución de comisión: Error: Network failure
    at /Users/andres/Documents/financieramente/financieramente-app/src/features/pre-liquidacion/__tests__/use-distribucion-comision.test.ts:140:31
    at file:///Users/andres/Documents/financieramente/financieramente-app/node_modules/@vitest/runner/dist/chunk-hooks.js:155:11
    at file:///Users/andres/Documents/financieramente/financieramente-app/node_modules/@vitest/runner/dist/chunk-hooks.js:752:26
    at file:///Users/andres/Documents/financieramente/financieramente-app/node_modules/@vitest/runner/dist/chunk-hooks.js:1897:20
    at new Promise (<anonymous>)
    at runWithTimeout (file:///Users/andres/Documents/financieramente/financieramente-app/node_modules/@vitest/runner/dist/chunk-hooks.js:1863:10)
    at runTest (file:///Users/andres/Documents/financieramente/financieramente-app/node_modules/@vitest/runner/dist/chunk-hooks.js:1574:12)
    at runSuite (file:///Users/andres/Documents/financieramente/financieramente-app/node_modules/@vitest/runner/dist/chunk-hooks.js:1729:8)
    at runSuite (file:///Users/andres/Documents/financieramente/financieramente-app/node_modules/@vitest/runner/dist/chunk-hooks.js:1729:8)
    at runFiles (file:///Users/andres/Documents/financieramente/financieramente-app/node_modules/@vitest/runner/dist/chunk-hooks.js:1787:3)

 ✓ src/features/product-configuration/__tests__/hooks/use-product-configuration.test.ts > useProductConfiguration > should start with loading state 64ms
 ✓ src/features/pre-liquidacion/__tests__/use-distribucion-comision.test.ts > useDistribucionComision > transitions to error state when response is not ok (404) 53ms
 ✓ src/features/pre-liquidacion/__tests__/use-distribucion-comision.test.ts > useDistribucionComision > transitions to error state when fetch throws (network error) 53ms
stderr | src/features/pre-liquidacion/__tests__/use-distribucion-comision.test.ts > useDistribucionComision > exposes a refetch function that re-triggers the fetch
An update to TestComponent inside a test was not wrapped in act(...).

When testing, code that causes React state updates should be wrapped into act(...):

act(() => {
  /* fire events that update state */
});
/* assert on the output */

This ensures that you're testing the behavior the user would see in the browser. Learn more at https://react.dev/link/wrap-tests-with-act

stderr | src/features/pre-liquidacion/__tests__/use-distribucion-comision.test.ts > useDistribucionComision > exposes a refetch function that re-triggers the fetch
An update to TestComponent inside a test was not wrapped in act(...).

When testing, code that causes React state updates should be wrapped into act(...):

act(() => {
  /* fire events that update state */
});
/* assert on the output */

This ensures that you're testing the behavior the user would see in the browser. Learn more at https://react.dev/link/wrap-tests-with-act

 ✓ src/features/pre-liquidacion/__tests__/use-distribucion-comision.test.ts > useDistribucionComision > exposes a refetch function that re-triggers the fetch 57ms
 ✓ src/features/product-configuration/__tests__/hooks/use-product-configuration.test.ts > useProductConfiguration > should fetch configuration successfully (happy path) 54ms
 ✓ src/features/product-configuration/__tests__/hooks/use-product-configuration.test.ts > useProductConfiguration > should handle API error 56ms
 ✓ src/features/shared/ui/__tests__/data-table.test.tsx > DataTable Component > renders table with data 82ms
 ✓ src/features/product-configuration/__tests__/hooks/use-product-configuration.test.ts > useProductConfiguration > should handle network error 92ms
 ✓ src/features/product-configuration/__tests__/hooks/use-product-configuration.test.ts > useProductConfiguration > should set error for invalid id (zero) 10ms
 ✓ src/features/product-configuration/__tests__/hooks/use-product-configuration.test.ts > useProductConfiguration > should set error for negative id 3ms
 ✓ src/features/shared/ui/__tests__/data-table.test.tsx > DataTable Component > renders search input when searchable is true 100ms
 ✓ src/features/shared/ui/__tests__/data-table.test.tsx > DataTable Component > filters data based on search query 104ms
 ✓ src/features/shared/ui/__tests__/data-table.test.tsx > DataTable Component > renders select all checkbox when onSelectionChange is provided 56ms
 ✓ src/features/shared/ui/__tests__/data-table.test.tsx > DataTable Component > handles row selection 50ms
 ✓ src/features/shared/ui/__tests__/data-table.test.tsx > DataTable Component > renders pagination when data is larger than pageSize 26ms
 ✓ src/features/shared/ui/__tests__/data-table.test.tsx > DataTable Component > handles pagination navigation 20ms
 ✓ src/features/shared/ui/__tests__/data-table.test.tsx > DataTable Component > renders export button when onExport is provided 11ms
 ✓ src/features/shared/ui/__tests__/data-table.test.tsx > DataTable Component > renders loading state 12ms
 ✓ src/features/shared/ui/__tests__/data-table.test.tsx > DataTable Component > renders empty state 10ms
 ✓ src/features/shared/ui/__tests__/data-table.test.tsx > DataTable Component > handles row click 11ms
 ✓ src/app/dashboard/negocios/__tests__/negocios-page-client.fondear-confirmation.test.tsx > NegociosPageClient - confirmacion de fondeo > muestra confirmacion antes de fondear negocio directo 87ms
 ✓ src/app/dashboard/negocios/__tests__/negocios-page-client.fondear-confirmation.test.tsx > NegociosPageClient - confirmacion de fondeo > no ejecuta fondeo directo cuando el usuario cancela confirmacion 29ms
 ✓ src/app/dashboard/negocios/__tests__/negocios-page-client.fondear-confirmation.test.tsx > NegociosPageClient - confirmacion de fondeo > muestra loader y bloquea acciones mientras confirma fondeo directo 38ms
 ✓ src/app/dashboard/negocios/__tests__/negocios-page-client.fondear-confirmation.test.tsx > NegociosPageClient - confirmacion de fondeo > omite confirmacion y abre flujo anual cuando el negocio tiene anualidades 16ms
 ✓ src/features/load-file/__tests__/HistorialCargasTab.test.tsx > HistorialCargasTab — Preliquidar button visibility > does NOT render the Preliquidar button when sincronizados === 0 323ms
 ✓ src/features/load-file/__tests__/HistorialCargasTab.test.tsx > HistorialCargasTab — Preliquidar button visibility > does NOT render the Preliquidar button when estado !== "LOAD" 94ms
 ✓ src/features/load-file/__tests__/HistorialCargasTab.test.tsx > HistorialCargasTab — Preliquidar button visibility > does NOT render the Preliquidar button for roles without liquidaciones.preliquidacion permission 123ms
 ✓ src/features/load-file/__tests__/HistorialCargasTab.test.tsx > HistorialCargasTab — Preliquidar button visibility > RENDERS the Preliquidar button when sincronizados > 0, estado === "LOAD", and role has permission (ADMIN) 71ms
 ✓ src/features/load-file/__tests__/HistorialCargasTab.test.tsx > HistorialCargasTab — Preliquidar button visibility > RENDERS the Preliquidar button for ASISTENTE_GERENCIA_OPERATIVA role 46ms
 ✓ src/features/load-file/__tests__/HistorialCargasTab.test.tsx > HistorialCargasTab — Preliquidar button visibility > does NOT render the Preliquidar button when user is null 57ms
 ✓ src/features/product/__tests__/hooks/use-product-mutations.test.ts > useProductMutations > createProduct > should start with idle state 15ms
 ✓ src/features/product/__tests__/hooks/use-product-mutations.test.ts > useProductMutations > createProduct > should create product successfully (happy path) 6ms
 ✓ src/features/product/__tests__/hooks/use-product-mutations.test.ts > useProductMutations > createProduct > should set loading state during creation 107ms
 ✓ src/features/product/__tests__/hooks/use-product-mutations.test.ts > useProductMutations > createProduct > should handle API error 6ms
 ✓ src/features/product/__tests__/hooks/use-product-mutations.test.ts > useProductMutations > createProduct > should handle network error 7ms
 ✓ src/features/product/__tests__/hooks/use-product-mutations.test.ts > useProductMutations > createProduct > should handle unknown error 3ms
 ✓ src/features/product/__tests__/hooks/use-product-mutations.test.ts > useProductMutations > updateProduct > should start with idle state 4ms
 ✓ src/features/product/__tests__/hooks/use-product-mutations.test.ts > useProductMutations > updateProduct > should update product successfully (happy path) 4ms
 ✓ src/features/product/__tests__/hooks/use-product-mutations.test.ts > useProductMutations > updateProduct > should handle API error 4ms
 ✓ src/features/product/__tests__/hooks/use-product-mutations.test.ts > useProductMutations > updateProduct > should handle network error 5ms
 ✓ src/features/product/__tests__/hooks/use-product-mutations.test.ts > useProductMutations > updateProduct > should handle unknown error 4ms
 ✓ src/features/product/__tests__/hooks/use-product-mutations.test.ts > useProductMutations > deleteProduct > should start with idle state 3ms
 ✓ src/features/product/__tests__/hooks/use-product-mutations.test.ts > useProductMutations > deleteProduct > should delete product successfully (happy path) 4ms
 ✓ src/features/product/__tests__/hooks/use-product-mutations.test.ts > useProductMutations > deleteProduct > should handle API error 7ms
 ✓ src/features/product/__tests__/hooks/use-product-mutations.test.ts > useProductMutations > deleteProduct > should handle network error 8ms
 ✓ src/features/product/__tests__/hooks/use-product-mutations.test.ts > useProductMutations > deleteProduct > should handle unknown error 6ms
stderr | src/features/levels/__tests__/components/levels-table.test.tsx > LevelsTableSection > Rendering > should render table with data (happy path)
An update to LevelsTableSection inside a test was not wrapped in act(...).

When testing, code that causes React state updates should be wrapped into act(...):

act(() => {
  /* fire events that update state */
});
/* assert on the output */

This ensures that you're testing the behavior the user would see in the browser. Learn more at https://react.dev/link/wrap-tests-with-act

stderr | src/features/levels/__tests__/components/levels-table.test.tsx > LevelsTableSection > Rendering > should display all columns correctly
An update to LevelsTableSection inside a test was not wrapped in act(...).

When testing, code that causes React state updates should be wrapped into act(...):

act(() => {
  /* fire events that update state */
});
/* assert on the output */

This ensures that you're testing the behavior the user would see in the browser. Learn more at https://react.dev/link/wrap-tests-with-act

stderr | src/features/levels/__tests__/components/levels-table.test.tsx > LevelsTableSection > Rendering > should display level data in row
An update to LevelsTableSection inside a test was not wrapped in act(...).

When testing, code that causes React state updates should be wrapped into act(...):

act(() => {
  /* fire events that update state */
});
/* assert on the output */

This ensures that you're testing the behavior the user would see in the browser. Learn more at https://react.dev/link/wrap-tests-with-act

stderr | src/features/levels/__tests__/components/levels-table.test.tsx > LevelsTableSection > Rendering > should display empty state when no data
An update to LevelsTableSection inside a test was not wrapped in act(...).

When testing, code that causes React state updates should be wrapped into act(...):

act(() => {
  /* fire events that update state */
});
/* assert on the output */

This ensures that you're testing the behavior the user would see in the browser. Learn more at https://react.dev/link/wrap-tests-with-act

stderr | src/features/levels/__tests__/components/levels-table.test.tsx > LevelsTableSection > Multiple Types Display > should display all level types correctly
An update to LevelsTableSection inside a test was not wrapped in act(...).

When testing, code that causes React state updates should be wrapped into act(...):

act(() => {
  /* fire events that update state */
});
/* assert on the output */

This ensures that you're testing the behavior the user would see in the browser. Learn more at https://react.dev/link/wrap-tests-with-act

 ✓ src/features/levels/__tests__/components/levels-table.test.tsx > LevelsTableSection > Rendering > should render table with data (happy path) 150ms
 ✓ src/features/levels/__tests__/components/levels-table.test.tsx > LevelsTableSection > Rendering > should display all columns correctly 32ms
 ✓ src/features/levels/__tests__/components/levels-table.test.tsx > LevelsTableSection > Rendering > should display level data in row 28ms
 ✓ src/features/levels/__tests__/components/levels-table.test.tsx > LevelsTableSection > Rendering > should display empty state when no data 17ms
stderr | src/features/levels/__tests__/components/levels-table.test.tsx > LevelsTableSection > Hierarchy specs > color chip column renders with correct hex color
An update to LevelsTableSection inside a test was not wrapped in act(...).

When testing, code that causes React state updates should be wrapped into act(...):

act(() => {
  /* fire events that update state */
});
/* assert on the output */

This ensures that you're testing the behavior the user would see in the browser. Learn more at https://react.dev/link/wrap-tests-with-act

stderr | src/features/levels/__tests__/components/levels-table.test.tsx > LevelsTableSection > Hierarchy specs > next-level name column renders level name
An update to LevelsTableSection inside a test was not wrapped in act(...).

When testing, code that causes React state updates should be wrapped into act(...):

act(() => {
  /* fire events that update state */
});
/* assert on the output */

This ensures that you're testing the behavior the user would see in the browser. Learn more at https://react.dev/link/wrap-tests-with-act

stderr | src/features/levels/__tests__/components/levels-table.test.tsx > LevelsTableSection > Hierarchy specs > next-level name column renders "—" when null
An update to LevelsTableSection inside a test was not wrapped in act(...).

When testing, code that causes React state updates should be wrapped into act(...):

act(() => {
  /* fire events that update state */
});
/* assert on the output */

This ensures that you're testing the behavior the user would see in the browser. Learn more at https://react.dev/link/wrap-tests-with-act

 ✓ src/features/levels/__tests__/components/levels-table.test.tsx > LevelsTableSection > Multiple Types Display > should display all level types correctly 29ms
 ✓ src/features/levels/__tests__/components/levels-table.test.tsx > LevelsTableSection > Hierarchy specs > color chip column renders with correct hex color 37ms
 ✓ src/features/levels/__tests__/components/levels-table.test.tsx > LevelsTableSection > Hierarchy specs > next-level name column renders level name 19ms
 ✓ src/features/levels/__tests__/components/levels-table.test.tsx > LevelsTableSection > Hierarchy specs > next-level name column renders "—" when null 21ms
 ✓ src/features/distribution-commission/__tests__/components/commission-rules-table.test.tsx > CommissionRulesTable > formats category distribution read-only with shared formatter (RF-01) 77ms
 ✓ src/features/company/__tests__/components/company-form.test.tsx > CompanyForm > Create Mode > should render form with empty fields 95ms
 ✓ src/features/company/__tests__/components/company-form.test.tsx > CompanyForm > Create Mode > should call onCancel when cancel button is clicked 24ms
 ✓ src/features/company/__tests__/components/company-form.test.tsx > CompanyForm > Create Mode > should disable submit button when loading 18ms
 ✓ src/features/company/__tests__/components/company-form.test.tsx > CompanyForm > Edit Mode > should render form with initial data 14ms
 ✓ src/features/company/__tests__/components/company-form.test.tsx > CompanyForm > Edit Mode > should enable name field in edit mode 14ms
 ✓ src/features/company/__tests__/components/company-form.test.tsx > CompanyForm > Edit Mode > should show update button text in edit mode 14ms
 ✓ src/features/distribution-commission/__tests__/components/commission-rules-table.test.tsx > CommissionRulesTable > notifies assignment success to refresh the list 128ms
 ✓ src/features/distribution-commission/__tests__/components/commission-rules-table.test.tsx > CommissionRulesTable > shows Cartera column when any rule has hasPortfolio 22ms
 ✓ src/features/distribution-commission/__tests__/components/commission-rules-table.test.tsx > CommissionRulesTable > exposes edit link and assign button without overflow menu (RF-10) 30ms
stderr | src/features/pre-liquidacion/__tests__/use-comisiones-preliquidadas.test.ts > useComisionesPreliquidadas > transitions to loading state while fetch is in progress
An update to TestComponent inside a test was not wrapped in act(...).

When testing, code that causes React state updates should be wrapped into act(...):

act(() => {
  /* fire events that update state */
});
/* assert on the output */

This ensures that you're testing the behavior the user would see in the browser. Learn more at https://react.dev/link/wrap-tests-with-act

 ✓ src/features/pre-liquidacion/__tests__/use-comisiones-preliquidadas.test.ts > useComisionesPreliquidadas > initial state has empty registros and null archivo before fetch resolves 9ms
 ✓ src/features/pre-liquidacion/__tests__/use-comisiones-preliquidadas.test.ts > useComisionesPreliquidadas > transitions to loading state while fetch is in progress 4ms
 ✓ src/features/pre-liquidacion/__tests__/use-comisiones-preliquidadas.test.ts > useComisionesPreliquidadas > fetches from /api/pre-liquidacion/pre-settled/[fileId] with the correct URL 3ms
 ✓ src/features/pre-liquidacion/__tests__/use-comisiones-preliquidadas.test.ts > useComisionesPreliquidadas > transitions from loading to success and returns data in AsyncState format 53ms
 ✓ src/features/categories/__tests__/components/categories-table.test.tsx > CategoriesTableSection > Rendering > should display category data in row 58ms
 ✓ src/features/categories/__tests__/components/categories-table.test.tsx > CategoriesTableSection > Rendering > should display empty state when no data 17ms
 ✓ src/features/categories/__tests__/components/categories-table.test.tsx > CategoriesTableSection > Rendering > should display multiple categories 17ms
stderr | src/features/pre-liquidacion/__tests__/use-comisiones-preliquidadas.test.ts > useComisionesPreliquidadas > transitions to error state when fetch throws (network error)
Error al obtener comisiones pre-liquidadas: Error: Network failure
    at /Users/andres/Documents/financieramente/financieramente-app/src/features/pre-liquidacion/__tests__/use-comisiones-preliquidadas.test.ts:131:31
    at file:///Users/andres/Documents/financieramente/financieramente-app/node_modules/@vitest/runner/dist/chunk-hooks.js:155:11
    at file:///Users/andres/Documents/financieramente/financieramente-app/node_modules/@vitest/runner/dist/chunk-hooks.js:752:26
    at file:///Users/andres/Documents/financieramente/financieramente-app/node_modules/@vitest/runner/dist/chunk-hooks.js:1897:20
    at new Promise (<anonymous>)
    at runWithTimeout (file:///Users/andres/Documents/financieramente/financieramente-app/node_modules/@vitest/runner/dist/chunk-hooks.js:1863:10)
    at runTest (file:///Users/andres/Documents/financieramente/financieramente-app/node_modules/@vitest/runner/dist/chunk-hooks.js:1574:12)
    at runSuite (file:///Users/andres/Documents/financieramente/financieramente-app/node_modules/@vitest/runner/dist/chunk-hooks.js:1729:8)
    at runSuite (file:///Users/andres/Documents/financieramente/financieramente-app/node_modules/@vitest/runner/dist/chunk-hooks.js:1729:8)
    at runFiles (file:///Users/andres/Documents/financieramente/financieramente-app/node_modules/@vitest/runner/dist/chunk-hooks.js:1787:3)

 ✓ src/features/pre-liquidacion/__tests__/use-comisiones-preliquidadas.test.ts > useComisionesPreliquidadas > transitions to error state when response is not ok (403) 54ms
 ✓ src/features/pre-liquidacion/__tests__/use-comisiones-preliquidadas.test.ts > useComisionesPreliquidadas > transitions to error state when fetch throws (network error) 54ms
 ✓ src/features/pre-liquidacion/__tests__/use-comisiones-preliquidadas.test.ts > useComisionesPreliquidadas > stays idle and returns empty data when fileId is null 1ms
 ✓ src/features/pre-liquidacion/__tests__/use-comisiones-preliquidadas.test.ts > useComisionesPreliquidadas > stays idle and returns empty data when fileId is 0 or negative 1ms
 ✓ src/features/categories/__tests__/components/categories-table.test.tsx > CategoriesTableSection > Column Headers > should display name column header 11ms
 ✓ src/features/categories/__tests__/components/categories-table.test.tsx > CategoriesTableSection > Column Headers > should display status column header 11ms
 ✓ src/features/categories/__tests__/components/categories-table.test.tsx > CategoriesTableSection > Column Headers > should display category type column header 11ms
 ✓ src/features/categories/__tests__/components/categories-table.test.tsx > CategoriesTableSection > Category Type Display > should display the categoryType name from relation 12ms
 ✓ src/features/categories/__tests__/components/categories-table.test.tsx > CategoriesTableSection > Category Type Display > should display dash when categoryType is absent 11ms
 ✓ src/features/categories/__tests__/components/categories-table.test.tsx > CategoriesTableSection > Title and Actions > should display table section title 10ms
 ✓ src/features/categories/__tests__/components/categories-table.test.tsx > CategoriesTableSection > Title and Actions > should display add button 39ms
 ✓ src/features/origins/__tests__/hooks/use-client-origin.test.ts > useClientOrigin > should start with loading state 60ms
 ✓ src/features/origins/__tests__/hooks/use-client-origins.test.ts > useClientOrigins > should fetch client origins successfully (happy path) 60ms
 ✓ src/features/origins/__tests__/hooks/use-client-origin.test.ts > useClientOrigin > should fetch client origin successfully (happy path) 53ms
 ✓ src/features/origins/__tests__/hooks/use-client-origin.test.ts > useClientOrigin > should handle API error 54ms
 ✓ src/features/origins/__tests__/hooks/use-client-origin.test.ts > useClientOrigin > should handle invalid ID 2ms
 ✓ src/features/origins/__tests__/hooks/use-client-origins.test.ts > useClientOrigins > should handle API error 54ms
 ✓ src/features/origins/__tests__/hooks/use-client-origins.test.ts > useClientOrigins > should fetch with search params 54ms
stderr | src/features/negocios/components/modals/__tests__/annual-funding-modal.test.tsx > AnnualFundingModal > title includes contract when contractLabel is set
Warning: Missing `Description` or `aria-describedby={undefined}` for {DialogContent}.

stderr | src/features/negocios/components/modals/__tests__/annual-funding-modal.test.tsx > AnnualFundingModal > title falls back to Negocio #id when contract is empty
Warning: Missing `Description` or `aria-describedby={undefined}` for {DialogContent}.

stderr | src/features/negocios/components/modals/__tests__/annual-funding-modal.test.tsx > AnnualFundingModal > renders pending row with checkbox and label
Warning: Missing `Description` or `aria-describedby={undefined}` for {DialogContent}.

stderr | src/features/negocios/components/modals/__tests__/annual-funding-modal.test.tsx > AnnualFundingModal > renders funded row without checkbox and shows dateAnchored
Warning: Missing `Description` or `aria-describedby={undefined}` for {DialogContent}.

 ✓ src/features/negocios/components/modals/__tests__/annual-funding-modal.test.tsx > AnnualFundingModal > title includes contract when contractLabel is set 70ms
 ✓ src/features/negocios/components/modals/__tests__/annual-funding-modal.test.tsx > AnnualFundingModal > title falls back to Negocio #id when contract is empty 12ms
 ✓ src/features/negocios/components/modals/__tests__/annual-funding-modal.test.tsx > AnnualFundingModal > renders pending row with checkbox and label 13ms
stderr | src/features/negocios/components/modals/__tests__/annual-funding-modal.test.tsx > AnnualFundingModal > shows empty state when installments is empty
Warning: Missing `Description` or `aria-describedby={undefined}` for {DialogContent}.

 ✓ src/features/negocios/components/modals/__tests__/annual-funding-modal.test.tsx > AnnualFundingModal > renders funded row without checkbox and shows dateAnchored 8ms
 ✓ src/features/negocios/components/modals/__tests__/annual-funding-modal.test.tsx > AnnualFundingModal > shows empty state when installments is empty 8ms
stderr | src/features/pre-liquidacion/__tests__/ModalDetalleDistribucion.test.tsx > ModalDetalleDistribucion > renders loading skeleton when hook returns isLoading=true
Warning: Missing `Description` or `aria-describedby={undefined}` for {DialogContent}.

stderr | src/features/pre-liquidacion/__tests__/ModalDetalleDistribucion.test.tsx > ModalDetalleDistribucion > renders error message when hook returns an error
Warning: Missing `Description` or `aria-describedby={undefined}` for {DialogContent}.

stderr | src/features/pre-liquidacion/__tests__/ModalDetalleDistribucion.test.tsx > ModalDetalleDistribucion > renders empty-state message when distribuciones is empty
Warning: Missing `Description` or `aria-describedby={undefined}` for {DialogContent}.

stderr | src/features/pre-liquidacion/__tests__/ModalDetalleDistribucion.test.tsx > ModalDetalleDistribucion > renders header fields when distribucion data is present
Warning: Missing `Description` or `aria-describedby={undefined}` for {DialogContent}.

 ✓ src/features/pre-liquidacion/__tests__/ModalDetalleDistribucion.test.tsx > ModalDetalleDistribucion > renders loading skeleton when hook returns isLoading=true 67ms
 ✓ src/features/pre-liquidacion/__tests__/ModalDetalleDistribucion.test.tsx > ModalDetalleDistribucion > renders error message when hook returns an error 11ms
 ✓ src/features/pre-liquidacion/__tests__/ModalDetalleDistribucion.test.tsx > ModalDetalleDistribucion > renders empty-state message when distribuciones is empty 14ms
stderr | src/features/pre-liquidacion/__tests__/ModalDetalleDistribucion.test.tsx > ModalDetalleDistribucion > renders distribution rows in table when distribuciones has entries
Warning: Missing `Description` or `aria-describedby={undefined}` for {DialogContent}.

stderr | src/features/pre-liquidacion/__tests__/ModalDetalleDistribucion.test.tsx > ModalDetalleDistribucion > renders clawback value for rows that have clawback
Warning: Missing `Description` or `aria-describedby={undefined}` for {DialogContent}.

stderr | src/features/pre-liquidacion/__tests__/ModalDetalleDistribucion.test.tsx > ModalDetalleDistribucion > calls onClose when the modal triggers onOpenChange with false
Warning: Missing `Description` or `aria-describedby={undefined}` for {DialogContent}.

stderr | src/features/pre-liquidacion/__tests__/ModalDetalleDistribucion.test.tsx > ModalDetalleDistribucion > passes correct id to hook when open=true
Warning: Missing `Description` or `aria-describedby={undefined}` for {DialogContent}.

 ✓ src/features/pre-liquidacion/__tests__/ModalDetalleDistribucion.test.tsx > ModalDetalleDistribucion > renders header fields when distribucion data is present 19ms
 ✓ src/features/pre-liquidacion/__tests__/ModalDetalleDistribucion.test.tsx > ModalDetalleDistribucion > renders distribution rows in table when distribuciones has entries 28ms
 ✓ src/features/pre-liquidacion/__tests__/ModalDetalleDistribucion.test.tsx > ModalDetalleDistribucion > renders clawback value for rows that have clawback 15ms
 ✓ src/features/pre-liquidacion/__tests__/ModalDetalleDistribucion.test.tsx > ModalDetalleDistribucion > calls onClose when the modal triggers onOpenChange with false 6ms
 ✓ src/features/pre-liquidacion/__tests__/ModalDetalleDistribucion.test.tsx > ModalDetalleDistribucion > passes null id to hook when open=false (lazy fetch guard) 1ms
 ✓ src/features/pre-liquidacion/__tests__/ModalDetalleDistribucion.test.tsx > ModalDetalleDistribucion > passes correct id to hook when open=true 6ms
 ✓ src/features/shared/ui/percentage-field.test.tsx > PercentageField > shows empty when value is undefined 42ms
 ✓ src/features/shared/ui/percentage-field.test.tsx > PercentageField > normalizes paste and calls onChange 24ms
 ✓ src/features/shared/ui/percentage-field.test.tsx > PercentageField > commits undefined on blur when cleared 15ms
 ✓ src/features/shared/ui/percentage-field.test.tsx > PercentageField > keeps digits in the textbox value and hides the % adornment from the a11y tree 4ms
 ✓ src/features/shared/ui/__tests__/header.test.tsx > Header Component > renders with title and subtitle 20ms
 ✓ src/features/shared/ui/__tests__/header.test.tsx > Header Component > renders search input when showSearch is true 5ms
 ✓ src/features/shared/ui/__tests__/header.test.tsx > Header Component > renders notifications button when showNotifications is true 3ms
 ✓ src/features/shared/ui/__tests__/header.test.tsx > Header Component > renders user menu when showUserMenu is true 9ms
 ✓ src/features/shared/ui/__tests__/header.test.tsx > Header Component > renders breadcrumbs when showBreadcrumbs is true 6ms
 ✓ src/features/shared/ui/__tests__/header.test.tsx > Header Component > handles search input changes 6ms
 ✓ src/features/shared/ui/__tests__/header.test.tsx > Header Component > handles menu button click 30ms
 ✓ src/features/shared/ui/__tests__/header.test.tsx > Header Component > handles notification button click 9ms
 ✓ src/features/shared/ui/__tests__/header.test.tsx > Header Component > handles user menu actions 5ms
 ✓ src/features/shared/ui/__tests__/header.test.tsx > Header Component > shows correct notification count 3ms
 ✓ src/features/shared/ui/__tests__/header.test.tsx > Header Component > shows 99+ for notifications over 99 2ms
 ✓ src/features/shared/ui/__tests__/header.test.tsx > Header Component > renders without notifications badge when count is 0 2ms
 ✓ src/features/shared/ui/__tests__/header.test.tsx > Header Component > applies correct CSS classes 1ms
stderr | src/features/negocios/__tests__/components/status-presentation-parity.test.tsx > status presentation parity between list and detail > uses the same label for LIQUIDADO in both surfaces
Warning: Missing `Description` or `aria-describedby={undefined}` for {DialogContent}.

 ✓ src/features/negocios/__tests__/components/status-presentation-parity.test.tsx > status presentation parity between list and detail > uses the same label for LIQUIDADO in both surfaces 67ms
 ✓ src/features/category-types/__tests__/hooks/category-type-hooks.test.ts > Category Type Hooks > should fetch category types 61ms
 ✓ src/features/product-configuration/__tests__/components/product-configuration-create-client.test.tsx > ProductConfigurationCreateClient > navigates to distribution step two (crear regla) after successful create 68ms
 ✓ src/features/product-configuration/__tests__/components/configuration-distribution-stepper.test.tsx > ConfigurationDistributionStepper > shows step 1 of 2 and aria-current on first step 47ms
 ✓ src/features/product-configuration/__tests__/components/configuration-distribution-stepper.test.tsx > ConfigurationDistributionStepper > shows step 2 of 2 and aria-current on second step 7ms
 ✓ src/features/company/__tests__/hooks/use-company-mutations.test.ts > useCompanyMutations > createCompany > should start with idle state 7ms
 ✓ src/features/company/__tests__/hooks/use-company-mutations.test.ts > useCompanyMutations > createCompany > should create company successfully 3ms
 ✓ src/features/company/__tests__/hooks/use-company-mutations.test.ts > useCompanyMutations > createCompany > should handle create error 2ms
 ✓ src/features/company/__tests__/hooks/use-company-mutations.test.ts > useCompanyMutations > createCompany > should set loading state during creation 4ms
 ✓ src/features/company/__tests__/hooks/use-company-mutations.test.ts > useCompanyMutations > updateCompany > should start with idle state 1ms
 ✓ src/features/company/__tests__/hooks/use-company-mutations.test.ts > useCompanyMutations > updateCompany > should update company successfully 3ms
 ✓ src/features/company/__tests__/hooks/use-company-mutations.test.ts > useCompanyMutations > updateCompany > should handle update error 2ms
 ✓ src/features/company/__tests__/hooks/use-company-mutations.test.ts > useCompanyMutations > updateCompany > should set loading state during update 3ms
 ✓ src/features/company/__tests__/hooks/use-company-mutations.test.ts > useCompanyMutations > deleteCompany > should start with idle state 1ms
 ✓ src/features/company/__tests__/hooks/use-company-mutations.test.ts > useCompanyMutations > deleteCompany > should delete company successfully 2ms
 ✓ src/features/company/__tests__/hooks/use-company-mutations.test.ts > useCompanyMutations > deleteCompany > should handle delete error 2ms
 ✓ src/features/company/__tests__/hooks/use-company-mutations.test.ts > useCompanyMutations > deleteCompany > should set loading state during delete 3ms
 ✓ src/features/shared/ui/__tests__/button.test.tsx > Button Component > renders button with text 16ms
 ✓ src/features/shared/ui/__tests__/button.test.tsx > Button Component > calls onClick handler when clicked 3ms
 ✓ src/features/shared/ui/__tests__/button.test.tsx > Button Component > is disabled when disabled prop is true 1ms
 ✓ src/features/load-file/__tests__/file-import-card.test.tsx > FileImportCard — delete visibility (REQ-4) > hides delete when canDelete=false for PRE-SETTLED 35ms
 ✓ src/features/load-file/__tests__/file-import-card.test.tsx > FileImportCard — delete visibility (REQ-4) > hides delete when canDelete=false for COMPLETED 5ms
 ✓ src/features/load-file/__tests__/file-import-card.test.tsx > FileImportCard — delete visibility (REQ-4) > shows delete when canDelete=true for LOAD 7ms
 ✓ src/app/api/product-configurations/[id]/distribution-commission/[ruleId]/__tests__/route.put.test.ts > PUT /api/product-configurations/[id]/distribution-commission/[ruleId] > passes prior porcentaje_portfolio when hasPortfolio becomes false (RF-04) 4ms
 ✓ src/app/api/product-configurations/[id]/distribution-commission/[ruleId]/__tests__/route.put.test.ts > PUT /api/product-configurations/[id]/distribution-commission/[ruleId] > persists portfolio fractions when hasPortfolio is true 0ms
 ✓ src/features/levels/__tests__/hooks/use-level-mutations.test.ts > useLevelMutations > initial state > should have idle state for all mutations 7ms
 ✓ src/features/levels/__tests__/hooks/use-level-mutations.test.ts > useLevelMutations > createLevel > should set loading then success on success 4ms
 ✓ src/features/levels/__tests__/hooks/use-level-mutations.test.ts > useLevelMutations > createLevel > should set loading then error on API error 3ms
 ✓ src/features/levels/__tests__/hooks/use-level-mutations.test.ts > useLevelMutations > createLevel > should handle network error 2ms
 ✓ src/features/levels/__tests__/hooks/use-level-mutations.test.ts > useLevelMutations > createLevel > should pass correct data to API 1ms
 ✓ src/features/levels/__tests__/hooks/use-level-mutations.test.ts > useLevelMutations > updateLevel > should set loading then success on success 2ms
 ✓ src/features/levels/__tests__/hooks/use-level-mutations.test.ts > useLevelMutations > updateLevel > should set loading then error on API error 2ms
 ✓ src/features/levels/__tests__/hooks/use-level-mutations.test.ts > useLevelMutations > updateLevel > should pass correct data to API 1ms
 ✓ src/features/levels/__tests__/hooks/use-level-mutations.test.ts > useLevelMutations > deleteLevel > should set loading then success on success 2ms
 ✓ src/features/levels/__tests__/hooks/use-level-mutations.test.ts > useLevelMutations > deleteLevel > should set loading then error on API error 2ms
 ✓ src/features/levels/__tests__/hooks/use-level-mutations.test.ts > useLevelMutations > deleteLevel > should pass correct ID to API 0ms
 ✓ src/features/levels/__tests__/hooks/use-level-mutations.test.ts > useLevelMutations > independent state management > should maintain separate states for each mutation 2ms
 ✓ src/features/categories/__tests__/hooks/use-category-mutations.test.ts > useCategoryMutations > initial state > should have idle state for all mutations 8ms
 ✓ src/features/categories/__tests__/hooks/use-category-mutations.test.ts > useCategoryMutations > createCategory > should set loading then success on success 5ms
 ✓ src/features/categories/__tests__/hooks/use-category-mutations.test.ts > useCategoryMutations > createCategory > should set loading then error on API error 2ms
 ✓ src/features/categories/__tests__/hooks/use-category-mutations.test.ts > useCategoryMutations > createCategory > should handle network error 3ms
 ✓ src/features/categories/__tests__/hooks/use-category-mutations.test.ts > useCategoryMutations > createCategory > should pass correct data to API 2ms
 ✓ src/features/categories/__tests__/hooks/use-category-mutations.test.ts > useCategoryMutations > updateCategory > should set loading then success on success 1ms
 ✓ src/features/categories/__tests__/hooks/use-category-mutations.test.ts > useCategoryMutations > updateCategory > should set loading then error on API error 2ms
 ✓ src/features/categories/__tests__/hooks/use-category-mutations.test.ts > useCategoryMutations > updateCategory > should pass correct data to API 1ms
 ✓ src/features/categories/__tests__/hooks/use-category-mutations.test.ts > useCategoryMutations > deleteCategory > should set loading then success on success (soft delete via deactivate) 2ms
 ✓ src/features/categories/__tests__/hooks/use-category-mutations.test.ts > useCategoryMutations > deleteCategory > should set loading then error on API error 2ms
 ✓ src/features/categories/__tests__/hooks/use-category-mutations.test.ts > useCategoryMutations > deleteCategory > should pass correct ID to API 1ms
 ✓ src/features/categories/__tests__/hooks/use-category-mutations.test.ts > useCategoryMutations > independent state management > should maintain separate states for each mutation 2ms
 ✓ src/features/product-configuration/__tests__/hooks/use-product-configuration-mutations.test.ts > useProductConfigurationMutations > createProductConfiguration > should start with idle state 7ms
 ✓ src/features/product-configuration/__tests__/hooks/use-product-configuration-mutations.test.ts > useProductConfigurationMutations > createProductConfiguration > should create configuration successfully 4ms
 ✓ src/features/product-configuration/__tests__/hooks/use-product-configuration-mutations.test.ts > useProductConfigurationMutations > createProductConfiguration > should handle API error 3ms
 ✓ src/features/product-configuration/__tests__/hooks/use-product-configuration-mutations.test.ts > useProductConfigurationMutations > createProductConfiguration > should handle network error 3ms
 ✓ src/features/product-configuration/__tests__/hooks/use-product-configuration-mutations.test.ts > useProductConfigurationMutations > updateProductConfiguration > should start with idle state 1ms
 ✓ src/features/product-configuration/__tests__/hooks/use-product-configuration-mutations.test.ts > useProductConfigurationMutations > updateProductConfiguration > should update configuration successfully 2ms
 ✓ src/features/product-configuration/__tests__/hooks/use-product-configuration-mutations.test.ts > useProductConfigurationMutations > updateProductConfiguration > should handle API error 2ms
 ✓ src/features/product-configuration/__tests__/hooks/use-product-configuration-mutations.test.ts > useProductConfigurationMutations > toggleActive > should start with idle state 1ms
 ✓ src/features/product-configuration/__tests__/hooks/use-product-configuration-mutations.test.ts > useProductConfigurationMutations > toggleActive > should toggle active successfully 2ms
 ✓ src/features/product-configuration/__tests__/hooks/use-product-configuration-mutations.test.ts > useProductConfigurationMutations > toggleActive > should handle API error 2ms
 ✓ src/features/product-configuration/__tests__/hooks/use-product-configuration-mutations.test.ts > useProductConfigurationMutations > should maintain independent states for each mutation 2ms
 ✓ src/features/product/__tests__/components/product-form-skeleton.test.tsx > ProductFormSkeleton > should render skeleton for product form (happy path) 18ms
 ✓ src/features/product/__tests__/components/product-form-skeleton.test.tsx > ProductFormSkeleton > should render with correct structure 3ms
 ✓ src/features/product/__tests__/components/product-form-skeleton.test.tsx > ProductFormSkeleton > should render all form field skeletons 3ms
 ✓ src/features/product/__tests__/components/product-form-skeleton.test.tsx > EditProductFormSkeleton > should render skeleton for edit product form (happy path) 2ms
 ✓ src/features/product/__tests__/components/product-form-skeleton.test.tsx > EditProductFormSkeleton > should render with correct structure 1ms
 ✓ src/features/product/__tests__/components/product-form-skeleton.test.tsx > EditProductFormSkeleton > should render all form field skeletons 1ms
 ✓ src/features/product/__tests__/components/product-form-skeleton.test.tsx > EditProductFormSkeleton > should have same structure as ProductFormSkeleton 3ms
 ✓ src/features/negocios/__tests__/components/business-table-status-filter.test.tsx > BusinessTableSection status filter options > includes Liquidado and excludes Comisionando 28ms
 ✓ src/features/negocios/__tests__/components/business-table-status-filter.test.tsx > BusinessTableSection status filter options > renders "Fecha creación" as the creation column header 6ms
 ✓ src/features/negocios/__tests__/components/ui/BusinessStatusBadge.test.tsx > BusinessStatusBadge > LIQUIDADO status > renders the label "Liquidado" for LIQUIDADO status 16ms
 ✓ src/features/negocios/__tests__/components/ui/BusinessStatusBadge.test.tsx > BusinessStatusBadge > LIQUIDADO status > applies green color classes for LIQUIDADO badge 2ms
 ✓ src/features/negocios/__tests__/components/ui/BusinessStatusBadge.test.tsx > BusinessStatusBadge > FONDEADO status > renders the label "Fondeado" for FONDEADO status 1ms
 ✓ src/features/negocios/__tests__/components/ui/BusinessStatusBadge.test.tsx > BusinessStatusBadge > FONDEADO status > applies indigo color classes for FONDEADO badge 1ms
 ✓ src/features/negocios/__tests__/components/ui/BusinessStatusBadge.test.tsx > BusinessStatusBadge > existing statuses remain unaffected > renders "Venta Efectuada" for VENTA_EFECTUADA 1ms
 ✓ src/features/negocios/__tests__/components/ui/BusinessStatusBadge.test.tsx > BusinessStatusBadge > existing statuses remain unaffected > renders "Emitido" for EMITIDO 1ms
 ✓ src/features/negocios/__tests__/components/ui/BusinessStatusBadge.test.tsx > BusinessStatusBadge > existing statuses remain unaffected > renders "Cancelado" for CANCELADO 1ms
 ✓ src/features/negocios/__tests__/components/ui/BusinessStatusBadge.test.tsx > BusinessStatusBadge > legacy and unknown statuses > shows legacy COMISIONANDO as fallback text when received at runtime 1ms
 ✓ src/features/levels/__tests__/components/level-form-skeleton.test.tsx > LevelFormSkeleton > should render skeleton structure matching form layout 18ms
 ✓ src/features/levels/__tests__/components/level-form-skeleton.test.tsx > LevelFormSkeleton > should match form spacing with space-y-6 class 3ms
 ✓ src/features/levels/__tests__/components/level-form-skeleton.test.tsx > LevelFormSkeleton > should have field skeleton groups (space-y-2) 3ms
 ✓ src/features/levels/__tests__/components/level-form-skeleton.test.tsx > EditLevelFormSkeleton > should render skeleton structure matching form layout 3ms
 ✓ src/features/levels/__tests__/components/level-form-skeleton.test.tsx > EditLevelFormSkeleton > should match form spacing and layout 3ms
 ✓ src/features/levels/__tests__/components/level-form-skeleton.test.tsx > EditLevelFormSkeleton > should have action buttons skeleton 2ms
 ✓ src/features/categories/__tests__/components/category-form-skeleton.test.tsx > CategoryFormSkeleton > should render skeleton structure matching form layout 18ms
 ✓ src/features/categories/__tests__/components/category-form-skeleton.test.tsx > CategoryFormSkeleton > should match form spacing with space-y-6 class 2ms
 ✓ src/features/categories/__tests__/components/category-form-skeleton.test.tsx > CategoryFormSkeleton > should have field skeleton groups (space-y-2) 2ms
 ✓ src/features/categories/__tests__/components/category-form-skeleton.test.tsx > EditCategoryFormSkeleton > should render skeleton structure matching form layout 2ms
 ✓ src/features/categories/__tests__/components/category-form-skeleton.test.tsx > EditCategoryFormSkeleton > should match form spacing and layout 2ms
 ✓ src/features/categories/__tests__/components/category-form-skeleton.test.tsx > EditCategoryFormSkeleton > should have action buttons skeleton 2ms
 ✓ src/features/negocios/__tests__/hooks/use-business-mutation.test.ts > useBusinessMutation > updateBusiness > should update business successfully 9ms
 ✓ src/features/negocios/__tests__/hooks/use-business-mutation.test.ts > useBusinessMutation > updateBusiness > should return null and show error on API error 1ms
 ✓ src/features/negocios/__tests__/hooks/use-business-mutation.test.ts > useBusinessMutation > updateBusiness > should set isUpdating during request 5ms
 ✓ src/features/negocios/__tests__/hooks/use-business-mutation.test.ts > useBusinessMutation > cancelBusiness > should cancel business successfully 1ms
 ✓ src/features/negocios/__tests__/hooks/use-business-mutation.test.ts > useBusinessMutation > cancelBusiness > should return null on permission error 1ms
 ✓ src/features/negocios/__tests__/hooks/use-business-mutation.test.ts > useBusinessMutation > cancelBusiness > should set isCancelling during request 4ms
 ✓ src/features/shared/ui/__tests__/sonner.test.tsx > Toast/Sonner Component > calls toast.success with correct parameters 18ms
 ✓ src/features/shared/ui/__tests__/sonner.test.tsx > Toast/Sonner Component > calls toast.error with correct parameters 2ms
 ✓ src/features/shared/ui/__tests__/sonner.test.tsx > Toast/Sonner Component > calls toast.warning with correct parameters 2ms
 ✓ src/features/shared/ui/__tests__/sonner.test.tsx > Toast/Sonner Component > calls toast.info with correct parameters 2ms
 ✓ src/features/shared/ui/__tests__/sonner.test.tsx > Toast/Sonner Component > calls toast.loading with correct parameters 2ms
 ✓ src/features/shared/ui/__tests__/sonner.test.tsx > Toast/Sonner Component > calls toast with action and cancel buttons 1ms
 ✓ src/features/shared/ui/__tests__/sonner.test.tsx > Toast/Sonner Component > calls toast.promise with correct parameters 2ms
 ✓ src/features/shared/ui/__tests__/sonner.test.tsx > Toast/Sonner Component > calls toast with custom duration 1ms
 ✓ src/features/shared/ui/__tests__/sonner.test.tsx > Toast/Sonner Component > calls toast with infinite duration 1ms
 ✓ src/features/shared/ui/__tests__/sonner.test.tsx > Toast/Sonner Component > calls toast with custom position 1ms
 ✓ src/features/shared/ui/__tests__/sonner.test.tsx > Toast/Sonner Component > calls toast with rich content 1ms
 ✓ src/features/shared/ui/__tests__/sonner.test.tsx > Toast/Sonner Component > handles multiple toast calls 1ms
 ✓ src/features/shared/ui/__tests__/sonner.test.tsx > Toast/Sonner Component > calls toast.dismiss 1ms
 ✓ src/features/shared/ui/__tests__/sonner.test.tsx > Toast/Sonner Component > handles toast without description 1ms
 ✓ src/features/shared/ui/__tests__/sonner.test.tsx > Toast/Sonner Component > handles toast with default options 1ms
stderr | src/app/api/pre-liquidacion/rezagar/__tests__/route.test.ts
[auth] AUTH_SECRET is not set; using a static per-process secret (env=test). Set AUTH_SECRET in your environment to persist sessions across restarts.

 ✓ src/app/api/pre-liquidacion/rezagar/__tests__/route.test.ts > POST /api/pre-liquidacion/rezagar > returns 401 when unauthenticated 2ms
 ✓ src/app/api/pre-liquidacion/rezagar/__tests__/route.test.ts > POST /api/pre-liquidacion/rezagar > returns 403 for unauthorized role 0ms
 ✓ src/app/api/pre-liquidacion/rezagar/__tests__/route.test.ts > POST /api/pre-liquidacion/rezagar > validates body and returns 400 when ids is empty 1ms
 ✓ src/app/api/pre-liquidacion/rezagar/__tests__/route.test.ts > POST /api/pre-liquidacion/rezagar > returns 200 with lagged count when allowed role 1ms
 ✓ src/app/api/pre-liquidacion/rezagar/__tests__/route.test.ts > POST /api/pre-liquidacion/rezagar > delegates isLagByUser and isLagByUserDate tracking to rezagarRegistros service 0ms
 ✓ src/features/load-file/__tests__/file-status-badge.test.tsx > FileStatusBadge > renders distinct label and classes for LOAD vs PRE-SETTLED (REQ-7) 18ms
 ✓ src/features/load-file/__tests__/file-status-badge.test.tsx > FileStatusBadge > renders expected label for every FileImportStatus 8ms
 ✓ src/features/load-file/__tests__/file-status-badge.test.tsx > FileStatusBadge > does not reuse the same label for LOAD and PRE-SETTLED 2ms
stderr | src/app/api/product-configurations/__tests__/route.test.ts > GET /api/product-configurations > debe manejar errores correctamente
Error fetching product configurations: Error: DB Error
    at /Users/andres/Documents/financieramente/financieramente-app/src/app/api/product-configurations/__tests__/route.test.ts:320:40
    at file:///Users/andres/Documents/financieramente/financieramente-app/node_modules/@vitest/runner/dist/chunk-hooks.js:155:11
    at file:///Users/andres/Documents/financieramente/financieramente-app/node_modules/@vitest/runner/dist/chunk-hooks.js:752:26
    at file:///Users/andres/Documents/financieramente/financieramente-app/node_modules/@vitest/runner/dist/chunk-hooks.js:1897:20
    at new Promise (<anonymous>)
    at runWithTimeout (file:///Users/andres/Documents/financieramente/financieramente-app/node_modules/@vitest/runner/dist/chunk-hooks.js:1863:10)
    at runTest (file:///Users/andres/Documents/financieramente/financieramente-app/node_modules/@vitest/runner/dist/chunk-hooks.js:1574:12)
    at runSuite (file:///Users/andres/Documents/financieramente/financieramente-app/node_modules/@vitest/runner/dist/chunk-hooks.js:1729:8)
    at runSuite (file:///Users/andres/Documents/financieramente/financieramente-app/node_modules/@vitest/runner/dist/chunk-hooks.js:1729:8)
    at runFiles (file:///Users/andres/Documents/financieramente/financieramente-app/node_modules/@vitest/runner/dist/chunk-hooks.js:1787:3)

 ✓ src/app/api/product-configurations/__tests__/route.test.ts > POST /api/product-configurations > Security & Validation > debe validar que el producto pertenezca a la compañía (Security Check) 3ms
 ✓ src/app/api/product-configurations/__tests__/route.test.ts > POST /api/product-configurations > Happy Path > debe crear configuración exitosamente sin idClientOrigin 2ms
 ✓ src/app/api/product-configurations/__tests__/route.test.ts > GET /api/product-configurations > debe listar configuraciones con paginación por defecto 1ms
 ✓ src/app/api/product-configurations/__tests__/route.test.ts > GET /api/product-configurations > debe filtrar por búsqueda 1ms
 ✓ src/app/api/product-configurations/__tests__/route.test.ts > GET /api/product-configurations > debe filtrar por estado activo 1ms
 ✓ src/app/api/product-configurations/__tests__/route.test.ts > GET /api/product-configurations > debe manejar errores correctamente 1ms
 ✓ src/features/negocios/__tests__/hooks/use-contract-validation.test.ts > useContractValidation > Happy Path > should validate available contract 16ms
 ✓ src/features/negocios/__tests__/hooks/use-contract-validation.test.ts > useContractValidation > Happy Path > should detect duplicate contract 2ms
 ✓ src/features/negocios/__tests__/hooks/use-contract-validation.test.ts > useContractValidation > Happy Path > should exclude business ID when provided 2ms
 ✓ src/features/negocios/__tests__/hooks/use-contract-validation.test.ts > useContractValidation > Debounce > should debounce rapid calls 2ms
 ✓ src/features/negocios/__tests__/hooks/use-contract-validation.test.ts > useContractValidation > Reset > should reset validation state 3ms
 ✓ src/features/negocios/__tests__/hooks/use-contract-validation.test.ts > useContractValidation > Reset > should reset when contract is empty 1ms
 ✓ src/features/negocios/__tests__/hooks/use-contract-validation.test.ts > useContractValidation > Loading State > should set isValidating during validation 3ms
 ✓ src/features/load-file/__tests__/use-file-history.params.test.ts > useFileHistory — filter params forwarded to loadFileApi > forwards statuses [LOAD, PRE-SETTLED] to getImportHistory (REQ-6) 20ms
 ✓ src/features/load-file/__tests__/use-file-history.params.test.ts > useFileHistory — filter params forwarded to loadFileApi > forwards { month, year, statuses, search } to getImportHistory as filters 2ms
 ✓ src/features/load-file/__tests__/use-file-history.params.test.ts > useFileHistory — filter params forwarded to loadFileApi > uses page=1 and pageSize=100 as positional args 3ms
 ✓ src/features/load-file/__tests__/use-file-history.params.test.ts > useFileHistory — filter params forwarded to loadFileApi > re-renders with different params trigger a new getImportHistory call 6ms
 ✓ src/features/load-file/__tests__/use-file-history.params.test.ts > useFileHistory — filter params forwarded to loadFileApi > calls getImportHistory with empty filters object when no params passed 2ms
 ✓ src/features/admin/currencies/__tests__/currency.test.ts > formatCurrencyInput > Formateo de números enteros > debe formatear números pequeños sin separadores 1ms
 ✓ src/features/admin/currencies/__tests__/currency.test.ts > formatCurrencyInput > Formateo de números enteros > debe formatear números con separador de miles 0ms
 ✓ src/features/admin/currencies/__tests__/currency.test.ts > formatCurrencyInput > Formateo de números enteros > debe formatear números muy grandes correctamente 0ms
 ✓ src/features/admin/currencies/__tests__/currency.test.ts > formatCurrencyInput > Formateo de números decimales > debe formatear números con un decimal usando coma 0ms
 ✓ src/features/admin/currencies/__tests__/currency.test.ts > formatCurrencyInput > Formateo de números decimales > debe formatear números con dos decimales usando coma 0ms
 ✓ src/features/admin/currencies/__tests__/currency.test.ts > formatCurrencyInput > Formateo de números decimales > debe redondear a máximo 2 decimales 0ms
 ✓ src/features/admin/currencies/__tests__/currency.test.ts > formatCurrencyInput > Valores como string > debe formatear strings numéricos correctamente 0ms
 ✓ src/features/admin/currencies/__tests__/currency.test.ts > formatCurrencyInput > Casos edge > debe retornar string vacío para valores inválidos 0ms
 ✓ src/features/admin/currencies/__tests__/currency.test.ts > formatCurrencyInput > Casos edge > debe manejar valores negativos 0ms
 ✓ src/features/admin/currencies/__tests__/currency.test.ts > formatCurrencyInput > Casos edge > debe manejar cero correctamente 0ms
 ✓ src/features/admin/currencies/__tests__/currency.test.ts > parseCurrencyInput > Parsing de valores formateados > debe parsear números sin separadores 0ms
 ✓ src/features/admin/currencies/__tests__/currency.test.ts > parseCurrencyInput > Parsing de valores formateados > debe parsear números con separador de miles (punto) 0ms
 ✓ src/features/admin/currencies/__tests__/currency.test.ts > parseCurrencyInput > Parsing de valores formateados > debe parsear números con separador decimal (coma) 0ms
 ✓ src/features/admin/currencies/__tests__/currency.test.ts > parseCurrencyInput > Parsing de valores formateados > debe parsear números con ambos separadores 0ms
 ✓ src/features/admin/currencies/__tests__/currency.test.ts > parseCurrencyInput > Parsing de valores formateados > debe parsear números muy grandes correctamente 0ms
 ✓ src/features/admin/currencies/__tests__/currency.test.ts > parseCurrencyInput > Valores vacíos e inválidos > debe retornar null para valores vacíos 0ms
 ✓ src/features/admin/currencies/__tests__/currency.test.ts > parseCurrencyInput > Valores vacíos e inválidos > debe retornar null para solo caracteres especiales 0ms
 ✓ src/features/admin/currencies/__tests__/currency.test.ts > parseCurrencyInput > Valores vacíos e inválidos > debe retornar null para valores no numéricos 0ms
 ✓ src/features/admin/currencies/__tests__/currency.test.ts > parseCurrencyInput > Casos edge > debe manejar valores negativos 0ms
 ✓ src/features/admin/currencies/__tests__/currency.test.ts > parseCurrencyInput > Casos edge > debe manejar cero correctamente 0ms
 ✓ src/features/admin/currencies/__tests__/currency.test.ts > parseCurrencyInput > Casos edge > debe ignorar espacios en blanco 0ms
 ✓ src/features/admin/currencies/__tests__/currency.test.ts > parseCurrencyInput > Casos edge > debe rechazar valores con múltiples comas 0ms
 ✓ src/features/admin/currencies/__tests__/currency.test.ts > parseCurrencyInput > Roundtrip: format -> parse > debe mantener el valor después de formatear y parsear 1ms
stderr | src/features/load-file/__tests__/lib/validate-excel-structure.test.ts > validateExcelStructure > returns error when the file is corrupted and cannot be parsed
Error al validar estructura del archivo: TypeError: file.arrayBuffer is not a function
    at readWorkbookFromFile (/Users/andres/Documents/financieramente/financieramente-app/src/features/load-file/lib/read-workbook.ts:19:33)
    at validateExcelStructure (/Users/andres/Documents/financieramente/financieramente-app/src/features/load-file/lib/validate-excel-structure.ts:29:26)
    at /Users/andres/Documents/financieramente/financieramente-app/src/features/load-file/__tests__/lib/validate-excel-structure.test.ts:83:24
    at file:///Users/andres/Documents/financieramente/financieramente-app/node_modules/@vitest/runner/dist/chunk-hooks.js:155:11
    at file:///Users/andres/Documents/financieramente/financieramente-app/node_modules/@vitest/runner/dist/chunk-hooks.js:752:26
    at file:///Users/andres/Documents/financieramente/financieramente-app/node_modules/@vitest/runner/dist/chunk-hooks.js:1897:20
    at new Promise (<anonymous>)
    at runWithTimeout (file:///Users/andres/Documents/financieramente/financieramente-app/node_modules/@vitest/runner/dist/chunk-hooks.js:1863:10)
    at runTest (file:///Users/andres/Documents/financieramente/financieramente-app/node_modules/@vitest/runner/dist/chunk-hooks.js:1574:12)
    at runSuite (file:///Users/andres/Documents/financieramente/financieramente-app/node_modules/@vitest/runner/dist/chunk-hooks.js:1729:8)

 ✓ src/features/load-file/__tests__/lib/validate-excel-structure.test.ts > validateExcelStructure > validates POLIZA headers 13ms
 ✓ src/features/load-file/__tests__/lib/validate-excel-structure.test.ts > validateExcelStructure > validates VOLUNTARIA headers 4ms
 ✓ src/features/load-file/__tests__/lib/validate-excel-structure.test.ts > validateExcelStructure > rejects mismatched headers for file type 3ms
 ✓ src/features/load-file/__tests__/lib/validate-excel-structure.test.ts > validateExcelStructure > returns error when the Excel file is empty (no rows) 2ms
 ✓ src/features/load-file/__tests__/lib/validate-excel-structure.test.ts > validateExcelStructure > returns error when the file is corrupted and cannot be parsed 2ms
 ✓ src/features/load-file/__tests__/lib/validate-excel-structure.test.ts > validateExcelStructure > accepts POLIZA headers with non-accented column name (Plan de Compensacion) 2ms
 ✓ src/features/negocios/__tests__/services/user-hierarchy.service.test.ts > getSubordinateUserIds > linear chain: A→B→C→D, root=A returns [B,C,D] 2ms
 ✓ src/features/negocios/__tests__/services/user-hierarchy.service.test.ts > getSubordinateUserIds > empty tree: user with no reports returns [] 0ms
 ✓ src/features/negocios/__tests__/services/user-hierarchy.service.test.ts > getSubordinateUserIds > single level: A→[B,C], root=A returns [B,C] 0ms
 ✓ src/features/negocios/__tests__/services/user-hierarchy.service.test.ts > getSubordinateUserIds > cycle safety: A→B, B→A terminates without infinite loop 0ms
 ✓ src/features/negocios/__tests__/services/user-hierarchy.service.test.ts > getSubordinateUserIds > root not in result: only subordinates returned 0ms
 ✓ src/features/negocios/__tests__/services/user-hierarchy.service.test.ts > getSubordinateUserIds > inactive users excluded: only active users loaded 2ms
 ✓ src/features/negocios/__tests__/services/user-hierarchy.service.test.ts > getSubordinateUserIds > multi-branch: A→[B,C], B→D, root=A returns [B,C,D] 0ms
stderr | src/app/api/negocios/validate-contract/__tests__/route.test.ts
[auth] AUTH_SECRET is not set; using a static per-process secret (env=test). Set AUTH_SECRET in your environment to persist sessions across restarts.

stderr | src/app/api/negocios/validate-contract/__tests__/route.test.ts > GET /api/negocios/validate-contract > Casos de Errores de Base de Datos > debe retornar 500 cuando findFirst falla
Error al validar contrato: Error: Database error
    at /Users/andres/Documents/financieramente/financieramente-app/src/app/api/negocios/validate-contract/__tests__/route.test.ts:362:42
    at file:///Users/andres/Documents/financieramente/financieramente-app/node_modules/@vitest/runner/dist/chunk-hooks.js:155:11
    at file:///Users/andres/Documents/financieramente/financieramente-app/node_modules/@vitest/runner/dist/chunk-hooks.js:752:26
    at file:///Users/andres/Documents/financieramente/financieramente-app/node_modules/@vitest/runner/dist/chunk-hooks.js:1897:20
    at new Promise (<anonymous>)
    at runWithTimeout (file:///Users/andres/Documents/financieramente/financieramente-app/node_modules/@vitest/runner/dist/chunk-hooks.js:1863:10)
    at runTest (file:///Users/andres/Documents/financieramente/financieramente-app/node_modules/@vitest/runner/dist/chunk-hooks.js:1574:12)
    at runSuite (file:///Users/andres/Documents/financieramente/financieramente-app/node_modules/@vitest/runner/dist/chunk-hooks.js:1729:8)
    at runSuite (file:///Users/andres/Documents/financieramente/financieramente-app/node_modules/@vitest/runner/dist/chunk-hooks.js:1729:8)
    at runSuite (file:///Users/andres/Documents/financieramente/financieramente-app/node_modules/@vitest/runner/dist/chunk-hooks.js:1729:8)

stderr | src/app/api/negocios/validate-contract/__tests__/route.test.ts > GET /api/negocios/validate-contract > Casos de Errores de Base de Datos > debe retornar 500 cuando auth falla
Error al validar contrato: Error: Auth service error
    at /Users/andres/Documents/financieramente/financieramente-app/src/app/api/negocios/validate-contract/__tests__/route.test.ts:378:31
    at file:///Users/andres/Documents/financieramente/financieramente-app/node_modules/@vitest/runner/dist/chunk-hooks.js:155:11
    at file:///Users/andres/Documents/financieramente/financieramente-app/node_modules/@vitest/runner/dist/chunk-hooks.js:752:26
    at file:///Users/andres/Documents/financieramente/financieramente-app/node_modules/@vitest/runner/dist/chunk-hooks.js:1897:20
    at new Promise (<anonymous>)
    at runWithTimeout (file:///Users/andres/Documents/financieramente/financieramente-app/node_modules/@vitest/runner/dist/chunk-hooks.js:1863:10)
    at runTest (file:///Users/andres/Documents/financieramente/financieramente-app/node_modules/@vitest/runner/dist/chunk-hooks.js:1574:12)
    at runSuite (file:///Users/andres/Documents/financieramente/financieramente-app/node_modules/@vitest/runner/dist/chunk-hooks.js:1729:8)
    at runSuite (file:///Users/andres/Documents/financieramente/financieramente-app/node_modules/@vitest/runner/dist/chunk-hooks.js:1729:8)
    at runSuite (file:///Users/andres/Documents/financieramente/financieramente-app/node_modules/@vitest/runner/dist/chunk-hooks.js:1729:8)

 ✓ src/app/api/negocios/validate-contract/__tests__/route.test.ts > GET /api/negocios/validate-contract > Happy Path > debe retornar que el contrato está disponible cuando no existe 3ms
 ✓ src/app/api/negocios/validate-contract/__tests__/route.test.ts > GET /api/negocios/validate-contract > Happy Path > debe retornar que el contrato no está disponible cuando existe 1ms
 ✓ src/app/api/negocios/validate-contract/__tests__/route.test.ts > GET /api/negocios/validate-contract > Happy Path > debe excluir el negocio especificado en excludeBusinessId 1ms
 ✓ src/app/api/negocios/validate-contract/__tests__/route.test.ts > GET /api/negocios/validate-contract > Happy Path > debe retornar que el contrato no está disponible cuando existe en otro negocio (con excludeBusinessId) 1ms
 ✓ src/app/api/negocios/validate-contract/__tests__/route.test.ts > GET /api/negocios/validate-contract > Happy Path > debe manejar correctamente contratos con caracteres especiales 1ms
 ✓ src/app/api/negocios/validate-contract/__tests__/route.test.ts > GET /api/negocios/validate-contract > Casos de Autenticación > debe retornar 401 cuando no hay sesión 0ms
 ✓ src/app/api/negocios/validate-contract/__tests__/route.test.ts > GET /api/negocios/validate-contract > Casos de Autenticación > debe retornar 401 cuando la sesión no tiene email 0ms
 ✓ src/app/api/negocios/validate-contract/__tests__/route.test.ts > GET /api/negocios/validate-contract > Casos de Validación de Parámetros > debe retornar 400 cuando falta el parámetro contract 0ms
 ✓ src/app/api/negocios/validate-contract/__tests__/route.test.ts > GET /api/negocios/validate-contract > Casos de Validación de Parámetros > debe retornar 400 cuando el parámetro contract es una cadena vacía 0ms
 ✓ src/app/api/negocios/validate-contract/__tests__/route.test.ts > GET /api/negocios/validate-contract > Casos de Validación de Parámetros > debe manejar correctamente excludeBusinessId como string numérico 1ms
 ✓ src/app/api/negocios/validate-contract/__tests__/route.test.ts > GET /api/negocios/validate-contract > Casos de Validación de Parámetros > debe ignorar excludeBusinessId cuando no es un número válido 0ms
 ✓ src/app/api/negocios/validate-contract/__tests__/route.test.ts > GET /api/negocios/validate-contract > Casos de Errores de Base de Datos > debe retornar 500 cuando findFirst falla 1ms
 ✓ src/app/api/negocios/validate-contract/__tests__/route.test.ts > GET /api/negocios/validate-contract > Casos de Errores de Base de Datos > debe retornar 500 cuando auth falla 0ms
 ✓ src/app/api/negocios/validate-contract/__tests__/route.test.ts > GET /api/negocios/validate-contract > Casos de Búsqueda de Contrato > debe buscar el contrato exacto (case-sensitive) 0ms
 ✓ src/app/api/negocios/validate-contract/__tests__/route.test.ts > GET /api/negocios/validate-contract > Casos de Búsqueda de Contrato > debe manejar contratos con espacios (trim) 0ms
 ✓ src/app/api/negocios/validate-contract/__tests__/route.test.ts > GET /api/negocios/validate-contract > Casos de Respuesta > debe retornar estructura correcta cuando el contrato está disponible 1ms
 ✓ src/app/api/negocios/validate-contract/__tests__/route.test.ts > GET /api/negocios/validate-contract > Casos de Respuesta > debe retornar estructura correcta cuando el contrato no está disponible 0ms
stderr | src/app/api/pre-liquidacion/procesar/__tests__/route.test.ts
[auth] AUTH_SECRET is not set; using a static per-process secret (env=test). Set AUTH_SECRET in your environment to persist sessions across restarts.

 ✓ src/app/api/pre-liquidacion/procesar/__tests__/route.test.ts > POST /api/pre-liquidacion/procesar > returns 401 when unauthenticated 2ms
 ✓ src/app/api/pre-liquidacion/procesar/__tests__/route.test.ts > POST /api/pre-liquidacion/procesar > returns 403 when role is not in ALLOWED_ROLES (AGENTE) 0ms
 ✓ src/app/api/pre-liquidacion/procesar/__tests__/route.test.ts > POST /api/pre-liquidacion/procesar > returns 403 when role is ANALISTA_SOPORTE (not in ALLOWED_ROLES) 0ms
 ✓ src/app/api/pre-liquidacion/procesar/__tests__/route.test.ts > POST /api/pre-liquidacion/procesar > returns 403 when role is DEFAULT 0ms
 ✓ src/app/api/pre-liquidacion/procesar/__tests__/route.test.ts > POST /api/pre-liquidacion/procesar > returns 200 for ADMIN role when service succeeds 2ms
 ✓ src/app/api/pre-liquidacion/procesar/__tests__/route.test.ts > POST /api/pre-liquidacion/procesar > returns 200 for ASISTENTE_GERENCIA_OPERATIVA role when service succeeds 1ms
 ✓ src/app/api/pre-liquidacion/procesar/__tests__/route.test.ts > POST /api/pre-liquidacion/procesar > returns 400 when body is missing both mes and date range 1ms
stderr | src/app/api/products/__tests__/route.test.ts
[auth] AUTH_SECRET is not set; using a static per-process secret (env=test). Set AUTH_SECRET in your environment to persist sessions across restarts.

stderr | src/app/api/products/__tests__/route.test.ts > GET /api/products > Casos de Errores de Base de Datos > debe retornar 500 cuando count falla
Error fetching products: Error: Database error
    at /Users/andres/Documents/financieramente/financieramente-app/src/app/api/products/__tests__/route.test.ts:318:38
    at file:///Users/andres/Documents/financieramente/financieramente-app/node_modules/@vitest/runner/dist/chunk-hooks.js:155:11
    at file:///Users/andres/Documents/financieramente/financieramente-app/node_modules/@vitest/runner/dist/chunk-hooks.js:752:26
    at file:///Users/andres/Documents/financieramente/financieramente-app/node_modules/@vitest/runner/dist/chunk-hooks.js:1897:20
    at new Promise (<anonymous>)
    at runWithTimeout (file:///Users/andres/Documents/financieramente/financieramente-app/node_modules/@vitest/runner/dist/chunk-hooks.js:1863:10)
    at runTest (file:///Users/andres/Documents/financieramente/financieramente-app/node_modules/@vitest/runner/dist/chunk-hooks.js:1574:12)
    at runSuite (file:///Users/andres/Documents/financieramente/financieramente-app/node_modules/@vitest/runner/dist/chunk-hooks.js:1729:8)
    at runSuite (file:///Users/andres/Documents/financieramente/financieramente-app/node_modules/@vitest/runner/dist/chunk-hooks.js:1729:8)
    at runSuite (file:///Users/andres/Documents/financieramente/financieramente-app/node_modules/@vitest/runner/dist/chunk-hooks.js:1729:8)

stderr | src/app/api/products/__tests__/route.test.ts > GET /api/products > Casos de Errores de Base de Datos > debe retornar 500 cuando findMany falla
Error fetching products: Error: Query failed
    at /Users/andres/Documents/financieramente/financieramente-app/src/app/api/products/__tests__/route.test.ts:333:41
    at file:///Users/andres/Documents/financieramente/financieramente-app/node_modules/@vitest/runner/dist/chunk-hooks.js:155:11
    at file:///Users/andres/Documents/financieramente/financieramente-app/node_modules/@vitest/runner/dist/chunk-hooks.js:752:26
    at file:///Users/andres/Documents/financieramente/financieramente-app/node_modules/@vitest/runner/dist/chunk-hooks.js:1897:20
    at new Promise (<anonymous>)
    at runWithTimeout (file:///Users/andres/Documents/financieramente/financieramente-app/node_modules/@vitest/runner/dist/chunk-hooks.js:1863:10)
    at runTest (file:///Users/andres/Documents/financieramente/financieramente-app/node_modules/@vitest/runner/dist/chunk-hooks.js:1574:12)
    at runSuite (file:///Users/andres/Documents/financieramente/financieramente-app/node_modules/@vitest/runner/dist/chunk-hooks.js:1729:8)
    at runSuite (file:///Users/andres/Documents/financieramente/financieramente-app/node_modules/@vitest/runner/dist/chunk-hooks.js:1729:8)
    at runSuite (file:///Users/andres/Documents/financieramente/financieramente-app/node_modules/@vitest/runner/dist/chunk-hooks.js:1729:8)

stderr | src/app/api/products/__tests__/route.test.ts > POST /api/products > Casos de Errores de Base de Datos > debe retornar 500 cuando create falla
Error creating product: Error: Database error
    at /Users/andres/Documents/financieramente/financieramente-app/src/app/api/products/__tests__/route.test.ts:638:39
    at file:///Users/andres/Documents/financieramente/financieramente-app/node_modules/@vitest/runner/dist/chunk-hooks.js:155:11
    at file:///Users/andres/Documents/financieramente/financieramente-app/node_modules/@vitest/runner/dist/chunk-hooks.js:752:26
    at file:///Users/andres/Documents/financieramente/financieramente-app/node_modules/@vitest/runner/dist/chunk-hooks.js:1897:20
    at new Promise (<anonymous>)
    at runWithTimeout (file:///Users/andres/Documents/financieramente/financieramente-app/node_modules/@vitest/runner/dist/chunk-hooks.js:1863:10)
    at runTest (file:///Users/andres/Documents/financieramente/financieramente-app/node_modules/@vitest/runner/dist/chunk-hooks.js:1574:12)
    at runSuite (file:///Users/andres/Documents/financieramente/financieramente-app/node_modules/@vitest/runner/dist/chunk-hooks.js:1729:8)
    at runSuite (file:///Users/andres/Documents/financieramente/financieramente-app/node_modules/@vitest/runner/dist/chunk-hooks.js:1729:8)
    at runSuite (file:///Users/andres/Documents/financieramente/financieramente-app/node_modules/@vitest/runner/dist/chunk-hooks.js:1729:8)

 ✓ src/app/api/products/__tests__/route.test.ts > GET /api/products > Happy Path > debe listar productos exitosamente con parámetros por defecto 3ms
 ✓ src/app/api/products/__tests__/route.test.ts > GET /api/products > Happy Path > debe listar productos con paginación personalizada 1ms
 ✓ src/app/api/products/__tests__/route.test.ts > GET /api/products > Happy Path > debe filtrar productos por búsqueda 1ms
 ✓ src/app/api/products/__tests__/route.test.ts > GET /api/products > Happy Path > debe filtrar productos por estado activo 1ms
 ✓ src/app/api/products/__tests__/route.test.ts > GET /api/products > Happy Path > debe filtrar productos por estado inactivo 1ms
 ✓ src/app/api/products/__tests__/route.test.ts > GET /api/products > Happy Path > debe filtrar productos por idCompany 1ms
 ✓ src/app/api/products/__tests__/route.test.ts > GET /api/products > Happy Path > debe combinar múltiples filtros 1ms
 ✓ src/app/api/products/__tests__/route.test.ts > GET /api/products > Happy Path > debe ignorar idCompany inválido 0ms
 ✓ src/app/api/products/__tests__/route.test.ts > GET /api/products > Casos de Paginación > debe calcular correctamente totalPages cuando hay resto 0ms
 ✓ src/app/api/products/__tests__/route.test.ts > GET /api/products > Casos de Paginación > debe retornar página vacía cuando no hay resultados 0ms
 ✓ src/app/api/products/__tests__/route.test.ts > GET /api/products > Casos de Errores de Base de Datos > debe retornar 500 cuando count falla 1ms
 ✓ src/app/api/products/__tests__/route.test.ts > GET /api/products > Casos de Errores de Base de Datos > debe retornar 500 cuando findMany falla 0ms
 ✓ src/app/api/products/__tests__/route.test.ts > POST /api/products > Happy Path > debe crear producto exitosamente 2ms
 ✓ src/app/api/products/__tests__/route.test.ts > POST /api/products > Happy Path > debe capitalizar correctamente el nombre del producto 0ms
 ✓ src/app/api/products/__tests__/route.test.ts > POST /api/products > Casos de Autenticación > debe retornar 401 cuando no hay sesión 0ms
 ✓ src/app/api/products/__tests__/route.test.ts > POST /api/products > Casos de Autenticación > debe retornar 401 cuando la sesión no tiene user 0ms
 ✓ src/app/api/products/__tests__/route.test.ts > POST /api/products > Casos de Validación > debe retornar 400 cuando el schema es inválido 0ms
 ✓ src/app/api/products/__tests__/route.test.ts > POST /api/products > Casos de Contrato Duplicado > debe retornar 409 cuando ya existe un producto con el mismo nombre para la compañía 0ms
 ✓ src/app/api/products/__tests__/route.test.ts > POST /api/products > Casos de Errores de Base de Datos > debe retornar 500 cuando create falla 1ms
 ✓ src/app/api/products/__tests__/route.test.ts > POST /api/products > Casos de Errores de Base de Datos > debe retornar 409 cuando Prisma lanza error P2002 (unique constraint) 0ms
 ✓ src/features/admin/users/lib/__tests__/user-schemas.test.ts > updateUserSchema > levelId field > should accept a valid levelId 4ms
 ✓ src/features/admin/users/lib/__tests__/user-schemas.test.ts > updateUserSchema > levelId field > should accept null levelId 1ms
 ✓ src/features/admin/users/lib/__tests__/user-schemas.test.ts > updateUserSchema > levelId field > should accept undefined levelId (omitted) 0ms
 ✓ src/features/admin/users/lib/__tests__/user-schemas.test.ts > updateUserSchema > levelId field > should reject non-integer levelId 1ms
 ✓ src/features/admin/users/lib/__tests__/user-schemas.test.ts > updateUserSchema > levelId field > should reject non-positive levelId 1ms
 ✓ src/features/admin/users/lib/__tests__/user-schemas.test.ts > updateUserSchema > categoryId field > should accept a valid categoryId 0ms
 ✓ src/features/admin/users/lib/__tests__/user-schemas.test.ts > updateUserSchema > categoryId field > should accept null categoryId for non-AGENTE role 0ms
 ✓ src/features/admin/users/lib/__tests__/user-schemas.test.ts > updateUserSchema > categoryId field > should reject null categoryId when role is AGENTE 0ms
 ✓ src/features/admin/users/lib/__tests__/user-schemas.test.ts > updateUserSchema > leaderId field > should accept a valid leaderId 0ms
 ✓ src/features/admin/users/lib/__tests__/user-schemas.test.ts > updateUserSchema > leaderId field > should reject leaderId equal to userId (self-leader) 0ms
 ✓ src/features/admin/users/lib/__tests__/user-schemas.test.ts > updateUserSchema > leaderId field > should accept null leaderId 0ms
 ✓ src/features/admin/users/lib/__tests__/user-schemas.test.ts > updateUserSchema > combined fields > should accept all valid fields together 0ms
 ✓ src/features/load-file/__tests__/load-file-api.get-import-history.test.ts > loadFileApi.getImportHistory — status query (REQ-6) > sets status=LOAD,PRE-SETTLED when filters.statuses is multi-value 2ms
 ✓ src/features/load-file/__tests__/load-file-api.get-import-history.test.ts > loadFileApi.getImportHistory — status query (REQ-6) > returns a clear error when the server returns HTML instead of JSON 0ms
stderr | src/app/api/negocios/__tests__/business-list.route.test.ts
[auth] AUTH_SECRET is not set; using a static per-process secret (env=test). Set AUTH_SECRET in your environment to persist sessions across restarts.

stderr | src/app/api/negocios/__tests__/business-list.route.test.ts > GET /api/negocios > Casos de Errores de Base de Datos > debe retornar 500 cuando count falla
Error al listar negocios: Error: Database error
    at /Users/andres/Documents/financieramente/financieramente-app/src/app/api/negocios/__tests__/business-list.route.test.ts:1108:38
    at file:///Users/andres/Documents/financieramente/financieramente-app/node_modules/@vitest/runner/dist/chunk-hooks.js:155:11
    at file:///Users/andres/Documents/financieramente/financieramente-app/node_modules/@vitest/runner/dist/chunk-hooks.js:752:26
    at file:///Users/andres/Documents/financieramente/financieramente-app/node_modules/@vitest/runner/dist/chunk-hooks.js:1897:20
    at new Promise (<anonymous>)
    at runWithTimeout (file:///Users/andres/Documents/financieramente/financieramente-app/node_modules/@vitest/runner/dist/chunk-hooks.js:1863:10)
    at runTest (file:///Users/andres/Documents/financieramente/financieramente-app/node_modules/@vitest/runner/dist/chunk-hooks.js:1574:12)
    at runSuite (file:///Users/andres/Documents/financieramente/financieramente-app/node_modules/@vitest/runner/dist/chunk-hooks.js:1729:8)
    at runSuite (file:///Users/andres/Documents/financieramente/financieramente-app/node_modules/@vitest/runner/dist/chunk-hooks.js:1729:8)
    at runSuite (file:///Users/andres/Documents/financieramente/financieramente-app/node_modules/@vitest/runner/dist/chunk-hooks.js:1729:8)

stderr | src/app/api/negocios/__tests__/business-list.route.test.ts > GET /api/negocios > Casos de Errores de Base de Datos > debe retornar 500 cuando findMany falla
Error al listar negocios: Error: Query failed
    at /Users/andres/Documents/financieramente/financieramente-app/src/app/api/negocios/__tests__/business-list.route.test.ts:1154:41
    at file:///Users/andres/Documents/financieramente/financieramente-app/node_modules/@vitest/runner/dist/chunk-hooks.js:155:11
    at file:///Users/andres/Documents/financieramente/financieramente-app/node_modules/@vitest/runner/dist/chunk-hooks.js:752:26
    at file:///Users/andres/Documents/financieramente/financieramente-app/node_modules/@vitest/runner/dist/chunk-hooks.js:1897:20
    at new Promise (<anonymous>)
    at runWithTimeout (file:///Users/andres/Documents/financieramente/financieramente-app/node_modules/@vitest/runner/dist/chunk-hooks.js:1863:10)
    at runTest (file:///Users/andres/Documents/financieramente/financieramente-app/node_modules/@vitest/runner/dist/chunk-hooks.js:1574:12)
    at runSuite (file:///Users/andres/Documents/financieramente/financieramente-app/node_modules/@vitest/runner/dist/chunk-hooks.js:1729:8)
    at runSuite (file:///Users/andres/Documents/financieramente/financieramente-app/node_modules/@vitest/runner/dist/chunk-hooks.js:1729:8)
    at runSuite (file:///Users/andres/Documents/financieramente/financieramente-app/node_modules/@vitest/runner/dist/chunk-hooks.js:1729:8)

stderr | src/app/api/negocios/__tests__/business-list.route.test.ts > GET /api/negocios > Casos de Errores de Base de Datos > debe retornar 500 cuando getCurrentUserByEmail falla
Error al listar negocios: Error: Database connection error
    at /Users/andres/Documents/financieramente/financieramente-app/src/app/api/negocios/__tests__/business-list.route.test.ts:1185:5
    at file:///Users/andres/Documents/financieramente/financieramente-app/node_modules/@vitest/runner/dist/chunk-hooks.js:155:11
    at file:///Users/andres/Documents/financieramente/financieramente-app/node_modules/@vitest/runner/dist/chunk-hooks.js:752:26
    at file:///Users/andres/Documents/financieramente/financieramente-app/node_modules/@vitest/runner/dist/chunk-hooks.js:1897:20
    at new Promise (<anonymous>)
    at runWithTimeout (file:///Users/andres/Documents/financieramente/financieramente-app/node_modules/@vitest/runner/dist/chunk-hooks.js:1863:10)
    at runTest (file:///Users/andres/Documents/financieramente/financieramente-app/node_modules/@vitest/runner/dist/chunk-hooks.js:1574:12)
    at runSuite (file:///Users/andres/Documents/financieramente/financieramente-app/node_modules/@vitest/runner/dist/chunk-hooks.js:1729:8)
    at runSuite (file:///Users/andres/Documents/financieramente/financieramente-app/node_modules/@vitest/runner/dist/chunk-hooks.js:1729:8)
    at runSuite (file:///Users/andres/Documents/financieramente/financieramente-app/node_modules/@vitest/runner/dist/chunk-hooks.js:1729:8)

 ✓ src/features/origins/__tests__/lib/client-origin-api.test.ts > originsApi > getClientOrigins > should fetch client origins successfully (happy path) 2ms
 ✓ src/features/origins/__tests__/lib/client-origin-api.test.ts > originsApi > getClientOrigins > should fetch client origins with search params 1ms
 ✓ src/features/origins/__tests__/lib/client-origin-api.test.ts > originsApi > getClientOrigins > should handle API error response 1ms
 ✓ src/features/origins/__tests__/lib/client-origin-api.test.ts > originsApi > getClientOrigins > should handle network error 0ms
 ✓ src/features/origins/__tests__/lib/client-origin-api.test.ts > originsApi > getClientOrigin > should fetch single client origin successfully 1ms
 ✓ src/features/origins/__tests__/lib/client-origin-api.test.ts > originsApi > getClientOrigin > should handle API error response 1ms
 ✓ src/features/origins/__tests__/lib/client-origin-api.test.ts > originsApi > createClientOrigin > should create client origin successfully 1ms
 ✓ src/features/origins/__tests__/lib/client-origin-api.test.ts > originsApi > createClientOrigin > should handle API error response 0ms
 ✓ src/features/origins/__tests__/lib/client-origin-api.test.ts > originsApi > updateClientOrigin > should update client origin successfully 0ms
 ✓ src/features/origins/__tests__/lib/client-origin-api.test.ts > originsApi > deleteClientOrigin > should delete client origin successfully 0ms
 ✓ src/features/origins/__tests__/lib/client-origin-api.test.ts > originsApi > deleteClientOrigin > should handle API error response 0ms
 ✓ src/app/api/negocios/__tests__/business-list.route.test.ts > GET /api/negocios > Happy Path > debe listar negocios exitosamente con parámetros por defecto 4ms
 ✓ src/app/api/negocios/__tests__/business-list.route.test.ts > GET /api/negocios > Happy Path > aplica desempate por idBusiness cuando createdAt empata 1ms
 ✓ src/app/api/negocios/__tests__/business-list.route.test.ts > GET /api/negocios > Happy Path > debe listar negocios con paginación personalizada 1ms
 ✓ src/app/api/negocios/__tests__/business-list.route.test.ts > GET /api/negocios > Happy Path > debe filtrar negocios por estado 1ms
 ✓ src/app/api/negocios/__tests__/business-list.route.test.ts > GET /api/negocios > Happy Path > debe filtrar negocios por estado FONDEADO 1ms
 ✓ src/app/api/negocios/__tests__/business-list.route.test.ts > GET /api/negocios > Happy Path > debe filtrar negocios por rol AGENTE (solo sus negocios) 1ms
 ✓ src/app/api/negocios/__tests__/business-list.route.test.ts > GET /api/negocios > Happy Path > debe combinar filtros de rol y estado 1ms
 ✓ src/app/api/negocios/__tests__/business-list.route.test.ts > GET /api/negocios > Búsqueda Unificada > debe buscar por número de identificación del cliente 1ms
 ✓ src/app/api/negocios/__tests__/business-list.route.test.ts > GET /api/negocios > Búsqueda Unificada > debe buscar por nombre del cliente 2ms
 ✓ src/app/api/negocios/__tests__/business-list.route.test.ts > GET /api/negocios > Búsqueda Unificada > debe buscar por número de contrato 1ms
 ✓ src/app/api/negocios/__tests__/business-list.route.test.ts > GET /api/negocios > Búsqueda Unificada > debe buscar por ID del negocio cuando el término es numérico 1ms
 ✓ src/app/api/negocios/__tests__/business-list.route.test.ts > GET /api/negocios > Búsqueda Unificada > debe ignorar espacios en blanco en la búsqueda 1ms
 ✓ src/app/api/negocios/__tests__/business-list.route.test.ts > GET /api/negocios > Búsqueda Unificada > debe combinar búsqueda con filtros de rol y estado 1ms
 ✓ src/app/api/negocios/__tests__/business-list.route.test.ts > GET /api/negocios > Casos de Autenticación > debe retornar 401 cuando no hay sesión 1ms
 ✓ src/app/api/negocios/__tests__/business-list.route.test.ts > GET /api/negocios > Casos de Autenticación > debe retornar 401 cuando la sesión no tiene email 1ms
 ✓ src/app/api/negocios/__tests__/business-list.route.test.ts > GET /api/negocios > Casos de Validación de Parámetros > debe retornar 400 cuando los parámetros son inválidos 1ms
 ✓ src/app/api/negocios/__tests__/business-list.route.test.ts > GET /api/negocios > Casos de Validación de Parámetros > debe retornar 400 cuando el estado es inválido 0ms
 ✓ src/app/api/negocios/__tests__/business-list.route.test.ts > GET /api/negocios > Casos de Usuario No Encontrado > debe retornar 404 cuando el usuario no existe 0ms
 ✓ src/app/api/negocios/__tests__/business-list.route.test.ts > GET /api/negocios > Casos de Paginación > debe calcular correctamente totalPages cuando hay resto 0ms
 ✓ src/app/api/negocios/__tests__/business-list.route.test.ts > GET /api/negocios > Casos de Paginación > debe retornar página vacía cuando no hay resultados 0ms
 ✓ src/app/api/negocios/__tests__/business-list.route.test.ts > GET /api/negocios > Casos de Errores de Base de Datos > debe retornar 500 cuando count falla 1ms
 ✓ src/app/api/negocios/__tests__/business-list.route.test.ts > GET /api/negocios > Casos de Errores de Base de Datos > debe retornar 500 cuando findMany falla 1ms
 ✓ src/app/api/negocios/__tests__/business-list.route.test.ts > GET /api/negocios > Casos de Errores de Base de Datos > debe retornar 500 cuando getCurrentUserByEmail falla 1ms
 ✓ src/features/product-configuration/__tests__/lib/product-configuration-api.test.ts > product-configuration-api > getProductConfigurations > should fetch configurations successfully (happy path) 2ms
 ✓ src/features/product-configuration/__tests__/lib/product-configuration-api.test.ts > product-configuration-api > getProductConfigurations > should handle API error response 0ms
 ✓ src/features/product-configuration/__tests__/lib/product-configuration-api.test.ts > product-configuration-api > getProductConfigurations > should handle network error 0ms
 ✓ src/features/product-configuration/__tests__/lib/product-configuration-api.test.ts > product-configuration-api > getProductConfigurations > should pass search params correctly 2ms
 ✓ src/features/product-configuration/__tests__/lib/product-configuration-api.test.ts > product-configuration-api > getProductConfigurations > should pass active filter correctly 0ms
 ✓ src/features/product-configuration/__tests__/lib/product-configuration-api.test.ts > product-configuration-api > getProductConfigurations > should pass pagination params correctly 1ms
 ✓ src/features/product-configuration/__tests__/lib/product-configuration-api.test.ts > product-configuration-api > getProductConfigurations > should combine multiple filters correctly 1ms
 ✓ src/features/product-configuration/__tests__/lib/product-configuration-api.test.ts > product-configuration-api > getProductConfiguration > should fetch single configuration successfully 1ms
 ✓ src/features/product-configuration/__tests__/lib/product-configuration-api.test.ts > product-configuration-api > getProductConfiguration > should handle 404 error 0ms
 ✓ src/features/product-configuration/__tests__/lib/product-configuration-api.test.ts > product-configuration-api > getProductConfiguration > should handle network error 0ms
 ✓ src/features/product-configuration/__tests__/lib/product-configuration-api.test.ts > product-configuration-api > createProductConfiguration > should create configuration successfully 0ms
 ✓ src/features/product-configuration/__tests__/lib/product-configuration-api.test.ts > product-configuration-api > createProductConfiguration > should handle duplicate error (409) 0ms
 ✓ src/features/product-configuration/__tests__/lib/product-configuration-api.test.ts > product-configuration-api > createProductConfiguration > should send correct request body 0ms
 ✓ src/features/product-configuration/__tests__/lib/product-configuration-api.test.ts > product-configuration-api > createProductConfiguration > should handle network error 0ms
 ✓ src/features/product-configuration/__tests__/lib/product-configuration-api.test.ts > product-configuration-api > updateProductConfiguration > should update configuration successfully 0ms
 ✓ src/features/product-configuration/__tests__/lib/product-configuration-api.test.ts > product-configuration-api > updateProductConfiguration > should send correct request body 0ms
 ✓ src/features/product-configuration/__tests__/lib/product-configuration-api.test.ts > product-configuration-api > updateProductConfiguration > should handle network error 0ms
 ✓ src/features/product-configuration/__tests__/lib/product-configuration-api.test.ts > product-configuration-api > toggleActive > should toggle active successfully 0ms
 ✓ src/features/product-configuration/__tests__/lib/product-configuration-api.test.ts > product-configuration-api > toggleActive > should send correct request body 0ms
 ✓ src/features/product-configuration/__tests__/lib/product-configuration-api.test.ts > product-configuration-api > toggleActive > should handle network error 0ms
stderr | src/app/api/admin/discounts/__tests__/route.test.ts
[auth] AUTH_SECRET is not set; using a static per-process secret (env=test). Set AUTH_SECRET in your environment to persist sessions across restarts.

 ✓ src/app/api/admin/discounts/__tests__/route.test.ts > GET /api/admin/discounts > returns 401 when unauthenticated 1ms
 ✓ src/app/api/admin/discounts/__tests__/route.test.ts > GET /api/admin/discounts > returns { data: [] } with valid session and empty list 1ms
 ✓ src/app/api/admin/discounts/__tests__/route.test.ts > POST /api/admin/discounts > returns 401 when unauthenticated 1ms
 ✓ src/app/api/admin/discounts/__tests__/route.test.ts > POST /api/admin/discounts > returns 400 when percentage is invalid 3ms
 ✓ src/app/api/admin/discounts/__tests__/route.test.ts > POST /api/admin/discounts > returns 201 with created record when no ACTIVE exists for type 1ms
 ✓ src/app/api/admin/discounts/__tests__/route.test.ts > POST /api/admin/discounts > returns 409 when ACTIVE discount already exists for same type 1ms
 ✓ src/features/levels/__tests__/lib/level-api.test.ts > level-api > getLevels > should fetch levels successfully (happy path) 1ms
 ✓ src/features/levels/__tests__/lib/level-api.test.ts > level-api > getLevels > should handle API error (apiClient throws) 0ms
 ✓ src/features/levels/__tests__/lib/level-api.test.ts > level-api > getLevels > should handle unknown error 0ms
 ✓ src/features/levels/__tests__/lib/level-api.test.ts > level-api > getLevels > should pass search params correctly 1ms
 ✓ src/features/levels/__tests__/lib/level-api.test.ts > level-api > getLevels > should pass typeLevel filter correctly 0ms
 ✓ src/features/levels/__tests__/lib/level-api.test.ts > level-api > getLevels > should pass status filter correctly 0ms
 ✓ src/features/levels/__tests__/lib/level-api.test.ts > level-api > getLevels > should pass pagination params correctly 0ms
 ✓ src/features/levels/__tests__/lib/level-api.test.ts > level-api > getLevels > should combine multiple filters correctly 0ms
 ✓ src/features/levels/__tests__/lib/level-api.test.ts > level-api > getLevel > should fetch single level successfully (happy path) 0ms
 ✓ src/features/levels/__tests__/lib/level-api.test.ts > level-api > getLevel > should handle 404 error (level not found) 0ms
 ✓ src/features/levels/__tests__/lib/level-api.test.ts > level-api > getLevel > should handle network error 0ms
 ✓ src/features/levels/__tests__/lib/level-api.test.ts > level-api > createLevel > should create level successfully (happy path) 0ms
 ✓ src/features/levels/__tests__/lib/level-api.test.ts > level-api > createLevel > should handle validation error (Zod) 0ms
 ✓ src/features/levels/__tests__/lib/level-api.test.ts > level-api > createLevel > should handle duplicate code error (409) 0ms
 ✓ src/features/levels/__tests__/lib/level-api.test.ts > level-api > createLevel > should handle network error 0ms
 ✓ src/features/levels/__tests__/lib/level-api.test.ts > level-api > createLevel > should call apiClient.post with correct arguments 0ms
 ✓ src/features/levels/__tests__/lib/level-api.test.ts > level-api > updateLevel > should update level successfully (happy path) 0ms
 ✓ src/features/levels/__tests__/lib/level-api.test.ts > level-api > updateLevel > should handle validation error (Zod) 0ms
 ✓ src/features/levels/__tests__/lib/level-api.test.ts > level-api > updateLevel > should handle 404 error (level not found) 0ms
 ✓ src/features/levels/__tests__/lib/level-api.test.ts > level-api > updateLevel > should handle duplicate code error (409) 0ms
 ✓ src/features/levels/__tests__/lib/level-api.test.ts > level-api > updateLevel > should handle network error 0ms
 ✓ src/features/levels/__tests__/lib/level-api.test.ts > level-api > updateLevel > should call apiClient.put with correct arguments 0ms
 ✓ src/features/levels/__tests__/lib/level-api.test.ts > level-api > deleteLevel > should delete level successfully (happy path) 0ms
 ✓ src/features/levels/__tests__/lib/level-api.test.ts > level-api > deleteLevel > should handle 404 error (level not found) 0ms
 ✓ src/features/levels/__tests__/lib/level-api.test.ts > level-api > deleteLevel > should handle foreign key constraint error 0ms
 ✓ src/features/levels/__tests__/lib/level-api.test.ts > level-api > deleteLevel > should handle network error 0ms
 ✓ src/features/levels/__tests__/lib/level-api.test.ts > level-api > deactivateLevel > should deactivate level successfully (happy path) 0ms
 ✓ src/features/levels/__tests__/lib/level-api.test.ts > level-api > deactivateLevel > should handle 404 error (level not found) 0ms
 ✓ src/features/levels/__tests__/lib/level-api.test.ts > level-api > deactivateLevel > should handle network error 0ms
 ✓ src/features/levels/__tests__/lib/level-api.test.ts > level-api > deactivateLevel > should handle unknown error 0ms
 ✓ src/features/categories/__tests__/hooks/use-admin-category-mutations.test.ts > useAdminCategoryMutations > createCategory > should create category and show success toast 8ms
 ✓ src/features/categories/__tests__/hooks/use-admin-category-mutations.test.ts > useAdminCategoryMutations > createCategory > should handle API error response and show error toast 2ms
 ✓ src/features/categories/__tests__/hooks/use-admin-category-mutations.test.ts > useAdminCategoryMutations > updateCategory > should update category and show success toast 1ms
 ✓ src/features/categories/__tests__/hooks/use-admin-category-mutations.test.ts > useAdminCategoryMutations > updateCategory > should handle API error response and show error toast 1ms
 ✓ src/features/categories/__tests__/hooks/use-admin-category-mutations.test.ts > useAdminCategoryMutations > deleteCategory > should call deactivateCategory (soft delete) and show success toast 1ms
 ✓ src/features/categories/__tests__/hooks/use-admin-category-mutations.test.ts > useAdminCategoryMutations > deleteCategory > should handle API error response and show error toast 1ms
 ✓ src/features/admin/users/hooks/__tests__/use-debounce.test.ts > useDebounce > should return initial value immediately 8ms
 ✓ src/features/admin/users/hooks/__tests__/use-debounce.test.ts > useDebounce > should debounce value changes 2ms
 ✓ src/features/admin/users/hooks/__tests__/use-debounce.test.ts > useDebounce > should cancel previous timeout on rapid changes 1ms
 ✓ src/features/admin/users/hooks/__tests__/use-debounce.test.ts > useDebounce > should use custom delay 1ms
 ✓ src/features/admin/users/hooks/__tests__/use-debounce.test.ts > useDebounce > should handle different types 1ms
 ✓ src/features/load-file/__tests__/process-batch.service.test.ts > processBatchService > Guard Clauses > throws when records array is empty 2ms
 ✓ src/features/load-file/__tests__/process-batch.service.test.ts > processBatchService > Guard Clauses > throws when fileType is invalid 0ms
 ✓ src/features/load-file/__tests__/process-batch.service.test.ts > processBatchService > Guard Clauses > throws when fileImport is not found or not authorized 0ms
 ✓ src/features/load-file/__tests__/process-batch.service.test.ts > processBatchService > Guard Clauses > uses default discountPercentage and clawbackPercentage when no ACTIVE CommissionDiscount exists 2ms
 ✓ src/features/load-file/__tests__/process-batch.service.test.ts > processBatchService > Guard Clauses > uses default clawbackPercentage when no CLAWBACK discount is active 0ms
 ✓ src/features/load-file/__tests__/process-batch.service.test.ts > processBatchService > Poliza Scenarios > 4.3 should create LAG record and increment noSincronizado when business not found 0ms
 ✓ src/features/load-file/__tests__/process-batch.service.test.ts > processBatchService > Poliza Scenarios > 4.3 should update prior LAG to SYNCHRONIZED when recovering lag 1ms
 ✓ src/features/load-file/__tests__/process-batch.service.test.ts > processBatchService > Poliza Scenarios > 4.4 should identify FRONT19 as origin CARTERA 0ms
 ✓ src/features/load-file/__tests__/process-batch.service.test.ts > processBatchService > Poliza Scenarios > 4.4 should identify CLAW overrides 0ms
 ✓ src/features/load-file/__tests__/process-batch.service.test.ts > processBatchService > Poliza Scenarios > 4.4 should force discountPercentage=0 and clawbackPercentage=0 for CLAW plans 0ms
 ✓ src/features/load-file/__tests__/process-batch.service.test.ts > processBatchService > Poliza Scenarios > 6.2 Poliza FRONT19 (no CLAW) persists clawbackPercentage from CommissionDiscount 0ms
 ✓ src/features/load-file/__tests__/process-batch.service.test.ts > processBatchService > Poliza Scenarios > 4.4 should use global config discountPercentage for regular plans 0ms
 ✓ src/features/load-file/__tests__/process-batch.service.test.ts > processBatchService > Poliza Scenarios > 4.5 should log FileImportError and increment error for invalid Poliza row format 0ms
 ✓ src/features/load-file/__tests__/process-batch.service.test.ts > processBatchService > Voluntaria Scenarios > 4.1 should detect duplicate commission and save in FileImportError 1ms
 ✓ src/features/load-file/__tests__/process-batch.service.test.ts > processBatchService > Voluntaria Scenarios > 4.2 should create LAG when business found but date outside range 1ms
 ✓ src/features/load-file/__tests__/process-batch.service.test.ts > processBatchService > Voluntaria Scenarios > 4.1 should create LAG and increment noSincronizado when business not found 0ms
 ✓ src/features/load-file/__tests__/process-batch.service.test.ts > processBatchService > Voluntaria Scenarios > 4.2 should create SYNCHRONIZED when 0 prior commissions and date within range 0ms
 ✓ src/features/load-file/__tests__/process-batch.service.test.ts > processBatchService > Voluntaria Scenarios > 4.2 should update prior LAG to SYNCHRONIZED and create new SYNC on LAG recovery 0ms
 ✓ src/features/load-file/__tests__/process-batch.service.test.ts > processBatchService > Voluntaria Scenarios > 4.2 should set lagDate on prior LAG when recovering for Voluntaria 2ms
 ✓ src/features/load-file/__tests__/process-batch.service.test.ts > processBatchService > Voluntaria Scenarios > 4.2 should create SYNCHRONIZED when prior commissions exist but none are LAG or duplicate 0ms
 ✓ src/features/load-file/__tests__/process-batch.service.test.ts > processBatchService > Voluntaria Scenarios > 4.1 should save FileImportError and increment error on format validation failure 0ms
 ✓ src/features/load-file/__tests__/process-batch.service.test.ts > processBatchService > Phase 6 — Counter Updates & syncDate > 6.1a — resolvedErrors causes decrement on errorRecord > when processors return resolvedErrors:3, fileImport.update is called with decrement of 3 0ms
 ✓ src/features/load-file/__tests__/process-batch.service.test.ts > processBatchService > Phase 6 — Counter Updates & syncDate > 6.1b — mixed batch: new errors + resolved errors produce correct net errorRecord > 2 new errors and 4 resolved errors → net errorRecord decrement of 2 0ms
 ✓ src/features/load-file/__tests__/process-batch.service.test.ts > processBatchService > Phase 6 — Counter Updates & syncDate > 6.1b — mixed batch: new errors + resolved errors produce correct net errorRecord > when resolvedErrors:0 and errorBatch:2, errorRecord uses increment of 2 0ms
 ✓ src/features/load-file/__tests__/process-batch.service.test.ts > processBatchService > Phase 6 — Counter Updates & syncDate > 6.1b — mixed batch: new errors + resolved errors produce correct net errorRecord > when resolvedErrors:1 and errorBatch:1, net=0, errorRecord uses increment:0 0ms
 ✓ src/features/load-file/__tests__/process-batch.service.test.ts > processBatchService > Phase 6 — Counter Updates & syncDate > 6.1c — syncDate is set on SYNCHRONIZED records via Voluntaria createSync > settlementCommission.create is called with syncDate non-null on SYNCHRONIZED path 0ms
 ✓ src/features/load-file/__tests__/process-batch.service.test.ts > processBatchService > Phase 6 — Counter Updates & syncDate > 6.1c — syncDate is set on SYNCHRONIZED records via Voluntaria createSync > settlementCommission.create for Poliza SYNCHRONIZED path includes syncDate 0ms
 ✓ src/features/load-file/__tests__/process-batch.service.test.ts > processBatchService > Phase 6 — Counter Updates & syncDate > 6.1d — LAG records do NOT have syncDate set > Voluntaria: LAG record (business not found) does not include syncDate 0ms
 ✓ src/features/load-file/__tests__/process-batch.service.test.ts > processBatchService > Phase 6 — Counter Updates & syncDate > 6.1d — LAG records do NOT have syncDate set > Poliza: LAG record (business not found) does not include syncDate 0ms
 ✓ src/features/load-file/__tests__/process-batch.service.test.ts > processBatchService > Phase 6 — Counter Updates & syncDate > 6.4 — Integration: re-sync resolves prior errors and decrements errorRecord > when 2 previously-errored contracts now sync, fileImportError.updateMany is called twice with resolved:true 0ms
 ✓ src/features/load-file/__tests__/process-batch.service.test.ts > processBatchService > Phase 6 — Counter Updates & syncDate > 6.4 — Integration: re-sync resolves prior errors and decrements errorRecord > when 2 contracts sync with count=1 each, errorRecord decrements by 2 0ms
 ✓ src/features/load-file/__tests__/process-batch.service.test.ts > processBatchService > Integrity > 4.6 should never persist status=ERROR in settlementCommission 0ms
 ✓ src/features/load-file/__tests__/process-batch.service.test.ts > processBatchService > Integrity > 4.6 should never call settlementCommission.create with status ERROR when Poliza has format error 0ms
 ✓ src/features/levels/__tests__/hooks/use-admin-level-mutations.test.ts > useAdminLevelMutations > createLevel > should create level and show success toast 8ms
 ✓ src/features/levels/__tests__/hooks/use-admin-level-mutations.test.ts > useAdminLevelMutations > createLevel > should handle API error response and show error toast 2ms
 ✓ src/features/levels/__tests__/hooks/use-admin-level-mutations.test.ts > useAdminLevelMutations > updateLevel > should update level and show success toast 1ms
 ✓ src/features/levels/__tests__/hooks/use-admin-level-mutations.test.ts > useAdminLevelMutations > updateLevel > should handle API error response and show error toast 2ms
 ✓ src/features/levels/__tests__/hooks/use-admin-level-mutations.test.ts > useAdminLevelMutations > deleteLevel > should call deactivateLevel (soft delete) and show success toast 2ms
 ✓ src/features/levels/__tests__/hooks/use-admin-level-mutations.test.ts > useAdminLevelMutations > deleteLevel > should NOT call levelApi.deleteLevel (hard delete) 1ms
 ✓ src/features/levels/__tests__/hooks/use-admin-level-mutations.test.ts > useAdminLevelMutations > deleteLevel > should handle API error response and show error toast 1ms
 ✓ src/features/negocios/__tests__/hooks/use-agent-permissions.test.tsx > isBlocked — lógica de bloqueo según rol > ADMIN → isBlocked = false aunque documentValue esté vacío 9ms
 ✓ src/features/negocios/__tests__/hooks/use-agent-permissions.test.tsx > isBlocked — lógica de bloqueo según rol > ASISTENTE_GERENCIA_OPERATIVA → isBlocked = false aunque documentValue esté vacío 1ms
 ✓ src/features/negocios/__tests__/hooks/use-agent-permissions.test.tsx > isBlocked — lógica de bloqueo según rol > AGENTE → isBlocked = true cuando documentValue tiene menos de 5 caracteres 1ms
 ✓ src/features/negocios/__tests__/hooks/use-agent-permissions.test.tsx > isBlocked — lógica de bloqueo según rol > AGENTE → isBlocked = false cuando documentValue tiene 5+ caracteres 2ms
 ✓ src/features/negocios/__tests__/hooks/use-agent-permissions.test.tsx > isBlocked — lógica de bloqueo según rol > ANALISTA_SOPORTE → isBlocked = true cuando documentValue está vacío 2ms
stderr | src/app/api/negocios/__tests__/business-id.route.test.ts
[auth] AUTH_SECRET is not set; using a static per-process secret (env=test). Set AUTH_SECRET in your environment to persist sessions across restarts.

stderr | src/app/api/negocios/__tests__/business-id.route.test.ts > GET /api/negocios/[id] > Casos de Errores de Base de Datos > debe retornar 500 cuando findFirst falla
Error al obtener negocio: Error: Database error
    at /Users/andres/Documents/financieramente/financieramente-app/src/app/api/negocios/__tests__/business-id.route.test.ts:427:36
    at file:///Users/andres/Documents/financieramente/financieramente-app/node_modules/@vitest/runner/dist/chunk-hooks.js:155:11
    at file:///Users/andres/Documents/financieramente/financieramente-app/node_modules/@vitest/runner/dist/chunk-hooks.js:752:26
    at file:///Users/andres/Documents/financieramente/financieramente-app/node_modules/@vitest/runner/dist/chunk-hooks.js:1897:20
    at new Promise (<anonymous>)
    at runWithTimeout (file:///Users/andres/Documents/financieramente/financieramente-app/node_modules/@vitest/runner/dist/chunk-hooks.js:1863:10)
    at runTest (file:///Users/andres/Documents/financieramente/financieramente-app/node_modules/@vitest/runner/dist/chunk-hooks.js:1574:12)
    at runSuite (file:///Users/andres/Documents/financieramente/financieramente-app/node_modules/@vitest/runner/dist/chunk-hooks.js:1729:8)
    at runSuite (file:///Users/andres/Documents/financieramente/financieramente-app/node_modules/@vitest/runner/dist/chunk-hooks.js:1729:8)
    at runSuite (file:///Users/andres/Documents/financieramente/financieramente-app/node_modules/@vitest/runner/dist/chunk-hooks.js:1729:8)

stderr | src/app/api/negocios/__tests__/business-id.route.test.ts > GET /api/negocios/[id] > Casos de Errores de Base de Datos > debe retornar 500 cuando getCurrentUserByEmail falla
Error al obtener negocio: Error: Database connection error
    at /Users/andres/Documents/financieramente/financieramente-app/src/app/api/negocios/__tests__/business-id.route.test.ts:450:5
    at file:///Users/andres/Documents/financieramente/financieramente-app/node_modules/@vitest/runner/dist/chunk-hooks.js:155:11
    at file:///Users/andres/Documents/financieramente/financieramente-app/node_modules/@vitest/runner/dist/chunk-hooks.js:752:26
    at file:///Users/andres/Documents/financieramente/financieramente-app/node_modules/@vitest/runner/dist/chunk-hooks.js:1897:20
    at new Promise (<anonymous>)
    at runWithTimeout (file:///Users/andres/Documents/financieramente/financieramente-app/node_modules/@vitest/runner/dist/chunk-hooks.js:1863:10)
    at runTest (file:///Users/andres/Documents/financieramente/financieramente-app/node_modules/@vitest/runner/dist/chunk-hooks.js:1574:12)
    at runSuite (file:///Users/andres/Documents/financieramente/financieramente-app/node_modules/@vitest/runner/dist/chunk-hooks.js:1729:8)
    at runSuite (file:///Users/andres/Documents/financieramente/financieramente-app/node_modules/@vitest/runner/dist/chunk-hooks.js:1729:8)
    at runSuite (file:///Users/andres/Documents/financieramente/financieramente-app/node_modules/@vitest/runner/dist/chunk-hooks.js:1729:8)

stderr | src/app/api/negocios/__tests__/business-id.route.test.ts > PUT /api/negocios/[id] > Casos de Errores de Base de Datos > debe retornar 500 cuando findFirst falla
Error al actualizar negocio: Error: DB Error
    at /Users/andres/Documents/financieramente/financieramente-app/src/app/api/negocios/__tests__/business-id.route.test.ts:733:36
    at file:///Users/andres/Documents/financieramente/financieramente-app/node_modules/@vitest/runner/dist/chunk-hooks.js:155:11
    at file:///Users/andres/Documents/financieramente/financieramente-app/node_modules/@vitest/runner/dist/chunk-hooks.js:752:26
    at file:///Users/andres/Documents/financieramente/financieramente-app/node_modules/@vitest/runner/dist/chunk-hooks.js:1897:20
    at new Promise (<anonymous>)
    at runWithTimeout (file:///Users/andres/Documents/financieramente/financieramente-app/node_modules/@vitest/runner/dist/chunk-hooks.js:1863:10)
    at runTest (file:///Users/andres/Documents/financieramente/financieramente-app/node_modules/@vitest/runner/dist/chunk-hooks.js:1574:12)
    at runSuite (file:///Users/andres/Documents/financieramente/financieramente-app/node_modules/@vitest/runner/dist/chunk-hooks.js:1729:8)
    at runSuite (file:///Users/andres/Documents/financieramente/financieramente-app/node_modules/@vitest/runner/dist/chunk-hooks.js:1729:8)
    at runSuite (file:///Users/andres/Documents/financieramente/financieramente-app/node_modules/@vitest/runner/dist/chunk-hooks.js:1729:8)

stderr | src/app/api/negocios/__tests__/business-id.route.test.ts > PUT /api/negocios/[id] > Casos de Errores de Base de Datos > debe retornar 500 cuando update falla
Error al actualizar negocio: Error: Update failed
    at /Users/andres/Documents/financieramente/financieramente-app/src/app/api/negocios/__tests__/business-id.route.test.ts:747:33
    at file:///Users/andres/Documents/financieramente/financieramente-app/node_modules/@vitest/runner/dist/chunk-hooks.js:155:11
    at file:///Users/andres/Documents/financieramente/financieramente-app/node_modules/@vitest/runner/dist/chunk-hooks.js:752:26
    at file:///Users/andres/Documents/financieramente/financieramente-app/node_modules/@vitest/runner/dist/chunk-hooks.js:1897:20
    at new Promise (<anonymous>)
    at runWithTimeout (file:///Users/andres/Documents/financieramente/financieramente-app/node_modules/@vitest/runner/dist/chunk-hooks.js:1863:10)
    at runTest (file:///Users/andres/Documents/financieramente/financieramente-app/node_modules/@vitest/runner/dist/chunk-hooks.js:1574:12)
    at runSuite (file:///Users/andres/Documents/financieramente/financieramente-app/node_modules/@vitest/runner/dist/chunk-hooks.js:1729:8)
    at runSuite (file:///Users/andres/Documents/financieramente/financieramente-app/node_modules/@vitest/runner/dist/chunk-hooks.js:1729:8)
    at runSuite (file:///Users/andres/Documents/financieramente/financieramente-app/node_modules/@vitest/runner/dist/chunk-hooks.js:1729:8)

 ✓ src/app/api/negocios/__tests__/business-id.route.test.ts > GET /api/negocios/[id] > Happy Path > debe obtener negocio exitosamente con rol ADMIN 3ms
 ✓ src/app/api/negocios/__tests__/business-id.route.test.ts > GET /api/negocios/[id] > Happy Path > debe obtener negocio exitosamente con rol AGENTE (solo sus negocios) 1ms
 ✓ src/app/api/negocios/__tests__/business-id.route.test.ts > GET /api/negocios/[id] > Casos de Autenticación > debe retornar 401 cuando no hay sesión 1ms
 ✓ src/app/api/negocios/__tests__/business-id.route.test.ts > GET /api/negocios/[id] > Casos de Autenticación > debe retornar 401 cuando la sesión no tiene email 1ms
 ✓ src/app/api/negocios/__tests__/business-id.route.test.ts > GET /api/negocios/[id] > Casos de Validación de ID > debe retornar 400 cuando el ID no es un número válido 0ms
 ✓ src/app/api/negocios/__tests__/business-id.route.test.ts > GET /api/negocios/[id] > Casos de Validación de ID > debe retornar 400 cuando el ID es una cadena vacía 1ms
 ✓ src/app/api/negocios/__tests__/business-id.route.test.ts > GET /api/negocios/[id] > Casos de Usuario No Encontrado > debe retornar 404 cuando el usuario no existe 0ms
 ✓ src/app/api/negocios/__tests__/business-id.route.test.ts > GET /api/negocios/[id] > Casos de Negocio No Encontrado > debe retornar 404 cuando el negocio no existe 0ms
 ✓ src/app/api/negocios/__tests__/business-id.route.test.ts > GET /api/negocios/[id] > Casos de Negocio No Encontrado > debe retornar 404 cuando agente intenta acceder a negocio de otro usuario 0ms
 ✓ src/app/api/negocios/__tests__/business-id.route.test.ts > GET /api/negocios/[id] > Casos de Errores de Base de Datos > debe retornar 500 cuando findFirst falla 1ms
 ✓ src/app/api/negocios/__tests__/business-id.route.test.ts > GET /api/negocios/[id] > Casos de Errores de Base de Datos > debe retornar 500 cuando getCurrentUserByEmail falla 0ms
 ✓ src/app/api/negocios/__tests__/business-id.route.test.ts > PUT /api/negocios/[id] > Happy Path > debe actualizar negocio exitosamente agregando contrato y cambiando estado a EMITIDO 2ms
 ✓ src/app/api/negocios/__tests__/business-id.route.test.ts > PUT /api/negocios/[id] > Happy Path > debe actualizar negocio exitosamente con rol AGENTE (solo sus negocios) 0ms
 ✓ src/app/api/negocios/__tests__/business-id.route.test.ts > PUT /api/negocios/[id] > Happy Path > debe retornar 400 cuando no se proporciona contract ni idClientOrigin 0ms
 ✓ src/app/api/negocios/__tests__/business-id.route.test.ts > PUT /api/negocios/[id] > Happy Path > debe actualizar solo idClientOrigin cuando negocio está EMITIDO 0ms
 ✓ src/app/api/negocios/__tests__/business-id.route.test.ts > PUT /api/negocios/[id] > Casos de Autenticación > debe retornar 401 cuando no hay sesión 0ms
 ✓ src/app/api/negocios/__tests__/business-id.route.test.ts > PUT /api/negocios/[id] > Casos de Negocio No Encontrado > debe retornar 404 cuando el negocio no existe 0ms
 ✓ src/app/api/negocios/__tests__/business-id.route.test.ts > PUT /api/negocios/[id] > Casos de Estado del Negocio > debe retornar 400 cuando el negocio no está en estado VENTA_EFECTUADA ni EMITIDO 0ms
 ✓ src/app/api/negocios/__tests__/business-id.route.test.ts > PUT /api/negocios/[id] > Casos de Estado del Negocio > debe actualizar contrato cuando el negocio está EMITIDO y el usuario es administrador 0ms
 ✓ src/app/api/negocios/__tests__/business-id.route.test.ts > PUT /api/negocios/[id] > Casos de Estado del Negocio > debe retornar 403 cuando el negocio está en estado EMITIDO y el usuario es analista de soporte 0ms
 ✓ src/app/api/negocios/__tests__/business-id.route.test.ts > PUT /api/negocios/[id] > Casos de Contrato Duplicado > debe retornar 409 cuando el contrato ya está asignado a otro negocio 0ms
 ✓ src/app/api/negocios/__tests__/business-id.route.test.ts > PUT /api/negocios/[id] > Casos de Errores de Base de Datos > debe retornar 500 cuando findFirst falla 1ms
 ✓ src/app/api/negocios/__tests__/business-id.route.test.ts > PUT /api/negocios/[id] > Casos de Errores de Base de Datos > debe retornar 500 cuando update falla 0ms
 ✓ src/app/api/negocios/__tests__/business-id.route.test.ts > PUT /api/negocios/[id] > Verificación de Audit Log > debe registrar el evento de actualización con todos los detalles 2ms
 ✓ src/features/negocios/__tests__/hooks/use-business-form.test.tsx > useBusinessForm > initializes contract from defaultValues in edit mode when stored 10ms
 ✓ src/features/negocios/__tests__/hooks/use-business-form.test.tsx > useBusinessForm > initializes empty contract in edit mode when defaultValues omit contract 1ms
 ✓ src/features/negocios/__tests__/hooks/use-business-form.test.tsx > useBusinessForm > initializes empty contract in create mode when defaultValues omit contract 1ms
 ✓ src/features/negocios/__tests__/hooks/use-business-form.test.tsx > useBusinessForm > accepts alphanumeric contract numbers 2ms
stderr | src/app/api/negocios/stats/__tests__/route.test.ts
[auth] AUTH_SECRET is not set; using a static per-process secret (env=test). Set AUTH_SECRET in your environment to persist sessions across restarts.

stderr | src/app/api/negocios/stats/__tests__/route.test.ts > GET /api/negocios/stats > as agent (scoped by user) > scopes all 3 KPI queries to the agent idUser
Error al obtener estadísticas: TypeError: Cannot read properties of undefined (reading 'findMany')
    at getSubordinateUserIds (/Users/andres/Documents/financieramente/financieramente-app/src/features/negocios/services/user-hierarchy.service.ts:14:34)
    at Module.GET (/Users/andres/Documents/financieramente/financieramente-app/src/app/api/negocios/stats/route.ts:49:31)
    at /Users/andres/Documents/financieramente/financieramente-app/src/app/api/negocios/stats/__tests__/route.test.ts:124:4
    at file:///Users/andres/Documents/financieramente/financieramente-app/node_modules/@vitest/runner/dist/chunk-hooks.js:752:20

stderr | src/app/api/negocios/stats/__tests__/route.test.ts > GET /api/negocios/stats > as agent (scoped by user) > applies createdAt filter to all 3 KPIs when dates given
Error al obtener estadísticas: TypeError: Cannot read properties of undefined (reading 'findMany')
    at getSubordinateUserIds (/Users/andres/Documents/financieramente/financieramente-app/src/features/negocios/services/user-hierarchy.service.ts:14:34)
    at Module.GET (/Users/andres/Documents/financieramente/financieramente-app/src/app/api/negocios/stats/route.ts:49:31)
    at /Users/andres/Documents/financieramente/financieramente-app/src/app/api/negocios/stats/__tests__/route.test.ts:134:4
    at file:///Users/andres/Documents/financieramente/financieramente-app/node_modules/@vitest/runner/dist/chunk-hooks.js:752:20

 ✓ src/app/api/negocios/stats/__tests__/route.test.ts > GET /api/negocios/stats > returns 401 when no session 2ms
 ✓ src/app/api/negocios/stats/__tests__/route.test.ts > GET /api/negocios/stats > returns 404 when user not found 1ms
 ✓ src/app/api/negocios/stats/__tests__/route.test.ts > GET /api/negocios/stats > as admin (no date filter) > calls groupBy 3 times with no createdAt filter when no dates provided 1ms
 ✓ src/app/api/negocios/stats/__tests__/route.test.ts > GET /api/negocios/stats > as admin (no date filter) > applies createdAt filter to ALL 3 KPIs when dateFrom and dateTo are provided 4ms
 ✓ src/app/api/negocios/stats/__tests__/route.test.ts > GET /api/negocios/stats > as admin (no date filter) > does NOT apply createdAt filter when only dateFrom is provided 1ms
 ✓ src/app/api/negocios/stats/__tests__/route.test.ts > GET /api/negocios/stats > as agent (scoped by user) > scopes all 3 KPI queries to the agent idUser 2ms
 ✓ src/app/api/negocios/stats/__tests__/route.test.ts > GET /api/negocios/stats > as agent (scoped by user) > applies createdAt filter to all 3 KPIs when dates given 1ms
 ✓ src/app/api/negocios/stats/__tests__/route.test.ts > GET /api/negocios/stats > aggregate calculation > sums COP values into totalCop and USD into totalUsd 1ms
 ✓ src/app/api/negocios/stats/__tests__/route.test.ts > GET /api/negocios/stats > aggregate calculation > handles null _sum.value without NaN 1ms
stderr | src/app/api/negocios/[id]/fondear-aportes/__tests__/route.test.ts
[auth] AUTH_SECRET is not set; using a static per-process secret (env=test). Set AUTH_SECRET in your environment to persist sessions across restarts.

stderr | src/app/api/negocios/__tests__/cancel.route.test.ts
[auth] AUTH_SECRET is not set; using a static per-process secret (env=test). Set AUTH_SECRET in your environment to persist sessions across restarts.

stderr | src/app/api/negocios/__tests__/cancel.route.test.ts > PATCH /api/negocios/[id]/cancel > Casos de Errores de Base de Datos > debe retornar 500 cuando findUnique falla
Error al cancelar negocio: Error: Database error
    at /Users/andres/Documents/financieramente/financieramente-app/src/app/api/negocios/__tests__/cancel.route.test.ts:865:43
    at file:///Users/andres/Documents/financieramente/financieramente-app/node_modules/@vitest/runner/dist/chunk-hooks.js:155:11
    at file:///Users/andres/Documents/financieramente/financieramente-app/node_modules/@vitest/runner/dist/chunk-hooks.js:752:26
    at file:///Users/andres/Documents/financieramente/financieramente-app/node_modules/@vitest/runner/dist/chunk-hooks.js:1897:20
    at new Promise (<anonymous>)
    at runWithTimeout (file:///Users/andres/Documents/financieramente/financieramente-app/node_modules/@vitest/runner/dist/chunk-hooks.js:1863:10)
    at runTest (file:///Users/andres/Documents/financieramente/financieramente-app/node_modules/@vitest/runner/dist/chunk-hooks.js:1574:12)
    at runSuite (file:///Users/andres/Documents/financieramente/financieramente-app/node_modules/@vitest/runner/dist/chunk-hooks.js:1729:8)
    at runSuite (file:///Users/andres/Documents/financieramente/financieramente-app/node_modules/@vitest/runner/dist/chunk-hooks.js:1729:8)
    at runSuite (file:///Users/andres/Documents/financieramente/financieramente-app/node_modules/@vitest/runner/dist/chunk-hooks.js:1729:8)

stderr | src/app/api/negocios/__tests__/cancel.route.test.ts > PATCH /api/negocios/[id]/cancel > Casos de Errores de Base de Datos > debe retornar 500 cuando update falla
Error al cancelar negocio: Error: Update failed
    at /Users/andres/Documents/financieramente/financieramente-app/src/app/api/negocios/__tests__/cancel.route.test.ts:923:39
    at file:///Users/andres/Documents/financieramente/financieramente-app/node_modules/@vitest/runner/dist/chunk-hooks.js:155:11
    at file:///Users/andres/Documents/financieramente/financieramente-app/node_modules/@vitest/runner/dist/chunk-hooks.js:752:26
    at file:///Users/andres/Documents/financieramente/financieramente-app/node_modules/@vitest/runner/dist/chunk-hooks.js:1897:20
    at new Promise (<anonymous>)
    at runWithTimeout (file:///Users/andres/Documents/financieramente/financieramente-app/node_modules/@vitest/runner/dist/chunk-hooks.js:1863:10)
    at runTest (file:///Users/andres/Documents/financieramente/financieramente-app/node_modules/@vitest/runner/dist/chunk-hooks.js:1574:12)
    at runSuite (file:///Users/andres/Documents/financieramente/financieramente-app/node_modules/@vitest/runner/dist/chunk-hooks.js:1729:8)
    at runSuite (file:///Users/andres/Documents/financieramente/financieramente-app/node_modules/@vitest/runner/dist/chunk-hooks.js:1729:8)
    at runSuite (file:///Users/andres/Documents/financieramente/financieramente-app/node_modules/@vitest/runner/dist/chunk-hooks.js:1729:8)

stderr | src/app/api/negocios/__tests__/cancel.route.test.ts > PATCH /api/negocios/[id]/cancel > Casos de Errores de Base de Datos > debe retornar 500 cuando getCurrentUserByEmail falla
Error al cancelar negocio: Error: Database connection error
    at /Users/andres/Documents/financieramente/financieramente-app/src/app/api/negocios/__tests__/cancel.route.test.ts:961:5
    at file:///Users/andres/Documents/financieramente/financieramente-app/node_modules/@vitest/runner/dist/chunk-hooks.js:155:11
    at file:///Users/andres/Documents/financieramente/financieramente-app/node_modules/@vitest/runner/dist/chunk-hooks.js:752:26
    at file:///Users/andres/Documents/financieramente/financieramente-app/node_modules/@vitest/runner/dist/chunk-hooks.js:1897:20
    at new Promise (<anonymous>)
    at runWithTimeout (file:///Users/andres/Documents/financieramente/financieramente-app/node_modules/@vitest/runner/dist/chunk-hooks.js:1863:10)
    at runTest (file:///Users/andres/Documents/financieramente/financieramente-app/node_modules/@vitest/runner/dist/chunk-hooks.js:1574:12)
    at runSuite (file:///Users/andres/Documents/financieramente/financieramente-app/node_modules/@vitest/runner/dist/chunk-hooks.js:1729:8)
    at runSuite (file:///Users/andres/Documents/financieramente/financieramente-app/node_modules/@vitest/runner/dist/chunk-hooks.js:1729:8)
    at runSuite (file:///Users/andres/Documents/financieramente/financieramente-app/node_modules/@vitest/runner/dist/chunk-hooks.js:1729:8)

 ✓ src/app/api/negocios/__tests__/cancel.route.test.ts > PATCH /api/negocios/[id]/cancel > Happy Path > debe cancelar negocio exitosamente con rol ADMIN 5ms
 ✓ src/app/api/negocios/__tests__/cancel.route.test.ts > PATCH /api/negocios/[id]/cancel > Happy Path > debe cancelar negocio exitosamente con rol ANALISTA_SOPORTE 1ms
 ✓ src/app/api/negocios/__tests__/cancel.route.test.ts > PATCH /api/negocios/[id]/cancel > Happy Path > debe cancelar negocio exitosamente con rol ASISTENTE_GERENCIA_OPERATIVA 1ms
 ✓ src/app/api/negocios/__tests__/cancel.route.test.ts > PATCH /api/negocios/[id]/cancel > Casos de Autenticación > debe retornar 401 cuando no hay sesión 2ms
 ✓ src/app/api/negocios/__tests__/cancel.route.test.ts > PATCH /api/negocios/[id]/cancel > Casos de Autenticación > debe retornar 401 cuando la sesión no tiene email 2ms
 ✓ src/app/api/negocios/__tests__/cancel.route.test.ts > PATCH /api/negocios/[id]/cancel > Casos de Validación de ID > debe retornar 400 cuando el ID no es un número válido 2ms
 ✓ src/app/api/negocios/__tests__/cancel.route.test.ts > PATCH /api/negocios/[id]/cancel > Casos de Validación de ID > debe retornar 400 cuando el ID es una cadena vacía 1ms
 ✓ src/app/api/negocios/__tests__/cancel.route.test.ts > PATCH /api/negocios/[id]/cancel > Casos de Validación de Body > debe retornar 400 cuando el motivo es muy corto 1ms
 ✓ src/app/api/negocios/__tests__/cancel.route.test.ts > PATCH /api/negocios/[id]/cancel > Casos de Validación de Body > debe retornar 400 cuando el motivo es muy largo 2ms
 ✓ src/app/api/negocios/__tests__/cancel.route.test.ts > PATCH /api/negocios/[id]/cancel > Casos de Validación de Body > debe retornar 400 cuando el motivo falta 1ms
 ✓ src/app/api/negocios/__tests__/cancel.route.test.ts > PATCH /api/negocios/[id]/cancel > Casos de Usuario No Encontrado > debe retornar 404 cuando el usuario no existe 1ms
 ✓ src/app/api/negocios/__tests__/cancel.route.test.ts > PATCH /api/negocios/[id]/cancel > Casos de Permisos > debe retornar 403 cuando el usuario es AGENTE 0ms
 ✓ src/app/api/negocios/__tests__/cancel.route.test.ts > PATCH /api/negocios/[id]/cancel > Casos de Permisos > debe retornar 403 cuando el usuario tiene rol DEFAULT 0ms
 ✓ src/app/api/negocios/__tests__/cancel.route.test.ts > PATCH /api/negocios/[id]/cancel > Casos de Negocio No Encontrado > debe retornar 404 cuando el negocio no existe 0ms
 ✓ src/app/api/negocios/__tests__/cancel.route.test.ts > PATCH /api/negocios/[id]/cancel > Casos de Estado del Negocio > debe retornar 400 cuando el negocio ya está cancelado 1ms
 ✓ src/app/api/negocios/__tests__/cancel.route.test.ts > PATCH /api/negocios/[id]/cancel > Casos de Estado del Negocio > debe retornar 400 cuando el negocio está en estado no cancelable 1ms
 ✓ src/app/api/negocios/__tests__/cancel.route.test.ts > PATCH /api/negocios/[id]/cancel > Casos de Errores de Base de Datos > debe retornar 500 cuando findUnique falla 1ms
 ✓ src/app/api/negocios/__tests__/cancel.route.test.ts > PATCH /api/negocios/[id]/cancel > Casos de Errores de Base de Datos > debe retornar 500 cuando update falla 1ms
 ✓ src/app/api/negocios/__tests__/cancel.route.test.ts > PATCH /api/negocios/[id]/cancel > Casos de Errores de Base de Datos > debe retornar 500 cuando getCurrentUserByEmail falla 1ms
 ✓ src/app/api/negocios/__tests__/cancel.route.test.ts > PATCH /api/negocios/[id]/cancel > Verificación de Observaciones > debe agregar el prefijo [CANCELADO] a las observaciones 1ms
 ✓ src/app/api/negocios/__tests__/cancel.route.test.ts > PATCH /api/negocios/[id]/cancel > Verificación de Audit Log > debe registrar el evento de cancelación con todos los detalles 0ms
stderr | src/app/api/negocios/export/__tests__/route.test.ts
[auth] AUTH_SECRET is not set; using a static per-process secret (env=test). Set AUTH_SECRET in your environment to persist sessions across restarts.

stdout | src/features/email/__tests__/admin-notifications.test.ts > admin-notifications > sendNewUserNotificationToAdmins > debe obtener administradores activos
✅ Notificación enviada exitosamente a admin1@example.com
✅ Notificación enviada exitosamente a admin2@example.com

stdout | src/features/email/__tests__/admin-notifications.test.ts > admin-notifications > sendNewUserNotificationToAdmins > debe obtener administradores activos
[sendNewUserNotificationToAdmins] Resultado: 2 exitosos, 0 fallidos

stdout | src/features/email/__tests__/admin-notifications.test.ts > admin-notifications > sendNewUserNotificationToAdmins > debe usar NEXTAUTH_URL como baseUrl si está disponible
✅ Notificación enviada exitosamente a admin1@example.com
✅ Notificación enviada exitosamente a admin2@example.com

stdout | src/features/email/__tests__/admin-notifications.test.ts > admin-notifications > sendNewUserNotificationToAdmins > debe usar NEXTAUTH_URL como baseUrl si está disponible
[sendNewUserNotificationToAdmins] Resultado: 2 exitosos, 0 fallidos

stdout | src/features/email/__tests__/admin-notifications.test.ts > admin-notifications > sendNewUserNotificationToAdmins > debe usar NEXT_PUBLIC_API_URL como baseUrl si NEXTAUTH_URL no está disponible
✅ Notificación enviada exitosamente a admin1@example.com
✅ Notificación enviada exitosamente a admin2@example.com

stdout | src/features/email/__tests__/admin-notifications.test.ts > admin-notifications > sendNewUserNotificationToAdmins > debe usar NEXT_PUBLIC_API_URL como baseUrl si NEXTAUTH_URL no está disponible
[sendNewUserNotificationToAdmins] Resultado: 2 exitosos, 0 fallidos

stdout | src/features/email/__tests__/admin-notifications.test.ts > admin-notifications > sendNewUserNotificationToAdmins > debe usar localhost como fallback si no hay variables de entorno
✅ Notificación enviada exitosamente a admin1@example.com
✅ Notificación enviada exitosamente a admin2@example.com

stdout | src/features/email/__tests__/admin-notifications.test.ts > admin-notifications > sendNewUserNotificationToAdmins > debe usar localhost como fallback si no hay variables de entorno
[sendNewUserNotificationToAdmins] Resultado: 2 exitosos, 0 fallidos

stdout | src/features/email/__tests__/admin-notifications.test.ts > admin-notifications > sendNewUserNotificationToAdmins > debe enviar email a cada administrador
✅ Notificación enviada exitosamente a admin1@example.com
✅ Notificación enviada exitosamente a admin2@example.com

stdout | src/features/email/__tests__/admin-notifications.test.ts > admin-notifications > sendNewUserNotificationToAdmins > debe enviar email a cada administrador
[sendNewUserNotificationToAdmins] Resultado: 2 exitosos, 0 fallidos

stdout | src/features/email/__tests__/admin-notifications.test.ts > admin-notifications > sendNewUserNotificationToAdmins > debe manejar errores sin propagar
[sendNewUserNotificationToAdmins] Resultado: 2 exitosos, 0 fallidos

stdout | src/features/email/__tests__/admin-notifications.test.ts > admin-notifications > sendNewUserNotificationToAdmins > debe manejar errores individuales sin afectar otros envíos
✅ Notificación enviada exitosamente a admin2@example.com

stdout | src/features/email/__tests__/admin-notifications.test.ts > admin-notifications > sendNewUserNotificationToAdmins > debe manejar errores individuales sin afectar otros envíos
[sendNewUserNotificationToAdmins] Resultado: 2 exitosos, 0 fallidos

stdout | src/features/email/__tests__/admin-notifications.test.ts > admin-notifications > sendNewUserNotificationToAdmins > debe usar Promise.allSettled para envío paralelo
✅ Notificación enviada exitosamente a admin1@example.com
✅ Notificación enviada exitosamente a admin2@example.com

stdout | src/features/email/__tests__/admin-notifications.test.ts > admin-notifications > sendNewUserNotificationToAdmins > debe usar Promise.allSettled para envío paralelo
[sendNewUserNotificationToAdmins] Resultado: 2 exitosos, 0 fallidos

stdout | src/features/email/__tests__/admin-notifications.test.ts > admin-notifications > sendNewUserNotificationToAdmins > debe loggear error cuando el email falla
[sendNewUserNotificationToAdmins] Resultado: 2 exitosos, 0 fallidos

 ✓ src/features/email/__tests__/admin-notifications.test.ts > admin-notifications > getActiveAdminUsers > debe retornar administradores activos 2ms
 ✓ src/features/email/__tests__/admin-notifications.test.ts > admin-notifications > getActiveAdminUsers > debe retornar array vacío si no hay administradores 0ms
 ✓ src/features/email/__tests__/admin-notifications.test.ts > admin-notifications > getActiveAdminUsers > debe manejar errores de Prisma y retornar array vacío 1ms
 ✓ src/features/email/__tests__/admin-notifications.test.ts > admin-notifications > generateNotificationHTML > debe generar HTML válido con DOCTYPE 1ms
 ✓ src/features/email/__tests__/admin-notifications.test.ts > admin-notifications > generateNotificationHTML > debe incluir información del usuario 1ms
 ✓ src/features/email/__tests__/admin-notifications.test.ts > admin-notifications > generateNotificationHTML > debe incluir link correcto a dashboard/admin/users 1ms
 ✓ src/features/email/__tests__/admin-notifications.test.ts > admin-notifications > generateNotificationHTML > debe incluir colores de marca 0ms
 ✓ src/features/email/__tests__/admin-notifications.test.ts > admin-notifications > generateNotificationHTML > debe incluir fecha formateada en español 1ms
 ✓ src/features/email/__tests__/admin-notifications.test.ts > admin-notifications > generateNotificationHTML > debe incluir título y estructura correcta 0ms
 ✓ src/features/email/__tests__/admin-notifications.test.ts > admin-notifications > generateNotificationHTML > debe incluir saludo personalizado con nombre del administrador 0ms
 ✓ src/features/email/__tests__/admin-notifications.test.ts > admin-notifications > generateNotificationHTML > debe incluir logo de Financieramente 0ms
 ✓ src/features/email/__tests__/admin-notifications.test.ts > admin-notifications > generateNotificationHTML > debe incluir footer con copyright 0ms
 ✓ src/features/email/__tests__/admin-notifications.test.ts > admin-notifications > generateNotificationPlainText > debe incluir toda la información del usuario 0ms
 ✓ src/features/email/__tests__/admin-notifications.test.ts > admin-notifications > generateNotificationPlainText > debe incluir link directo 0ms
 ✓ src/features/email/__tests__/admin-notifications.test.ts > admin-notifications > generateNotificationPlainText > debe incluir título y mensaje principal 0ms
 ✓ src/features/email/__tests__/admin-notifications.test.ts > admin-notifications > generateNotificationPlainText > debe incluir fecha formateada 1ms
 ✓ src/features/email/__tests__/admin-notifications.test.ts > admin-notifications > generateNotificationPlainText > debe incluir saludo personalizado con nombre del administrador 1ms
 ✓ src/features/email/__tests__/admin-notifications.test.ts > admin-notifications > sendNewUserNotificationToAdmins > debe obtener administradores activos 1ms
 ✓ src/features/email/__tests__/admin-notifications.test.ts > admin-notifications > sendNewUserNotificationToAdmins > debe usar NEXTAUTH_URL como baseUrl si está disponible 7ms
 ✓ src/features/email/__tests__/admin-notifications.test.ts > admin-notifications > sendNewUserNotificationToAdmins > debe usar NEXT_PUBLIC_API_URL como baseUrl si NEXTAUTH_URL no está disponible 1ms
 ✓ src/features/email/__tests__/admin-notifications.test.ts > admin-notifications > sendNewUserNotificationToAdmins > debe usar localhost como fallback si no hay variables de entorno 1ms
 ✓ src/features/email/__tests__/admin-notifications.test.ts > admin-notifications > sendNewUserNotificationToAdmins > debe enviar email a cada administrador 1ms
 ✓ src/features/email/__tests__/admin-notifications.test.ts > admin-notifications > sendNewUserNotificationToAdmins > debe manejar caso sin administradores 0ms
 ✓ src/features/email/__tests__/admin-notifications.test.ts > admin-notifications > sendNewUserNotificationToAdmins > debe manejar errores sin propagar 1ms
 ✓ src/features/email/__tests__/admin-notifications.test.ts > admin-notifications > sendNewUserNotificationToAdmins > debe manejar errores individuales sin afectar otros envíos 1ms
 ✓ src/features/email/__tests__/admin-notifications.test.ts > admin-notifications > sendNewUserNotificationToAdmins > debe usar Promise.allSettled para envío paralelo 1ms
 ✓ src/features/email/__tests__/admin-notifications.test.ts > admin-notifications > sendNewUserNotificationToAdmins > debe loggear éxito cuando el email se envía correctamente 1ms
 ✓ src/features/email/__tests__/admin-notifications.test.ts > admin-notifications > sendNewUserNotificationToAdmins > debe loggear error cuando el email falla 1ms
 ✓ src/app/api/negocios/export/__tests__/route.test.ts > POST /api/negocios/export > retorna 403 cuando el rol es AGENTE 4ms
 ✓ src/app/api/negocios/export/__tests__/route.test.ts > POST /api/negocios/export > retorna 200, xlsx y cuerpo no vacío cuando hay datos (ADMIN) 11ms
 ✓ src/app/api/negocios/export/__tests__/route.test.ts > POST /api/negocios/export > retorna 413 cuando el conteo supera EXPORT_MAX_ROWS 1ms
 ✓ src/app/api/negocios/export/__tests__/route.test.ts > POST /api/negocios/export > retorna 404 cuando no hay negocios que coincidan 1ms
 ✓ src/app/api/negocios/export/__tests__/route.test.ts > POST /api/negocios/export > retorna 200 con rol ANALISTA_SOPORTE (export permitido) 2ms
stderr | src/app/api/products/[id]/__tests__/route.test.ts
[auth] AUTH_SECRET is not set; using a static per-process secret (env=test). Set AUTH_SECRET in your environment to persist sessions across restarts.

stderr | src/app/api/products/[id]/__tests__/route.test.ts > GET /api/products/[id] > Casos de Errores de Base de Datos > debe retornar 500 cuando findUnique falla
Error fetching product: Error: Database error
    at /Users/andres/Documents/financieramente/financieramente-app/src/app/api/products/[id]/__tests__/route.test.ts:119:43
    at file:///Users/andres/Documents/financieramente/financieramente-app/node_modules/@vitest/runner/dist/chunk-hooks.js:155:11
    at file:///Users/andres/Documents/financieramente/financieramente-app/node_modules/@vitest/runner/dist/chunk-hooks.js:752:26
    at file:///Users/andres/Documents/financieramente/financieramente-app/node_modules/@vitest/runner/dist/chunk-hooks.js:1897:20
    at new Promise (<anonymous>)
    at runWithTimeout (file:///Users/andres/Documents/financieramente/financieramente-app/node_modules/@vitest/runner/dist/chunk-hooks.js:1863:10)
    at runTest (file:///Users/andres/Documents/financieramente/financieramente-app/node_modules/@vitest/runner/dist/chunk-hooks.js:1574:12)
    at runSuite (file:///Users/andres/Documents/financieramente/financieramente-app/node_modules/@vitest/runner/dist/chunk-hooks.js:1729:8)
    at runSuite (file:///Users/andres/Documents/financieramente/financieramente-app/node_modules/@vitest/runner/dist/chunk-hooks.js:1729:8)
    at runSuite (file:///Users/andres/Documents/financieramente/financieramente-app/node_modules/@vitest/runner/dist/chunk-hooks.js:1729:8)

stderr | src/app/api/products/[id]/__tests__/route.test.ts > PUT /api/products/[id] > Casos de Errores de Base de Datos > debe retornar 500 cuando update falla
Error updating product: Error: Update failed
    at /Users/andres/Documents/financieramente/financieramente-app/src/app/api/products/[id]/__tests__/route.test.ts:614:39
    at file:///Users/andres/Documents/financieramente/financieramente-app/node_modules/@vitest/runner/dist/chunk-hooks.js:155:11
    at file:///Users/andres/Documents/financieramente/financieramente-app/node_modules/@vitest/runner/dist/chunk-hooks.js:752:26
    at file:///Users/andres/Documents/financieramente/financieramente-app/node_modules/@vitest/runner/dist/chunk-hooks.js:1897:20
    at new Promise (<anonymous>)
    at runWithTimeout (file:///Users/andres/Documents/financieramente/financieramente-app/node_modules/@vitest/runner/dist/chunk-hooks.js:1863:10)
    at runTest (file:///Users/andres/Documents/financieramente/financieramente-app/node_modules/@vitest/runner/dist/chunk-hooks.js:1574:12)
    at runSuite (file:///Users/andres/Documents/financieramente/financieramente-app/node_modules/@vitest/runner/dist/chunk-hooks.js:1729:8)
    at runSuite (file:///Users/andres/Documents/financieramente/financieramente-app/node_modules/@vitest/runner/dist/chunk-hooks.js:1729:8)
    at runSuite (file:///Users/andres/Documents/financieramente/financieramente-app/node_modules/@vitest/runner/dist/chunk-hooks.js:1729:8)

stderr | src/app/api/products/[id]/__tests__/route.test.ts > DELETE /api/products/[id] > Casos de Errores de Base de Datos > debe retornar 500 cuando delete falla
Error deleting product: Error: Delete failed
    at /Users/andres/Documents/financieramente/financieramente-app/src/app/api/products/[id]/__tests__/route.test.ts:856:39
    at file:///Users/andres/Documents/financieramente/financieramente-app/node_modules/@vitest/runner/dist/chunk-hooks.js:155:11
    at file:///Users/andres/Documents/financieramente/financieramente-app/node_modules/@vitest/runner/dist/chunk-hooks.js:752:26
    at file:///Users/andres/Documents/financieramente/financieramente-app/node_modules/@vitest/runner/dist/chunk-hooks.js:1897:20
    at new Promise (<anonymous>)
    at runWithTimeout (file:///Users/andres/Documents/financieramente/financieramente-app/node_modules/@vitest/runner/dist/chunk-hooks.js:1863:10)
    at runTest (file:///Users/andres/Documents/financieramente/financieramente-app/node_modules/@vitest/runner/dist/chunk-hooks.js:1574:12)
    at runSuite (file:///Users/andres/Documents/financieramente/financieramente-app/node_modules/@vitest/runner/dist/chunk-hooks.js:1729:8)
    at runSuite (file:///Users/andres/Documents/financieramente/financieramente-app/node_modules/@vitest/runner/dist/chunk-hooks.js:1729:8)
    at runSuite (file:///Users/andres/Documents/financieramente/financieramente-app/node_modules/@vitest/runner/dist/chunk-hooks.js:1729:8)

 ✓ src/app/api/products/[id]/__tests__/route.test.ts > GET /api/products/[id] > Happy Path > debe obtener producto exitosamente por ID 3ms
 ✓ src/app/api/products/[id]/__tests__/route.test.ts > GET /api/products/[id] > Casos de Producto No Encontrado > debe retornar 404 cuando el producto no existe 0ms
 ✓ src/app/api/products/[id]/__tests__/route.test.ts > GET /api/products/[id] > Casos de Errores de Base de Datos > debe retornar 500 cuando findUnique falla 1ms
 ✓ src/app/api/products/[id]/__tests__/route.test.ts > PUT /api/products/[id] > Happy Path > debe actualizar producto exitosamente 4ms
 ✓ src/app/api/products/[id]/__tests__/route.test.ts > PUT /api/products/[id] > Happy Path > debe actualizar solo el campo status 1ms
 ✓ src/app/api/products/[id]/__tests__/route.test.ts > PUT /api/products/[id] > Happy Path > debe actualizar solo el campo idCompany 0ms
 ✓ src/app/api/products/[id]/__tests__/route.test.ts > PUT /api/products/[id] > Casos de Autenticación > debe retornar 401 cuando no hay sesión 0ms
 ✓ src/app/api/products/[id]/__tests__/route.test.ts > PUT /api/products/[id] > Casos de Validación > debe retornar 400 cuando el schema es inválido 1ms
 ✓ src/app/api/products/[id]/__tests__/route.test.ts > PUT /api/products/[id] > Casos de Producto No Encontrado > debe retornar 404 cuando el producto no existe 0ms
 ✓ src/app/api/products/[id]/__tests__/route.test.ts > PUT /api/products/[id] > Casos de Nombre Duplicado > debe retornar 409 cuando ya existe otro producto con el mismo nombre para la compañía 0ms
 ✓ src/app/api/products/[id]/__tests__/route.test.ts > PUT /api/products/[id] > Casos de Nombre Duplicado > debe permitir actualizar con el mismo nombre del mismo producto 0ms
 ✓ src/app/api/products/[id]/__tests__/route.test.ts > PUT /api/products/[id] > Casos de Producto en Uso > debe retornar 409 cuando se intenta desactivar un producto en uso 0ms
 ✓ src/app/api/products/[id]/__tests__/route.test.ts > PUT /api/products/[id] > Casos de Producto en Uso > debe permitir desactivar un producto que no está en uso 0ms
 ✓ src/app/api/products/[id]/__tests__/route.test.ts > PUT /api/products/[id] > Casos de Errores de Base de Datos > debe retornar 500 cuando update falla 1ms
 ✓ src/app/api/products/[id]/__tests__/route.test.ts > PUT /api/products/[id] > Casos de Errores de Base de Datos > debe retornar 404 cuando Prisma lanza error P2025 1ms
 ✓ src/app/api/products/[id]/__tests__/route.test.ts > DELETE /api/products/[id] > Happy Path > debe eliminar producto exitosamente 1ms
 ✓ src/app/api/products/[id]/__tests__/route.test.ts > DELETE /api/products/[id] > Casos de Autenticación > debe retornar 401 cuando no hay sesión 0ms
 ✓ src/app/api/products/[id]/__tests__/route.test.ts > DELETE /api/products/[id] > Casos de Producto No Encontrado > debe retornar 404 cuando el producto no existe 0ms
 ✓ src/app/api/products/[id]/__tests__/route.test.ts > DELETE /api/products/[id] > Casos de Producto en Uso > debe retornar 409 cuando el producto está siendo utilizado 0ms
 ✓ src/app/api/products/[id]/__tests__/route.test.ts > DELETE /api/products/[id] > Casos de Errores de Base de Datos > debe retornar 500 cuando delete falla 0ms
 ✓ src/app/api/products/[id]/__tests__/route.test.ts > DELETE /api/products/[id] > Casos de Errores de Base de Datos > debe retornar 404 cuando Prisma lanza error P2025 0ms
 ✓ src/features/commission-discounts/__tests__/use-commission-discount-mutations.test.ts > useCommissionDiscountMutations > createDiscount calls API and onSuccess callback 8ms
 ✓ src/features/commission-discounts/__tests__/use-commission-discount-mutations.test.ts > useCommissionDiscountMutations > inactivateDiscount calls API and onSuccess callback 2ms
 ✓ src/features/commission-discounts/__tests__/use-commission-discount-mutations.test.ts > useCommissionDiscountMutations > sets error state when createDiscount API call fails 1ms
stderr | src/app/api/negocios/[id]/fondear/__tests__/route.test.ts
[auth] AUTH_SECRET is not set; using a static per-process secret (env=test). Set AUTH_SECRET in your environment to persist sessions across restarts.

 ✓ src/app/api/negocios/[id]/fondear/__tests__/route.test.ts > POST /api/negocios/[id]/fondear > Happy Path > debe fondear un negocio EMITIDO sin anualidades y retornar 200 con status FONDEADO y dateAnchored 4ms
 ✓ src/app/api/negocios/[id]/fondear/__tests__/route.test.ts > POST /api/negocios/[id]/fondear > Status Guard > debe retornar 400 cuando el negocio está en estado VENTA_EFECTUADA 1ms
 ✓ src/app/api/negocios/[id]/fondear/__tests__/route.test.ts > POST /api/negocios/[id]/fondear > Status Guard > debe retornar 400 cuando el negocio ya está en estado FONDEADO 0ms
 ✓ src/app/api/negocios/[id]/fondear/__tests__/route.test.ts > POST /api/negocios/[id]/fondear > AnnualPayments Guard > debe retornar 400 cuando el negocio EMITIDO tiene annualPayments > 0 0ms
 ✓ src/app/api/negocios/[id]/fondear/__tests__/route.test.ts > POST /api/negocios/[id]/fondear > Role Guard > debe retornar 403 cuando el usuario tiene rol ANALISTA_SOPORTE 0ms
 ✓ src/app/api/negocios/[id]/fondear/__tests__/route.test.ts > POST /api/negocios/[id]/fondear > Role Guard > debe retornar 401 cuando no hay sesión 1ms
 ✓ src/app/api/negocios/[id]/fondear/__tests__/route.test.ts > POST /api/negocios/[id]/fondear > Role Guard > debe retornar 404 cuando el usuario no existe 0ms
 ✓ src/app/api/negocios/[id]/fondear/__tests__/route.test.ts > POST /api/negocios/[id]/fondear > Role Guard > debe retornar 404 cuando el negocio no existe 0ms
 ✓ src/app/api/negocios/[id]/fondear/__tests__/route.test.ts > POST /api/negocios/[id]/fondear > Role Guard > debe retornar 400 cuando el id no es un número válido 0ms
 ✓ src/app/api/negocios/[id]/fondear-aportes/__tests__/route.test.ts > POST /api/negocios/[id]/fondear-aportes > 401 sin sesión 2ms
 ✓ src/app/api/negocios/[id]/fondear-aportes/__tests__/route.test.ts > POST /api/negocios/[id]/fondear-aportes > 403 AGENTE no puede fondear 2ms
 ✓ src/app/api/negocios/[id]/fondear-aportes/__tests__/route.test.ts > POST /api/negocios/[id]/fondear-aportes > 400 negocio sin aportes → fondeo directo 1ms
 ✓ src/app/api/negocios/[id]/fondear-aportes/__tests__/route.test.ts > POST /api/negocios/[id]/fondear-aportes > 200 EMITIDO → FONDEADO: persiste expectedDate y emite audit 3ms
 ✓ src/app/api/negocios/[id]/fondear-aportes/__tests__/route.test.ts > POST /api/negocios/[id]/fondear-aportes > 400 sin cuotas pendientes entre los índices 1ms
stdout | src/features/pre-liquidacion/__tests__/services/pre-liquidacion.service.test.ts > procesarPreLiquidacion > should return success and process records when everything is correct
[DEBUG] Resolviendo FIXED para GENERAL -> idFixedUser: 77

stdout | src/features/pre-liquidacion/__tests__/services/pre-liquidacion.service.test.ts > procesarPreLiquidacion > should create Clawback per category and NOT update ClawbackBalance when POLIZA with clawbackPercentage > 0
[DEBUG] Resolviendo FIXED para A -> idFixedUser: 77
[DEBUG] Resolviendo FIXED para B -> idFixedUser: 77

stdout | src/features/pre-liquidacion/__tests__/services/pre-liquidacion.service.test.ts > procesarPreLiquidacion > omits registro when UPLINE_CHAIN has no matching user in chain
[DEBUG] Resolviendo UPLINE para NOMATCH (idLevel: 99) en cadena de 1 eslabones:
   [0] User: 1, Level: 1
   [FAIL] No hay coincidencia para idLevel: 99

stderr | src/features/pre-liquidacion/__tests__/services/pre-liquidacion.service.test.ts > procesarPreLiquidacion > omits registro when UPLINE_CHAIN has no matching user in chain
Pre-liquidación omitida registro 300: categoría NOMATCH — UPLINE_NO_LEADER

stdout | src/features/pre-liquidacion/__tests__/services/pre-liquidacion.service.test.ts > procesarPreLiquidacion > mixed: one success + one UPLINE_NO_MATCH — successful record PRE-SETTLED, failed stays SYNCHRONIZED, FileImport NOT advanced
[DEBUG] Resolviendo FIXED para GENERAL -> idFixedUser: 77

stdout | src/features/pre-liquidacion/__tests__/services/pre-liquidacion.service.test.ts > procesarPreLiquidacion > mixed: one success + one UPLINE_NO_MATCH — successful record PRE-SETTLED, failed stays SYNCHRONIZED, FileImport NOT advanced
[DEBUG] Resolviendo UPLINE para NOMATCH (idLevel: 99) en cadena de 1 eslabones:
   [0] User: 2, Level: 5
   [FAIL] No hay coincidencia para idLevel: 99

stderr | src/features/pre-liquidacion/__tests__/services/pre-liquidacion.service.test.ts > procesarPreLiquidacion > mixed: one success + one UPLINE_NO_MATCH — successful record PRE-SETTLED, failed stays SYNCHRONIZED, FileImport NOT advanced
Pre-liquidación omitida registro 501: categoría NOMATCH — UPLINE_NO_LEADER

stdout | src/features/pre-liquidacion/__tests__/services/pre-liquidacion.service.test.ts > procesarPreLiquidacion > all succeed: FileImport updated to PRE-SETTLED; registrosConError is empty
[DEBUG] Resolviendo FIXED para AGENCIA -> idFixedUser: 50

 ✓ src/features/pre-liquidacion/__tests__/services/pre-liquidacion.service.test.ts > procesarPreLiquidacion > should return error if file does not exist 1ms
 ✓ src/features/pre-liquidacion/__tests__/services/pre-liquidacion.service.test.ts > procesarPreLiquidacion > should return error if file is not in LOAD status 0ms
 ✓ src/features/pre-liquidacion/__tests__/services/pre-liquidacion.service.test.ts > procesarPreLiquidacion > should return success and process records when everything is correct 3ms
 ✓ src/features/pre-liquidacion/__tests__/services/pre-liquidacion.service.test.ts > procesarPreLiquidacion > should create Clawback per category and NOT update ClawbackBalance when POLIZA with clawbackPercentage > 0 1ms
 ✓ src/features/pre-liquidacion/__tests__/services/pre-liquidacion.service.test.ts > procesarPreLiquidacion > omits registro when UPLINE_CHAIN has no matching user in chain 2ms
 ✓ src/features/pre-liquidacion/__tests__/services/pre-liquidacion.service.test.ts > procesarPreLiquidacion > mixed: one success + one UPLINE_NO_MATCH — successful record PRE-SETTLED, failed stays SYNCHRONIZED, FileImport NOT advanced 1ms
 ✓ src/features/pre-liquidacion/__tests__/services/pre-liquidacion.service.test.ts > procesarPreLiquidacion > all succeed: FileImport updated to PRE-SETTLED; registrosConError is empty 0ms
 ✓ src/features/pre-liquidacion/__tests__/services/pre-liquidacion.service.test.ts > obtenerRegistrosParaLiquidacion > returns null when file does not exist 0ms
 ✓ src/features/pre-liquidacion/__tests__/services/pre-liquidacion.service.test.ts > obtenerRegistrosParaLiquidacion > returns only SYNCHRONIZED records and correct archivo.fileType 3ms
 ✓ src/features/pre-liquidacion/__tests__/services/pre-liquidacion.service.test.ts > obtenerRegistrosParaLiquidacion > returns empty registros with archivo metadata when file has no SYNCHRONIZED records 0ms
 ✓ src/features/pre-liquidacion/__tests__/services/pre-liquidacion.service.test.ts > liquidarRegistros > updates only PRE-SETTLED ids and returns liquidated count 1ms
 ✓ src/features/pre-liquidacion/__tests__/services/pre-liquidacion.service.test.ts > liquidarRegistros > sets FileImport SETTLED when 0 SYNCHRONIZED and 0 PRE-SETTLED remain 0ms
 ✓ src/features/pre-liquidacion/__tests__/services/pre-liquidacion.service.test.ts > liquidarRegistros > does not set FileImport SETTLED when SYNCHRONIZED rows still exist 0ms
 ✓ src/features/pre-liquidacion/__tests__/services/pre-liquidacion.service.test.ts > liquidarRegistros > skips ids not in PRE-SETTLED and returns actual liquidated count 0ms
 ✓ src/features/pre-liquidacion/__tests__/services/pre-liquidacion.service.test.ts > liquidarRegistros > does not set FileImport SETTLED when 0 SYNCHRONIZED but PRE-SETTLED remain 0ms
 ✓ src/features/pre-liquidacion/__tests__/services/pre-liquidacion.service.test.ts > rezagarRegistros > updates only PRE-SETTLED ids to LAG and returns fileCompleted: false if records remain 0ms
 ✓ src/features/pre-liquidacion/__tests__/services/pre-liquidacion.service.test.ts > rezagarRegistros > sets FileImport as SETTLED when lagging last records and returns fileCompleted: true 0ms
 ✓ src/features/auth/hooks/__tests__/use-auth.test.ts > useAuth > should return loading state when session is loading 8ms
 ✓ src/features/auth/hooks/__tests__/use-auth.test.ts > useAuth > should return authenticated state when session exists 4ms
 ✓ src/features/auth/hooks/__tests__/use-auth.test.ts > useAuth > should return unauthenticated state when session is unauthenticated 1ms
 ✓ src/features/auth/hooks/__tests__/use-auth.test.ts > useAuth > should return unauthenticated when status is loading 1ms
 ✓ src/features/levels/__tests__/lib/level-schemas.test.ts > level-schemas > createLevelSchema > should validate valid level data (happy path) 3ms
 ✓ src/features/levels/__tests__/lib/level-schemas.test.ts > level-schemas > createLevelSchema > should trim whitespace from code and name 0ms
 ✓ src/features/levels/__tests__/lib/level-schemas.test.ts > level-schemas > createLevelSchema > should reject empty code 1ms
 ✓ src/features/levels/__tests__/lib/level-schemas.test.ts > level-schemas > createLevelSchema > should reject code longer than 20 characters 0ms
 ✓ src/features/levels/__tests__/lib/level-schemas.test.ts > level-schemas > createLevelSchema > should accept code with exactly 20 characters 0ms
 ✓ src/features/levels/__tests__/lib/level-schemas.test.ts > level-schemas > createLevelSchema > should reject empty name 0ms
 ✓ src/features/levels/__tests__/lib/level-schemas.test.ts > level-schemas > createLevelSchema > should reject name shorter than 2 characters 0ms
 ✓ src/features/levels/__tests__/lib/level-schemas.test.ts > level-schemas > createLevelSchema > should reject name longer than 50 characters 0ms
 ✓ src/features/levels/__tests__/lib/level-schemas.test.ts > level-schemas > createLevelSchema > should accept name with exactly 2 characters 0ms
 ✓ src/features/levels/__tests__/lib/level-schemas.test.ts > level-schemas > createLevelSchema > should accept name with exactly 50 characters 0ms
 ✓ src/features/levels/__tests__/lib/level-schemas.test.ts > level-schemas > createLevelSchema > should validate typeLevel enum MMS 0ms
 ✓ src/features/levels/__tests__/lib/level-schemas.test.ts > level-schemas > createLevelSchema > should validate typeLevel enum ALIADO 0ms
 ✓ src/features/levels/__tests__/lib/level-schemas.test.ts > level-schemas > createLevelSchema > should validate typeLevel enum TRINITY 0ms
 ✓ src/features/levels/__tests__/lib/level-schemas.test.ts > level-schemas > createLevelSchema > should accept optional descripcion as null 0ms
 ✓ src/features/levels/__tests__/lib/level-schemas.test.ts > level-schemas > createLevelSchema > should accept optional descripcion as undefined 0ms
 ✓ src/features/levels/__tests__/lib/level-schemas.test.ts > level-schemas > createLevelSchema > should accept descripcion as string 0ms
 ✓ src/features/levels/__tests__/lib/level-schemas.test.ts > level-schemas > createLevelSchema > should validate status as boolean 0ms
 ✓ src/features/levels/__tests__/lib/level-schemas.test.ts > level-schemas > createLevelSchema > should reject missing required fields 0ms
 ✓ src/features/levels/__tests__/lib/level-schemas.test.ts > level-schemas > beneficiaryMode and idFixedBeneficiaryUser validation > should fail when BENEFICIARIO_GENERAL and idFixedBeneficiaryUser is null 0ms
 ✓ src/features/levels/__tests__/lib/level-schemas.test.ts > level-schemas > beneficiaryMode and idFixedBeneficiaryUser validation > should fail when BENEFICIARIO_GENERAL and idFixedBeneficiaryUser is undefined 0ms
 ✓ src/features/levels/__tests__/lib/level-schemas.test.ts > level-schemas > beneficiaryMode and idFixedBeneficiaryUser validation > should pass when OVERRIDE and idFixedBeneficiaryUser is null 0ms
 ✓ src/features/levels/__tests__/lib/level-schemas.test.ts > level-schemas > beneficiaryMode and idFixedBeneficiaryUser validation > should pass when BENEFICIARIO_GENERAL and idFixedBeneficiaryUser is a valid positive integer 0ms
 ✓ src/features/levels/__tests__/lib/level-schemas.test.ts > level-schemas > beneficiaryMode and idFixedBeneficiaryUser validation > should default beneficiaryMode to OVERRIDE when not provided 0ms
 ✓ src/features/levels/__tests__/lib/level-schemas.test.ts > level-schemas > color field validation > should fail when color is missing 0ms
 ✓ src/features/levels/__tests__/lib/level-schemas.test.ts > level-schemas > color field validation > should fail when color is not a valid hex color 0ms
 ✓ src/features/levels/__tests__/lib/level-schemas.test.ts > level-schemas > color field validation > should pass when color is a valid 6-digit hex color 0ms
 ✓ src/features/levels/__tests__/lib/level-schemas.test.ts > level-schemas > idNextLevel field validation > should pass when idNextLevel is not provided (optional) 0ms
 ✓ src/features/levels/__tests__/lib/level-schemas.test.ts > level-schemas > idNextLevel field validation > should pass when idNextLevel is a positive integer 0ms
 ✓ src/features/levels/__tests__/lib/level-schemas.test.ts > level-schemas > idNextLevel field validation > should pass when idNextLevel is null 0ms
 ✓ src/features/levels/__tests__/lib/level-schemas.test.ts > level-schemas > updateLevelSchema > should validate with all fields (happy path) 0ms
 ✓ src/features/levels/__tests__/lib/level-schemas.test.ts > level-schemas > updateLevelSchema > should validate with only code 0ms
 ✓ src/features/levels/__tests__/lib/level-schemas.test.ts > level-schemas > updateLevelSchema > should validate with only name 0ms
 ✓ src/features/levels/__tests__/lib/level-schemas.test.ts > level-schemas > updateLevelSchema > should validate with only typeLevel 0ms
 ✓ src/features/levels/__tests__/lib/level-schemas.test.ts > level-schemas > updateLevelSchema > should validate with only descripcion 0ms
 ✓ src/features/levels/__tests__/lib/level-schemas.test.ts > level-schemas > updateLevelSchema > should validate with only status 0ms
 ✓ src/features/levels/__tests__/lib/level-schemas.test.ts > level-schemas > updateLevelSchema > should validate empty object (partial update) 0ms
 ✓ src/features/levels/__tests__/lib/level-schemas.test.ts > level-schemas > updateLevelSchema > should reject code shorter than 1 character when provided 0ms
 ✓ src/features/levels/__tests__/lib/level-schemas.test.ts > level-schemas > updateLevelSchema > should reject code longer than 20 characters when provided 0ms
 ✓ src/features/levels/__tests__/lib/level-schemas.test.ts > level-schemas > updateLevelSchema > should reject name shorter than 2 characters when provided 0ms
 ✓ src/features/levels/__tests__/lib/level-schemas.test.ts > level-schemas > updateLevelSchema > should reject name longer than 50 characters when provided 0ms
 ✓ src/features/levels/__tests__/lib/level-schemas.test.ts > level-schemas > updateLevelSchema > should trim whitespace from string fields 0ms
 ✓ src/app/api/negocios/[id]/__tests__/route.test.ts > PUT /api/negocios/[id] > should delegate origin updates to recalcularComisionesPorCambioOrigen when business is EMITIDO 6ms
 ✓ src/app/api/negocios/[id]/__tests__/route.test.ts > PUT /api/negocios/[id] > should return 400 if trying to change origin of a non-EMITIDO business 1ms
 ✓ src/app/api/negocios/[id]/__tests__/route.test.ts > PUT /api/negocios/[id] > should return 400 with a clear message when validateProductConfigurationExists returns false 0ms
 ✓ src/app/api/negocios/[id]/__tests__/route.test.ts > PUT /api/negocios/[id] > should call recalcularComisionesPorCambioOrigen and return 200 when validateProductConfigurationExists returns true 1ms
 ✓ src/app/api/negocios/[id]/__tests__/route.test.ts > PUT /api/negocios/[id] > sets dateIssued when assigning contract from VENTA_EFECTUADA to EMITIDO 2ms
 ✓ src/app/api/negocios/[id]/__tests__/route.test.ts > PUT /api/negocios/[id] > does not set dateIssued when editing contract while already EMITIDO 1ms
stderr | src/app/api/pre-liquidacion/liquidar/__tests__/route.test.ts
[auth] AUTH_SECRET is not set; using a static per-process secret (env=test). Set AUTH_SECRET in your environment to persist sessions across restarts.

 ✓ src/app/api/pre-liquidacion/liquidar/__tests__/route.test.ts > POST /api/pre-liquidacion/liquidar > returns 401 when unauthenticated 2ms
 ✓ src/app/api/pre-liquidacion/liquidar/__tests__/route.test.ts > POST /api/pre-liquidacion/liquidar > returns 403 for unauthorized role 0ms
 ✓ src/app/api/pre-liquidacion/liquidar/__tests__/route.test.ts > POST /api/pre-liquidacion/liquidar > validates body and returns 400 when ids is empty 2ms
 ✓ src/app/api/pre-liquidacion/liquidar/__tests__/route.test.ts > POST /api/pre-liquidacion/liquidar > validates body and returns 400 when fileId is missing 1ms
 ✓ src/app/api/pre-liquidacion/liquidar/__tests__/route.test.ts > POST /api/pre-liquidacion/liquidar > returns 200 with liquidated and fileCompleted when allowed role 1ms
 ✓ src/app/api/pre-liquidacion/liquidar/__tests__/route.test.ts > POST /api/pre-liquidacion/liquidar > returns fileCompleted=true when service reports file completed 0ms
 ✓ src/app/api/pre-liquidacion/liquidar/__tests__/route.test.ts > POST /api/pre-liquidacion/liquidar > delegates commission settlement including distributions and business status to service 1ms
stderr | src/app/api/negocios/[id]/fondear-anualidades/__tests__/route.test.ts
[auth] AUTH_SECRET is not set; using a static per-process secret (env=test). Set AUTH_SECRET in your environment to persist sessions across restarts.

 ✓ src/features/shared/hooks/__tests__/use-theme-toggle.test.ts > useThemeToggle > toggles theme 7ms
 ✓ src/app/api/negocios/[id]/fondear-anualidades/__tests__/route.test.ts > POST /api/negocios/[id]/fondear-anualidades > 401 sin sesión 2ms
 ✓ src/app/api/negocios/[id]/fondear-anualidades/__tests__/route.test.ts > POST /api/negocios/[id]/fondear-anualidades > 400 cuando no hay cuotas pendientes entre los índices 2ms
 ✓ src/app/api/negocios/[id]/fondear-anualidades/__tests__/route.test.ts > POST /api/negocios/[id]/fondear-anualidades > 200 EMITIDO — transición y auditoría 2ms
 ✓ src/app/api/negocios/[id]/fondear-anualidades/__tests__/route.test.ts > POST /api/negocios/[id]/fondear-anualidades > 200 FONDEADO padre — actualiza cuotas y dateAnchored del padre 1ms
 ✓ src/app/api/negocios/[id]/fondear-anualidades/__tests__/route.test.ts > POST /api/negocios/[id]/fondear-anualidades > 400 cuando los índices no tienen cuota SIN_FONDEAR (ya FONDEADAS) 1ms
stdout | src/features/pre-liquidacion/__tests__/recalcularComisionesPorCambioOrigen.test.ts > recalcularComisionesPorCambioOrigen > executes a transaction deleting old distributions and creating new ones for PRE-SETTLED commissions only
[DEBUG] Resolviendo FIXED para GENERAL -> idFixedUser: 123

 ✓ src/features/pre-liquidacion/__tests__/recalcularComisionesPorCambioOrigen.test.ts > recalcularComisionesPorCambioOrigen > throws an error when business does not exist 2ms
 ✓ src/features/pre-liquidacion/__tests__/recalcularComisionesPorCambioOrigen.test.ts > recalcularComisionesPorCambioOrigen > throws an error when no product configuration exists for the new origin 0ms
 ✓ src/features/pre-liquidacion/__tests__/recalcularComisionesPorCambioOrigen.test.ts > recalcularComisionesPorCambioOrigen > throws an error when no active percentages exist for the new configuration 0ms
 ✓ src/features/pre-liquidacion/__tests__/recalcularComisionesPorCambioOrigen.test.ts > recalcularComisionesPorCambioOrigen > executes a transaction deleting old distributions and creating new ones for PRE-SETTLED commissions only 3ms
 ✓ src/app/api/product-configurations/[id]/__tests__/route.test.ts > PUT /api/product-configurations/[id] > should update product configuration successfully 4ms
 ✓ src/app/api/product-configurations/[id]/__tests__/route.test.ts > PUT /api/product-configurations/[id] > should return 404 if configuration not found 0ms
 ✓ src/app/api/product-configurations/[id]/__tests__/route.test.ts > PUT /api/product-configurations/[id] > should return 400 if PPC belongs to another configuration 0ms
 ✓ src/app/api/product-configurations/[id]/__tests__/route.test.ts > PATCH /api/product-configurations/[id] > should toggle active status successfully 1ms
 ✓ src/app/api/product-configurations/[id]/__tests__/route.test.ts > PATCH /api/product-configurations/[id] > should return 400 for invalid active value 0ms
 ✓ src/app/api/product-configurations/[id]/__tests__/route.test.ts > PATCH /api/product-configurations/[id] > should return 404 if configuration not found 0ms
 ✓ src/features/negocios/__tests__/actions/create-business.test.ts > createBusiness > creates n annual_payment rows when periodicity is Anual and term is n 3ms
 ✓ src/features/negocios/__tests__/actions/create-business.test.ts > createBusiness > creates payment rows for non-Anual periodicity based on calculateNumAportes 1ms
 ✓ src/features/negocios/__tests__/actions/create-business.test.ts > createBusiness > creates business with 0 aportes when Anual and term is missing 0ms
 ✓ src/features/negocios/__tests__/actions/create-business.test.ts > createBusiness > returns validation error when term exceeds max 0ms
 ✓ src/features/negocios/__tests__/actions/create-business.test.ts > createBusiness > uses VENTA_EFECTUADA and null contract in business.create when contract is omitted 1ms
 ✓ src/features/negocios/__tests__/actions/create-business.test.ts > createBusiness > sets dateIssued when contract is provided on create 1ms
 ✓ src/features/negocios/__tests__/actions/create-business.test.ts > createBusiness > uses the commission id returned by lookup action (specific or fallback) 0ms
 ✓ src/features/product/__tests__/lib/product-api.test.ts > productApi > getProducts > should fetch products successfully (happy path) 2ms
 ✓ src/features/product/__tests__/lib/product-api.test.ts > productApi > getProducts > should fetch products with search params 1ms
 ✓ src/features/product/__tests__/lib/product-api.test.ts > productApi > getProducts > should fetch products with status filter 0ms
 ✓ src/features/product/__tests__/lib/product-api.test.ts > productApi > getProducts > should fetch products with idCompany filter 0ms
 ✓ src/features/product/__tests__/lib/product-api.test.ts > productApi > getProducts > should handle API error response 0ms
 ✓ src/features/product/__tests__/lib/product-api.test.ts > productApi > getProducts > should handle API error without error message 0ms
 ✓ src/features/product/__tests__/lib/product-api.test.ts > productApi > getProducts > should handle network error 0ms
 ✓ src/features/product/__tests__/lib/product-api.test.ts > productApi > getProducts > should handle unknown error 0ms
 ✓ src/features/product/__tests__/lib/product-api.test.ts > productApi > getProduct > should fetch single product successfully (happy path) 0ms
 ✓ src/features/product/__tests__/lib/product-api.test.ts > productApi > getProduct > should handle API error response 0ms
 ✓ src/features/product/__tests__/lib/product-api.test.ts > productApi > getProduct > should handle network error 0ms
 ✓ src/features/product/__tests__/lib/product-api.test.ts > productApi > getProduct > should handle unknown error 0ms
 ✓ src/features/product/__tests__/lib/product-api.test.ts > productApi > createProduct > should create product successfully (happy path) 0ms
 ✓ src/features/product/__tests__/lib/product-api.test.ts > productApi > createProduct > should handle API error response 0ms
 ✓ src/features/product/__tests__/lib/product-api.test.ts > productApi > createProduct > should handle network error 0ms
 ✓ src/features/product/__tests__/lib/product-api.test.ts > productApi > createProduct > should handle unknown error 0ms
 ✓ src/features/product/__tests__/lib/product-api.test.ts > productApi > updateProduct > should update product successfully (happy path) 0ms
 ✓ src/features/product/__tests__/lib/product-api.test.ts > productApi > updateProduct > should handle API error response 0ms
 ✓ src/features/product/__tests__/lib/product-api.test.ts > productApi > updateProduct > should handle network error 0ms
 ✓ src/features/product/__tests__/lib/product-api.test.ts > productApi > updateProduct > should handle unknown error 0ms
 ✓ src/features/product/__tests__/lib/product-api.test.ts > productApi > deleteProduct > should delete product successfully (happy path) 0ms
 ✓ src/features/product/__tests__/lib/product-api.test.ts > productApi > deleteProduct > should handle API error response 0ms
 ✓ src/features/product/__tests__/lib/product-api.test.ts > productApi > deleteProduct > should handle network error 0ms
 ✓ src/features/product/__tests__/lib/product-api.test.ts > productApi > deleteProduct > should handle unknown error 0ms
 ✓ src/app/api/users/search/__tests__/route.test.ts > GET /api/users/search > Filtro por beneficiaryMode > debe filtrar usuarios por beneficiaryMode=OVERRIDE cuando se proporciona 3ms
 ✓ src/app/api/users/search/__tests__/route.test.ts > GET /api/users/search > Filtro por beneficiaryMode > NO debe incluir filtro de categoría cuando beneficiaryMode no se proporciona 1ms
 ✓ src/app/api/users/search/__tests__/route.test.ts > GET /api/users/search > Filtro por beneficiaryMode > debe retornar solo los usuarios que tienen categoría OVERRIDE asignada 1ms
 ✓ src/app/api/users/search/__tests__/route.test.ts > GET /api/users/search > Comportamiento existente (sin regresiones) > debe retornar [] cuando query tiene menos de 3 caracteres 1ms
 ✓ src/app/api/users/search/__tests__/route.test.ts > GET /api/users/search > Comportamiento existente (sin regresiones) > debe retornar 400 cuando el rol es inválido 1ms
 ✓ src/app/api/users/search/__tests__/route.test.ts > GET /api/users/search > Comportamiento existente (sin regresiones) > debe filtrar por role cuando se proporciona un rol válido 1ms
 ✓ src/features/negocios/__tests__/api/negocios-list-hierarchy.test.ts > GET /api/negocios — hierarchical visibility > ADMIN sees all — no idUser scope > does NOT apply idUser filter for ADMIN 4ms
 ✓ src/features/negocios/__tests__/api/negocios-list-hierarchy.test.ts > GET /api/negocios — hierarchical visibility > AGENTE (non-ADMIN) sees own + subordinates > calls getSubordinateUserIds and passes visibleUserIds to where builder 1ms
 ✓ src/features/negocios/__tests__/api/negocios-list-hierarchy.test.ts > GET /api/negocios — hierarchical visibility > AGENTE (non-ADMIN) sees own + subordinates > AGENTE with no subordinates sees only own businesses 0ms
 ✓ src/features/negocios/__tests__/api/negocios-list-hierarchy.test.ts > GET /api/negocios — hierarchical visibility > Non-ADMIN non-AGENTE role (ASISTENTE_GERENCIA_OPERATIVA) is scoped > applies hierarchy scope for ASISTENTE_GERENCIA_OPERATIVA 0ms
stdout | src/features/auth/__tests__/user-creation.test.ts > createUserAutomatically > Usuario duplicado > debe retornar el usuario existente si ya existe en la base de datos
Usuario test@financieramentecu.com ya existe en la base de datos. ID: 5

stdout | src/features/auth/__tests__/user-creation.test.ts > createUserAutomatically > Usuario duplicado > debe manejar condición de carrera cuando el usuario se crea entre validación y creación
Usuario test@financieramentecu.com fue creado por otro proceso. Obteniendo usuario existente...

stdout | src/features/auth/__tests__/user-creation.test.ts > createUserAutomatically > Usuario duplicado > debe manejar error de constraint único con mensaje de texto
Usuario test@financieramentecu.com fue creado por otro proceso. Obteniendo usuario existente...

stderr | src/features/auth/__tests__/user-creation.test.ts > createUserAutomatically > Errores de validación > debe manejar errores de Prisma al crear usuario
Error creating user automatically: Error: Database connection failed
    at /Users/andres/Documents/financieramente/financieramente-app/src/features/auth/__tests__/user-creation.test.ts:271:24
    at file:///Users/andres/Documents/financieramente/financieramente-app/node_modules/@vitest/runner/dist/chunk-hooks.js:155:11
    at file:///Users/andres/Documents/financieramente/financieramente-app/node_modules/@vitest/runner/dist/chunk-hooks.js:752:26
    at file:///Users/andres/Documents/financieramente/financieramente-app/node_modules/@vitest/runner/dist/chunk-hooks.js:1897:20
    at new Promise (<anonymous>)
    at runWithTimeout (file:///Users/andres/Documents/financieramente/financieramente-app/node_modules/@vitest/runner/dist/chunk-hooks.js:1863:10)
    at runTest (file:///Users/andres/Documents/financieramente/financieramente-app/node_modules/@vitest/runner/dist/chunk-hooks.js:1574:12)
    at runSuite (file:///Users/andres/Documents/financieramente/financieramente-app/node_modules/@vitest/runner/dist/chunk-hooks.js:1729:8)
    at runSuite (file:///Users/andres/Documents/financieramente/financieramente-app/node_modules/@vitest/runner/dist/chunk-hooks.js:1729:8)
    at runSuite (file:///Users/andres/Documents/financieramente/financieramente-app/node_modules/@vitest/runner/dist/chunk-hooks.js:1729:8)

stderr | src/features/auth/__tests__/user-creation.test.ts > createUserAutomatically > Errores de validación > debe manejar errores desconocidos
Error creating user automatically: Unknown error

stdout | src/features/auth/__tests__/user-creation.test.ts > createUserAutomatically > Notificación a administradores > no debe enviar notificación si el usuario ya existe
Usuario test@financieramentecu.com ya existe en la base de datos. ID: 5

stderr | src/features/auth/__tests__/user-creation.test.ts > createUserAutomatically > Notificación a administradores > no debe enviar notificación si falla la creación del usuario
Error creating user automatically: Error: Database connection failed
    at /Users/andres/Documents/financieramente/financieramente-app/src/features/auth/__tests__/user-creation.test.ts:465:24
    at file:///Users/andres/Documents/financieramente/financieramente-app/node_modules/@vitest/runner/dist/chunk-hooks.js:155:11
    at file:///Users/andres/Documents/financieramente/financieramente-app/node_modules/@vitest/runner/dist/chunk-hooks.js:752:26
    at file:///Users/andres/Documents/financieramente/financieramente-app/node_modules/@vitest/runner/dist/chunk-hooks.js:1897:20
    at new Promise (<anonymous>)
    at runWithTimeout (file:///Users/andres/Documents/financieramente/financieramente-app/node_modules/@vitest/runner/dist/chunk-hooks.js:1863:10)
    at runTest (file:///Users/andres/Documents/financieramente/financieramente-app/node_modules/@vitest/runner/dist/chunk-hooks.js:1574:12)
    at runSuite (file:///Users/andres/Documents/financieramente/financieramente-app/node_modules/@vitest/runner/dist/chunk-hooks.js:1729:8)
    at runSuite (file:///Users/andres/Documents/financieramente/financieramente-app/node_modules/@vitest/runner/dist/chunk-hooks.js:1729:8)
    at runSuite (file:///Users/andres/Documents/financieramente/financieramente-app/node_modules/@vitest/runner/dist/chunk-hooks.js:1729:8)

 ✓ src/features/auth/__tests__/user-creation.test.ts > createUserAutomatically > Creación exitosa > debe crear un usuario nuevo con estado Inactivo y rol Agente 2ms
 ✓ src/features/auth/__tests__/user-creation.test.ts > createUserAutomatically > Creación exitosa > debe extraer correctamente nombre y apellido del nombre completo 1ms
 ✓ src/features/auth/__tests__/user-creation.test.ts > createUserAutomatically > Creación exitosa > debe manejar nombres con un solo nombre 0ms
 ✓ src/features/auth/__tests__/user-creation.test.ts > createUserAutomatically > Usuario duplicado > debe retornar el usuario existente si ya existe en la base de datos 1ms
 ✓ src/features/auth/__tests__/user-creation.test.ts > createUserAutomatically > Usuario duplicado > debe manejar condición de carrera cuando el usuario se crea entre validación y creación 0ms
 ✓ src/features/auth/__tests__/user-creation.test.ts > createUserAutomatically > Usuario duplicado > debe manejar error de constraint único con mensaje de texto 0ms
 ✓ src/features/auth/__tests__/user-creation.test.ts > createUserAutomatically > Errores de validación > debe retornar error si el rol Agente no existe 0ms
 ✓ src/features/auth/__tests__/user-creation.test.ts > createUserAutomatically > Errores de validación > debe manejar errores de Prisma al crear usuario 0ms
 ✓ src/features/auth/__tests__/user-creation.test.ts > createUserAutomatically > Errores de validación > debe manejar errores desconocidos 0ms
 ✓ src/features/auth/__tests__/user-creation.test.ts > createUserAutomatically > Parámetros opcionales > debe funcionar sin ipAddress y userAgent 0ms
 ✓ src/features/auth/__tests__/user-creation.test.ts > createUserAutomatically > Parámetros opcionales > debe manejar image null 0ms
 ✓ src/features/auth/__tests__/user-creation.test.ts > createUserAutomatically > Registro de auditoría > debe registrar evento de auditoría solo cuando se crea un nuevo usuario 0ms
 ✓ src/features/auth/__tests__/user-creation.test.ts > createUserAutomatically > Registro de auditoría > debe registrar evento de auditoría sin ipAddress y userAgent si no se proporcionan 0ms
 ✓ src/features/auth/__tests__/user-creation.test.ts > createUserAutomatically > Notificación a administradores > debe enviar notificación después de crear usuario exitosamente 0ms
 ✓ src/features/auth/__tests__/user-creation.test.ts > createUserAutomatically > Notificación a administradores > debe usar solo el nombre si no hay apellido 0ms
 ✓ src/features/auth/__tests__/user-creation.test.ts > createUserAutomatically > Notificación a administradores > no debe fallar creación de usuario si notificación falla 0ms
 ✓ src/features/auth/__tests__/user-creation.test.ts > createUserAutomatically > Notificación a administradores > no debe enviar notificación si el usuario ya existe 0ms
 ✓ src/features/auth/__tests__/user-creation.test.ts > createUserAutomatically > Notificación a administradores > no debe enviar notificación si falla la creación del usuario 0ms
 ✓ src/features/auth/__tests__/user-creation.test.ts > createUserAutomatically > Notificación a administradores > debe usar fire-and-forget (no esperar respuesta) 0ms
 ✓ src/features/load-file/__tests__/file-import.service.test.ts > FileImportService > initiateImport > when a COMPLETED import exists for the same period + user > throws PeriodCompletedError 1ms
 ✓ src/features/load-file/__tests__/file-import.service.test.ts > FileImportService > initiateImport > when a COMPLETED import exists for the same period + user > throws PeriodCompletedError with the correct month and year 0ms
 ✓ src/features/load-file/__tests__/file-import.service.test.ts > FileImportService > initiateImport > when a COMPLETED import exists for the same period + user > does NOT call prisma.fileImport.create 0ms
 ✓ src/features/load-file/__tests__/file-import.service.test.ts > FileImportService > initiateImport > when a PRE-SETTLED import exists for the same period + user > throws PeriodPreSettledError 0ms
 ✓ src/features/load-file/__tests__/file-import.service.test.ts > FileImportService > initiateImport > when a LOAD import exists for the same period + user (dedup) > returns { created: false, fileImport: existing } 0ms
 ✓ src/features/load-file/__tests__/file-import.service.test.ts > FileImportService > initiateImport > when a LOAD import exists for the same period + user (dedup) > does NOT call prisma.fileImport.create 0ms
 ✓ src/features/load-file/__tests__/file-import.service.test.ts > FileImportService > initiateImport > when no existing import for the period + user > creates a new FileImport and returns { created: true, fileImport } 0ms
 ✓ src/features/load-file/__tests__/file-import.service.test.ts > FileImportService > initiateImport > when no existing import for the period + user > calls prisma.fileImport.create with correct data 1ms
 ✓ src/features/load-file/__tests__/file-import.service.test.ts > FileImportService > initiateImport > dedup does NOT trigger for a different idUser > creates a new FileImport for a different user even when LOAD import exists for another user 1ms
 ✓ src/features/load-file/__tests__/file-import.service.test.ts > FileImportService > listFileImports > when isAdmin = true > returns all file imports (no user filter) 0ms
 ✓ src/features/load-file/__tests__/file-import.service.test.ts > FileImportService > listFileImports > when isAdmin = true > admin + no filters → WHERE has default status filter 0ms
 ✓ src/features/load-file/__tests__/file-import.service.test.ts > FileImportService > listFileImports > when isAdmin = false > returns only file imports for the given userId 0ms
 ✓ src/features/load-file/__tests__/file-import.service.test.ts > FileImportService > listFileImports > orders by createdAt desc 0ms
 ✓ src/features/load-file/__tests__/file-import.service.test.ts > FileImportService > listFileImports > includes user name and lastName 0ms
 ✓ src/features/load-file/__tests__/file-import.service.test.ts > FileImportService > listFileImports > server-side filters > month filter → WHERE includes { month: 3 } 0ms
 ✓ src/features/load-file/__tests__/file-import.service.test.ts > FileImportService > listFileImports > server-side filters > year filter → WHERE includes { year: 2026 } 0ms
 ✓ src/features/load-file/__tests__/file-import.service.test.ts > FileImportService > listFileImports > server-side filters > status filter (not ALL) → WHERE includes { status: "LOAD" } 0ms
 ✓ src/features/load-file/__tests__/file-import.service.test.ts > FileImportService > listFileImports > server-side filters > status filter LOAD+PRE-SETTLED → WHERE includes { in: ["LOAD","PRE-SETTLED"] } (REQ-6) 0ms
 ✓ src/features/load-file/__tests__/file-import.service.test.ts > FileImportService > listFileImports > server-side filters > status ALL → WHERE includes default status filter 0ms
 ✓ src/features/load-file/__tests__/file-import.service.test.ts > FileImportService > listFileImports > server-side filters > search → WHERE includes nameFile contains insensitive 0ms
 ✓ src/features/load-file/__tests__/file-import.service.test.ts > FileImportService > listFileImports > server-side filters > no filters → WHERE has { idUser } and default status filter 0ms
 ✓ src/features/load-file/__tests__/file-import.service.test.ts > FileImportService > listFileImports > server-side filters > admin + all filters → WHERE does NOT include idUser 0ms
 ✓ src/features/product/__tests__/lib/product-schemas.test.ts > product-schemas > createProductSchema > should validate valid product data (happy path) 1ms
 ✓ src/features/product/__tests__/lib/product-schemas.test.ts > product-schemas > createProductSchema > should trim whitespace from name 0ms
 ✓ src/features/product/__tests__/lib/product-schemas.test.ts > product-schemas > createProductSchema > should reject empty name 0ms
 ✓ src/features/product/__tests__/lib/product-schemas.test.ts > product-schemas > createProductSchema > should accept name with exactly 1 character 0ms
 ✓ src/features/product/__tests__/lib/product-schemas.test.ts > product-schemas > createProductSchema > should reject name longer than 200 characters 0ms
 ✓ src/features/product/__tests__/lib/product-schemas.test.ts > product-schemas > createProductSchema > should accept name with exactly 200 characters 0ms
 ✓ src/features/product/__tests__/lib/product-schemas.test.ts > product-schemas > createProductSchema > should reject missing idCompany 0ms
 ✓ src/features/product/__tests__/lib/product-schemas.test.ts > product-schemas > createProductSchema > should reject zero idCompany 0ms
 ✓ src/features/product/__tests__/lib/product-schemas.test.ts > product-schemas > createProductSchema > should reject negative idCompany 0ms
 ✓ src/features/product/__tests__/lib/product-schemas.test.ts > product-schemas > createProductSchema > should reject non-integer idCompany 0ms
 ✓ src/features/product/__tests__/lib/product-schemas.test.ts > product-schemas > createProductSchema > should accept optional description 0ms
 ✓ src/features/product/__tests__/lib/product-schemas.test.ts > product-schemas > createProductSchema > should accept optional idTypeProduct 0ms
 ✓ src/features/product/__tests__/lib/product-schemas.test.ts > product-schemas > createProductSchema > should default status to true 0ms
 ✓ src/features/product/__tests__/lib/product-schemas.test.ts > product-schemas > updateProductSchema > should validate with all fields (happy path) 0ms
 ✓ src/features/product/__tests__/lib/product-schemas.test.ts > product-schemas > updateProductSchema > should validate with only name 0ms
 ✓ src/features/product/__tests__/lib/product-schemas.test.ts > product-schemas > updateProductSchema > should validate with only idCompany 0ms
 ✓ src/features/product/__tests__/lib/product-schemas.test.ts > product-schemas > updateProductSchema > should validate with only status 0ms
 ✓ src/features/product/__tests__/lib/product-schemas.test.ts > product-schemas > updateProductSchema > should validate empty object (partial update) 0ms
 ✓ src/features/product/__tests__/lib/product-schemas.test.ts > product-schemas > updateProductSchema > should reject name longer than 200 characters 0ms
 ✓ src/features/product/__tests__/lib/product-schemas.test.ts > product-schemas > updateProductSchema > should accept empty name string (as optional in update) 0ms
 ✓ src/features/product/__tests__/lib/product-schemas.test.ts > product-schemas > updateProductSchema > should trim whitespace from name 0ms
 ✓ src/features/product/__tests__/lib/product-schemas.test.ts > product-schemas > updateProductSchema > should reject zero idCompany 0ms
 ✓ src/features/product/__tests__/lib/product-schemas.test.ts > product-schemas > updateProductSchema > should reject negative idCompany 0ms
 ✓ src/features/product/__tests__/lib/product-schemas.test.ts > product-schemas > updateProductSchema > should reject non-integer idCompany 0ms
 ✓ src/features/load-file/__tests__/services/row.validator.service.test.ts > RowValidatorService.isEmptyValue > returns true for null 1ms
 ✓ src/features/load-file/__tests__/services/row.validator.service.test.ts > RowValidatorService.isEmptyValue > returns true for undefined 0ms
 ✓ src/features/load-file/__tests__/services/row.validator.service.test.ts > RowValidatorService.isEmptyValue > returns true for empty string 0ms
 ✓ src/features/load-file/__tests__/services/row.validator.service.test.ts > RowValidatorService.isEmptyValue > returns true for whitespace-only string 0ms
 ✓ src/features/load-file/__tests__/services/row.validator.service.test.ts > RowValidatorService.isEmptyValue > returns false for a valid string 0ms
 ✓ src/features/load-file/__tests__/services/row.validator.service.test.ts > RowValidatorService.isEmptyValue > returns false for a number 0ms
 ✓ src/features/load-file/__tests__/services/row.validator.service.test.ts > RowValidatorService.cleanStringValue > returns null for null input 0ms
 ✓ src/features/load-file/__tests__/services/row.validator.service.test.ts > RowValidatorService.cleanStringValue > returns null for undefined input 0ms
 ✓ src/features/load-file/__tests__/services/row.validator.service.test.ts > RowValidatorService.cleanStringValue > returns null for empty string 0ms
 ✓ src/features/load-file/__tests__/services/row.validator.service.test.ts > RowValidatorService.cleanStringValue > returns null for whitespace-only string 0ms
 ✓ src/features/load-file/__tests__/services/row.validator.service.test.ts > RowValidatorService.cleanStringValue > returns trimmed string for padded value 0ms
 ✓ src/features/load-file/__tests__/services/row.validator.service.test.ts > RowValidatorService.cleanStringValue > returns the value as string for a number 0ms
 ✓ src/features/load-file/__tests__/services/row.validator.service.test.ts > RowValidatorService.parseDate > returns null for null input 0ms
 ✓ src/features/load-file/__tests__/services/row.validator.service.test.ts > RowValidatorService.parseDate > returns null for empty string 0ms
 ✓ src/features/load-file/__tests__/services/row.validator.service.test.ts > RowValidatorService.parseDate > returns the same Date for a Date input 0ms
 ✓ src/features/load-file/__tests__/services/row.validator.service.test.ts > RowValidatorService.parseDate > parses a valid ISO date string 0ms
 ✓ src/features/load-file/__tests__/services/row.validator.service.test.ts > RowValidatorService.parseDate > returns null for an invalid date string 0ms
 ✓ src/features/load-file/__tests__/services/row.validator.service.test.ts > RowValidatorService.parseDate > parses an Excel serial number to a valid date 0ms
 ✓ src/features/load-file/__tests__/services/row.validator.service.test.ts > RowValidatorService.getColumnValue > returns value via exact header match 0ms
 ✓ src/features/load-file/__tests__/services/row.validator.service.test.ts > RowValidatorService.getColumnValue > returns value via single-word fuzzy match (word boundary) 0ms
 ✓ src/features/load-file/__tests__/services/row.validator.service.test.ts > RowValidatorService.getColumnValue > returns value via multi-word fuzzy match (ordered words) 0ms
 ✓ src/features/load-file/__tests__/services/row.validator.service.test.ts > RowValidatorService.getColumnValue > returns null when no header matches 0ms
 ✓ src/features/load-file/__tests__/services/row.validator.service.test.ts > RowValidatorService.getColumnValue > returns null for multi-word required when words are in wrong order 0ms
 ✓ src/features/load-file/__tests__/services/row.validator.service.test.ts > RowValidatorService.validateAndExtractRow — validation errors > throws when contract (Cto) is missing 0ms
 ✓ src/features/load-file/__tests__/services/row.validator.service.test.ts > RowValidatorService.validateAndExtractRow — validation errors > throws when Base is empty 0ms
 ✓ src/features/load-file/__tests__/services/row.validator.service.test.ts > RowValidatorService.validateAndExtractRow — validation errors > throws when Base is not a valid number 0ms
 ✓ src/features/load-file/__tests__/services/row.validator.service.test.ts > RowValidatorService.validateAndExtractRow — validation errors > throws when Com is empty 0ms
 ✓ src/features/load-file/__tests__/services/row.validator.service.test.ts > RowValidatorService.validateAndExtractRow — validation errors > throws when Voluntaria dates are missing 0ms
 ✓ src/features/load-file/__tests__/services/row.validator.service.test.ts > RowValidatorService.validateAndExtractRow — happy paths > extracts all fields correctly for VOLUNTARIA 0ms
 ✓ src/features/load-file/__tests__/services/row.validator.service.test.ts > RowValidatorService.validateAndExtractRow — happy paths > extracts all fields correctly for POLIZA (no dates) 0ms
 ✓ src/features/load-file/__tests__/services/row.validator.service.test.ts > RowValidatorService.validateAndExtractRow — happy paths > normalizes POLIZA commission from accounting negative number to positive magnitude 0ms
 ✓ src/features/load-file/__tests__/services/row.validator.service.test.ts > RowValidatorService.validateAndExtractRow — happy paths > normalizes POLIZA commission from US accounting string 0ms
 ✓ src/features/load-file/__tests__/services/row.validator.service.test.ts > RowValidatorService.validateAndExtractRow — happy paths > returns null descripcion when descripcion column is empty 0ms
 ✓ src/lib/api/__tests__/client.test.ts > ApiClient > get > should make a GET request and return JSON data 2ms
 ✓ src/lib/api/__tests__/client.test.ts > ApiClient > get > should throw an error when response is not ok 1ms
 ✓ src/lib/api/__tests__/client.test.ts > ApiClient > post > should make a POST request with data 0ms
 ✓ src/lib/api/__tests__/client.test.ts > ApiClient > put > should make a PUT request with data 0ms
 ✓ src/lib/api/__tests__/client.test.ts > ApiClient > delete > should make a DELETE request 0ms
 ✓ src/app/api/product-configurations/[id]/distribution-commission/[ruleId]/assign-new-businesses/__tests__/route.test.ts > POST /api/product-configurations/[id]/commission-rules/[ruleId]/assign-new-businesses > should assign the default rule for new businesses 3ms
 ✓ src/app/api/product-configurations/[id]/distribution-commission/[ruleId]/assign-new-businesses/__tests__/route.test.ts > POST /api/product-configurations/[id]/commission-rules/[ruleId]/assign-new-businesses > should return 400 for invalid ids 0ms
 ✓ src/app/api/product-configurations/[id]/distribution-commission/[ruleId]/assign-new-businesses/__tests__/route.test.ts > POST /api/product-configurations/[id]/commission-rules/[ruleId]/assign-new-businesses > should return 404 when rule does not belong to configuration 0ms
 ✓ src/app/api/product-configurations/[id]/distribution-commission/[ruleId]/assign-new-businesses/__tests__/route.test.ts > POST /api/product-configurations/[id]/commission-rules/[ruleId]/assign-new-businesses > should return 400 when rule is inactive 0ms
stdout | src/features/pre-liquidacion/__tests__/sincronizarYCalcularRegistroRezagado.test.ts > sincronizarYCalcularRegistroRezagado > debería sincronizar exitosamente un registro rezagado
[DEBUG] Resolviendo UPLINE para ASESOR (idLevel: 1) en cadena de 1 eslabones:
   [0] User: 5, Level: 1
   [MATCH] Encontrado beneficiario id: 5

stderr | src/features/pre-liquidacion/__tests__/sincronizarYCalcularRegistroRezagado.test.ts > sincronizarYCalcularRegistroRezagado > debería lanzar error si el registro no está en estado LAG
Error en sincronizarYCalcularRegistroRezagado: Error: El registro debe estar en estado LAG (Estado actual: PRE-SETTLED)
    at /Users/andres/Documents/financieramente/financieramente-app/src/features/pre-liquidacion/services/pre-liquidacion.service.ts:1414:11

 ✓ src/features/pre-liquidacion/__tests__/sincronizarYCalcularRegistroRezagado.test.ts > sincronizarYCalcularRegistroRezagado > debería sincronizar exitosamente un registro rezagado 3ms
 ✓ src/features/pre-liquidacion/__tests__/sincronizarYCalcularRegistroRezagado.test.ts > sincronizarYCalcularRegistroRezagado > debería lanzar error si el registro no está en estado LAG 3ms
 ✓ src/features/pre-liquidacion/__tests__/obtenerResumenPreliquidacionPorUsuario.test.ts > obtenerResumenPreliquidacionPorUsuario > devuelve array vacío si no hay settlements en el rango 1ms
 ✓ src/features/pre-liquidacion/__tests__/obtenerResumenPreliquidacionPorUsuario.test.ts > obtenerResumenPreliquidacionPorUsuario > agrupa por usuario y por negocio y devuelve un resumen por usuario 1ms
 ✓ src/features/categories/__tests__/lib/category-api.test.ts > category-api > getCategories > should fetch categories successfully (happy path) 1ms
 ✓ src/features/categories/__tests__/lib/category-api.test.ts > category-api > getCategories > should handle API error (apiClient throws) 0ms
 ✓ src/features/categories/__tests__/lib/category-api.test.ts > category-api > getCategories > should handle unknown error 0ms
 ✓ src/features/categories/__tests__/lib/category-api.test.ts > category-api > getCategories > should pass search params correctly 1ms
 ✓ src/features/categories/__tests__/lib/category-api.test.ts > category-api > getCategories > should pass status filter correctly 0ms
 ✓ src/features/categories/__tests__/lib/category-api.test.ts > category-api > getCategories > should pass pagination params correctly 0ms
 ✓ src/features/categories/__tests__/lib/category-api.test.ts > category-api > getCategories > should combine multiple filters correctly 0ms
 ✓ src/features/categories/__tests__/lib/category-api.test.ts > category-api > getCategory > should fetch single category successfully (happy path) 0ms
 ✓ src/features/categories/__tests__/lib/category-api.test.ts > category-api > getCategory > should handle 404 error (category not found) 0ms
 ✓ src/features/categories/__tests__/lib/category-api.test.ts > category-api > getCategory > should handle network error 0ms
 ✓ src/features/categories/__tests__/lib/category-api.test.ts > category-api > createCategory > should create category successfully (happy path) 0ms
 ✓ src/features/categories/__tests__/lib/category-api.test.ts > category-api > createCategory > should handle validation error 0ms
 ✓ src/features/categories/__tests__/lib/category-api.test.ts > category-api > createCategory > should handle network error 0ms
 ✓ src/features/categories/__tests__/lib/category-api.test.ts > category-api > createCategory > should call apiClient.post with correct arguments 0ms
 ✓ src/features/categories/__tests__/lib/category-api.test.ts > category-api > updateCategory > should update category successfully (happy path) 0ms
 ✓ src/features/categories/__tests__/lib/category-api.test.ts > category-api > updateCategory > should handle 404 error (category not found) 0ms
 ✓ src/features/categories/__tests__/lib/category-api.test.ts > category-api > updateCategory > should handle network error 0ms
 ✓ src/features/categories/__tests__/lib/category-api.test.ts > category-api > updateCategory > should call apiClient.put with correct arguments 0ms
 ✓ src/features/categories/__tests__/lib/category-api.test.ts > category-api > deactivateCategory > should deactivate category via PATCH successfully (happy path) 0ms
 ✓ src/features/categories/__tests__/lib/category-api.test.ts > category-api > deactivateCategory > should handle 404 error (category not found) 0ms
 ✓ src/features/categories/__tests__/lib/category-api.test.ts > category-api > deactivateCategory > should handle network error 0ms
 ✓ src/features/categories/__tests__/lib/category-api.test.ts > category-api > deactivateCategory > should handle unknown error 0ms
 ✓ src/features/category-types/__tests__/services/category-type.service.test.ts > deleteCategoryType (Logical Elimination) > should update status to false instead of deleting 2ms
 ✓ src/features/category-types/__tests__/services/category-type.service.test.ts > deleteCategoryType (Logical Elimination) > should throw error if category type not found 1ms
 ✓ src/features/company/__tests__/lib/company-schemas.test.ts > company-schemas > createCompanySchema > should validate valid company data with string currency id 2ms
 ✓ src/features/company/__tests__/lib/company-schemas.test.ts > company-schemas > createCompanySchema > should validate valid company data with numeric currency id (coerced) 0ms
 ✓ src/features/company/__tests__/lib/company-schemas.test.ts > company-schemas > createCompanySchema > should trim whitespace from name 0ms
 ✓ src/features/company/__tests__/lib/company-schemas.test.ts > company-schemas > createCompanySchema > should reject empty name 0ms
 ✓ src/features/company/__tests__/lib/company-schemas.test.ts > company-schemas > createCompanySchema > should reject name longer than 100 characters 0ms
 ✓ src/features/company/__tests__/lib/company-schemas.test.ts > company-schemas > createCompanySchema > should reject missing status 1ms
 ✓ src/features/company/__tests__/lib/company-schemas.test.ts > company-schemas > createCompanySchema > should accept status as false 0ms
 ✓ src/features/company/__tests__/lib/company-schemas.test.ts > company-schemas > createCompanySchema > should accept name with exactly 100 characters 0ms
 ✓ src/features/company/__tests__/lib/company-schemas.test.ts > company-schemas > updateCompanySchema > should validate with all fields and string currency id 0ms
 ✓ src/features/company/__tests__/lib/company-schemas.test.ts > company-schemas > updateCompanySchema > should validate with numeric currency id (coerced) 0ms
 ✓ src/features/company/__tests__/lib/company-schemas.test.ts > company-schemas > updateCompanySchema > should validate with only name 0ms
 ✓ src/features/company/__tests__/lib/company-schemas.test.ts > company-schemas > updateCompanySchema > should validate with only status 0ms
 ✓ src/features/company/__tests__/lib/company-schemas.test.ts > company-schemas > updateCompanySchema > should validate empty object (partial update) 0ms
 ✓ src/features/company/__tests__/lib/company-schemas.test.ts > company-schemas > updateCompanySchema > should reject name longer than 100 characters 0ms
 ✓ src/features/company/__tests__/lib/company-schemas.test.ts > company-schemas > updateCompanySchema > should reject empty name string 0ms
 ✓ src/features/company/__tests__/lib/company-schemas.test.ts > company-schemas > updateCompanySchema > should trim whitespace from name 0ms
 ✓ src/features/pre-liquidacion/__tests__/obtenerComisionesPreliquidadas.test.ts > obtenerComisionesPreliquidadas > returns null when fileImport does not exist 1ms
 ✓ src/features/pre-liquidacion/__tests__/obtenerComisionesPreliquidadas.test.ts > obtenerComisionesPreliquidadas > calls prisma.settlementCommission.findMany with status PRE-SETTLED and the correct fileId 1ms
 ✓ src/features/pre-liquidacion/__tests__/obtenerComisionesPreliquidadas.test.ts > obtenerComisionesPreliquidadas > returns an empty registros array when no PRE-SETTLED records exist for the file 0ms
 ✓ src/features/pre-liquidacion/__tests__/obtenerComisionesPreliquidadas.test.ts > obtenerComisionesPreliquidadas > returns exactly the records returned by Prisma when PRE-SETTLED records exist 1ms
 ✓ src/features/pre-liquidacion/__tests__/obtenerComisionesPreliquidadas.test.ts > obtenerComisionesPreliquidadas > maps the archivo fields correctly from fileImport 0ms
 ✓ src/features/pre-liquidacion/__tests__/obtenerComisionesPreliquidadas.test.ts > obtenerComisionesPreliquidadas > maps individual registro fields correctly 0ms
 ✓ src/features/distribution-commission/__tests__/mappers/commission-rule.mapper.test.ts > Commission Rule Mappers > prismaCommissionRuleCategoryToDomain > should map flat fields correctly 1ms
 ✓ src/features/distribution-commission/__tests__/mappers/commission-rule.mapper.test.ts > Commission Rule Mappers > prismaCommissionRuleCategoryToDomain > should preserve precision beyond two decimal places when mapping 0ms
 ✓ src/features/distribution-commission/__tests__/mappers/commission-rule.mapper.test.ts > Commission Rule Mappers > prismaCommissionRuleCategoryToDomain > should handle string decimal values 0ms
 ✓ src/features/distribution-commission/__tests__/mappers/commission-rule.mapper.test.ts > Commission Rule Mappers > prismaCommissionRuleCategoryToDomain > should map nested category if present 0ms
 ✓ src/features/distribution-commission/__tests__/mappers/commission-rule.mapper.test.ts > Commission Rule Mappers > prismaCommissionRuleCategoryToDomain > should map porcentajePortfolio when present 0ms
 ✓ src/features/distribution-commission/__tests__/mappers/commission-rule.mapper.test.ts > Commission Rule Mappers > prismaCommissionRuleToDomain > should map rule with categories 1ms
 ✓ src/features/distribution-commission/__tests__/mappers/commission-rule.mapper.test.ts > Commission Rule Mappers > prismaCommissionRuleToDomain > should map rule without categories 0ms
 ✓ src/app/api/category-types/__tests__/route.test.ts > Category Types API > GET should return category types 2ms
 ✓ src/app/api/category-types/__tests__/route.test.ts > Category Types API > POST should create category type 3ms
stderr | src/app/api/pre-liquidacion/distribucion/[settlementCommissionId]/__tests__/route.test.ts
[auth] AUTH_SECRET is not set; using a static per-process secret (env=test). Set AUTH_SECRET in your environment to persist sessions across restarts.

 ✓ src/app/api/pre-liquidacion/distribucion/[settlementCommissionId]/__tests__/route.test.ts > GET /api/pre-liquidacion/distribucion/[settlementCommissionId] > returns 401 when session is null (unauthenticated) 1ms
 ✓ src/app/api/pre-liquidacion/distribucion/[settlementCommissionId]/__tests__/route.test.ts > GET /api/pre-liquidacion/distribucion/[settlementCommissionId] > returns 403 when role is not in allowed list (AGENTE) 0ms
 ✓ src/app/api/pre-liquidacion/distribucion/[settlementCommissionId]/__tests__/route.test.ts > GET /api/pre-liquidacion/distribucion/[settlementCommissionId] > returns 403 when role is DEFAULT 0ms
 ✓ src/app/api/pre-liquidacion/distribucion/[settlementCommissionId]/__tests__/route.test.ts > GET /api/pre-liquidacion/distribucion/[settlementCommissionId] > returns 400 when settlementCommissionId is non-numeric 0ms
 ✓ src/app/api/pre-liquidacion/distribucion/[settlementCommissionId]/__tests__/route.test.ts > GET /api/pre-liquidacion/distribucion/[settlementCommissionId] > returns 400 when settlementCommissionId is 0 0ms
 ✓ src/app/api/pre-liquidacion/distribucion/[settlementCommissionId]/__tests__/route.test.ts > GET /api/pre-liquidacion/distribucion/[settlementCommissionId] > returns 404 when service returns null 0ms
 ✓ src/app/api/pre-liquidacion/distribucion/[settlementCommissionId]/__tests__/route.test.ts > GET /api/pre-liquidacion/distribucion/[settlementCommissionId] > returns 200 with correctly shaped ApiResponse for ADMIN role 1ms
 ✓ src/app/api/pre-liquidacion/distribucion/[settlementCommissionId]/__tests__/route.test.ts > GET /api/pre-liquidacion/distribucion/[settlementCommissionId] > returns 200 for ASISTENTE_GERENCIA_OPERATIVA role 0ms
 ✓ src/app/api/pre-liquidacion/distribucion/[settlementCommissionId]/__tests__/route.test.ts > GET /api/pre-liquidacion/distribucion/[settlementCommissionId] > returns 200 for ANALISTA_SOPORTE role 0ms
 ✓ src/app/api/pre-liquidacion/distribucion/[settlementCommissionId]/__tests__/route.test.ts > GET /api/pre-liquidacion/distribucion/[settlementCommissionId] > calls the service with the parsed integer id 0ms
stderr | src/app/api/carga-archivos/process-batch/__tests__/route.test.ts
[auth] AUTH_SECRET is not set; using a static per-process secret (env=test). Set AUTH_SECRET in your environment to persist sessions across restarts.

 ✓ src/app/api/carga-archivos/process-batch/__tests__/route.test.ts > POST /api/carga-archivos/process-batch > logs audit entry and marks record as error for invalid numeric values 4ms
 ✓ src/features/pre-liquidacion/__tests__/pre-liquidacion-schemas.test.ts > pre-liquidacion-schemas > procesarPreLiquidacionSchema > should validate valid data with mes (happy path) 1ms
 ✓ src/features/pre-liquidacion/__tests__/pre-liquidacion-schemas.test.ts > pre-liquidacion-schemas > procesarPreLiquidacionSchema > should validate valid data with fechaInicio and fechaFin 1ms
 ✓ src/features/pre-liquidacion/__tests__/pre-liquidacion-schemas.test.ts > pre-liquidacion-schemas > procesarPreLiquidacionSchema > should reject missing fileImportId 0ms
 ✓ src/features/pre-liquidacion/__tests__/pre-liquidacion-schemas.test.ts > pre-liquidacion-schemas > procesarPreLiquidacionSchema > should reject fileImportId that is not a number 0ms
 ✓ src/features/pre-liquidacion/__tests__/pre-liquidacion-schemas.test.ts > pre-liquidacion-schemas > procesarPreLiquidacionSchema > should reject fileImportId that is not an integer 0ms
 ✓ src/features/pre-liquidacion/__tests__/pre-liquidacion-schemas.test.ts > pre-liquidacion-schemas > procesarPreLiquidacionSchema > should reject fileImportId that is not positive 0ms
 ✓ src/features/pre-liquidacion/__tests__/pre-liquidacion-schemas.test.ts > pre-liquidacion-schemas > procesarPreLiquidacionSchema > should reject negative fileImportId 0ms
 ✓ src/features/pre-liquidacion/__tests__/pre-liquidacion-schemas.test.ts > pre-liquidacion-schemas > procesarPreLiquidacionSchema > should reject mes with invalid format 0ms
 ✓ src/features/pre-liquidacion/__tests__/pre-liquidacion-schemas.test.ts > pre-liquidacion-schemas > procesarPreLiquidacionSchema > should accept mes format even if month is invalid (format validation only) 0ms
 ✓ src/features/pre-liquidacion/__tests__/pre-liquidacion-schemas.test.ts > pre-liquidacion-schemas > procesarPreLiquidacionSchema > should accept mes with valid format YYYY-MM 0ms
 ✓ src/features/pre-liquidacion/__tests__/pre-liquidacion-schemas.test.ts > pre-liquidacion-schemas > procesarPreLiquidacionSchema > should reject when neither mes nor fechaInicio/fechaFin are provided 0ms
 ✓ src/features/pre-liquidacion/__tests__/pre-liquidacion-schemas.test.ts > pre-liquidacion-schemas > procesarPreLiquidacionSchema > should reject when only fechaInicio is provided without fechaFin 0ms
 ✓ src/features/pre-liquidacion/__tests__/pre-liquidacion-schemas.test.ts > pre-liquidacion-schemas > procesarPreLiquidacionSchema > should reject when only fechaFin is provided without fechaInicio 0ms
 ✓ src/features/pre-liquidacion/__tests__/pre-liquidacion-schemas.test.ts > pre-liquidacion-schemas > procesarPreLiquidacionSchema > should reject invalid fechaInicio format 0ms
 ✓ src/features/pre-liquidacion/__tests__/pre-liquidacion-schemas.test.ts > pre-liquidacion-schemas > procesarPreLiquidacionSchema > should reject invalid fechaFin format 0ms
 ✓ src/features/pre-liquidacion/__tests__/pre-liquidacion-schemas.test.ts > pre-liquidacion-schemas > rangoFechasSchema > should validate valid date range (happy path) 0ms
 ✓ src/features/pre-liquidacion/__tests__/pre-liquidacion-schemas.test.ts > pre-liquidacion-schemas > rangoFechasSchema > should accept equal dates 0ms
 ✓ src/features/pre-liquidacion/__tests__/pre-liquidacion-schemas.test.ts > pre-liquidacion-schemas > rangoFechasSchema > should reject when fechaFin is before fechaInicio 0ms
 ✓ src/features/pre-liquidacion/__tests__/pre-liquidacion-schemas.test.ts > pre-liquidacion-schemas > rangoFechasSchema > should reject missing fechaInicio 0ms
 ✓ src/features/pre-liquidacion/__tests__/pre-liquidacion-schemas.test.ts > pre-liquidacion-schemas > rangoFechasSchema > should reject missing fechaFin 0ms
 ✓ src/features/pre-liquidacion/__tests__/pre-liquidacion-schemas.test.ts > pre-liquidacion-schemas > rangoFechasSchema > should reject invalid fechaInicio format 0ms
 ✓ src/features/pre-liquidacion/__tests__/pre-liquidacion-schemas.test.ts > pre-liquidacion-schemas > rangoFechasSchema > should reject invalid fechaFin format 0ms
 ✓ src/features/pre-liquidacion/__tests__/pre-liquidacion-schemas.test.ts > pre-liquidacion-schemas > mesSchema > should validate valid mes format (happy path) 0ms
 ✓ src/features/pre-liquidacion/__tests__/pre-liquidacion-schemas.test.ts > pre-liquidacion-schemas > mesSchema > should reject mes with invalid format 0ms
 ✓ src/features/pre-liquidacion/__tests__/pre-liquidacion-schemas.test.ts > pre-liquidacion-schemas > mesSchema > should reject mes without dash 0ms
 ✓ src/features/pre-liquidacion/__tests__/pre-liquidacion-schemas.test.ts > pre-liquidacion-schemas > mesSchema > should reject mes with extra characters 0ms
 ✓ src/features/pre-liquidacion/__tests__/pre-liquidacion-schemas.test.ts > pre-liquidacion-schemas > mesSchema > should accept mes with single digit month 0ms
 ✓ src/features/pre-liquidacion/__tests__/pre-liquidacion-schemas.test.ts > pre-liquidacion-schemas > mesSchema > should accept mes with double digit month 0ms
 ✓ src/features/pre-liquidacion/__tests__/pre-liquidacion-schemas.test.ts > pre-liquidacion-schemas > mesSchema > should reject empty mes 0ms
 ✓ src/features/pre-liquidacion/__tests__/pre-liquidacion-schemas.test.ts > pre-liquidacion-schemas > mesSchema > should reject missing mes 0ms
stderr | src/app/api/origins/__tests__/route.test.ts
[auth] AUTH_SECRET is not set; using a static per-process secret (env=test). Set AUTH_SECRET in your environment to persist sessions across restarts.

 ✓ src/app/api/origins/__tests__/route.test.ts > GET /api/origins > should list client origins successfully with default params 2ms
 ✓ src/app/api/origins/__tests__/route.test.ts > GET /api/origins > should handle search parameter 2ms
 ✓ src/app/api/origins/__tests__/route.test.ts > POST /api/origins > should create client origin successfully 1ms
 ✓ src/app/api/origins/__tests__/route.test.ts > POST /api/origins > should reject duplicate name 0ms
stderr | src/app/api/pre-liquidacion/registros/[fileId]/__tests__/route.test.ts
[auth] AUTH_SECRET is not set; using a static per-process secret (env=test). Set AUTH_SECRET in your environment to persist sessions across restarts.

 ✓ src/app/api/pre-liquidacion/registros/[fileId]/__tests__/route.test.ts > GET /api/pre-liquidacion/registros/[fileId] > returns 401 when unauthenticated 1ms
 ✓ src/app/api/pre-liquidacion/registros/[fileId]/__tests__/route.test.ts > GET /api/pre-liquidacion/registros/[fileId] > returns 403 for unauthorized role 0ms
 ✓ src/app/api/pre-liquidacion/registros/[fileId]/__tests__/route.test.ts > GET /api/pre-liquidacion/registros/[fileId] > returns 200 with correct shape for allowed role (ANALISTA_SOPORTE) 1ms
 ✓ src/app/api/pre-liquidacion/registros/[fileId]/__tests__/route.test.ts > GET /api/pre-liquidacion/registros/[fileId] > returns 404 when file does not exist 0ms
 ✓ src/app/api/pre-liquidacion/registros/[fileId]/__tests__/route.test.ts > GET /api/pre-liquidacion/registros/[fileId] > returns 400 when fileId is invalid 0ms
 ✓ src/app/api/product-configurations/[id]/ppcs/__tests__/route.test.ts > GET /api/product-configurations/[id]/ppcs > should return available PPC options for a given product configuration 2ms
 ✓ src/app/api/product-configurations/[id]/ppcs/__tests__/route.test.ts > GET /api/product-configurations/[id]/ppcs > should return empty list if no PPCs found 0ms
 ✓ src/app/api/product-configurations/[id]/ppcs/__tests__/route.test.ts > GET /api/product-configurations/[id]/ppcs > should handle database error 1ms
 ✓ src/features/distribution-commission/__tests__/lib/commission-rule-schemas.test.ts > Commission Rule Schemas > categoryPercentageSchema > should validate valid category percentage 1ms
 ✓ src/features/distribution-commission/__tests__/lib/commission-rule-schemas.test.ts > Commission Rule Schemas > categoryPercentageSchema > should reject percentage below 1 0ms
 ✓ src/features/distribution-commission/__tests__/lib/commission-rule-schemas.test.ts > Commission Rule Schemas > categoryPercentageSchema > should fail if percentage is negative 0ms
 ✓ src/features/distribution-commission/__tests__/lib/commission-rule-schemas.test.ts > Commission Rule Schemas > categoryPercentageSchema > should fail if percentage exceeds maximum 0ms
 ✓ src/features/distribution-commission/__tests__/lib/commission-rule-schemas.test.ts > Commission Rule Schemas > categoryPercentageSchema > should reject undefined percentage (RF-02 empty state) 0ms
 ✓ src/features/distribution-commission/__tests__/lib/commission-rule-schemas.test.ts > Commission Rule Schemas > categoryPercentageSchema > should reject missing percentage key 0ms
 ✓ src/features/distribution-commission/__tests__/lib/commission-rule-schemas.test.ts > Commission Rule Schemas > createCommissionRuleSchema > should validate valid payload 0ms
 ✓ src/features/distribution-commission/__tests__/lib/commission-rule-schemas.test.ts > Commission Rule Schemas > createCommissionRuleSchema > should allow empty categories 0ms
 ✓ src/features/distribution-commission/__tests__/lib/commission-rule-schemas.test.ts > Commission Rule Schemas > createCommissionRuleSchema > should fail on duplicate categories 0ms
 ✓ src/features/distribution-commission/__tests__/lib/commission-rule-schemas.test.ts > Commission Rule Schemas > createCommissionRuleSchema > should fail when sum of percentages exceeds 100 0ms
 ✓ src/features/distribution-commission/__tests__/lib/commission-rule-schemas.test.ts > Commission Rule Schemas > createCommissionRuleSchema > should accept categories summing to exactly 100 0ms
 ✓ src/features/distribution-commission/__tests__/lib/commission-rule-schemas.test.ts > Commission Rule Schemas > createCommissionRuleSchema > should require portfolio percentages when hasPortfolio is true 0ms
 ✓ src/features/distribution-commission/__tests__/lib/commission-rule-schemas.test.ts > Commission Rule Schemas > createCommissionRuleSchema > should fail when portfolio sum exceeds 100 with hasPortfolio true 0ms
 ✓ src/features/distribution-commission/__tests__/lib/commission-rule-schemas.test.ts > Commission Rule Schemas > createCommissionRuleSchema > should accept valid portfolio lines when hasPortfolio is true 0ms
 ✓ src/features/distribution-commission/__tests__/lib/commission-rule-schemas.test.ts > Commission Rule Schemas > createCommissionRuleSchema > should reject category line with undefined percentage 0ms
 ✓ src/features/distribution-commission/__tests__/lib/commission-rule-schemas.test.ts > Commission Rule Schemas > updateCommissionRuleSchema > should validate partial update 0ms
 ✓ src/features/distribution-commission/__tests__/lib/commission-rule-schemas.test.ts > Commission Rule Schemas > updateCommissionRuleSchema > should validate full update 0ms
 ✓ src/features/distribution-commission/__tests__/lib/commission-rule-schemas.test.ts > Commission Rule Schemas > updateCommissionRuleSchema > should validate update with hasPortfolio and portfolio lines 0ms
 ✓ src/features/distribution-commission/__tests__/lib/commission-rule-schemas.test.ts > Commission Rule Schemas > createCommissionRuleApiSchema > should map distribution and portfolio to fractions 0ms
 ✓ src/features/categories/__tests__/lib/category-schemas.test.ts > category-schemas > createCategorySchema > should validate valid category data (happy path) 1ms
 ✓ src/features/categories/__tests__/lib/category-schemas.test.ts > category-schemas > createCategorySchema > should trim whitespace from name 0ms
 ✓ src/features/categories/__tests__/lib/category-schemas.test.ts > category-schemas > createCategorySchema > should reject empty name 0ms
 ✓ src/features/categories/__tests__/lib/category-schemas.test.ts > category-schemas > createCategorySchema > should reject name shorter than 2 characters 0ms
 ✓ src/features/categories/__tests__/lib/category-schemas.test.ts > category-schemas > createCategorySchema > should reject name longer than 100 characters 0ms
 ✓ src/features/categories/__tests__/lib/category-schemas.test.ts > category-schemas > createCategorySchema > should accept name with exactly 2 characters 0ms
 ✓ src/features/categories/__tests__/lib/category-schemas.test.ts > category-schemas > createCategorySchema > should accept name with exactly 100 characters 0ms
 ✓ src/features/categories/__tests__/lib/category-schemas.test.ts > category-schemas > createCategorySchema > should require idCategoryType as a positive integer 0ms
 ✓ src/features/categories/__tests__/lib/category-schemas.test.ts > category-schemas > createCategorySchema > should reject idCategoryType = 0 (non-positive) 0ms
 ✓ src/features/categories/__tests__/lib/category-schemas.test.ts > category-schemas > createCategorySchema > should reject idCategoryType = -1 (negative) 0ms
 ✓ src/features/categories/__tests__/lib/category-schemas.test.ts > category-schemas > createCategorySchema > should accept optional description as null 0ms
 ✓ src/features/categories/__tests__/lib/category-schemas.test.ts > category-schemas > createCategorySchema > should accept optional description as undefined 0ms
 ✓ src/features/categories/__tests__/lib/category-schemas.test.ts > category-schemas > createCategorySchema > should accept description as string 0ms
 ✓ src/features/categories/__tests__/lib/category-schemas.test.ts > category-schemas > createCategorySchema > should default status to true when not provided 0ms
 ✓ src/features/categories/__tests__/lib/category-schemas.test.ts > category-schemas > createCategorySchema > should accept status as false 0ms
 ✓ src/features/categories/__tests__/lib/category-schemas.test.ts > category-schemas > createCategorySchema > should reject missing name 0ms
 ✓ src/features/categories/__tests__/lib/category-schemas.test.ts > category-schemas > updateCategorySchema > should validate with all fields (happy path) 0ms
 ✓ src/features/categories/__tests__/lib/category-schemas.test.ts > category-schemas > updateCategorySchema > should validate with only name 0ms
 ✓ src/features/categories/__tests__/lib/category-schemas.test.ts > category-schemas > updateCategorySchema > should validate with only idCategoryType 0ms
 ✓ src/features/categories/__tests__/lib/category-schemas.test.ts > category-schemas > updateCategorySchema > should validate with only status 0ms
 ✓ src/features/categories/__tests__/lib/category-schemas.test.ts > category-schemas > updateCategorySchema > should validate empty object (partial update) 0ms
 ✓ src/features/categories/__tests__/lib/category-schemas.test.ts > category-schemas > updateCategorySchema > should reject name shorter than 2 characters when provided 0ms
 ✓ src/features/categories/__tests__/lib/category-schemas.test.ts > category-schemas > updateCategorySchema > should reject name longer than 100 characters when provided 0ms
 ✓ src/features/categories/__tests__/lib/category-schemas.test.ts > category-schemas > updateCategorySchema > should trim whitespace from name field 0ms
 ✓ src/features/categories/__tests__/lib/category-schemas.test.ts > category-schemas > updateCategorySchema > should reject idCategoryType = 0 when provided 0ms
 ✓ src/features/negocios/lib/__tests__/map-business-to-export-row.test.ts > mapBusinessToExportRow > debe tener las cabeceras en el orden y nombres correctos sin filtros de fecha 1ms
 ✓ src/features/negocios/lib/__tests__/map-business-to-export-row.test.ts > mapBusinessToExportRow > coloca Líder 2 después de Fecha de Fondeo cuando maxLeaderLevels > 1 0ms
 ✓ src/features/negocios/lib/__tests__/map-business-to-export-row.test.ts > mapBusinessToExportRow > usa cabeceras Fecha Fondeo Anualidad i al final cuando maxAnnualCols > 0 0ms
 ✓ src/features/negocios/lib/__tests__/map-business-to-export-row.test.ts > mapBusinessToExportRow > debe tener las cabeceras condicionales si hay filtros de fecha 0ms
 ✓ src/features/negocios/lib/__tests__/map-business-to-export-row.test.ts > mapBusinessToExportRow > debe mapear los datos correctamente incluyendo Teléfono 1ms
 ✓ src/features/negocios/lib/__tests__/map-business-to-export-row.test.ts > mapBusinessToExportRow > debe mapear las fechas dinámicas cuando se proveen filtros 1ms
 ✓ src/features/negocios/lib/__tests__/map-business-to-export-row.test.ts > mapBusinessToExportRow > formatea filtros de fecha del export en calendario Bogotá (regresión timezone) 0ms
 ✓ src/features/negocios/lib/__tests__/map-business-to-export-row.test.ts > mapBusinessToExportRow > mapea líder nivel 2 en columnas tras Fecha de Fondeo cuando maxLeaderLevels es 2 0ms
 ✓ src/features/negocios/lib/__tests__/map-business-to-export-row.test.ts > computeMaxAnnualColumns > debe calcular el máximo de columnas de anualidad basado en el plazo 0ms
 ✓ src/app/api/product-configurations/[id]/distribution-commission/[ruleId]/__tests__/route.patch.test.ts > PATCH /api/product-configurations/[id]/distribution-commission/[ruleId] > desactivar regla sin negocios asociados retorna 200 y audit DEACTIVATED 2ms
 ✓ src/app/api/product-configurations/[id]/distribution-commission/[ruleId]/__tests__/route.patch.test.ts > PATCH /api/product-configurations/[id]/distribution-commission/[ruleId] > activar regla retorna 200 y audit ACTIVATED 0ms
 ✓ src/app/api/product-configurations/[id]/distribution-commission/[ruleId]/__tests__/route.patch.test.ts > PATCH /api/product-configurations/[id]/distribution-commission/[ruleId] > 409 si existen negocios activos al desactivar 0ms
 ✓ src/app/api/product-configurations/[id]/distribution-commission/[ruleId]/__tests__/route.patch.test.ts > PATCH /api/product-configurations/[id]/distribution-commission/[ruleId] > 404 si la regla no existe 0ms
 ✓ src/app/api/product-configurations/[id]/distribution-commission/__tests__/route.post.test.ts > POST /api/product-configurations/[id]/distribution-commission > crea regla exitosamente y dispara audit DISTRIBUTION_COMMISSION_CREATED 4ms
 ✓ src/app/api/product-configurations/[id]/distribution-commission/__tests__/route.post.test.ts > POST /api/product-configurations/[id]/distribution-commission > retorna 400 si ya existe una distribución activa 1ms
 ✓ src/app/api/product-configurations/[id]/distribution-commission/__tests__/route.post.test.ts > POST /api/product-configurations/[id]/distribution-commission > sin sesión el handler sigue operando (sin guard de auth explícito) 0ms
 ✓ src/features/load-file/__tests__/file-naming.test.ts > generateSyncFileName > All 12 months produce correct Spanish uppercase names > month 1 → ENERO 1ms
 ✓ src/features/load-file/__tests__/file-naming.test.ts > generateSyncFileName > All 12 months produce correct Spanish uppercase names > month 2 → FEBRERO 0ms
 ✓ src/features/load-file/__tests__/file-naming.test.ts > generateSyncFileName > All 12 months produce correct Spanish uppercase names > month 3 → MARZO 0ms
 ✓ src/features/load-file/__tests__/file-naming.test.ts > generateSyncFileName > All 12 months produce correct Spanish uppercase names > month 4 → ABRIL 0ms
 ✓ src/features/load-file/__tests__/file-naming.test.ts > generateSyncFileName > All 12 months produce correct Spanish uppercase names > month 5 → MAYO 0ms
 ✓ src/features/load-file/__tests__/file-naming.test.ts > generateSyncFileName > All 12 months produce correct Spanish uppercase names > month 6 → JUNIO 0ms
 ✓ src/features/load-file/__tests__/file-naming.test.ts > generateSyncFileName > All 12 months produce correct Spanish uppercase names > month 7 → JULIO 0ms
 ✓ src/features/load-file/__tests__/file-naming.test.ts > generateSyncFileName > All 12 months produce correct Spanish uppercase names > month 8 → AGOSTO 0ms
 ✓ src/features/load-file/__tests__/file-naming.test.ts > generateSyncFileName > All 12 months produce correct Spanish uppercase names > month 9 → SEPTIEMBRE 0ms
 ✓ src/features/load-file/__tests__/file-naming.test.ts > generateSyncFileName > All 12 months produce correct Spanish uppercase names > month 10 → OCTUBRE 0ms
 ✓ src/features/load-file/__tests__/file-naming.test.ts > generateSyncFileName > All 12 months produce correct Spanish uppercase names > month 11 → NOVIEMBRE 0ms
 ✓ src/features/load-file/__tests__/file-naming.test.ts > generateSyncFileName > All 12 months produce correct Spanish uppercase names > month 12 → DICIEMBRE 0ms
 ✓ src/features/load-file/__tests__/file-naming.test.ts > generateSyncFileName > Spec scenarios > generateSyncFileName("POLIZA", 2, 2026) → "SINCRONIZACION-POLIZA-FEBRERO-2026" 0ms
 ✓ src/features/load-file/__tests__/file-naming.test.ts > generateSyncFileName > Spec scenarios > generateSyncFileName("VOLUNTARIA", 12, 2025) → "SINCRONIZACION-VOLUNTARIA-DICIEMBRE-2025" 0ms
 ✓ src/features/load-file/__tests__/file-naming.test.ts > generateSyncFileName > fileType is uppercased > lowercased fileType is converted to uppercase 0ms
 ✓ src/features/load-file/__tests__/file-naming.test.ts > generateSyncFileName > fileType is uppercased > mixed-case fileType is converted to uppercase 0ms
 ✓ src/features/load-file/__tests__/file-naming.test.ts > generateSyncFileName > Invalid month throws error > month 0 throws Error with message "Invalid month: 0" 0ms
 ✓ src/features/load-file/__tests__/file-naming.test.ts > generateSyncFileName > Invalid month throws error > month 13 throws Error with message "Invalid month: 13" 0ms
 ✓ src/features/load-file/__tests__/file-naming.test.ts > generateSyncFileName > Invalid month throws error > negative month throws error 0ms
 ✓ src/features/load-file/__tests__/file-naming.test.ts > generateSyncFileName > Year is included correctly > year 2025 is reflected in the output 0ms
 ✓ src/features/load-file/__tests__/file-naming.test.ts > generateSyncFileName > Year is included correctly > year 2030 is reflected in the output 0ms
 ✓ src/features/negocios/__tests__/services/product-configuration.service.test.ts > validateProductConfigurationExists > returns { valid: true } when ProductConfiguration exists with active PPC and categories 1ms
 ✓ src/features/negocios/__tests__/services/product-configuration.service.test.ts > validateProductConfigurationExists > returns { valid: false } when no ProductConfiguration exists (findFirst returns null) 0ms
 ✓ src/features/negocios/__tests__/services/product-configuration.service.test.ts > validateProductConfigurationExists > returns { valid: false } when ProductConfiguration exists but has no active PPC 0ms
 ✓ src/features/negocios/__tests__/services/product-configuration.service.test.ts > validateProductConfigurationExists > returns { valid: false } when active PPC exists but has no distribution categories 0ms
 ✓ src/features/negocios/__tests__/services/product-configuration.service.test.ts > validateProductConfigurationExists > calls prisma.productConfiguration.findFirst with idLevel and active level/product filters 1ms
 ✓ src/features/negocios/__tests__/services/product-configuration.service.test.ts > validateProductConfigurationExists > returns { valid: false } when level is inactive (findFirst returns null due to level.status filter) 0ms
 ✓ src/features/negocios/__tests__/services/product-configuration.service.test.ts > validateProductConfigurationExists > returns { valid: false } when product is inactive (findFirst returns null due to product.status filter) 0ms
 ✓ src/features/negocios/__tests__/services/product-configuration.service.test.ts > getPpcForNewBusinesses > debería buscar PPC solo por idProduct e idLevel (sin idClientOrigin) 0ms
 ✓ src/features/negocios/__tests__/services/product-configuration.service.test.ts > getPpcForNewBusinesses > debería lanzar error cuando no existe configuración para el par producto-nivel 1ms
 ✓ src/features/negocios/__tests__/services/product-configuration.service.test.ts > getPpcForNewBusinesses > returns specific PPC and skips fallback lookup when new-business PPC exists 0ms
 ✓ src/features/negocios/__tests__/services/product-configuration.service.test.ts > getPpcForNewBusinesses > returns ppc as null when configuration exists but has no new-business PPC assigned 0ms
 ✓ src/features/negocios/__tests__/services/product-configuration.service.test.ts > getPpcForNewBusinesses > calls findFirst with level.status and product.status active filters 0ms
 ✓ src/features/email/__tests__/lib/email-service.test.ts > Email Service > sendEmail > should send a traditional email successfully 1ms
 ✓ src/features/email/__tests__/lib/email-service.test.ts > Email Service > sendEmail > should return error for invalid email 0ms
 ✓ src/features/email/__tests__/lib/email-service.test.ts > Email Service > sendEmail > should return error when no content provided 0ms
 ✓ src/features/email/__tests__/lib/email-service.test.ts > Email Service > sendTemplatedEmail > should send a templated email successfully 0ms
 ✓ src/features/email/__tests__/lib/email-service.test.ts > Email Service > sendTemplatedEmail > should return error for invalid template ID 0ms
 ✓ src/features/load-file/__tests__/period-utils.test.ts > getDefaultPeriod > returns the current month and year > January → returns { month: 1, year: currentYear } 1ms
 ✓ src/features/load-file/__tests__/period-utils.test.ts > getDefaultPeriod > returns the current month and year > February → returns { month: 2, year: currentYear } 0ms
 ✓ src/features/load-file/__tests__/period-utils.test.ts > getDefaultPeriod > returns the current month and year > June → returns { month: 6, year: currentYear } 0ms
 ✓ src/features/load-file/__tests__/period-utils.test.ts > getDefaultPeriod > returns the current month and year > December → returns { month: 12, year: currentYear } 0ms
 ✓ src/features/load-file/__tests__/period-utils.test.ts > getDefaultPeriod > returns the current month and year > any month returns month = currentMonth (1-based) 0ms
 ✓ src/features/load-file/__tests__/period-utils.test.ts > getDefaultPeriod > defaults to current Date when no argument is provided > returns an object with month and year when called with no args 0ms
 ✓ src/features/auth/__tests__/auth-schemas.test.ts > auth-schemas > loginSchema > should validate valid login data (happy path) 1ms
 ✓ src/features/auth/__tests__/auth-schemas.test.ts > auth-schemas > loginSchema > should reject empty email 1ms
 ✓ src/features/auth/__tests__/auth-schemas.test.ts > auth-schemas > loginSchema > should reject invalid email format 0ms
 ✓ src/features/auth/__tests__/auth-schemas.test.ts > auth-schemas > loginSchema > should reject email without corporate domain 0ms
 ✓ src/features/auth/__tests__/auth-schemas.test.ts > auth-schemas > loginSchema > should accept email with corporate domain 0ms
 ✓ src/features/auth/__tests__/auth-schemas.test.ts > auth-schemas > loginSchema > should reject empty password 0ms
 ✓ src/features/auth/__tests__/auth-schemas.test.ts > auth-schemas > loginSchema > should reject password shorter than 8 characters 0ms
 ✓ src/features/auth/__tests__/auth-schemas.test.ts > auth-schemas > loginSchema > should accept password with exactly 8 characters 0ms
 ✓ src/features/auth/__tests__/auth-schemas.test.ts > auth-schemas > loginSchema > should accept password longer than 8 characters 0ms
 ✓ src/features/auth/__tests__/auth-schemas.test.ts > auth-schemas > emailSchema > should validate valid email (happy path) 0ms
 ✓ src/features/auth/__tests__/auth-schemas.test.ts > auth-schemas > emailSchema > should reject empty email 0ms
 ✓ src/features/auth/__tests__/auth-schemas.test.ts > auth-schemas > emailSchema > should reject invalid email format 0ms
 ✓ src/features/auth/__tests__/auth-schemas.test.ts > auth-schemas > emailSchema > should accept valid email with any domain 0ms
 ✓ src/features/auth/__tests__/auth-schemas.test.ts > auth-schemas > emailSchema > should accept email with subdomain 0ms
 ✓ src/features/negocios/__tests__/api/negocios-stats-hierarchy.test.ts > GET /api/negocios/stats — hierarchical visibility > ADMIN sees all — no idUser scope in stats > does NOT apply idUser filter in groupBy where for ADMIN 3ms
 ✓ src/features/negocios/__tests__/api/negocios-stats-hierarchy.test.ts > GET /api/negocios/stats — hierarchical visibility > AGENTE sees own + subordinates in stats > applies IN predicate with hierarchy IDs in groupBy where 1ms
 ✓ src/features/negocios/__tests__/api/negocios-stats-hierarchy.test.ts > GET /api/negocios/stats — hierarchical visibility > AGENTE sees own + subordinates in stats > AGENTE with no subordinates scopes stats to own idUser only 6ms
 ✓ src/features/auth/__tests__/user-validation.test.ts > validateUserCredentials - ssoOnly validation > ssoOnly = true (Solo SSO permitido) > debe rechazar login con contraseña cuando ssoOnly es true 1ms
 ✓ src/features/auth/__tests__/user-validation.test.ts > validateUserCredentials - ssoOnly validation > ssoOnly = true (Solo SSO permitido) > debe rechazar incluso si la contraseña es correcta cuando ssoOnly es true 0ms
 ✓ src/features/auth/__tests__/user-validation.test.ts > validateUserCredentials - ssoOnly validation > ssoOnly = false (Login con contraseña permitido) > debe permitir login con contraseña válida cuando ssoOnly es false 1ms
 ✓ src/features/auth/__tests__/user-validation.test.ts > validateUserCredentials - ssoOnly validation > ssoOnly = false (Login con contraseña permitido) > debe rechazar si ssoOnly es false pero no tiene contraseña configurada 1ms
 ✓ src/features/auth/__tests__/user-validation.test.ts > validateUserCredentials - ssoOnly validation > Restricción de rol (ADMIN y AGENTE) > debe permitir usuarios AGENTE con ssoOnly false 1ms
 ✓ src/features/auth/__tests__/user-validation.test.ts > validateUserCredentials - ssoOnly validation > Restricción de rol (ADMIN y AGENTE) > debe rechazar otros roles (ej. ANALISTA_SOPORTE) con ssoOnly false 0ms
 ✓ src/features/auth/__tests__/user-validation.test.ts > validateUserCredentials - ssoOnly validation > Validaciones previas a ssoOnly > debe rechazar usuario inactivo antes de verificar ssoOnly 0ms
 ✓ src/features/auth/__tests__/user-validation.test.ts > validateUserCredentials - ssoOnly validation > Validaciones previas a ssoOnly > debe rechazar usuario sin rol antes de verificar ssoOnly 0ms
 ✓ src/features/auth/__tests__/user-validation.test.ts > validateUserCredentials - ssoOnly validation > Flujo completo de validación > debe seguir el orden correcto de validaciones 1ms
 ✓ src/features/levels/__tests__/mappers/level.mapper.test.ts > level.mapper > prismaLevelToLevel > should transform Prisma Level to Level (happy path) 1ms
 ✓ src/features/levels/__tests__/mappers/level.mapper.test.ts > level.mapper > prismaLevelToLevel > should convert Date to ISO string 0ms
 ✓ src/features/levels/__tests__/mappers/level.mapper.test.ts > level.mapper > prismaLevelToLevel > should handle null descripcion correctly 0ms
 ✓ src/features/levels/__tests__/mappers/level.mapper.test.ts > level.mapper > prismaLevelToLevel > should handle status as true 0ms
 ✓ src/features/levels/__tests__/mappers/level.mapper.test.ts > level.mapper > prismaLevelToLevel > should handle status as false 0ms
 ✓ src/features/levels/__tests__/mappers/level.mapper.test.ts > level.mapper > prismaLevelToLevel > should preserve all field values correctly 0ms
 ✓ src/features/levels/__tests__/mappers/level.mapper.test.ts > level.mapper > prismaLevelToLevel > should handle typeLevel MMS 0ms
 ✓ src/features/levels/__tests__/mappers/level.mapper.test.ts > level.mapper > prismaLevelToLevel > should handle typeLevel ALIADO 0ms
 ✓ src/features/levels/__tests__/mappers/level.mapper.test.ts > level.mapper > prismaLevelToLevel > should handle typeLevel TRINITY 0ms
 ✓ src/features/levels/__tests__/mappers/level.mapper.test.ts > level.mapper > beneficiaryMode and fixedBeneficiaryUser mapping > should map beneficiaryMode OVERRIDE correctly 0ms
 ✓ src/features/levels/__tests__/mappers/level.mapper.test.ts > level.mapper > beneficiaryMode and fixedBeneficiaryUser mapping > should map beneficiaryMode BENEFICIARIO_GENERAL correctly 0ms
 ✓ src/features/levels/__tests__/mappers/level.mapper.test.ts > level.mapper > beneficiaryMode and fixedBeneficiaryUser mapping > should map idFixedBeneficiaryUser as null when not set 0ms
 ✓ src/features/levels/__tests__/mappers/level.mapper.test.ts > level.mapper > beneficiaryMode and fixedBeneficiaryUser mapping > should map idFixedBeneficiaryUser when set 0ms
 ✓ src/features/levels/__tests__/mappers/level.mapper.test.ts > level.mapper > beneficiaryMode and fixedBeneficiaryUser mapping > should map fixedBeneficiaryUser as null when relation not included 0ms
 ✓ src/features/levels/__tests__/mappers/level.mapper.test.ts > level.mapper > beneficiaryMode and fixedBeneficiaryUser mapping > should map fixedBeneficiaryUser when relation is included 0ms
 ✓ src/features/levels/__tests__/mappers/level.mapper.test.ts > level.mapper > color, idNextLevel, and enum mapping > should map color field correctly 0ms
 ✓ src/features/levels/__tests__/mappers/level.mapper.test.ts > level.mapper > color, idNextLevel, and enum mapping > should map idNextLevel and nextLevel.id + nextLevel.name when relation is present 0ms
 ✓ src/features/levels/__tests__/mappers/level.mapper.test.ts > level.mapper > color, idNextLevel, and enum mapping > should map nextLevel as null when relation is absent 0ms
 ✓ src/features/levels/__tests__/mappers/level.mapper.test.ts > level.mapper > color, idNextLevel, and enum mapping > should map OVERRIDE beneficiaryMode correctly 0ms
 ✓ src/features/levels/__tests__/mappers/level.mapper.test.ts > level.mapper > color, idNextLevel, and enum mapping > should map BENEFICIARIO_GENERAL beneficiaryMode correctly 0ms
 ✓ src/features/levels/__tests__/mappers/level.mapper.test.ts > level.mapper > prismaLevelListToLevels > should transform list of Prisma levels to Levels array (happy path) 1ms
 ✓ src/features/levels/__tests__/mappers/level.mapper.test.ts > level.mapper > prismaLevelListToLevels > should handle empty array 0ms
 ✓ src/features/levels/__tests__/mappers/level.mapper.test.ts > level.mapper > prismaLevelListToLevels > should transform single level in array 0ms
 ✓ src/features/levels/__tests__/mappers/level.mapper.test.ts > level.mapper > prismaLevelListToLevels > should preserve all level properties in list 0ms
 ✓ src/features/levels/__tests__/mappers/level.mapper.test.ts > level.mapper > prismaLevelListToLevels > should maintain order of levels 0ms
 ✓ src/features/negocios/__tests__/api/negocios-detail-hierarchy.test.ts > GET /api/negocios/[id] — hierarchical visibility > ADMIN always sees any business > returns business without idUser restriction for ADMIN 2ms
 ✓ src/features/negocios/__tests__/api/negocios-detail-hierarchy.test.ts > GET /api/negocios/[id] — hierarchical visibility > AGENTE sees own business > returns 200 for own business 0ms
 ✓ src/features/negocios/__tests__/api/negocios-detail-hierarchy.test.ts > GET /api/negocios/[id] — hierarchical visibility > AGENTE sees own business > returns 404 when business belongs to unrelated user 0ms
 ✓ src/features/negocios/__tests__/api/negocios-detail-hierarchy.test.ts > GET /api/negocios/[id] — hierarchical visibility > AGENTE leader sees subordinate business > returns 200 when business belongs to direct subordinate 0ms
 ✓ src/features/product-configuration/__tests__/lib/product-configuration-schemas.test.ts > product-configuration-schemas > createProductConfigurationSchema > should validate valid data (happy path) 1ms
 ✓ src/features/product-configuration/__tests__/lib/product-configuration-schemas.test.ts > product-configuration-schemas > createProductConfigurationSchema > should reject missing idProduct 0ms
 ✓ src/features/product-configuration/__tests__/lib/product-configuration-schemas.test.ts > product-configuration-schemas > createProductConfigurationSchema > should reject missing idLevel 0ms
 ✓ src/features/product-configuration/__tests__/lib/product-configuration-schemas.test.ts > product-configuration-schemas > createProductConfigurationSchema > should reject missing idCompany 0ms
 ✓ src/features/product-configuration/__tests__/lib/product-configuration-schemas.test.ts > product-configuration-schemas > createProductConfigurationSchema > should reject zero idProduct 0ms
 ✓ src/features/product-configuration/__tests__/lib/product-configuration-schemas.test.ts > product-configuration-schemas > createProductConfigurationSchema > should reject negative idProduct 0ms
 ✓ src/features/product-configuration/__tests__/lib/product-configuration-schemas.test.ts > product-configuration-schemas > createProductConfigurationSchema > should reject non-integer idProduct 0ms
 ✓ src/features/product-configuration/__tests__/lib/product-configuration-schemas.test.ts > product-configuration-schemas > createProductConfigurationSchema > should reject negative idLevel 0ms
 ✓ src/features/product-configuration/__tests__/lib/product-configuration-schemas.test.ts > product-configuration-schemas > createProductConfigurationSchema > should reject string values 0ms
 ✓ src/features/product-configuration/__tests__/lib/product-configuration-schemas.test.ts > product-configuration-schemas > createProductConfigurationSchema > should reject empty object 0ms
 ✓ src/features/product-configuration/__tests__/lib/product-configuration-schemas.test.ts > product-configuration-schemas > createProductConfigurationSchema > should ignore unexpected fields like idClientOrigin 0ms
 ✓ src/features/product-configuration/__tests__/lib/product-configuration-schemas.test.ts > product-configuration-schemas > updateProductConfigurationSchema > should validate valid data (happy path) 0ms
 ✓ src/features/product-configuration/__tests__/lib/product-configuration-schemas.test.ts > product-configuration-schemas > updateProductConfigurationSchema > should reject missing field 0ms
 ✓ src/features/product-configuration/__tests__/lib/product-configuration-schemas.test.ts > product-configuration-schemas > updateProductConfigurationSchema > should reject zero value 0ms
 ✓ src/features/product-configuration/__tests__/lib/product-configuration-schemas.test.ts > product-configuration-schemas > updateProductConfigurationSchema > should reject negative value 0ms
 ✓ src/features/product-configuration/__tests__/lib/product-configuration-schemas.test.ts > product-configuration-schemas > updateProductConfigurationSchema > should reject non-integer value 0ms
 ✓ src/features/origins/__tests__/lib/client-origin-schemas.test.ts > client-origin-schemas > createClientOriginSchema > should validate valid client origin data (happy path) 1ms
 ✓ src/features/origins/__tests__/lib/client-origin-schemas.test.ts > client-origin-schemas > createClientOriginSchema > should default status to true when not provided 0ms
 ✓ src/features/origins/__tests__/lib/client-origin-schemas.test.ts > client-origin-schemas > createClientOriginSchema > should trim whitespace from name 0ms
 ✓ src/features/origins/__tests__/lib/client-origin-schemas.test.ts > client-origin-schemas > createClientOriginSchema > should reject empty name 0ms
 ✓ src/features/origins/__tests__/lib/client-origin-schemas.test.ts > client-origin-schemas > createClientOriginSchema > should reject name shorter than 2 characters 0ms
 ✓ src/features/origins/__tests__/lib/client-origin-schemas.test.ts > client-origin-schemas > createClientOriginSchema > should reject name longer than 100 characters 0ms
 ✓ src/features/origins/__tests__/lib/client-origin-schemas.test.ts > client-origin-schemas > createClientOriginSchema > should accept optional description 0ms
 ✓ src/features/origins/__tests__/lib/client-origin-schemas.test.ts > client-origin-schemas > createClientOriginSchema > should accept status as false 0ms
 ✓ src/features/origins/__tests__/lib/client-origin-schemas.test.ts > client-origin-schemas > updateClientOriginSchema > should validate with all fields (happy path) 0ms
 ✓ src/features/origins/__tests__/lib/client-origin-schemas.test.ts > client-origin-schemas > updateClientOriginSchema > should validate with only name 0ms
 ✓ src/features/origins/__tests__/lib/client-origin-schemas.test.ts > client-origin-schemas > updateClientOriginSchema > should validate with only description 0ms
 ✓ src/features/origins/__tests__/lib/client-origin-schemas.test.ts > client-origin-schemas > updateClientOriginSchema > should validate with only status 0ms
 ✓ src/features/origins/__tests__/lib/client-origin-schemas.test.ts > client-origin-schemas > updateClientOriginSchema > should validate empty object (partial update) 0ms
 ✓ src/features/origins/__tests__/lib/client-origin-schemas.test.ts > client-origin-schemas > updateClientOriginSchema > should reject name shorter than 2 characters 0ms
 ✓ src/features/origins/__tests__/lib/client-origin-schemas.test.ts > client-origin-schemas > updateClientOriginSchema > should reject name longer than 100 characters 0ms
 ✓ src/features/origins/__tests__/lib/client-origin-schemas.test.ts > client-origin-schemas > updateClientOriginSchema > should trim whitespace from name 0ms
 ✓ src/features/negocios/__tests__/mappers/business-entity.mapper.test.ts > prismaBusinessToEntity > Happy Path > should transform Prisma business to BusinessEntity 1ms
 ✓ src/features/negocios/__tests__/mappers/business-entity.mapper.test.ts > prismaBusinessToEntity > Happy Path > should convert Decimal value to number 0ms
 ✓ src/features/negocios/__tests__/mappers/business-entity.mapper.test.ts > prismaBusinessToEntity > Happy Path > should convert Date to ISO string 0ms
 ✓ src/features/negocios/__tests__/mappers/business-entity.mapper.test.ts > prismaBusinessToEntity > Happy Path > should build client fullName correctly 0ms
 ✓ src/features/negocios/__tests__/mappers/business-entity.mapper.test.ts > prismaBusinessToEntity > Happy Path > should build agent fullName correctly 0ms
 ✓ src/features/negocios/__tests__/mappers/business-entity.mapper.test.ts > prismaBusinessToEntity > Happy Path > should flatten product information 0ms
 ✓ src/features/negocios/__tests__/mappers/business-entity.mapper.test.ts > prismaBusinessToEntity > Happy Path > should map currency correctly 0ms
 ✓ src/features/negocios/__tests__/mappers/business-entity.mapper.test.ts > prismaBusinessToEntity > Happy Path > should map periodicity correctly 0ms
 ✓ src/features/negocios/__tests__/mappers/business-entity.mapper.test.ts > prismaBusinessToEntity > Happy Path > should map clientOrigin correctly 0ms
 ✓ src/features/negocios/__tests__/mappers/business-entity.mapper.test.ts > prismaBusinessToEntity > Flujos Alternos > should handle null periodicity 0ms
 ✓ src/features/negocios/__tests__/mappers/business-entity.mapper.test.ts > prismaBusinessToEntity > Flujos Alternos > should handle null lastName in client 0ms
 ✓ src/features/negocios/__tests__/mappers/business-entity.mapper.test.ts > prismaBusinessToEntity > Flujos Alternos > should handle null contract 0ms
 ✓ src/features/negocios/__tests__/mappers/business-entity.mapper.test.ts > prismaBusinessToEntity > Flujos Alternos > should handle null email in client 0ms
 ✓ src/features/negocios/__tests__/mappers/business-entity.mapper.test.ts > prismaBusinessToEntity > Flujos Alternos > should handle null phone in client 0ms
 ✓ src/features/negocios/__tests__/mappers/business-entity.mapper.test.ts > prismaBusinessToEntity > Flujos Alternos > should handle null role in user 0ms
 ✓ src/features/negocios/__tests__/mappers/business-entity.mapper.test.ts > prismaBusinessToEntity > Flujos Alternos > should handle null category in user 0ms
 ✓ src/features/negocios/__tests__/mappers/business-entity.mapper.test.ts > prismaBusinessToEntity > Flujos Alternos > should map null dateIssued to null 0ms
 ✓ src/features/negocios/__tests__/mappers/business-entity.mapper.test.ts > prismaBusinessToEntity > Flujos Alternos > should map dateIssued to ISO string 0ms
 ✓ src/features/negocios/__tests__/mappers/business-entity.mapper.test.ts > prismaBusinessToEntity > Flujos Alternos > should map null dateAnchored to null 0ms
 ✓ src/features/negocios/__tests__/mappers/business-entity.mapper.test.ts > prismaBusinessToEntity > Flujos Alternos > should map dateAnchored DateTime to ISO string 0ms
 ✓ src/features/negocios/__tests__/mappers/business-entity.mapper.test.ts > prismaBusinessToEntity > Flujos Alternos > should map _count.payments === 0 to hasPayments: false 0ms
 ✓ src/features/negocios/__tests__/mappers/business-entity.mapper.test.ts > prismaBusinessToEntity > Flujos Alternos > should map _count.payments > 0 to hasPayments: true 0ms
 ✓ src/features/negocios/__tests__/mappers/business-entity.mapper.test.ts > prismaBusinessToEntity > Flujos Alternos > should map hasPendingPaymentFunding false when no aportes SIN_FONDEAR 0ms
 ✓ src/features/admin/users/utils/__tests__/user-access.utils.test.ts > user-access.utils > hasNoRole > should return true when user has no role 1ms
 ✓ src/features/admin/users/utils/__tests__/user-access.utils.test.ts > user-access.utils > hasNoRole > should return false when user has a role 0ms
 ✓ src/features/admin/users/utils/__tests__/user-access.utils.test.ts > user-access.utils > hasNoRole > should return true when user is null 0ms
 ✓ src/features/admin/users/utils/__tests__/user-access.utils.test.ts > user-access.utils > hasNoRole > should return true when user is undefined 0ms
 ✓ src/features/admin/users/utils/__tests__/user-access.utils.test.ts > user-access.utils > hasDefaultRole > should return true when user has DEFAULT role 0ms
 ✓ src/features/admin/users/utils/__tests__/user-access.utils.test.ts > user-access.utils > hasDefaultRole > should return false when user has non-DEFAULT role 0ms
 ✓ src/features/admin/users/utils/__tests__/user-access.utils.test.ts > user-access.utils > hasDefaultRole > should return false when user has no role 0ms
 ✓ src/features/admin/users/utils/__tests__/user-access.utils.test.ts > user-access.utils > hasDefaultRole > should return false when user is null 0ms
 ✓ src/features/admin/users/utils/__tests__/user-access.utils.test.ts > user-access.utils > isInactive > should return true when user is inactive 0ms
 ✓ src/features/admin/users/utils/__tests__/user-access.utils.test.ts > user-access.utils > isInactive > should return false when user is active 0ms
 ✓ src/features/admin/users/utils/__tests__/user-access.utils.test.ts > user-access.utils > isInactive > should return false when user is null 0ms
 ✓ src/features/admin/users/utils/__tests__/user-access.utils.test.ts > user-access.utils > hasAccessIssue > should return false for active user with valid role 0ms
 ✓ src/features/admin/users/utils/__tests__/user-access.utils.test.ts > user-access.utils > hasAccessIssue > should return true for inactive user 0ms
 ✓ src/features/admin/users/utils/__tests__/user-access.utils.test.ts > user-access.utils > hasAccessIssue > should return true for user without role 0ms
 ✓ src/features/admin/users/utils/__tests__/user-access.utils.test.ts > user-access.utils > hasAccessIssue > should return true for user with DEFAULT role 0ms
 ✓ src/features/admin/users/utils/__tests__/user-access.utils.test.ts > user-access.utils > hasAccessIssue > should return true when user is null 0ms
 ✓ src/features/admin/users/utils/__tests__/user-access.utils.test.ts > user-access.utils > getAccessIssues > should return empty array for user with no issues 0ms
 ✓ src/features/admin/users/utils/__tests__/user-access.utils.test.ts > user-access.utils > getAccessIssues > should return inactive issue 1ms
 ✓ src/features/admin/users/utils/__tests__/user-access.utils.test.ts > user-access.utils > getAccessIssues > should return no role issue 0ms
 ✓ src/features/admin/users/utils/__tests__/user-access.utils.test.ts > user-access.utils > getAccessIssues > should return DEFAULT role issue 0ms
 ✓ src/features/admin/users/utils/__tests__/user-access.utils.test.ts > user-access.utils > getAccessIssues > should return multiple issues 0ms
 ✓ src/features/admin/users/utils/__tests__/user-access.utils.test.ts > user-access.utils > isDefaultRole > should return true for DEFAULT role code 0ms
 ✓ src/features/admin/users/utils/__tests__/user-access.utils.test.ts > user-access.utils > isDefaultRole > should return false for non-DEFAULT role code 0ms
 ✓ src/features/admin/users/utils/__tests__/user-access.utils.test.ts > user-access.utils > isDefaultRole > should return false for null 0ms
 ✓ src/features/admin/users/utils/__tests__/user-access.utils.test.ts > user-access.utils > isDefaultRole > should return false for undefined 0ms
 ✓ src/features/negocios/__tests__/lib/list-export-filter-parity.test.ts > lista GET vs export POST — paridad de filtros (tasks 5.5) > mismos search, status y rango de fechas → mismo BusinessListFilterInput y mismo Prisma where 3ms
 ✓ src/features/negocios/__tests__/lib/list-export-filter-parity.test.ts > lista GET vs export POST — paridad de filtros (tasks 5.5) > sin fechas ni búsqueda: lista y export vacío equivalentes 0ms
 ✓ src/features/negocios/__tests__/lib/list-export-filter-parity.test.ts > lista GET vs export POST — paridad de filtros (tasks 5.5) > solo estado: coincide entre ambos canales 0ms
 ✓ src/features/product-configuration/__tests__/services/product-configuration.service.test.ts > getProductConfigurationByCode > returns null for blank code 1ms
 ✓ src/features/product-configuration/__tests__/services/product-configuration.service.test.ts > getProductConfigurationByCode > returns mapped config when prisma finds a row 1ms
 ✓ src/features/product-configuration/__tests__/services/product-configuration.service.test.ts > getProductConfigurationByCode > returns null when prisma returns null 0ms
 ✓ src/features/product-configuration/__tests__/services/product-configuration.service.test.ts > isDistributionSetupComplete > returns false when count is 0 1ms
 ✓ src/features/product-configuration/__tests__/services/product-configuration.service.test.ts > isDistributionSetupComplete > returns true when count is positive 1ms
 ✓ src/features/product-configuration/__tests__/services/product-configuration.service.test.ts > getProductConfigurationIdsWithCategoryLines > returns empty set for empty ids 0ms
 ✓ src/features/product-configuration/__tests__/services/product-configuration.service.test.ts > getProductConfigurationIdsWithCategoryLines > returns distinct configuration ids from rows 0ms
stdout | src/features/pre-liquidacion/lib/__tests__/resolve-beneficiary.test.ts > resolveBeneficiaryUserId > FIXED_BENEFICIARY returns fixed user when active and relation loaded
[DEBUG] Resolviendo FIXED para TEST -> idFixedUser: 99

stdout | src/features/pre-liquidacion/lib/__tests__/resolve-beneficiary.test.ts > resolveBeneficiaryUserId > FIXED_BENEFICIARY ignores upline chain
[DEBUG] Resolviendo FIXED para TEST -> idFixedUser: 99

stdout | src/features/pre-liquidacion/lib/__tests__/resolve-beneficiary.test.ts > resolveBeneficiaryUserId > FIXED_BENEFICIARY fails when idFixedBeneficiaryUser is null
[DEBUG] Resolviendo FIXED para TEST -> idFixedUser: null

stdout | src/features/pre-liquidacion/lib/__tests__/resolve-beneficiary.test.ts > resolveBeneficiaryUserId > FIXED_BENEFICIARY fails when fixed user missing or not loaded
[DEBUG] Resolviendo FIXED para TEST -> idFixedUser: 5

stdout | src/features/pre-liquidacion/lib/__tests__/resolve-beneficiary.test.ts > resolveBeneficiaryUserId > FIXED_BENEFICIARY fails when fixed user inactive
[DEBUG] Resolviendo FIXED para TEST -> idFixedUser: 5

stdout | src/features/pre-liquidacion/lib/__tests__/resolve-beneficiary.test.ts > resolveBeneficiaryUserId > UPLINE_CHAIN returns first chain user matching idLevel
[DEBUG] Resolviendo UPLINE para LIDER (idLevel: 3) en cadena de 3 eslabones:
   [0] User: 1, Level: 1
   [1] User: 2, Level: 3
   [2] User: 3, Level: 3
   [MATCH] Encontrado beneficiario id: 2

stdout | src/features/pre-liquidacion/lib/__tests__/resolve-beneficiary.test.ts > resolveBeneficiaryUserId > UPLINE_CHAIN returns UPLINE_NO_MATCH when no category match
[DEBUG] Resolviendo UPLINE para X (idLevel: 99) en cadena de 2 eslabones:
   [0] User: 1, Level: 1
   [1] User: 2, Level: 2
   [FAIL] No hay coincidencia para idLevel: 99

stdout | src/features/pre-liquidacion/lib/__tests__/resolve-beneficiary.test.ts > resolveBeneficiaryUserId > UPLINE_CHAIN skips users with null idLevel
[DEBUG] Resolviendo UPLINE para C (idLevel: 5) en cadena de 2 eslabones:
   [0] User: 1, Level: null
   [1] User: 2, Level: 5
   [MATCH] Encontrado beneficiario id: 2

 ✓ src/features/pre-liquidacion/lib/__tests__/resolve-beneficiary.test.ts > resolveBeneficiaryUserId > FIXED_BENEFICIARY returns fixed user when active and relation loaded 1ms
 ✓ src/features/pre-liquidacion/lib/__tests__/resolve-beneficiary.test.ts > resolveBeneficiaryUserId > FIXED_BENEFICIARY ignores upline chain 0ms
 ✓ src/features/pre-liquidacion/lib/__tests__/resolve-beneficiary.test.ts > resolveBeneficiaryUserId > FIXED_BENEFICIARY fails when idFixedBeneficiaryUser is null 0ms
 ✓ src/features/pre-liquidacion/lib/__tests__/resolve-beneficiary.test.ts > resolveBeneficiaryUserId > FIXED_BENEFICIARY fails when fixed user missing or not loaded 0ms
 ✓ src/features/pre-liquidacion/lib/__tests__/resolve-beneficiary.test.ts > resolveBeneficiaryUserId > FIXED_BENEFICIARY fails when fixed user inactive 0ms
 ✓ src/features/pre-liquidacion/lib/__tests__/resolve-beneficiary.test.ts > resolveBeneficiaryUserId > UPLINE_CHAIN returns first chain user matching idLevel 0ms
 ✓ src/features/pre-liquidacion/lib/__tests__/resolve-beneficiary.test.ts > resolveBeneficiaryUserId > UPLINE_CHAIN returns UPLINE_NO_MATCH when no category match 0ms
 ✓ src/features/pre-liquidacion/lib/__tests__/resolve-beneficiary.test.ts > resolveBeneficiaryUserId > UPLINE_CHAIN skips users with null idLevel 0ms
 ✓ src/features/pre-liquidacion/lib/__tests__/resolve-beneficiary.test.ts > buildUplineChain > walks leader links and stops at null leader 0ms
 ✓ src/features/pre-liquidacion/lib/__tests__/resolve-beneficiary.test.ts > buildUplineChain > breaks on cycle 0ms
 ✓ src/features/pre-liquidacion/lib/__tests__/resolve-beneficiary.test.ts > buildUplineChain > returns empty chain when start user does not exist 0ms
 ✓ src/features/pre-liquidacion/lib/__tests__/resolve-beneficiary.test.ts > ppcConfigsNeedUplineAgent > is true when any category is UPLINE_CHAIN 0ms
 ✓ src/features/pre-liquidacion/lib/__tests__/resolve-beneficiary.test.ts > ppcConfigsNeedUplineAgent > is false when all FIXED_BENEFICIARY 0ms
 ✓ src/features/shared/lib/__tests__/format-percent.test.ts > format-percent > parsePercentPaste > parses 12,5 % with es-CO 1ms
 ✓ src/features/shared/lib/__tests__/format-percent.test.ts > format-percent > parsePercentPaste > parses 12.5% when locale uses dot decimal 0ms
 ✓ src/features/shared/lib/__tests__/format-percent.test.ts > format-percent > parsePercentPaste > returns null for empty 0ms
 ✓ src/features/shared/lib/__tests__/format-percent.test.ts > format-percent > parsePercentPaste > returns null for invalid 0ms
 ✓ src/features/shared/lib/__tests__/format-percent.test.ts > format-percent > normalizePercentPaste > returns normalized string for valid paste 0ms
 ✓ src/features/shared/lib/__tests__/format-percent.test.ts > format-percent > formatPercentDisplay > omits trailing fractional zeros (integers show without decimals) 0ms
 ✓ src/features/shared/lib/__tests__/format-percent.test.ts > format-percent > formatPercentDisplay > shows decimals only when needed 0ms
 ✓ src/features/shared/lib/__tests__/format-percent.test.ts > format-percent > formatPercentDisplay > preserves fractional values with up to six decimals 0ms
 ✓ src/features/shared/lib/__tests__/format-percent.test.ts > format-percent > formatPercentFromFraction > multiplies fraction by 100 for display 0ms
 ✓ src/features/shared/lib/__tests__/format-percent.test.ts > format-percent > formatPercentFromFraction > matches formatPercentDisplay for the same semantic 0–100 value (shared rules) 0ms
 ✓ src/features/shared/lib/__tests__/format-percent.test.ts > format-percent > read-only presentation (0–100 from API) > appends trailing % outside digit grouping 0ms
 ✓ src/features/product-configuration/__tests__/mappers/product-configuration.mapper.test.ts > product-configuration.mapper > prismaProductConfigToProductConfig > should transform Prisma entity to domain type (happy path) 1ms
 ✓ src/features/product-configuration/__tests__/mappers/product-configuration.mapper.test.ts > product-configuration.mapper > prismaProductConfigToProductConfig > should convert Date to ISO string 0ms
 ✓ src/features/product-configuration/__tests__/mappers/product-configuration.mapper.test.ts > product-configuration.mapper > prismaProductConfigToProductConfig > should map nested product with company 0ms
 ✓ src/features/product-configuration/__tests__/mappers/product-configuration.mapper.test.ts > product-configuration.mapper > prismaProductConfigToProductConfig > should map nested category 0ms
 ✓ src/features/product-configuration/__tests__/mappers/product-configuration.mapper.test.ts > product-configuration.mapper > prismaProductConfigToProductConfig > should map ppcNewBusinesses when present 0ms
 ✓ src/features/product-configuration/__tests__/mappers/product-configuration.mapper.test.ts > product-configuration.mapper > prismaProductConfigToProductConfig > should handle null ppcNewBusinesses 0ms
 ✓ src/features/product-configuration/__tests__/mappers/product-configuration.mapper.test.ts > product-configuration.mapper > prismaProductConfigToProductConfig > maps non-null code through (RF-07) 0ms
 ✓ src/features/product-configuration/__tests__/mappers/product-configuration.mapper.test.ts > product-configuration.mapper > prismaProductConfigListToProductConfigs > should transform list of entities 1ms
 ✓ src/features/product-configuration/__tests__/mappers/product-configuration.mapper.test.ts > product-configuration.mapper > prismaProductConfigListToProductConfigs > should handle empty list 0ms
 ✓ src/features/commission-discounts/__tests__/commission-discount.service.test.ts > listDiscounts > returns array from prisma 1ms
 ✓ src/features/commission-discounts/__tests__/commission-discount.service.test.ts > findActiveByType > calls findFirst with type and ACTIVE status filter 0ms
 ✓ src/features/commission-discounts/__tests__/commission-discount.service.test.ts > findActiveByType > returns null when no active discount for type 0ms
 ✓ src/features/commission-discounts/__tests__/commission-discount.service.test.ts > createDiscount > calls create with correct data and createdById 0ms
 ✓ src/features/commission-discounts/__tests__/commission-discount.service.test.ts > findDiscountById > calls findUnique with the given id 0ms
 ✓ src/features/commission-discounts/__tests__/commission-discount.service.test.ts > findDiscountById > returns null when not found 0ms
 ✓ src/features/commission-discounts/__tests__/commission-discount.service.test.ts > inactivateDiscount > calls update with INACTIVE status and updatedById 0ms
 ✓ src/app/api/product-configurations/by-code/[code]/__tests__/route.test.ts > GET /api/product-configurations/by-code/[code] > returns 404 when service returns null 2ms
 ✓ src/app/api/product-configurations/by-code/[code]/__tests__/route.test.ts > GET /api/product-configurations/by-code/[code] > returns 200 with configuration when found 1ms
 ✓ src/app/api/product-configurations/by-code/[code]/__tests__/route.test.ts > GET /api/product-configurations/by-code/[code] > decodes encoded route param before lookup (e.g. + in product code) 1ms
 ✓ src/features/negocios/lib/__tests__/calculate-expected-dates.test.ts > calculateExpectedDates > edge cases — empty output > numAportes=0 → [] 1ms
 ✓ src/features/negocios/lib/__tests__/calculate-expected-dates.test.ts > calculateExpectedDates > edge cases — empty output > numAportes=1 → [anchorDate] 1ms
 ✓ src/features/negocios/lib/__tests__/calculate-expected-dates.test.ts > calculateExpectedDates > end-of-month clamping > Mensual anchor=2025-01-31, numAportes=3 → [2025-01-31, 2025-02-28, 2025-03-31] 0ms
 ✓ src/features/negocios/lib/__tests__/calculate-expected-dates.test.ts > calculateExpectedDates > end-of-month clamping > Mensual anchor=2024-01-31, numAportes=2 → [2024-01-31, 2024-02-29] (leap year) 0ms
 ✓ src/features/negocios/lib/__tests__/calculate-expected-dates.test.ts > calculateExpectedDates > standard periodicities > Semestral anchor=2025-05-18, numAportes=3 → [2025-05-18, 2025-11-18, 2026-05-18] 0ms
 ✓ src/features/negocios/lib/__tests__/calculate-expected-dates.test.ts > calculateExpectedDates > standard periodicities > Anual anchor=2025-03-15, numAportes=3 → [2025-03-15, 2026-03-15, 2027-03-15] 0ms
 ✓ src/features/category-types/__tests__/lib/category-type-schemas.test.ts > Category Type Schemas > createCategoryTypeSchema > should validate valid input 2ms
 ✓ src/features/category-types/__tests__/lib/category-type-schemas.test.ts > Category Type Schemas > createCategoryTypeSchema > should reject invalid input 1ms
 ✓ src/features/category-types/__tests__/lib/category-type-schemas.test.ts > Category Type Schemas > updateCategoryTypeSchema > should validate valid partial input 1ms
 ✓ src/features/category-types/__tests__/lib/category-type-schemas.test.ts > Category Type Schemas > updateCategoryTypeSchema > should reject invalid partial input 0ms
 ✓ src/features/company/__tests__/mappers/company.mapper.test.ts > company.mapper > prismaCompanyToCompany > should transform Prisma Company to Company (happy path) 1ms
 ✓ src/features/company/__tests__/mappers/company.mapper.test.ts > company.mapper > prismaCompanyToCompany > should convert Date to ISO string 0ms
 ✓ src/features/company/__tests__/mappers/company.mapper.test.ts > company.mapper > prismaCompanyToCompany > should not include idTypeCompany in result 0ms
 ✓ src/features/company/__tests__/mappers/company.mapper.test.ts > company.mapper > prismaCompanyToCompany > should handle status as true 0ms
 ✓ src/features/company/__tests__/mappers/company.mapper.test.ts > company.mapper > prismaCompanyToCompany > should handle status as false 0ms
 ✓ src/features/company/__tests__/mappers/company.mapper.test.ts > company.mapper > prismaCompanyToCompany > should preserve all field values correctly 0ms
 ✓ src/features/company/__tests__/mappers/company.mapper.test.ts > company.mapper > prismaCompanyListToCompanies > should transform list of Prisma companies to Company array (happy path) 1ms
 ✓ src/features/company/__tests__/mappers/company.mapper.test.ts > company.mapper > prismaCompanyListToCompanies > should handle empty array 0ms
 ✓ src/features/company/__tests__/mappers/company.mapper.test.ts > company.mapper > prismaCompanyListToCompanies > should transform single company in array 0ms
 ✓ src/features/company/__tests__/mappers/company.mapper.test.ts > company.mapper > prismaCompanyListToCompanies > should maintain order of companies 0ms
 ✓ src/features/categories/__tests__/mappers/category.mapper.test.ts > category.mapper > prismaCategoryToCategory > should map a Prisma category to domain Category (happy path) 2ms
 ✓ src/features/categories/__tests__/mappers/category.mapper.test.ts > category.mapper > prismaCategoryToCategory > should map categoryType relation when present 1ms
 ✓ src/features/categories/__tests__/mappers/category.mapper.test.ts > category.mapper > prismaCategoryToCategory > should set categoryType to undefined when not present 0ms
 ✓ src/features/categories/__tests__/mappers/category.mapper.test.ts > category.mapper > prismaCategoryToCategory > should handle null description 0ms
 ✓ src/features/categories/__tests__/mappers/category.mapper.test.ts > category.mapper > prismaCategoryToCategory > should convert Date objects to ISO strings 1ms
 ✓ src/features/categories/__tests__/mappers/category.mapper.test.ts > category.mapper > prismaCategoryToCategory > should map status = false correctly 0ms
 ✓ src/features/categories/__tests__/mappers/category.mapper.test.ts > category.mapper > prismaCategoryListToCategories > should map a list of Prisma categories 3ms
 ✓ src/features/categories/__tests__/mappers/category.mapper.test.ts > category.mapper > prismaCategoryListToCategories > should return empty array for empty list 0ms
 ✓ src/features/categories/__tests__/mappers/category.mapper.test.ts > category.mapper > prismaCategoryListToCategories > should maintain list order 0ms
stdout | src/app/page.test.tsx > Home Page > redirects to login when not authenticated
[Root Page] ====== PAGE LOADED ======
[Root Page] Calling auth()...

stdout | src/app/page.test.tsx > Home Page > redirects to login when not authenticated
[Root Page] auth() returned
[Root Page] ====== SESSION CHECK ======
[Root Page] Session object: null
[Root Page] Session exists: false
[Root Page] Session.user exists: false
[Root Page] ============================
[Root Page] No session, redirecting to login

stdout | src/app/page.test.tsx > Home Page > redirects to dashboard when authenticated
[Root Page] ====== PAGE LOADED ======
[Root Page] Calling auth()...

stdout | src/app/page.test.tsx > Home Page > redirects to dashboard when authenticated
[Root Page] auth() returned
[Root Page] ====== SESSION CHECK ======
[Root Page] Session object: {
  "user": {
    "email": "test@financieramentecu.com",
    "name": "Test User",
    "role": "ADMIN"
  },
  "expires": "2026-06-12T02:26:23.979Z"
}
[Root Page] Session exists: true
[Root Page] Session.user exists: true
[Root Page] Session.user object: {
  "email": "test@financieramentecu.com",
  "name": "Test User",
  "role": "ADMIN"
}
[Root Page] Session.user.role: ADMIN
[Root Page] Session.user.role type: string
[Root Page] Session.user.role === undefined: false
[Root Page] Session.user.role === null: false
[Root Page] !session.user.role: false
[Root Page] UserRole.DEFAULT: DEFAULT
[Root Page] session.user.role === UserRole.DEFAULT: false
[Root Page] ============================
[Root Page] User has valid role: ADMIN redirecting to: /dashboard

 ✓ src/app/page.test.tsx > Home Page > redirects to login when not authenticated 2ms
 ✓ src/app/page.test.tsx > Home Page > redirects to dashboard when authenticated 1ms
 ✓ src/features/product/__tests__/mappers/product.mapper.test.ts > product.mapper > prismaProductToProduct > should transform Prisma product to Product (happy path) 1ms
 ✓ src/features/product/__tests__/mappers/product.mapper.test.ts > product.mapper > prismaProductToProduct > should convert Date to ISO string 0ms
 ✓ src/features/product/__tests__/mappers/product.mapper.test.ts > product.mapper > prismaProductToProduct > should map company information correctly 0ms
 ✓ src/features/product/__tests__/mappers/product.mapper.test.ts > product.mapper > prismaProductToProduct > should handle null description 0ms
 ✓ src/features/product/__tests__/mappers/product.mapper.test.ts > product.mapper > prismaProductToProduct > should handle status as false 0ms
 ✓ src/features/product/__tests__/mappers/product.mapper.test.ts > product.mapper > prismaProductListToProducts > should transform list of Prisma products to Products array (happy path) 1ms
 ✓ src/features/product/__tests__/mappers/product.mapper.test.ts > product.mapper > prismaProductListToProducts > should handle empty array 0ms
 ✓ src/features/product/__tests__/mappers/product.mapper.test.ts > product.mapper > prismaProductListToProducts > should transform single product in array 0ms
 ✓ src/features/product/__tests__/mappers/product.mapper.test.ts > product.mapper > prismaProductListToProducts > should preserve all product properties in list 0ms
 ✓ src/features/email/__tests__/lib/preliquidacion-resumen-notification.test.ts > preliquidacion-resumen-notification > buildResumenPreliquidacionHtml > incluye saludo, archivo, periodo y tabla con filas 1ms
 ✓ src/features/email/__tests__/lib/preliquidacion-resumen-notification.test.ts > preliquidacion-resumen-notification > buildResumenPreliquidacionHtml > escapa HTML en nombres para evitar XSS 0ms
 ✓ src/features/email/__tests__/lib/preliquidacion-resumen-notification.test.ts > preliquidacion-resumen-notification > sendResumenPreliquidacionEmail > llama a sendEmail con subject, to, html y text 1ms
stderr | src/app/api/admin/discounts/[id]/inactivate/__tests__/route.test.ts
[auth] AUTH_SECRET is not set; using a static per-process secret (env=test). Set AUTH_SECRET in your environment to persist sessions across restarts.

 ✓ src/app/api/admin/discounts/[id]/inactivate/__tests__/route.test.ts > POST /api/admin/discounts/[id]/inactivate > returns 401 when unauthenticated 1ms
 ✓ src/app/api/admin/discounts/[id]/inactivate/__tests__/route.test.ts > POST /api/admin/discounts/[id]/inactivate > returns 404 when discount not found 0ms
 ✓ src/app/api/admin/discounts/[id]/inactivate/__tests__/route.test.ts > POST /api/admin/discounts/[id]/inactivate > returns 400 when discount is already INACTIVE 1ms
 ✓ src/app/api/admin/discounts/[id]/inactivate/__tests__/route.test.ts > POST /api/admin/discounts/[id]/inactivate > returns 200 with { status: INACTIVE } for ACTIVE discount 1ms
 ✓ src/features/negocios/__tests__/mappers/business-form.mapper.test.ts > businessEntityToFormData > Happy Path > should transform BusinessEntity to form data 1ms
 ✓ src/features/negocios/__tests__/mappers/business-form.mapper.test.ts > businessEntityToFormData > Happy Path > should split fullName into name and lastNames 0ms
 ✓ src/features/negocios/__tests__/mappers/business-form.mapper.test.ts > businessEntityToFormData > Happy Path > should convert IDs to strings for select fields 0ms
 ✓ src/features/negocios/__tests__/mappers/business-form.mapper.test.ts > businessEntityToFormData > Happy Path > should map term correctly 0ms
 ✓ src/features/negocios/__tests__/mappers/business-form.mapper.test.ts > businessEntityToFormData > Flujos Alternos > should handle null email 0ms
 ✓ src/features/negocios/__tests__/mappers/business-form.mapper.test.ts > businessEntityToFormData > Flujos Alternos > should handle null periodicity 0ms
 ✓ src/features/negocios/__tests__/mappers/business-form.mapper.test.ts > businessEntityToFormData > Flujos Alternos > should handle null contract 0ms
 ✓ src/features/negocios/__tests__/mappers/business-form.mapper.test.ts > businessEntityToFormData > Flujos Alternos > should handle null term 0ms
 ✓ src/features/negocios/__tests__/mappers/business-form.mapper.test.ts > businessEntityToFormData > Flujos Alternos > should handle single name without lastName 0ms
 ✓ src/features/negocios/__tests__/mappers/business-form.mapper.test.ts > formDataToUpdateRequest > should extract contract for update 0ms
 ✓ src/features/negocios/__tests__/mappers/business-form.mapper.test.ts > formDataToUpdateRequest > should return undefined contract when empty 0ms
 ✓ src/features/negocios/__tests__/mappers/business-form.mapper.test.ts > hasFormChanges > should return true when contract changed 0ms
 ✓ src/features/negocios/__tests__/mappers/business-form.mapper.test.ts > hasFormChanges > should return false when contract is the same 0ms
 ✓ src/features/negocios/__tests__/mappers/business-form.mapper.test.ts > hasFormChanges > should return true when contract added 0ms
 ✓ src/features/load-file/__tests__/services/delete-file-import.service.test.ts > deleteFileImport > returns NOT_FOUND when file import does not exist or does not belong to user 1ms
 ✓ src/features/load-file/__tests__/services/delete-file-import.service.test.ts > deleteFileImport > returns INVALID_STATUS when status is PRE-SETTLED 0ms
 ✓ src/features/load-file/__tests__/services/delete-file-import.service.test.ts > deleteFileImport > returns INVALID_STATUS when status is SETTLED 0ms
 ✓ src/features/load-file/__tests__/services/delete-file-import.service.test.ts > deleteFileImport > returns success when status is LOAD and runs transaction 0ms
 ✓ src/features/load-file/__tests__/services/delete-file-import.service.test.ts > deleteFileImport > returns success when status is ERROR and runs transaction 0ms
 ✓ src/features/negocios/lib/__tests__/fondear-anualidades.schema.test.ts > fondearAnualidadesBodySchema > rechaza array vacío 1ms
 ✓ src/features/negocios/lib/__tests__/fondear-anualidades.schema.test.ts > fondearAnualidadesBodySchema > rechaza índice no entero / negativo 0ms
 ✓ src/features/negocios/lib/__tests__/fondear-anualidades.schema.test.ts > fondearAnualidadesBodySchema > acepta índices y deduplica 0ms
 ✓ src/features/negocios/__tests__/services/business-get-by-id.server.test.ts > getBusinessById > should call prisma.business.findFirst with correct where clause for agent 2ms
 ✓ src/features/negocios/__tests__/services/business-get-by-id.server.test.ts > getBusinessById > should call prisma.business.findFirst with correct where clause for non-agent 0ms
 ✓ src/features/negocios/__tests__/services/business-get-by-id.server.test.ts > getBusinessById > should return null if business is not found 0ms
 ✓ src/features/commission-discounts/__tests__/commission-discount-schemas.test.ts > createCommissionDiscountSchema > passes for valid input 1ms
 ✓ src/features/commission-discounts/__tests__/commission-discount-schemas.test.ts > createCommissionDiscountSchema > fails when percentage is below 0.01 0ms
 ✓ src/features/commission-discounts/__tests__/commission-discount-schemas.test.ts > createCommissionDiscountSchema > fails when percentage is above 100 0ms
 ✓ src/features/commission-discounts/__tests__/commission-discount-schemas.test.ts > createCommissionDiscountSchema > fails when name is missing 0ms
 ✓ src/features/commission-discounts/__tests__/commission-discount-schemas.test.ts > createCommissionDiscountSchema > fails when type is invalid 0ms
 ✓ src/features/commission-discounts/__tests__/commission-discount-schemas.test.ts > createCommissionDiscountSchema > passes when description is omitted 0ms
 ✓ src/features/admin/users/utils/__tests__/filter.utils.test.ts > filter.utils > buildUserFiltersParams > should return empty params for empty filters 1ms
 ✓ src/features/admin/users/utils/__tests__/filter.utils.test.ts > filter.utils > buildUserFiltersParams > should include search param 0ms
 ✓ src/features/admin/users/utils/__tests__/filter.utils.test.ts > filter.utils > buildUserFiltersParams > should include status param 0ms
 ✓ src/features/admin/users/utils/__tests__/filter.utils.test.ts > filter.utils > buildUserFiltersParams > should include role param 0ms
 ✓ src/features/admin/users/utils/__tests__/filter.utils.test.ts > filter.utils > buildUserFiltersParams > should include all params when all filters are set 0ms
 ✓ src/features/admin/users/utils/__tests__/filter.utils.test.ts > filter.utils > hasActiveFilters > should return false for empty filters 0ms
 ✓ src/features/admin/users/utils/__tests__/filter.utils.test.ts > filter.utils > hasActiveFilters > should return true when search is set 0ms
 ✓ src/features/admin/users/utils/__tests__/filter.utils.test.ts > filter.utils > hasActiveFilters > should return true when status is set 0ms
 ✓ src/features/admin/users/utils/__tests__/filter.utils.test.ts > filter.utils > hasActiveFilters > should return true when role is set 0ms
 ✓ src/features/admin/users/utils/__tests__/filter.utils.test.ts > filter.utils > hasActiveFilters > should return true when any filter is set 0ms
 ✓ src/features/admin/users/utils/__tests__/filter.utils.test.ts > filter.utils > getFiltersDescription > should return empty string for no filters 0ms
 ✓ src/features/admin/users/utils/__tests__/filter.utils.test.ts > filter.utils > getFiltersDescription > should include search in description 0ms
 ✓ src/features/admin/users/utils/__tests__/filter.utils.test.ts > filter.utils > getFiltersDescription > should include active status in description 0ms
 ✓ src/features/admin/users/utils/__tests__/filter.utils.test.ts > filter.utils > getFiltersDescription > should include inactive status in description 0ms
 ✓ src/features/admin/users/utils/__tests__/filter.utils.test.ts > filter.utils > getFiltersDescription > should include role name in description 0ms
 ✓ src/features/admin/users/utils/__tests__/filter.utils.test.ts > filter.utils > getFiltersDescription > should combine multiple filters with bullet separator 0ms
 ✓ src/features/admin/users/utils/__tests__/filter.utils.test.ts > filter.utils > getFiltersDescription > should handle role not found 0ms
stderr | src/app/api/negocios/[id]/annual-payments/__tests__/route.test.ts
[auth] AUTH_SECRET is not set; using a static per-process secret (env=test). Set AUTH_SECRET in your environment to persist sessions across restarts.

 ✓ src/app/api/negocios/[id]/annual-payments/__tests__/route.test.ts > GET /api/negocios/[id]/annual-payments > retorna cuotas ordenadas por installmentIndex 2ms
 ✓ src/app/api/negocios/[id]/annual-payments/__tests__/route.test.ts > GET /api/negocios/[id]/annual-payments > AGENTE no ve negocio ajeno (404) 0ms
 ✓ src/features/load-file/__tests__/lib/number-utils.test.ts > cleanNumericValue > parses currency with thousands and comma decimal 1ms
 ✓ src/features/load-file/__tests__/lib/number-utils.test.ts > cleanNumericValue > parses negative values with parentheses 0ms
 ✓ src/features/load-file/__tests__/lib/number-utils.test.ts > cleanNumericValue > parses negative values with minus sign 0ms
 ✓ src/features/load-file/__tests__/lib/number-utils.test.ts > cleanNumericValue > parses values with multiple thousand separators 0ms
 ✓ src/features/load-file/__tests__/lib/number-utils.test.ts > cleanNumericValue > parses comma as decimal when dot is absent 0ms
 ✓ src/features/load-file/__tests__/lib/number-utils.test.ts > cleanNumericValue > returns null for invalid numeric values 0ms
 ✓ src/features/load-file/__tests__/lib/number-utils.test.ts > cleanLoadFileMoneyValue > returns positive magnitude for negative Excel-style number 0ms
 ✓ src/features/load-file/__tests__/lib/number-utils.test.ts > cleanLoadFileMoneyValue > parses US accounting string with currency and parentheses 0ms
 ✓ src/features/load-file/__tests__/lib/number-utils.test.ts > cleanLoadFileMoneyValue > parses European positive amount 0ms
 ✓ src/features/load-file/__tests__/lib/number-utils.test.ts > cleanLoadFileMoneyValue > returns positive magnitude for EU amount in parentheses 0ms
 ✓ src/features/load-file/__tests__/lib/number-utils.test.ts > cleanLoadFileMoneyValue > returns null for invalid values 0ms
 ✓ src/features/load-file/__tests__/lib/number-utils.test.ts > toDecimalFromLoadFileMoney > returns string for valid load-file money 0ms
 ✓ src/features/load-file/__tests__/lib/number-utils.test.ts > toDecimalFromLoadFileMoney > returns 0 for invalid values 0ms
 ✓ src/features/load-file/__tests__/lib/number-utils.test.ts > toDecimal > returns decimal string for valid values 0ms
 ✓ src/features/load-file/__tests__/lib/number-utils.test.ts > toDecimal > returns 0 for invalid values 0ms
 ✓ src/features/carga-archivos/services/__tests__/matcher.service.test.ts > findBusinessByContract > should return null if contract is empty 1ms
 ✓ src/features/carga-archivos/services/__tests__/matcher.service.test.ts > findBusinessByContract > should call prisma findFirst with correct where clause 1ms
stderr | src/features/negocios/__tests__/actions/find-product-percentage-commission.test.ts > findProductPercentageCommission > propagates descriptive error message when service throws (no config found)
Error finding product percentaje commision: No existe configuración de distribución para el producto y categoría seleccionados. Configurá la distribución antes de continuar. Error: No existe configuración de distribución para el producto y categoría seleccionados. Configurá la distribución antes de continuar.
    at /Users/andres/Documents/financieramente/financieramente-app/src/features/negocios/__tests__/actions/find-product-percentage-commission.test.ts:37:55
    at file:///Users/andres/Documents/financieramente/financieramente-app/node_modules/@vitest/runner/dist/chunk-hooks.js:155:11
    at file:///Users/andres/Documents/financieramente/financieramente-app/node_modules/@vitest/runner/dist/chunk-hooks.js:752:26
    at file:///Users/andres/Documents/financieramente/financieramente-app/node_modules/@vitest/runner/dist/chunk-hooks.js:1897:20
    at new Promise (<anonymous>)
    at runWithTimeout (file:///Users/andres/Documents/financieramente/financieramente-app/node_modules/@vitest/runner/dist/chunk-hooks.js:1863:10)
    at runTest (file:///Users/andres/Documents/financieramente/financieramente-app/node_modules/@vitest/runner/dist/chunk-hooks.js:1574:12)
    at runSuite (file:///Users/andres/Documents/financieramente/financieramente-app/node_modules/@vitest/runner/dist/chunk-hooks.js:1729:8)
    at runSuite (file:///Users/andres/Documents/financieramente/financieramente-app/node_modules/@vitest/runner/dist/chunk-hooks.js:1729:8)
    at runFiles (file:///Users/andres/Documents/financieramente/financieramente-app/node_modules/@vitest/runner/dist/chunk-hooks.js:1787:3)

 ✓ src/features/negocios/__tests__/actions/find-product-percentage-commission.test.ts > findProductPercentageCommission > returns ppc data when service returns config with ppc 1ms
 ✓ src/features/negocios/__tests__/actions/find-product-percentage-commission.test.ts > findProductPercentageCommission > propagates descriptive error message when service throws (no config found) 1ms
 ✓ src/features/negocios/__tests__/actions/find-product-percentage-commission.test.ts > findProductPercentageCommission > returns new-business-config error when config exists but no ppc 0ms
 ✓ src/features/auth/lib/__tests__/roles.test.ts > canViewPayments > returns true for ADMIN 1ms
 ✓ src/features/auth/lib/__tests__/roles.test.ts > canViewPayments > returns true for ASISTENTE_GERENCIA_OPERATIVA 0ms
 ✓ src/features/auth/lib/__tests__/roles.test.ts > canViewPayments > returns true for AGENTE 0ms
 ✓ src/features/auth/lib/__tests__/roles.test.ts > canViewPayments > returns false for ANALISTA_SOPORTE 0ms
 ✓ src/features/auth/lib/__tests__/roles.test.ts > canViewPayments > returns false for DEFAULT 0ms
 ✓ src/features/auth/lib/__tests__/roles.test.ts > canViewPayments > returns false for undefined 0ms
 ✓ src/features/auth/lib/__tests__/roles.test.ts > canViewPayments > returns false for empty string 0ms
 ✓ src/features/auth/lib/__tests__/roles.test.ts > canViewPayments > returns false for unknown role string 0ms
 ✓ src/features/auth/lib/__tests__/roles.test.ts > canFundPayments > returns true for ADMIN 0ms
 ✓ src/features/auth/lib/__tests__/roles.test.ts > canFundPayments > returns true for ASISTENTE_GERENCIA_OPERATIVA 0ms
 ✓ src/features/auth/lib/__tests__/roles.test.ts > canFundPayments > returns false for AGENTE (Coach cannot fund payments) 0ms
 ✓ src/features/auth/lib/__tests__/roles.test.ts > canFundPayments > returns false for ANALISTA_SOPORTE 0ms
 ✓ src/features/auth/lib/__tests__/roles.test.ts > canFundPayments > returns false for DEFAULT 0ms
 ✓ src/features/auth/lib/__tests__/roles.test.ts > canFundPayments > returns false for undefined 0ms
 ✓ src/features/auth/lib/__tests__/roles.test.ts > canFundPayments > returns false for empty string 0ms
 ✓ src/features/auth/lib/__tests__/roles.test.ts > canFundPayments > returns false for unknown role string 0ms
 ✓ src/features/negocios/__tests__/lib/bogota-date-range.test.ts > parseBogotaInclusiveUtcRange > produce un solo día inclusivo cuando from === to 1ms
 ✓ src/features/negocios/__tests__/lib/bogota-date-range.test.ts > parseBogotaInclusiveUtcRange > rechaza from > to 0ms
 ✓ src/features/negocios/__tests__/lib/bogota-date-range.test.ts > parseBogotaInclusiveUtcRange > usa zona Bogotá 0ms
 ✓ src/features/origins/__tests__/mappers/prisma.mapper.test.ts > prisma.mapper > prismaClientOriginToClientOrigin > should transform Prisma client origin to ClientOrigin (happy path) 1ms
 ✓ src/features/origins/__tests__/mappers/prisma.mapper.test.ts > prisma.mapper > prismaClientOriginToClientOrigin > should convert Date to ISO string 0ms
 ✓ src/features/origins/__tests__/mappers/prisma.mapper.test.ts > prisma.mapper > prismaClientOriginToClientOrigin > should handle null description 0ms
 ✓ src/features/origins/__tests__/mappers/prisma.mapper.test.ts > prisma.mapper > prismaClientOriginToClientOrigin > should handle status as false 0ms
 ✓ src/features/origins/__tests__/mappers/prisma.mapper.test.ts > prisma.mapper > prismaClientOriginListToClientOrigins > should transform array of Prisma client origins to ClientOrigin array 1ms
 ✓ src/features/origins/__tests__/mappers/prisma.mapper.test.ts > prisma.mapper > prismaClientOriginListToClientOrigins > should handle empty array 0ms
 ✓ src/features/negocios/lib/__tests__/calculate-num-aportes.test.ts > calculateNumAportes > exceptions > SKANDIA + MFUND → 0 1ms
 ✓ src/features/negocios/lib/__tests__/calculate-num-aportes.test.ts > calculateNumAportes > exceptions > Pago Único → 1 (regardless of term) 0ms
 ✓ src/features/negocios/lib/__tests__/calculate-num-aportes.test.ts > calculateNumAportes > exceptions > Aportes Ocasionales → 1 (regardless of term) 0ms
 ✓ src/features/negocios/lib/__tests__/calculate-num-aportes.test.ts > calculateNumAportes > exceptions > null termYears → 0 0ms
 ✓ src/features/negocios/lib/__tests__/calculate-num-aportes.test.ts > calculateNumAportes > exceptions > null periodicityName → 0 0ms
 ✓ src/features/negocios/lib/__tests__/calculate-num-aportes.test.ts > calculateNumAportes > exceptions > unknown periodicity → 0 0ms
 ✓ src/features/negocios/lib/__tests__/calculate-num-aportes.test.ts > calculateNumAportes > standard multipliers > Mensual, term=5 → 60 0ms
 ✓ src/features/negocios/lib/__tests__/calculate-num-aportes.test.ts > calculateNumAportes > standard multipliers > Semestral, term=3 → 6 0ms
 ✓ src/features/negocios/lib/__tests__/calculate-num-aportes.test.ts > calculateNumAportes > standard multipliers > Anual, term=4 → 4 0ms
 ✓ src/features/negocios/lib/__tests__/calculate-num-aportes.test.ts > calculateNumAportes > standard multipliers > Trimestral, term=5 → 20 0ms
 ✓ src/features/negocios/lib/__tests__/calculate-num-aportes.test.ts > calculateNumAportes > standard multipliers > Bimensual, term=6 → 36 0ms
 ✓ src/features/negocios/lib/__tests__/calculate-num-aportes.test.ts > calculateNumAportes > standard multipliers > Cuatrimestral, term=3 → 9 0ms
 ✓ src/features/negocios/__tests__/lib/build-business-list-where.test.ts > buildBusinessListWhere > restringe por idUser cuando el rol es AGENTE 1ms
 ✓ src/features/negocios/__tests__/lib/build-business-list-where.test.ts > buildBusinessListWhere > excluye dateAnchored null cuando hay rango 0ms
 ✓ src/features/negocios/__tests__/lib/build-business-list-where.test.ts > buildBusinessListWhere > acota por createdAt cuando hay createdAtRange 0ms
 ✓ src/features/negocios/__tests__/lib/build-business-list-where.test.ts > buildBusinessListWhere > combina idUser AGENTE con createdAtRange 0ms
 ✓ src/features/negocios/__tests__/lib/build-business-list-where.test.ts > buildBusinessListWhere > visibleUserIds param > scoped user with visibleUserIds emits IN predicate 0ms
 ✓ src/features/negocios/__tests__/lib/build-business-list-where.test.ts > buildBusinessListWhere > visibleUserIds param > admin with visibleUserIds applies no idUser filter 0ms
 ✓ src/features/negocios/__tests__/lib/build-business-list-where.test.ts > buildBusinessListWhere > visibleUserIds param > scoped user without visibleUserIds falls back to single idUser 0ms
 ✓ src/features/negocios/__tests__/lib/build-business-list-where.test.ts > buildBusinessListWhere > visibleUserIds param > scoped user with empty visibleUserIds falls back to single idUser 0ms
 ✓ src/lib/navigation/__tests__/breadcrumb-utils.test.ts > buildBreadcrumbsFromPathname > decodes percent-encoded segments for labels and builds valid hrefs 1ms
 ✓ src/lib/navigation/__tests__/breadcrumb-utils.test.ts > buildBreadcrumbsFromPathname > handles already-decoded path segments 0ms
 ✓ src/features/pre-liquidacion/lib/__tests__/compute-line-distribution.test.ts > computeLineDistributionAmounts > applies tax then clawback on post-tax base 1ms
 ✓ src/features/pre-liquidacion/lib/__tests__/compute-line-distribution.test.ts > computeLineDistributionAmounts > with zero clawback, final equals post-tax 0ms
 ✓ src/features/pre-liquidacion/lib/__tests__/compute-line-distribution.test.ts > computeLineDistributionAmounts > handles zero gross 0ms
 ✓ src/features/pre-liquidacion/lib/__tests__/pre-liquidacion-flow.test.ts > deriveFlow > returns VOLUNTARIA when commissionType is VOLUNTARIA 1ms
 ✓ src/features/pre-liquidacion/lib/__tests__/pre-liquidacion-flow.test.ts > deriveFlow > returns POLIZA_CLAW when POLIZA and isClawback is true 0ms
 ✓ src/features/pre-liquidacion/lib/__tests__/pre-liquidacion-flow.test.ts > deriveFlow > returns POLIZA_CLAW when POLIZA, CARTERA, and isClawback true (CARTERA + CLAW → CLAW) 0ms
 ✓ src/features/pre-liquidacion/lib/__tests__/pre-liquidacion-flow.test.ts > deriveFlow > returns POLIZA_CARTERA when POLIZA and originCommission is CARTERA (and not CLAW) 0ms
 ✓ src/features/pre-liquidacion/lib/__tests__/pre-liquidacion-flow.test.ts > deriveFlow > returns POLIZA_NO_CLAW when POLIZA, isClawback false, and not CARTERA 0ms
 ✓ src/features/pre-liquidacion/lib/__tests__/pre-liquidacion-flow.test.ts > deriveFlow > returns VOLUNTARIA for unknown commissionType (fallback) 0ms
 ✓ src/features/pre-liquidacion/lib/__tests__/pre-liquidacion-flow.test.ts > shouldPersistClawback > returns false for VOLUNTARIA 0ms
 ✓ src/features/pre-liquidacion/lib/__tests__/pre-liquidacion-flow.test.ts > shouldPersistClawback > returns true for POLIZA_CLAW 0ms
 ✓ src/features/pre-liquidacion/lib/__tests__/pre-liquidacion-flow.test.ts > shouldPersistClawback > returns true for POLIZA_CARTERA 0ms
 ✓ src/features/pre-liquidacion/lib/__tests__/pre-liquidacion-flow.test.ts > shouldPersistClawback > returns true for POLIZA_NO_CLAW 0ms
 ✓ src/features/negocios/__tests__/lib/map-business-to-table-row.test.ts > mapBusinessToTableRow > maps LIQUIDADO to Liquidado and keeps statusCode 1ms
 ✓ src/features/negocios/__tests__/lib/map-business-to-table-row.test.ts > mapBusinessToTableRow > does not map unknown statuses to Cancelado by default 0ms
 ✓ src/features/distribution-commission/__tests__/lib/distribution-wizard-form-mode.test.ts > findActiveRulePendingDistribution > returns the active rule with no categories 1ms
 ✓ src/features/distribution-commission/__tests__/lib/distribution-wizard-form-mode.test.ts > findActiveRulePendingDistribution > returns undefined when every active rule has categories 0ms
 ✓ src/features/distribution-commission/__tests__/lib/distribution-wizard-form-mode.test.ts > findActiveRulePendingDistribution > ignores inactive rules 0ms
 ✓ src/features/auth/__tests__/roles.test.ts > canEditContractWhenBusinessEmitido > returns true for ADMIN 1ms
 ✓ src/features/auth/__tests__/roles.test.ts > canEditContractWhenBusinessEmitido > returns true for ASISTENTE_GERENCIA_OPERATIVA 0ms
 ✓ src/features/auth/__tests__/roles.test.ts > canEditContractWhenBusinessEmitido > returns false for AGENTE 0ms
 ✓ src/features/auth/__tests__/roles.test.ts > canEditContractWhenBusinessEmitido > returns false for ANALISTA_SOPORTE 0ms
 ✓ src/features/auth/__tests__/roles.test.ts > canEditContractWhenBusinessEmitido > returns false for DEFAULT 0ms
 ✓ src/features/auth/__tests__/roles.test.ts > canEditContractWhenBusinessEmitido > returns false for undefined 0ms
 ✓ src/features/auth/__tests__/roles.test.ts > canEditContractWhenBusinessEmitido > returns false for empty string 0ms
 ✓ src/features/auth/__tests__/roles.test.ts > canEditContractWhenBusinessEmitido > returns false for invalid role string 0ms
 ✓ src/features/product-configuration/__tests__/lib/product-configuration-code-route.test.ts > normalizeProductConfigurationCodeParam > decodes percent-encoded plus so it matches stored product configuration codes 1ms
 ✓ src/features/product-configuration/__tests__/lib/product-configuration-code-route.test.ts > normalizeProductConfigurationCodeParam > leaves already-decoded codes unchanged 0ms
 ✓ src/features/product-configuration/__tests__/lib/product-configuration-code-route.test.ts > normalizeProductConfigurationCodeParam > trims whitespace before decode 0ms
 ✓ src/features/product-configuration/__tests__/lib/product-configuration-code-route.test.ts > normalizeProductConfigurationCodeParam > returns empty string for blank input 0ms
 ✓ src/features/product-configuration/__tests__/lib/product-configuration-code-route.test.ts > normalizeProductConfigurationCodeParam > returns original string if decode throws 0ms
 ✓ src/features/negocios/__tests__/lib/product-configuration-code.test.ts > buildProductConfigurationCode > normaliza espacios a guión bajo y une con guión en mayúsculas 1ms
 ✓ src/features/negocios/__tests__/lib/product-configuration-code.test.ts > buildProductConfigurationCode > devuelve SKANDIA-CREA_PATRIMONIO-MS_JUNIOR para el ejemplo del plan 0ms
 ✓ src/features/negocios/__tests__/lib/product-configuration-code.test.ts > buildProductConfigurationCode > maneja nombres ya en mayúsculas sin espacios 0ms
 ✓ src/features/negocios/__tests__/lib/product-configuration-code.test.ts > buildProductConfigurationCode > reemplaza múltiples espacios por un solo guión bajo 0ms
 ✓ src/features/negocios/__tests__/lib/product-configuration-code.test.ts > buildProductConfigurationCode > recorta espacios al inicio y final 0ms
 ✓ src/features/negocios/__tests__/lib/product-configuration-code.test.ts > buildProductConfigurationCode > should build code with 3 segments: company-product-category (no origin) 0ms
 ✓ src/features/negocios/__tests__/lib/product-configuration-code.test.ts > buildProductConfigurationCode > should reject 4-argument calls (no origin param) 0ms
 ✓ src/features/shared/services/__tests__/agent.service.test.ts > getAgentDashboardStats > should call prisma business count and aggregate with correct filters 1ms
 ✓ src/features/pre-liquidacion/lib/__tests__/format-utils-pct.test.ts > formatPct > delegates to formatPercentDisplay with fraction × 100 (cross-module RF-01) 1ms
 ✓ src/features/negocios/__tests__/business-status-ssot.test.ts > BUSINESS_STATUS single source of truth > re-export from business-status.types is the same object as business-entity.types 1ms

⎯⎯⎯⎯⎯⎯⎯ Failed Tests 1 ⎯⎯⎯⎯⎯⎯⎯

 FAIL  src/app/dashboard/negocios/__tests__/negocios-page-client.business-list-sort.test.tsx > NegociosPageClient - orden del listado por fecha de creación > renderiza el listado con el negocio más reciente primero aunque el hook devuelva primero el más antiguo
Error: expect(element).toHaveAttribute("data-testid", "business-row-SORT-NEW") // element.getAttribute("data-testid") === "business-row-SORT-NEW"

Expected the element to have attribute:
  data-testid="business-row-SORT-NEW"
Received:
  data-testid="business-row-SORT-OLD"
 ❯ src/app/dashboard/negocios/__tests__/negocios-page-client.business-list-sort.test.tsx:178:19
    176|   const rows = tbody!.querySelectorAll('tr')
    177|   expect(rows.length).toBe(2)
    178|   expect(rows[0]).toHaveAttribute('data-testid', 'business-row-SORT-NE…
       |                   ^
    179|   expect(rows[1]).toHaveAttribute('data-testid', 'business-row-SORT-OL…
    180|  })

⎯⎯⎯⎯⎯⎯⎯⎯⎯⎯⎯⎯⎯⎯⎯⎯⎯⎯⎯⎯⎯⎯⎯⎯[1/1]⎯


 Test Files  1 failed | 193 passed (194)
      Tests  1 failed | 1857 passed | 3 skipped (1861)
   Start at  21:25:54
   Duration  32.08s (transform 4.08s, setup 12.61s, collect 27.12s, tests 25.07s, environment 38.19s, prepare 7.25s)

{"numTotalTestSuites":745,"numPassedTestSuites":743,"numFailedTestSuites":2,"numPendingTestSuites":0,"numTotalTests":1861,"numPassedTests":1857,"numFailedTests":1,"numPendingTests":3,"numTodoTests":0,"snapshot":{"added":0,"failure":false,"filesAdded":0,"filesRemoved":0,"filesRemovedList":[],"filesUnmatched":0,"filesUpdated":0,"matched":0,"total":0,"unchecked":0,"uncheckedKeysByFile":[],"unmatched":0,"updated":0,"didUpdate":false},"startTime":1778639154755,"success":false,"testResults":[{"assertionResults":[{"ancestorTitles":["Home Page"],"fullName":"Home Page redirects to login when not authenticated","status":"passed","title":"redirects to login when not authenticated","duration":1.981999999999971,"failureMessages":[],"location":{"line":28,"column":2},"meta":{}},{"ancestorTitles":["Home Page"],"fullName":"Home Page redirects to dashboard when authenticated","status":"passed","title":"redirects to dashboard when authenticated","duration":0.5509170000004815,"failureMessages":[],"location":{"line":46,"column":2},"meta":{}}],"startTime":1778639183977,"endTime":1778639183979.551,"status":"passed","message":"","name":"/Users/andres/Documents/financieramente/financieramente-app/src/app/page.test.tsx"},{"assertionResults":[{"ancestorTitles":["ApiClient","get"],"fullName":"ApiClient get should make a GET request and return JSON data","status":"passed","title":"should make a GET request and return JSON data","duration":1.7391669999997248,"failureMessages":[],"location":{"line":17,"column":3},"meta":{}},{"ancestorTitles":["ApiClient","get"],"fullName":"ApiClient get should throw an error when response is not ok","status":"passed","title":"should throw an error when response is not ok","duration":0.7981659999968542,"failureMessages":[],"location":{"line":42,"column":3},"meta":{}},{"ancestorTitles":["ApiClient","post"],"fullName":"ApiClient post should make a POST request with data","status":"passed","title":"should make a POST request with data","duration":0.35458400000061374,"failureMessages":[],"location":{"line":62,"column":3},"meta":{}},{"ancestorTitles":["ApiClient","put"],"fullName":"ApiClient put should make a PUT request with data","status":"passed","title":"should make a PUT request with data","duration":0.2802499999997963,"failureMessages":[],"location":{"line":90,"column":3},"meta":{}},{"ancestorTitles":["ApiClient","delete"],"fullName":"ApiClient delete should make a DELETE request","status":"passed","title":"should make a DELETE request","duration":0.2827499999984866,"failureMessages":[],"location":{"line":118,"column":3},"meta":{}}],"startTime":1778639179336,"endTime":1778639179339.2827,"status":"passed","message":"","name":"/Users/andres/Documents/financieramente/financieramente-app/src/lib/api/__tests__/client.test.ts"},{"assertionResults":[{"ancestorTitles":["auth-schemas","loginSchema"],"fullName":"auth-schemas loginSchema should validate valid login data (happy path)","status":"passed","title":"should validate valid login data (happy path)","duration":1.2940420000013546,"failureMessages":[],"location":{"line":6,"column":3},"meta":{}},{"ancestorTitles":["auth-schemas","loginSchema"],"fullName":"auth-schemas loginSchema should reject empty email","status":"passed","title":"should reject empty email","duration":0.5262910000019474,"failureMessages":[],"location":{"line":20,"column":3},"meta":{}},{"ancestorTitles":["auth-schemas","loginSchema"],"fullName":"auth-schemas loginSchema should reject invalid email format","status":"passed","title":"should reject invalid email format","duration":0.1569999999992433,"failureMessages":[],"location":{"line":33,"column":3},"meta":{}},{"ancestorTitles":["auth-schemas","loginSchema"],"fullName":"auth-schemas loginSchema should reject email without corporate domain","status":"passed","title":"should reject email without corporate domain","duration":0.1266669999968144,"failureMessages":[],"location":{"line":46,"column":3},"meta":{}},{"ancestorTitles":["auth-schemas","loginSchema"],"fullName":"auth-schemas loginSchema should accept email with corporate domain","status":"passed","title":"should accept email with corporate domain","duration":0.08445900000151596,"failureMessages":[],"location":{"line":59,"column":3},"meta":{}},{"ancestorTitles":["auth-schemas","loginSchema"],"fullName":"auth-schemas loginSchema should reject empty password","status":"passed","title":"should reject empty password","duration":0.13799999999901047,"failureMessages":[],"location":{"line":69,"column":3},"meta":{}},{"ancestorTitles":["auth-schemas","loginSchema"],"fullName":"auth-schemas loginSchema should reject password shorter than 8 characters","status":"passed","title":"should reject password shorter than 8 characters","duration":0.1116249999977299,"failureMessages":[],"location":{"line":82,"column":3},"meta":{}},{"ancestorTitles":["auth-schemas","loginSchema"],"fullName":"auth-schemas loginSchema should accept password with exactly 8 characters","status":"passed","title":"should accept password with exactly 8 characters","duration":0.06999999999970896,"failureMessages":[],"location":{"line":95,"column":3},"meta":{}},{"ancestorTitles":["auth-schemas","loginSchema"],"fullName":"auth-schemas loginSchema should accept password longer than 8 characters","status":"passed","title":"should accept password longer than 8 characters","duration":0.07800000000133878,"failureMessages":[],"location":{"line":105,"column":3},"meta":{}},{"ancestorTitles":["auth-schemas","emailSchema"],"fullName":"auth-schemas emailSchema should validate valid email (happy path)","status":"passed","title":"should validate valid email (happy path)","duration":0.1790419999997539,"failureMessages":[],"location":{"line":117,"column":3},"meta":{}},{"ancestorTitles":["auth-schemas","emailSchema"],"fullName":"auth-schemas emailSchema should reject empty email","status":"passed","title":"should reject empty email","duration":0.12733400000070105,"failureMessages":[],"location":{"line":129,"column":3},"meta":{}},{"ancestorTitles":["auth-schemas","emailSchema"],"fullName":"auth-schemas emailSchema should reject invalid email format","status":"passed","title":"should reject invalid email format","duration":0.10033300000213785,"failureMessages":[],"location":{"line":141,"column":3},"meta":{}},{"ancestorTitles":["auth-schemas","emailSchema"],"fullName":"auth-schemas emailSchema should accept valid email with any domain","status":"passed","title":"should accept valid email with any domain","duration":0.056582999997772276,"failureMessages":[],"location":{"line":153,"column":3},"meta":{}},{"ancestorTitles":["auth-schemas","emailSchema"],"fullName":"auth-schemas emailSchema should accept email with subdomain","status":"passed","title":"should accept email with subdomain","duration":0.06883400000151596,"failureMessages":[],"location":{"line":162,"column":3},"meta":{}}],"startTime":1778639181627,"endTime":1778639181630.1274,"status":"passed","message":"","name":"/Users/andres/Documents/financieramente/financieramente-app/src/features/auth/__tests__/auth-schemas.test.ts"},{"assertionResults":[{"ancestorTitles":["canEditContractWhenBusinessEmitido"],"fullName":"canEditContractWhenBusinessEmitido returns true for ADMIN","status":"passed","title":"returns true for ADMIN","duration":0.6182079999998678,"failureMessages":[],"location":{"line":8,"column":2},"meta":{}},{"ancestorTitles":["canEditContractWhenBusinessEmitido"],"fullName":"canEditContractWhenBusinessEmitido returns true for ASISTENTE_GERENCIA_OPERATIVA","status":"passed","title":"returns true for ASISTENTE_GERENCIA_OPERATIVA","duration":0.09812500000043656,"failureMessages":[],"location":{"line":12,"column":2},"meta":{}},{"ancestorTitles":["canEditContractWhenBusinessEmitido"],"fullName":"canEditContractWhenBusinessEmitido returns false for AGENTE","status":"passed","title":"returns false for AGENTE","duration":0.08791600000040489,"failureMessages":[],"location":{"line":20,"column":2},"meta":{}},{"ancestorTitles":["canEditContractWhenBusinessEmitido"],"fullName":"canEditContractWhenBusinessEmitido returns false for ANALISTA_SOPORTE","status":"passed","title":"returns false for ANALISTA_SOPORTE","duration":0.06583300000056624,"failureMessages":[],"location":{"line":24,"column":2},"meta":{}},{"ancestorTitles":["canEditContractWhenBusinessEmitido"],"fullName":"canEditContractWhenBusinessEmitido returns false for DEFAULT","status":"passed","title":"returns false for DEFAULT","duration":0.058832999999140156,"failureMessages":[],"location":{"line":30,"column":2},"meta":{}},{"ancestorTitles":["canEditContractWhenBusinessEmitido"],"fullName":"canEditContractWhenBusinessEmitido returns false for undefined","status":"passed","title":"returns false for undefined","duration":0.06458399999974063,"failureMessages":[],"location":{"line":34,"column":2},"meta":{}},{"ancestorTitles":["canEditContractWhenBusinessEmitido"],"fullName":"canEditContractWhenBusinessEmitido returns false for empty string","status":"passed","title":"returns false for empty string","duration":0.050791000001481734,"failureMessages":[],"location":{"line":38,"column":2},"meta":{}},{"ancestorTitles":["canEditContractWhenBusinessEmitido"],"fullName":"canEditContractWhenBusinessEmitido returns false for invalid role string","status":"passed","title":"returns false for invalid role string","duration":0.04574999999749707,"failureMessages":[],"location":{"line":42,"column":2},"meta":{}}],"startTime":1778639186029,"endTime":1778639186030.0981,"status":"passed","message":"","name":"/Users/andres/Documents/financieramente/financieramente-app/src/features/auth/__tests__/roles.test.ts"},{"assertionResults":[{"ancestorTitles":["createUserAutomatically","Creación exitosa"],"fullName":"createUserAutomatically Creación exitosa debe crear un usuario nuevo con estado Inactivo y rol Agente","status":"passed","title":"debe crear un usuario nuevo con estado Inactivo y rol Agente","duration":2.3207079999992857,"failureMessages":[],"location":{"line":81,"column":3},"meta":{}},{"ancestorTitles":["createUserAutomatically","Creación exitosa"],"fullName":"createUserAutomatically Creación exitosa debe extraer correctamente nombre y apellido del nombre completo","status":"passed","title":"debe extraer correctamente nombre y apellido del nombre completo","duration":0.7819579999995767,"failureMessages":[],"location":{"line":132,"column":3},"meta":{}},{"ancestorTitles":["createUserAutomatically","Creación exitosa"],"fullName":"createUserAutomatically Creación exitosa debe manejar nombres con un solo nombre","status":"passed","title":"debe manejar nombres con un solo nombre","duration":0.22079200000007404,"failureMessages":[],"location":{"line":152,"column":3},"meta":{}},{"ancestorTitles":["createUserAutomatically","Usuario duplicado"],"fullName":"createUserAutomatically Usuario duplicado debe retornar el usuario existente si ya existe en la base de datos","status":"passed","title":"debe retornar el usuario existente si ya existe en la base de datos","duration":0.9400000000023283,"failureMessages":[],"location":{"line":174,"column":3},"meta":{}},{"ancestorTitles":["createUserAutomatically","Usuario duplicado"],"fullName":"createUserAutomatically Usuario duplicado debe manejar condición de carrera cuando el usuario se crea entre validación y creación","status":"passed","title":"debe manejar condición de carrera cuando el usuario se crea entre validación y creación","duration":0.3654999999998836,"failureMessages":[],"location":{"line":195,"column":3},"meta":{}},{"ancestorTitles":["createUserAutomatically","Usuario duplicado"],"fullName":"createUserAutomatically Usuario duplicado debe manejar error de constraint único con mensaje de texto","status":"passed","title":"debe manejar error de constraint único con mensaje de texto","duration":0.2793329999985872,"failureMessages":[],"location":{"line":227,"column":3},"meta":{}},{"ancestorTitles":["createUserAutomatically","Errores de validación"],"fullName":"createUserAutomatically Errores de validación debe retornar error si el rol Agente no existe","status":"passed","title":"debe retornar error si el rol Agente no existe","duration":0.27541700000074343,"failureMessages":[],"location":{"line":254,"column":3},"meta":{}},{"ancestorTitles":["createUserAutomatically","Errores de validación"],"fullName":"createUserAutomatically Errores de validación debe manejar errores de Prisma al crear usuario","status":"passed","title":"debe manejar errores de Prisma al crear usuario","duration":0.43387499999880674,"failureMessages":[],"location":{"line":270,"column":3},"meta":{}},{"ancestorTitles":["createUserAutomatically","Errores de validación"],"fullName":"createUserAutomatically Errores de validación debe manejar errores desconocidos","status":"passed","title":"debe manejar errores desconocidos","duration":0.1586250000000291,"failureMessages":[],"location":{"line":284,"column":3},"meta":{}},{"ancestorTitles":["createUserAutomatically","Parámetros opcionales"],"fullName":"createUserAutomatically Parámetros opcionales debe funcionar sin ipAddress y userAgent","status":"passed","title":"debe funcionar sin ipAddress y userAgent","duration":0.1386670000028971,"failureMessages":[],"location":{"line":296,"column":3},"meta":{}},{"ancestorTitles":["createUserAutomatically","Parámetros opcionales"],"fullName":"createUserAutomatically Parámetros opcionales debe manejar image null","status":"passed","title":"debe manejar image null","duration":0.09733299999788869,"failureMessages":[],"location":{"line":312,"column":3},"meta":{}},{"ancestorTitles":["createUserAutomatically","Registro de auditoría"],"fullName":"createUserAutomatically Registro de auditoría debe registrar evento de auditoría solo cuando se crea un nuevo usuario","status":"passed","title":"debe registrar evento de auditoría solo cuando se crea un nuevo usuario","duration":0.18354199999885168,"failureMessages":[],"location":{"line":329,"column":3},"meta":{}},{"ancestorTitles":["createUserAutomatically","Registro de auditoría"],"fullName":"createUserAutomatically Registro de auditoría debe registrar evento de auditoría sin ipAddress y userAgent si no se proporcionan","status":"passed","title":"debe registrar evento de auditoría sin ipAddress y userAgent si no se proporcionan","duration":0.12808299999960582,"failureMessages":[],"location":{"line":349,"column":3},"meta":{}},{"ancestorTitles":["createUserAutomatically","Notificación a administradores"],"fullName":"createUserAutomatically Notificación a administradores debe enviar notificación después de crear usuario exitosamente","status":"passed","title":"debe enviar notificación después de crear usuario exitosamente","duration":0.15474999999787542,"failureMessages":[],"location":{"line":375,"column":3},"meta":{}},{"ancestorTitles":["createUserAutomatically","Notificación a administradores"],"fullName":"createUserAutomatically Notificación a administradores debe usar solo el nombre si no hay apellido","status":"passed","title":"debe usar solo el nombre si no hay apellido","duration":0.13062499999796273,"failureMessages":[],"location":{"line":394,"column":3},"meta":{}},{"ancestorTitles":["createUserAutomatically","Notificación a administradores"],"fullName":"createUserAutomatically Notificación a administradores no debe fallar creación de usuario si notificación falla","status":"passed","title":"no debe fallar creación de usuario si notificación falla","duration":0.3606249999975262,"failureMessages":[],"location":{"line":419,"column":3},"meta":{}},{"ancestorTitles":["createUserAutomatically","Notificación a administradores"],"fullName":"createUserAutomatically Notificación a administradores no debe enviar notificación si el usuario ya existe","status":"passed","title":"no debe enviar notificación si el usuario ya existe","duration":0.15141600000060862,"failureMessages":[],"location":{"line":446,"column":3},"meta":{}},{"ancestorTitles":["createUserAutomatically","Notificación a administradores"],"fullName":"createUserAutomatically Notificación a administradores no debe enviar notificación si falla la creación del usuario","status":"passed","title":"no debe enviar notificación si falla la creación del usuario","duration":0.25420800000210875,"failureMessages":[],"location":{"line":464,"column":3},"meta":{}},{"ancestorTitles":["createUserAutomatically","Notificación a administradores"],"fullName":"createUserAutomatically Notificación a administradores debe usar fire-and-forget (no esperar respuesta)","status":"passed","title":"debe usar fire-and-forget (no esperar respuesta)","duration":0.12087500000052387,"failureMessages":[],"location":{"line":480,"column":3},"meta":{}}],"startTime":1778639178997,"endTime":1778639179005.1208,"status":"passed","message":"","name":"/Users/andres/Documents/financieramente/financieramente-app/src/features/auth/__tests__/user-creation.test.ts"},{"assertionResults":[{"ancestorTitles":["validateUserCredentials - ssoOnly validation","ssoOnly = true (Solo SSO permitido)"],"fullName":"validateUserCredentials - ssoOnly validation ssoOnly = true (Solo SSO permitido) debe rechazar login con contraseña cuando ssoOnly es true","status":"passed","title":"debe rechazar login con contraseña cuando ssoOnly es true","duration":0.9901250000002619,"failureMessages":[],"location":{"line":46,"column":3},"meta":{}},{"ancestorTitles":["validateUserCredentials - ssoOnly validation","ssoOnly = true (Solo SSO permitido)"],"fullName":"validateUserCredentials - ssoOnly validation ssoOnly = true (Solo SSO permitido) debe rechazar incluso si la contraseña es correcta cuando ssoOnly es true","status":"passed","title":"debe rechazar incluso si la contraseña es correcta cuando ssoOnly es true","duration":0.39070799999899464,"failureMessages":[],"location":{"line":82,"column":3},"meta":{}},{"ancestorTitles":["validateUserCredentials - ssoOnly validation","ssoOnly = false (Login con contraseña permitido)"],"fullName":"validateUserCredentials - ssoOnly validation ssoOnly = false (Login con contraseña permitido) debe permitir login con contraseña válida cuando ssoOnly es false","status":"passed","title":"debe permitir login con contraseña válida cuando ssoOnly es false","duration":1.3491250000006403,"failureMessages":[],"location":{"line":124,"column":3},"meta":{}},{"ancestorTitles":["validateUserCredentials - ssoOnly validation","ssoOnly = false (Login con contraseña permitido)"],"fullName":"validateUserCredentials - ssoOnly validation ssoOnly = false (Login con contraseña permitido) debe rechazar si ssoOnly es false pero no tiene contraseña configurada","status":"passed","title":"debe rechazar si ssoOnly es false pero no tiene contraseña configurada","duration":0.5430000000014843,"failureMessages":[],"location":{"line":171,"column":3},"meta":{}},{"ancestorTitles":["validateUserCredentials - ssoOnly validation","Restricción de rol (ADMIN y AGENTE)"],"fullName":"validateUserCredentials - ssoOnly validation Restricción de rol (ADMIN y AGENTE) debe permitir usuarios AGENTE con ssoOnly false","status":"passed","title":"debe permitir usuarios AGENTE con ssoOnly false","duration":0.7045839999991586,"failureMessages":[],"location":{"line":207,"column":3},"meta":{}},{"ancestorTitles":["validateUserCredentials - ssoOnly validation","Restricción de rol (ADMIN y AGENTE)"],"fullName":"validateUserCredentials - ssoOnly validation Restricción de rol (ADMIN y AGENTE) debe rechazar otros roles (ej. ANALISTA_SOPORTE) con ssoOnly false","status":"passed","title":"debe rechazar otros roles (ej. ANALISTA_SOPORTE) con ssoOnly false","duration":0.1832910000011907,"failureMessages":[],"location":{"line":245,"column":3},"meta":{}},{"ancestorTitles":["validateUserCredentials - ssoOnly validation","Validaciones previas a ssoOnly"],"fullName":"validateUserCredentials - ssoOnly validation Validaciones previas a ssoOnly debe rechazar usuario inactivo antes de verificar ssoOnly","status":"passed","title":"debe rechazar usuario inactivo antes de verificar ssoOnly","duration":0.11087500000212458,"failureMessages":[],"location":{"line":290,"column":3},"meta":{}},{"ancestorTitles":["validateUserCredentials - ssoOnly validation","Validaciones previas a ssoOnly"],"fullName":"validateUserCredentials - ssoOnly validation Validaciones previas a ssoOnly debe rechazar usuario sin rol antes de verificar ssoOnly","status":"passed","title":"debe rechazar usuario sin rol antes de verificar ssoOnly","duration":0.09391700000196579,"failureMessages":[],"location":{"line":324,"column":3},"meta":{}},{"ancestorTitles":["validateUserCredentials - ssoOnly validation","Flujo completo de validación"],"fullName":"validateUserCredentials - ssoOnly validation Flujo completo de validación debe seguir el orden correcto de validaciones","status":"passed","title":"debe seguir el orden correcto de validaciones","duration":0.5077089999977034,"failureMessages":[],"location":{"line":360,"column":3},"meta":{}}],"startTime":1778639181828,"endTime":1778639181833.5078,"status":"passed","message":"","name":"/Users/andres/Documents/financieramente/financieramente-app/src/features/auth/__tests__/user-validation.test.ts"},{"assertionResults":[{"ancestorTitles":["buildBreadcrumbsFromPathname"],"fullName":"buildBreadcrumbsFromPathname decodes percent-encoded segments for labels and builds valid hrefs","status":"passed","title":"decodes percent-encoded segments for labels and builds valid hrefs","duration":1.35729199999696,"failureMessages":[],"location":{"line":5,"column":2},"meta":{}},{"ancestorTitles":["buildBreadcrumbsFromPathname"],"fullName":"buildBreadcrumbsFromPathname handles already-decoded path segments","status":"passed","title":"handles already-decoded path segments","duration":0.18245899999965332,"failureMessages":[],"location":{"line":26,"column":2},"meta":{}}],"startTime":1778639185609,"endTime":1778639185610.3572,"status":"passed","message":"","name":"/Users/andres/Documents/financieramente/financieramente-app/src/lib/navigation/__tests__/breadcrumb-utils.test.ts"},{"assertionResults":[{"ancestorTitles":["createCommissionDiscountSchema"],"fullName":"createCommissionDiscountSchema passes for valid input","status":"passed","title":"passes for valid input","duration":1.3533749999987776,"failureMessages":[],"location":{"line":5,"column":2},"meta":{}},{"ancestorTitles":["createCommissionDiscountSchema"],"fullName":"createCommissionDiscountSchema fails when percentage is below 0.01","status":"passed","title":"fails when percentage is below 0.01","duration":0.39795800000138115,"failureMessages":[],"location":{"line":14,"column":2},"meta":{}},{"ancestorTitles":["createCommissionDiscountSchema"],"fullName":"createCommissionDiscountSchema fails when percentage is above 100","status":"passed","title":"fails when percentage is above 100","duration":0.12966700000106357,"failureMessages":[],"location":{"line":23,"column":2},"meta":{}},{"ancestorTitles":["createCommissionDiscountSchema"],"fullName":"createCommissionDiscountSchema fails when name is missing","status":"passed","title":"fails when name is missing","duration":0.14416700000219862,"failureMessages":[],"location":{"line":32,"column":2},"meta":{}},{"ancestorTitles":["createCommissionDiscountSchema"],"fullName":"createCommissionDiscountSchema fails when type is invalid","status":"passed","title":"fails when type is invalid","duration":0.1253340000002936,"failureMessages":[],"location":{"line":40,"column":2},"meta":{}},{"ancestorTitles":["createCommissionDiscountSchema"],"fullName":"createCommissionDiscountSchema passes when description is omitted","status":"passed","title":"passes when description is omitted","duration":0.09979200000088895,"failureMessages":[],"location":{"line":49,"column":2},"meta":{}}],"startTime":1778639184699,"endTime":1778639184701.1443,"status":"passed","message":"","name":"/Users/andres/Documents/financieramente/financieramente-app/src/features/commission-discounts/__tests__/commission-discount-schemas.test.ts"},{"assertionResults":[{"ancestorTitles":["listDiscounts"],"fullName":"listDiscounts returns array from prisma","status":"passed","title":"returns array from prisma","duration":1.4492920000011509,"failureMessages":[],"location":{"line":35,"column":2},"meta":{}},{"ancestorTitles":["findActiveByType"],"fullName":"findActiveByType calls findFirst with type and ACTIVE status filter","status":"passed","title":"calls findFirst with type and ACTIVE status filter","duration":0.35337499999877764,"failureMessages":[],"location":{"line":48,"column":2},"meta":{}},{"ancestorTitles":["findActiveByType"],"fullName":"findActiveByType returns null when no active discount for type","status":"passed","title":"returns null when no active discount for type","duration":0.12349999999787542,"failureMessages":[],"location":{"line":58,"column":2},"meta":{}},{"ancestorTitles":["createDiscount"],"fullName":"createDiscount calls create with correct data and createdById","status":"passed","title":"calls create with correct data and createdById","duration":0.21166699999957928,"failureMessages":[],"location":{"line":66,"column":2},"meta":{}},{"ancestorTitles":["findDiscountById"],"fullName":"findDiscountById calls findUnique with the given id","status":"passed","title":"calls findUnique with the given id","duration":0.1928330000009737,"failureMessages":[],"location":{"line":79,"column":2},"meta":{}},{"ancestorTitles":["findDiscountById"],"fullName":"findDiscountById returns null when not found","status":"passed","title":"returns null when not found","duration":0.099833000000217,"failureMessages":[],"location":{"line":87,"column":2},"meta":{}},{"ancestorTitles":["inactivateDiscount"],"fullName":"inactivateDiscount calls update with INACTIVE status and updatedById","status":"passed","title":"calls update with INACTIVE status and updatedById","duration":0.2049170000027516,"failureMessages":[],"location":{"line":95,"column":2},"meta":{}}],"startTime":1778639183208,"endTime":1778639183211.2048,"status":"passed","message":"","name":"/Users/andres/Documents/financieramente/financieramente-app/src/features/commission-discounts/__tests__/commission-discount.service.test.ts"},{"assertionResults":[{"ancestorTitles":["useCommissionDiscountMutations"],"fullName":"useCommissionDiscountMutations createDiscount calls API and onSuccess callback","status":"passed","title":"createDiscount calls API and onSuccess callback","duration":7.854333999999653,"failureMessages":[],"location":{"line":37,"column":2},"meta":{}},{"ancestorTitles":["useCommissionDiscountMutations"],"fullName":"useCommissionDiscountMutations inactivateDiscount calls API and onSuccess callback","status":"passed","title":"inactivateDiscount calls API and onSuccess callback","duration":1.7237920000006852,"failureMessages":[],"location":{"line":48,"column":2},"meta":{}},{"ancestorTitles":["useCommissionDiscountMutations"],"fullName":"useCommissionDiscountMutations sets error state when createDiscount API call fails","status":"passed","title":"sets error state when createDiscount API call fails","duration":1.3163339999991877,"failureMessages":[],"location":{"line":59,"column":2},"meta":{}}],"startTime":1778639177300,"endTime":1778639177310.3164,"status":"passed","message":"","name":"/Users/andres/Documents/financieramente/financieramente-app/src/features/commission-discounts/__tests__/use-commission-discount-mutations.test.ts"},{"assertionResults":[{"ancestorTitles":["useCommissionDiscounts"],"fullName":"useCommissionDiscounts sets status to success and populates state.data after successful fetch","status":"passed","title":"sets status to success and populates state.data after successful fetch","duration":60.862999999999374,"failureMessages":[],"location":{"line":18,"column":2},"meta":{}},{"ancestorTitles":["useCommissionDiscounts"],"fullName":"useCommissionDiscounts sets status to loading before fetch resolves","status":"passed","title":"sets status to loading before fetch resolves","duration":54.82929100000001,"failureMessages":[],"location":{"line":25,"column":2},"meta":{}},{"ancestorTitles":["useCommissionDiscounts"],"fullName":"useCommissionDiscounts sets status to error and state.error when fetch rejects","status":"passed","title":"sets status to error and state.error when fetch rejects","duration":55.509000000000015,"failureMessages":[],"location":{"line":34,"column":2},"meta":{}},{"ancestorTitles":["useCommissionDiscounts"],"fullName":"useCommissionDiscounts refresh re-triggers loading and then settles to success","status":"passed","title":"refresh re-triggers loading and then settles to success","duration":106.73037499999919,"failureMessages":[],"location":{"line":43,"column":2},"meta":{}},{"ancestorTitles":["useCommissionDiscounts"],"fullName":"useCommissionDiscounts exposes a refresh function","status":"passed","title":"exposes a refresh function","duration":53.04791599999953,"failureMessages":[],"location":{"line":52,"column":2},"meta":{}}],"startTime":1778639163050,"endTime":1778639163381.0479,"status":"passed","message":"","name":"/Users/andres/Documents/financieramente/financieramente-app/src/features/commission-discounts/__tests__/use-commission-discounts.test.ts"},{"assertionResults":[{"ancestorTitles":["admin-notifications","getActiveAdminUsers"],"fullName":"admin-notifications getActiveAdminUsers debe retornar administradores activos","status":"passed","title":"debe retornar administradores activos","duration":1.9835840000014286,"failureMessages":[],"location":{"line":41,"column":3},"meta":{}},{"ancestorTitles":["admin-notifications","getActiveAdminUsers"],"fullName":"admin-notifications getActiveAdminUsers debe retornar array vacío si no hay administradores","status":"passed","title":"debe retornar array vacío si no hay administradores","duration":0.2272499999999127,"failureMessages":[],"location":{"line":82,"column":3},"meta":{}},{"ancestorTitles":["admin-notifications","getActiveAdminUsers"],"fullName":"admin-notifications getActiveAdminUsers debe manejar errores de Prisma y retornar array vacío","status":"passed","title":"debe manejar errores de Prisma y retornar array vacío","duration":1.2474590000019816,"failureMessages":[],"location":{"line":90,"column":3},"meta":{}},{"ancestorTitles":["admin-notifications","generateNotificationHTML"],"fullName":"admin-notifications generateNotificationHTML debe generar HTML válido con DOCTYPE","status":"passed","title":"debe generar HTML válido con DOCTYPE","duration":1.1384170000019367,"failureMessages":[],"location":{"line":123,"column":3},"meta":{}},{"ancestorTitles":["admin-notifications","generateNotificationHTML"],"fullName":"admin-notifications generateNotificationHTML debe incluir información del usuario","status":"passed","title":"debe incluir información del usuario","duration":0.8629170000021986,"failureMessages":[],"location":{"line":131,"column":3},"meta":{}},{"ancestorTitles":["admin-notifications","generateNotificationHTML"],"fullName":"admin-notifications generateNotificationHTML debe incluir link correcto a dashboard/admin/users","status":"passed","title":"debe incluir link correcto a dashboard/admin/users","duration":0.5022920000010345,"failureMessages":[],"location":{"line":138,"column":3},"meta":{}},{"ancestorTitles":["admin-notifications","generateNotificationHTML"],"fullName":"admin-notifications generateNotificationHTML debe incluir colores de marca","status":"passed","title":"debe incluir colores de marca","duration":0.40124999999898137,"failureMessages":[],"location":{"line":145,"column":3},"meta":{}},{"ancestorTitles":["admin-notifications","generateNotificationHTML"],"fullName":"admin-notifications generateNotificationHTML debe incluir fecha formateada en español","status":"passed","title":"debe incluir fecha formateada en español","duration":0.5324580000014976,"failureMessages":[],"location":{"line":151,"column":3},"meta":{}},{"ancestorTitles":["admin-notifications","generateNotificationHTML"],"fullName":"admin-notifications generateNotificationHTML debe incluir título y estructura correcta","status":"passed","title":"debe incluir título y estructura correcta","duration":0.3762499999975262,"failureMessages":[],"location":{"line":160,"column":3},"meta":{}},{"ancestorTitles":["admin-notifications","generateNotificationHTML"],"fullName":"admin-notifications generateNotificationHTML debe incluir saludo personalizado con nombre del administrador","status":"passed","title":"debe incluir saludo personalizado con nombre del administrador","duration":0.21933400000125403,"failureMessages":[],"location":{"line":169,"column":3},"meta":{}},{"ancestorTitles":["admin-notifications","generateNotificationHTML"],"fullName":"admin-notifications generateNotificationHTML debe incluir logo de Financieramente","status":"passed","title":"debe incluir logo de Financieramente","duration":0.4083339999997406,"failureMessages":[],"location":{"line":175,"column":3},"meta":{}},{"ancestorTitles":["admin-notifications","generateNotificationHTML"],"fullName":"admin-notifications generateNotificationHTML debe incluir footer con copyright","status":"passed","title":"debe incluir footer con copyright","duration":0.28687499999796273,"failureMessages":[],"location":{"line":183,"column":3},"meta":{}},{"ancestorTitles":["admin-notifications","generateNotificationPlainText"],"fullName":"admin-notifications generateNotificationPlainText debe incluir toda la información del usuario","status":"passed","title":"debe incluir toda la información del usuario","duration":0.2721659999988333,"failureMessages":[],"location":{"line":204,"column":3},"meta":{}},{"ancestorTitles":["admin-notifications","generateNotificationPlainText"],"fullName":"admin-notifications generateNotificationPlainText debe incluir link directo","status":"passed","title":"debe incluir link directo","duration":0.19412500000180444,"failureMessages":[],"location":{"line":213,"column":3},"meta":{}},{"ancestorTitles":["admin-notifications","generateNotificationPlainText"],"fullName":"admin-notifications generateNotificationPlainText debe incluir título y mensaje principal","status":"passed","title":"debe incluir título y mensaje principal","duration":0.19362499999988358,"failureMessages":[],"location":{"line":219,"column":3},"meta":{}},{"ancestorTitles":["admin-notifications","generateNotificationPlainText"],"fullName":"admin-notifications generateNotificationPlainText debe incluir fecha formateada","status":"passed","title":"debe incluir fecha formateada","duration":0.7411670000001322,"failureMessages":[],"location":{"line":226,"column":3},"meta":{}},{"ancestorTitles":["admin-notifications","generateNotificationPlainText"],"fullName":"admin-notifications generateNotificationPlainText debe incluir saludo personalizado con nombre del administrador","status":"passed","title":"debe incluir saludo personalizado con nombre del administrador","duration":0.5625829999989946,"failureMessages":[],"location":{"line":235,"column":3},"meta":{}},{"ancestorTitles":["admin-notifications","sendNewUserNotificationToAdmins"],"fullName":"admin-notifications sendNewUserNotificationToAdmins debe obtener administradores activos","status":"passed","title":"debe obtener administradores activos","duration":1.3521250000012515,"failureMessages":[],"location":{"line":272,"column":3},"meta":{}},{"ancestorTitles":["admin-notifications","sendNewUserNotificationToAdmins"],"fullName":"admin-notifications sendNewUserNotificationToAdmins debe usar NEXTAUTH_URL como baseUrl si está disponible","status":"passed","title":"debe usar NEXTAUTH_URL como baseUrl si está disponible","duration":7.102583999996568,"failureMessages":[],"location":{"line":282,"column":3},"meta":{}},{"ancestorTitles":["admin-notifications","sendNewUserNotificationToAdmins"],"fullName":"admin-notifications sendNewUserNotificationToAdmins debe usar NEXT_PUBLIC_API_URL como baseUrl si NEXTAUTH_URL no está disponible","status":"passed","title":"debe usar NEXT_PUBLIC_API_URL como baseUrl si NEXTAUTH_URL no está disponible","duration":0.8924999999981083,"failureMessages":[],"location":{"line":305,"column":3},"meta":{}},{"ancestorTitles":["admin-notifications","sendNewUserNotificationToAdmins"],"fullName":"admin-notifications sendNewUserNotificationToAdmins debe usar localhost como fallback si no hay variables de entorno","status":"passed","title":"debe usar localhost como fallback si no hay variables de entorno","duration":0.8770409999997355,"failureMessages":[],"location":{"line":320,"column":3},"meta":{}},{"ancestorTitles":["admin-notifications","sendNewUserNotificationToAdmins"],"fullName":"admin-notifications sendNewUserNotificationToAdmins debe enviar email a cada administrador","status":"passed","title":"debe enviar email a cada administrador","duration":0.7191660000025877,"failureMessages":[],"location":{"line":335,"column":3},"meta":{}},{"ancestorTitles":["admin-notifications","sendNewUserNotificationToAdmins"],"fullName":"admin-notifications sendNewUserNotificationToAdmins debe manejar caso sin administradores","status":"passed","title":"debe manejar caso sin administradores","duration":0.3006249999998545,"failureMessages":[],"location":{"line":355,"column":3},"meta":{}},{"ancestorTitles":["admin-notifications","sendNewUserNotificationToAdmins"],"fullName":"admin-notifications sendNewUserNotificationToAdmins debe manejar errores sin propagar","status":"passed","title":"debe manejar errores sin propagar","duration":0.8891250000015134,"failureMessages":[],"location":{"line":374,"column":3},"meta":{}},{"ancestorTitles":["admin-notifications","sendNewUserNotificationToAdmins"],"fullName":"admin-notifications sendNewUserNotificationToAdmins debe manejar errores individuales sin afectar otros envíos","status":"passed","title":"debe manejar errores individuales sin afectar otros envíos","duration":0.7067079999978887,"failureMessages":[],"location":{"line":394,"column":3},"meta":{}},{"ancestorTitles":["admin-notifications","sendNewUserNotificationToAdmins"],"fullName":"admin-notifications sendNewUserNotificationToAdmins debe usar Promise.allSettled para envío paralelo","status":"passed","title":"debe usar Promise.allSettled para envío paralelo","duration":1.0316669999992882,"failureMessages":[],"location":{"line":415,"column":3},"meta":{}},{"ancestorTitles":["admin-notifications","sendNewUserNotificationToAdmins"],"fullName":"admin-notifications sendNewUserNotificationToAdmins debe loggear éxito cuando el email se envía correctamente","status":"passed","title":"debe loggear éxito cuando el email se envía correctamente","duration":0.6579579999997804,"failureMessages":[],"location":{"line":430,"column":3},"meta":{}},{"ancestorTitles":["admin-notifications","sendNewUserNotificationToAdmins"],"fullName":"admin-notifications sendNewUserNotificationToAdmins debe loggear error cuando el email falla","status":"passed","title":"debe loggear error cuando el email falla","duration":0.5998340000005555,"failureMessages":[],"location":{"line":448,"column":3},"meta":{}}],"startTime":1778639176857,"endTime":1778639176882.5999,"status":"passed","message":"","name":"/Users/andres/Documents/financieramente/financieramente-app/src/features/email/__tests__/admin-notifications.test.ts"},{"assertionResults":[{"ancestorTitles":["HistorialCargasTab — Preliquidar button visibility"],"fullName":"HistorialCargasTab — Preliquidar button visibility does NOT render the Preliquidar button when sincronizados === 0","status":"passed","title":"does NOT render the Preliquidar button when sincronizados === 0","duration":322.873834,"failureMessages":[],"location":{"line":70,"column":2},"meta":{}},{"ancestorTitles":["HistorialCargasTab — Preliquidar button visibility"],"fullName":"HistorialCargasTab — Preliquidar button visibility does NOT render the Preliquidar button when estado !== \"LOAD\"","status":"passed","title":"does NOT render the Preliquidar button when estado !== \"LOAD\"","duration":94.35320800000045,"failureMessages":[],"location":{"line":89,"column":2},"meta":{}},{"ancestorTitles":["HistorialCargasTab — Preliquidar button visibility"],"fullName":"HistorialCargasTab — Preliquidar button visibility does NOT render the Preliquidar button for roles without liquidaciones.preliquidacion permission","status":"passed","title":"does NOT render the Preliquidar button for roles without liquidaciones.preliquidacion permission","duration":122.65520899999865,"failureMessages":[],"location":{"line":108,"column":2},"meta":{}},{"ancestorTitles":["HistorialCargasTab — Preliquidar button visibility"],"fullName":"HistorialCargasTab — Preliquidar button visibility RENDERS the Preliquidar button when sincronizados > 0, estado === \"LOAD\", and role has permission (ADMIN)","status":"passed","title":"RENDERS the Preliquidar button when sincronizados > 0, estado === \"LOAD\", and role has permission (ADMIN)","duration":71.27208400000018,"failureMessages":[],"location":{"line":128,"column":2},"meta":{}},{"ancestorTitles":["HistorialCargasTab — Preliquidar button visibility"],"fullName":"HistorialCargasTab — Preliquidar button visibility RENDERS the Preliquidar button for ASISTENTE_GERENCIA_OPERATIVA role","status":"passed","title":"RENDERS the Preliquidar button for ASISTENTE_GERENCIA_OPERATIVA role","duration":45.8686660000003,"failureMessages":[],"location":{"line":147,"column":2},"meta":{}},{"ancestorTitles":["HistorialCargasTab — Preliquidar button visibility"],"fullName":"HistorialCargasTab — Preliquidar button visibility does NOT render the Preliquidar button when user is null","status":"passed","title":"does NOT render the Preliquidar button when user is null","duration":57.340000000000146,"failureMessages":[],"location":{"line":165,"column":2},"meta":{}}],"startTime":1778639167527,"endTime":1778639168242.34,"status":"passed","message":"","name":"/Users/andres/Documents/financieramente/financieramente-app/src/features/load-file/__tests__/HistorialCargasTab.test.tsx"},{"assertionResults":[{"ancestorTitles":["FileImportCard — delete visibility (REQ-4)"],"fullName":"FileImportCard — delete visibility (REQ-4) hides delete when canDelete=false for PRE-SETTLED","status":"passed","title":"hides delete when canDelete=false for PRE-SETTLED","duration":34.77729099999851,"failureMessages":[],"location":{"line":29,"column":2},"meta":{}},{"ancestorTitles":["FileImportCard — delete visibility (REQ-4)"],"fullName":"FileImportCard — delete visibility (REQ-4) hides delete when canDelete=false for COMPLETED","status":"passed","title":"hides delete when canDelete=false for COMPLETED","duration":5.209917000000132,"failureMessages":[],"location":{"line":44,"column":2},"meta":{}},{"ancestorTitles":["FileImportCard — delete visibility (REQ-4)"],"fullName":"FileImportCard — delete visibility (REQ-4) shows delete when canDelete=true for LOAD","status":"passed","title":"shows delete when canDelete=true for LOAD","duration":6.99241599999732,"failureMessages":[],"location":{"line":58,"column":2},"meta":{}}],"startTime":1778639172043,"endTime":1778639172089.9924,"status":"passed","message":"","name":"/Users/andres/Documents/financieramente/financieramente-app/src/features/load-file/__tests__/file-import-card.test.tsx"},{"assertionResults":[{"ancestorTitles":["FileImportService","initiateImport","when a COMPLETED import exists for the same period + user"],"fullName":"FileImportService initiateImport when a COMPLETED import exists for the same period + user throws PeriodCompletedError","status":"passed","title":"throws PeriodCompletedError","duration":1.3271669999994629,"failureMessages":[],"location":{"line":57,"column":4},"meta":{}},{"ancestorTitles":["FileImportService","initiateImport","when a COMPLETED import exists for the same period + user"],"fullName":"FileImportService initiateImport when a COMPLETED import exists for the same period + user throws PeriodCompletedError with the correct month and year","status":"passed","title":"throws PeriodCompletedError with the correct month and year","duration":0.4405419999966398,"failureMessages":[],"location":{"line":72,"column":4},"meta":{}},{"ancestorTitles":["FileImportService","initiateImport","when a COMPLETED import exists for the same period + user"],"fullName":"FileImportService initiateImport when a COMPLETED import exists for the same period + user does NOT call prisma.fileImport.create","status":"passed","title":"does NOT call prisma.fileImport.create","duration":0.26120799999989686,"failureMessages":[],"location":{"line":87,"column":4},"meta":{}},{"ancestorTitles":["FileImportService","initiateImport","when a PRE-SETTLED import exists for the same period + user"],"fullName":"FileImportService initiateImport when a PRE-SETTLED import exists for the same period + user throws PeriodPreSettledError","status":"passed","title":"throws PeriodPreSettledError","duration":0.15262500000244472,"failureMessages":[],"location":{"line":106,"column":4},"meta":{}},{"ancestorTitles":["FileImportService","initiateImport","when a LOAD import exists for the same period + user (dedup)"],"fullName":"FileImportService initiateImport when a LOAD import exists for the same period + user (dedup) returns { created: false, fileImport: existing }","status":"passed","title":"returns { created: false, fileImport: existing }","duration":0.3868750000001455,"failureMessages":[],"location":{"line":123,"column":4},"meta":{}},{"ancestorTitles":["FileImportService","initiateImport","when a LOAD import exists for the same period + user (dedup)"],"fullName":"FileImportService initiateImport when a LOAD import exists for the same period + user (dedup) does NOT call prisma.fileImport.create","status":"passed","title":"does NOT call prisma.fileImport.create","duration":0.11829199999920093,"failureMessages":[],"location":{"line":140,"column":4},"meta":{}},{"ancestorTitles":["FileImportService","initiateImport","when no existing import for the period + user"],"fullName":"FileImportService initiateImport when no existing import for the period + user creates a new FileImport and returns { created: true, fileImport }","status":"passed","title":"creates a new FileImport and returns { created: true, fileImport }","duration":0.17529099999956088,"failureMessages":[],"location":{"line":157,"column":4},"meta":{}},{"ancestorTitles":["FileImportService","initiateImport","when no existing import for the period + user"],"fullName":"FileImportService initiateImport when no existing import for the period + user calls prisma.fileImport.create with correct data","status":"passed","title":"calls prisma.fileImport.create with correct data","duration":0.6132089999991877,"failureMessages":[],"location":{"line":182,"column":4},"meta":{}},{"ancestorTitles":["FileImportService","initiateImport","dedup does NOT trigger for a different idUser"],"fullName":"FileImportService initiateImport dedup does NOT trigger for a different idUser creates a new FileImport for a different user even when LOAD import exists for another user","status":"passed","title":"creates a new FileImport for a different user even when LOAD import exists for another user","duration":0.7832080000007409,"failureMessages":[],"location":{"line":216,"column":4},"meta":{}},{"ancestorTitles":["FileImportService","listFileImports","when isAdmin = true"],"fullName":"FileImportService listFileImports when isAdmin = true returns all file imports (no user filter)","status":"passed","title":"returns all file imports (no user filter)","duration":0.36633400000209804,"failureMessages":[],"location":{"line":255,"column":4},"meta":{}},{"ancestorTitles":["FileImportService","listFileImports","when isAdmin = true"],"fullName":"FileImportService listFileImports when isAdmin = true admin + no filters → WHERE has default status filter","status":"passed","title":"admin + no filters → WHERE has default status filter","duration":0.3162499999998545,"failureMessages":[],"location":{"line":273,"column":4},"meta":{}},{"ancestorTitles":["FileImportService","listFileImports","when isAdmin = false"],"fullName":"FileImportService listFileImports when isAdmin = false returns only file imports for the given userId","status":"passed","title":"returns only file imports for the given userId","duration":0.17508299999826704,"failureMessages":[],"location":{"line":290,"column":4},"meta":{}},{"ancestorTitles":["FileImportService","listFileImports"],"fullName":"FileImportService listFileImports orders by createdAt desc","status":"passed","title":"orders by createdAt desc","duration":0.13866699999925913,"failureMessages":[],"location":{"line":310,"column":3},"meta":{}},{"ancestorTitles":["FileImportService","listFileImports"],"fullName":"FileImportService listFileImports includes user name and lastName","status":"passed","title":"includes user name and lastName","duration":0.15945900000224356,"failureMessages":[],"location":{"line":324,"column":3},"meta":{}},{"ancestorTitles":["FileImportService","listFileImports","server-side filters"],"fullName":"FileImportService listFileImports server-side filters month filter → WHERE includes { month: 3 }","status":"passed","title":"month filter → WHERE includes { month: 3 }","duration":0.260708000001614,"failureMessages":[],"location":{"line":346,"column":4},"meta":{}},{"ancestorTitles":["FileImportService","listFileImports","server-side filters"],"fullName":"FileImportService listFileImports server-side filters year filter → WHERE includes { year: 2026 }","status":"passed","title":"year filter → WHERE includes { year: 2026 }","duration":0.19241699999838602,"failureMessages":[],"location":{"line":365,"column":4},"meta":{}},{"ancestorTitles":["FileImportService","listFileImports","server-side filters"],"fullName":"FileImportService listFileImports server-side filters status filter (not ALL) → WHERE includes { status: \"LOAD\" }","status":"passed","title":"status filter (not ALL) → WHERE includes { status: \"LOAD\" }","duration":0.11683300000004238,"failureMessages":[],"location":{"line":384,"column":4},"meta":{}},{"ancestorTitles":["FileImportService","listFileImports","server-side filters"],"fullName":"FileImportService listFileImports server-side filters status filter LOAD+PRE-SETTLED → WHERE includes { in: [\"LOAD\",\"PRE-SETTLED\"] } (REQ-6)","status":"passed","title":"status filter LOAD+PRE-SETTLED → WHERE includes { in: [\"LOAD\",\"PRE-SETTLED\"] } (REQ-6)","duration":0.12387499999749707,"failureMessages":[],"location":{"line":400,"column":4},"meta":{}},{"ancestorTitles":["FileImportService","listFileImports","server-side filters"],"fullName":"FileImportService listFileImports server-side filters status ALL → WHERE includes default status filter","status":"passed","title":"status ALL → WHERE includes default status filter","duration":0.12116600000081235,"failureMessages":[],"location":{"line":421,"column":4},"meta":{}},{"ancestorTitles":["FileImportService","listFileImports","server-side filters"],"fullName":"FileImportService listFileImports server-side filters search → WHERE includes nameFile contains insensitive","status":"passed","title":"search → WHERE includes nameFile contains insensitive","duration":0.12970899999709218,"failureMessages":[],"location":{"line":437,"column":4},"meta":{}},{"ancestorTitles":["FileImportService","listFileImports","server-side filters"],"fullName":"FileImportService listFileImports server-side filters no filters → WHERE has { idUser } and default status filter","status":"passed","title":"no filters → WHERE has { idUser } and default status filter","duration":0.11949999999706051,"failureMessages":[],"location":{"line":458,"column":4},"meta":{}},{"ancestorTitles":["FileImportService","listFileImports","server-side filters"],"fullName":"FileImportService listFileImports server-side filters admin + all filters → WHERE does NOT include idUser","status":"passed","title":"admin + all filters → WHERE does NOT include idUser","duration":0.2383750000008149,"failureMessages":[],"location":{"line":473,"column":4},"meta":{}}],"startTime":1778639179001,"endTime":1778639179008.2383,"status":"passed","message":"","name":"/Users/andres/Documents/financieramente/financieramente-app/src/features/load-file/__tests__/file-import.service.test.ts"},{"assertionResults":[{"ancestorTitles":["generateSyncFileName","All 12 months produce correct Spanish uppercase names"],"fullName":"generateSyncFileName All 12 months produce correct Spanish uppercase names month 1 → ENERO","status":"passed","title":"month 1 → ENERO","duration":0.7775000000001455,"failureMessages":[],"location":{"line":6,"column":3},"meta":{}},{"ancestorTitles":["generateSyncFileName","All 12 months produce correct Spanish uppercase names"],"fullName":"generateSyncFileName All 12 months produce correct Spanish uppercase names month 2 → FEBRERO","status":"passed","title":"month 2 → FEBRERO","duration":0.12395800000012969,"failureMessages":[],"location":{"line":12,"column":3},"meta":{}},{"ancestorTitles":["generateSyncFileName","All 12 months produce correct Spanish uppercase names"],"fullName":"generateSyncFileName All 12 months produce correct Spanish uppercase names month 3 → MARZO","status":"passed","title":"month 3 → MARZO","duration":0.07883399999991525,"failureMessages":[],"location":{"line":18,"column":3},"meta":{}},{"ancestorTitles":["generateSyncFileName","All 12 months produce correct Spanish uppercase names"],"fullName":"generateSyncFileName All 12 months produce correct Spanish uppercase names month 4 → ABRIL","status":"passed","title":"month 4 → ABRIL","duration":0.07270900000003166,"failureMessages":[],"location":{"line":24,"column":3},"meta":{}},{"ancestorTitles":["generateSyncFileName","All 12 months produce correct Spanish uppercase names"],"fullName":"generateSyncFileName All 12 months produce correct Spanish uppercase names month 5 → MAYO","status":"passed","title":"month 5 → MAYO","duration":0.07179100000212202,"failureMessages":[],"location":{"line":30,"column":3},"meta":{}},{"ancestorTitles":["generateSyncFileName","All 12 months produce correct Spanish uppercase names"],"fullName":"generateSyncFileName All 12 months produce correct Spanish uppercase names month 6 → JUNIO","status":"passed","title":"month 6 → JUNIO","duration":0.06725000000005821,"failureMessages":[],"location":{"line":36,"column":3},"meta":{}},{"ancestorTitles":["generateSyncFileName","All 12 months produce correct Spanish uppercase names"],"fullName":"generateSyncFileName All 12 months produce correct Spanish uppercase names month 7 → JULIO","status":"passed","title":"month 7 → JULIO","duration":0.056416999999783,"failureMessages":[],"location":{"line":42,"column":3},"meta":{}},{"ancestorTitles":["generateSyncFileName","All 12 months produce correct Spanish uppercase names"],"fullName":"generateSyncFileName All 12 months produce correct Spanish uppercase names month 8 → AGOSTO","status":"passed","title":"month 8 → AGOSTO","duration":0.05062499999985448,"failureMessages":[],"location":{"line":48,"column":3},"meta":{}},{"ancestorTitles":["generateSyncFileName","All 12 months produce correct Spanish uppercase names"],"fullName":"generateSyncFileName All 12 months produce correct Spanish uppercase names month 9 → SEPTIEMBRE","status":"passed","title":"month 9 → SEPTIEMBRE","duration":0.06329199999890989,"failureMessages":[],"location":{"line":54,"column":3},"meta":{}},{"ancestorTitles":["generateSyncFileName","All 12 months produce correct Spanish uppercase names"],"fullName":"generateSyncFileName All 12 months produce correct Spanish uppercase names month 10 → OCTUBRE","status":"passed","title":"month 10 → OCTUBRE","duration":0.07908300000053714,"failureMessages":[],"location":{"line":60,"column":3},"meta":{}},{"ancestorTitles":["generateSyncFileName","All 12 months produce correct Spanish uppercase names"],"fullName":"generateSyncFileName All 12 months produce correct Spanish uppercase names month 11 → NOVIEMBRE","status":"passed","title":"month 11 → NOVIEMBRE","duration":0.05745799999931478,"failureMessages":[],"location":{"line":66,"column":3},"meta":{}},{"ancestorTitles":["generateSyncFileName","All 12 months produce correct Spanish uppercase names"],"fullName":"generateSyncFileName All 12 months produce correct Spanish uppercase names month 12 → DICIEMBRE","status":"passed","title":"month 12 → DICIEMBRE","duration":0.04883300000074087,"failureMessages":[],"location":{"line":72,"column":3},"meta":{}},{"ancestorTitles":["generateSyncFileName","Spec scenarios"],"fullName":"generateSyncFileName Spec scenarios generateSyncFileName(\"POLIZA\", 2, 2026) → \"SINCRONIZACION-POLIZA-FEBRERO-2026\"","status":"passed","title":"generateSyncFileName(\"POLIZA\", 2, 2026) → \"SINCRONIZACION-POLIZA-FEBRERO-2026\"","duration":0.05849999999918509,"failureMessages":[],"location":{"line":80,"column":3},"meta":{}},{"ancestorTitles":["generateSyncFileName","Spec scenarios"],"fullName":"generateSyncFileName Spec scenarios generateSyncFileName(\"VOLUNTARIA\", 12, 2025) → \"SINCRONIZACION-VOLUNTARIA-DICIEMBRE-2025\"","status":"passed","title":"generateSyncFileName(\"VOLUNTARIA\", 12, 2025) → \"SINCRONIZACION-VOLUNTARIA-DICIEMBRE-2025\"","duration":0.04824999999982538,"failureMessages":[],"location":{"line":86,"column":3},"meta":{}},{"ancestorTitles":["generateSyncFileName","fileType is uppercased"],"fullName":"generateSyncFileName fileType is uppercased lowercased fileType is converted to uppercase","status":"passed","title":"lowercased fileType is converted to uppercase","duration":0.04891700000007404,"failureMessages":[],"location":{"line":94,"column":3},"meta":{}},{"ancestorTitles":["generateSyncFileName","fileType is uppercased"],"fullName":"generateSyncFileName fileType is uppercased mixed-case fileType is converted to uppercase","status":"passed","title":"mixed-case fileType is converted to uppercase","duration":0.046375000001717126,"failureMessages":[],"location":{"line":100,"column":3},"meta":{}},{"ancestorTitles":["generateSyncFileName","Invalid month throws error"],"fullName":"generateSyncFileName Invalid month throws error month 0 throws Error with message \"Invalid month: 0\"","status":"passed","title":"month 0 throws Error with message \"Invalid month: 0\"","duration":0.4283340000001772,"failureMessages":[],"location":{"line":108,"column":3},"meta":{}},{"ancestorTitles":["generateSyncFileName","Invalid month throws error"],"fullName":"generateSyncFileName Invalid month throws error month 13 throws Error with message \"Invalid month: 13\"","status":"passed","title":"month 13 throws Error with message \"Invalid month: 13\"","duration":0.10529200000019046,"failureMessages":[],"location":{"line":114,"column":3},"meta":{}},{"ancestorTitles":["generateSyncFileName","Invalid month throws error"],"fullName":"generateSyncFileName Invalid month throws error negative month throws error","status":"passed","title":"negative month throws error","duration":0.10791700000117999,"failureMessages":[],"location":{"line":120,"column":3},"meta":{}},{"ancestorTitles":["generateSyncFileName","Year is included correctly"],"fullName":"generateSyncFileName Year is included correctly year 2025 is reflected in the output","status":"passed","title":"year 2025 is reflected in the output","duration":0.055041999999957625,"failureMessages":[],"location":{"line":128,"column":3},"meta":{}},{"ancestorTitles":["generateSyncFileName","Year is included correctly"],"fullName":"generateSyncFileName Year is included correctly year 2030 is reflected in the output","status":"passed","title":"year 2030 is reflected in the output","duration":0.051332999999431195,"failureMessages":[],"location":{"line":134,"column":3},"meta":{}}],"startTime":1778639181285,"endTime":1778639181288.108,"status":"passed","message":"","name":"/Users/andres/Documents/financieramente/financieramente-app/src/features/load-file/__tests__/file-naming.test.ts"},{"assertionResults":[{"ancestorTitles":["FileStatusBadge"],"fullName":"FileStatusBadge renders distinct label and classes for LOAD vs PRE-SETTLED (REQ-7)","status":"passed","title":"renders distinct label and classes for LOAD vs PRE-SETTLED (REQ-7)","duration":18.419207999999344,"failureMessages":[],"location":{"line":19,"column":2},"meta":{}},{"ancestorTitles":["FileStatusBadge"],"fullName":"FileStatusBadge renders expected label for every FileImportStatus","status":"passed","title":"renders expected label for every FileImportStatus","duration":7.852082999997947,"failureMessages":[],"location":{"line":31,"column":2},"meta":{}},{"ancestorTitles":["FileStatusBadge"],"fullName":"FileStatusBadge does not reuse the same label for LOAD and PRE-SETTLED","status":"passed","title":"does not reuse the same label for LOAD and PRE-SETTLED","duration":1.954250000002503,"failureMessages":[],"location":{"line":48,"column":2},"meta":{}}],"startTime":1778639173380,"endTime":1778639173407.9543,"status":"passed","message":"","name":"/Users/andres/Documents/financieramente/financieramente-app/src/features/load-file/__tests__/file-status-badge.test.tsx"},{"assertionResults":[{"ancestorTitles":["loadFileApi.getImportHistory — status query (REQ-6)"],"fullName":"loadFileApi.getImportHistory — status query (REQ-6) sets status=LOAD,PRE-SETTLED when filters.statuses is multi-value","status":"passed","title":"sets status=LOAD,PRE-SETTLED when filters.statuses is multi-value","duration":1.9518330000028072,"failureMessages":[],"location":{"line":31,"column":2},"meta":{}},{"ancestorTitles":["loadFileApi.getImportHistory — status query (REQ-6)"],"fullName":"loadFileApi.getImportHistory — status query (REQ-6) returns a clear error when the server returns HTML instead of JSON","status":"passed","title":"returns a clear error when the server returns HTML instead of JSON","duration":0.3329589999993914,"failureMessages":[],"location":{"line":42,"column":2},"meta":{}}],"startTime":1778639174642,"endTime":1778639174644.333,"status":"passed","message":"","name":"/Users/andres/Documents/financieramente/financieramente-app/src/features/load-file/__tests__/load-file-api.get-import-history.test.ts"},{"assertionResults":[{"ancestorTitles":["getDefaultPeriod","returns the current month and year"],"fullName":"getDefaultPeriod returns the current month and year January → returns { month: 1, year: currentYear }","status":"passed","title":"January → returns { month: 1, year: currentYear }","duration":0.8577079999995476,"failureMessages":[],"location":{"line":6,"column":3},"meta":{}},{"ancestorTitles":["getDefaultPeriod","returns the current month and year"],"fullName":"getDefaultPeriod returns the current month and year February → returns { month: 2, year: currentYear }","status":"passed","title":"February → returns { month: 2, year: currentYear }","duration":0.12083300000085728,"failureMessages":[],"location":{"line":11,"column":3},"meta":{}},{"ancestorTitles":["getDefaultPeriod","returns the current month and year"],"fullName":"getDefaultPeriod returns the current month and year June → returns { month: 6, year: currentYear }","status":"passed","title":"June → returns { month: 6, year: currentYear }","duration":0.0977920000004815,"failureMessages":[],"location":{"line":16,"column":3},"meta":{}},{"ancestorTitles":["getDefaultPeriod","returns the current month and year"],"fullName":"getDefaultPeriod returns the current month and year December → returns { month: 12, year: currentYear }","status":"passed","title":"December → returns { month: 12, year: currentYear }","duration":0.09304199999678531,"failureMessages":[],"location":{"line":21,"column":3},"meta":{}},{"ancestorTitles":["getDefaultPeriod","returns the current month and year"],"fullName":"getDefaultPeriod returns the current month and year any month returns month = currentMonth (1-based)","status":"passed","title":"any month returns month = currentMonth (1-based)","duration":0.49641699999847333,"failureMessages":[],"location":{"line":26,"column":3},"meta":{}},{"ancestorTitles":["getDefaultPeriod","defaults to current Date when no argument is provided"],"fullName":"getDefaultPeriod defaults to current Date when no argument is provided returns an object with month and year when called with no args","status":"passed","title":"returns an object with month and year when called with no args","duration":0.24458299999969313,"failureMessages":[],"location":{"line":38,"column":3},"meta":{}}],"startTime":1778639181617,"endTime":1778639181619.2446,"status":"passed","message":"","name":"/Users/andres/Documents/financieramente/financieramente-app/src/features/load-file/__tests__/period-utils.test.ts"},{"assertionResults":[{"ancestorTitles":["processBatchService","Guard Clauses"],"fullName":"processBatchService Guard Clauses throws when records array is empty","status":"passed","title":"throws when records array is empty","duration":1.5048749999987194,"failureMessages":[],"location":{"line":68,"column":3},"meta":{}},{"ancestorTitles":["processBatchService","Guard Clauses"],"fullName":"processBatchService Guard Clauses throws when fileType is invalid","status":"passed","title":"throws when fileType is invalid","duration":0.20687499999985448,"failureMessages":[],"location":{"line":82,"column":3},"meta":{}},{"ancestorTitles":["processBatchService","Guard Clauses"],"fullName":"processBatchService Guard Clauses throws when fileImport is not found or not authorized","status":"passed","title":"throws when fileImport is not found or not authorized","duration":0.2489580000001297,"failureMessages":[],"location":{"line":96,"column":3},"meta":{}},{"ancestorTitles":["processBatchService","Guard Clauses"],"fullName":"processBatchService Guard Clauses uses default discountPercentage and clawbackPercentage when no ACTIVE CommissionDiscount exists","status":"passed","title":"uses default discountPercentage and clawbackPercentage when no ACTIVE CommissionDiscount exists","duration":1.8380409999990661,"failureMessages":[],"location":{"line":112,"column":3},"meta":{}},{"ancestorTitles":["processBatchService","Guard Clauses"],"fullName":"processBatchService Guard Clauses uses default clawbackPercentage when no CLAWBACK discount is active","status":"passed","title":"uses default clawbackPercentage when no CLAWBACK discount is active","duration":0.35216700000091805,"failureMessages":[],"location":{"line":148,"column":3},"meta":{}},{"ancestorTitles":["processBatchService","Poliza Scenarios"],"fullName":"processBatchService Poliza Scenarios 4.3 should create LAG record and increment noSincronizado when business not found","status":"passed","title":"4.3 should create LAG record and increment noSincronizado when business not found","duration":0.3666659999980766,"failureMessages":[],"location":{"line":208,"column":3},"meta":{}},{"ancestorTitles":["processBatchService","Poliza Scenarios"],"fullName":"processBatchService Poliza Scenarios 4.3 should update prior LAG to SYNCHRONIZED when recovering lag","status":"passed","title":"4.3 should update prior LAG to SYNCHRONIZED when recovering lag","duration":0.5493750000023283,"failureMessages":[],"location":{"line":224,"column":3},"meta":{}},{"ancestorTitles":["processBatchService","Poliza Scenarios"],"fullName":"processBatchService Poliza Scenarios 4.4 should identify FRONT19 as origin CARTERA","status":"passed","title":"4.4 should identify FRONT19 as origin CARTERA","duration":0.27108399999997346,"failureMessages":[],"location":{"line":260,"column":3},"meta":{}},{"ancestorTitles":["processBatchService","Poliza Scenarios"],"fullName":"processBatchService Poliza Scenarios 4.4 should identify CLAW overrides","status":"passed","title":"4.4 should identify CLAW overrides","duration":0.22733399999924586,"failureMessages":[],"location":{"line":289,"column":3},"meta":{}},{"ancestorTitles":["processBatchService","Poliza Scenarios"],"fullName":"processBatchService Poliza Scenarios 4.4 should force discountPercentage=0 and clawbackPercentage=0 for CLAW plans","status":"passed","title":"4.4 should force discountPercentage=0 and clawbackPercentage=0 for CLAW plans","duration":0.22433299999829615,"failureMessages":[],"location":{"line":314,"column":3},"meta":{}},{"ancestorTitles":["processBatchService","Poliza Scenarios"],"fullName":"processBatchService Poliza Scenarios 6.2 Poliza FRONT19 (no CLAW) persists clawbackPercentage from CommissionDiscount","status":"passed","title":"6.2 Poliza FRONT19 (no CLAW) persists clawbackPercentage from CommissionDiscount","duration":0.2261660000003758,"failureMessages":[],"location":{"line":340,"column":3},"meta":{}},{"ancestorTitles":["processBatchService","Poliza Scenarios"],"fullName":"processBatchService Poliza Scenarios 4.4 should use global config discountPercentage for regular plans","status":"passed","title":"4.4 should use global config discountPercentage for regular plans","duration":0.19737500000337604,"failureMessages":[],"location":{"line":371,"column":3},"meta":{}},{"ancestorTitles":["processBatchService","Poliza Scenarios"],"fullName":"processBatchService Poliza Scenarios 4.5 should log FileImportError and increment error for invalid Poliza row format","status":"passed","title":"4.5 should log FileImportError and increment error for invalid Poliza row format","duration":0.30133399999976973,"failureMessages":[],"location":{"line":397,"column":3},"meta":{}},{"ancestorTitles":["processBatchService","Voluntaria Scenarios"],"fullName":"processBatchService Voluntaria Scenarios 4.1 should detect duplicate commission and save in FileImportError","status":"passed","title":"4.1 should detect duplicate commission and save in FileImportError","duration":1.1527080000014394,"failureMessages":[],"location":{"line":446,"column":3},"meta":{}},{"ancestorTitles":["processBatchService","Voluntaria Scenarios"],"fullName":"processBatchService Voluntaria Scenarios 4.2 should create LAG when business found but date outside range","status":"passed","title":"4.2 should create LAG when business found but date outside range","duration":0.9455829999969865,"failureMessages":[],"location":{"line":472,"column":3},"meta":{}},{"ancestorTitles":["processBatchService","Voluntaria Scenarios"],"fullName":"processBatchService Voluntaria Scenarios 4.1 should create LAG and increment noSincronizado when business not found","status":"passed","title":"4.1 should create LAG and increment noSincronizado when business not found","duration":0.3011659999974654,"failureMessages":[],"location":{"line":497,"column":3},"meta":{}},{"ancestorTitles":["processBatchService","Voluntaria Scenarios"],"fullName":"processBatchService Voluntaria Scenarios 4.2 should create SYNCHRONIZED when 0 prior commissions and date within range","status":"passed","title":"4.2 should create SYNCHRONIZED when 0 prior commissions and date within range","duration":0.26912499999889405,"failureMessages":[],"location":{"line":518,"column":3},"meta":{}},{"ancestorTitles":["processBatchService","Voluntaria Scenarios"],"fullName":"processBatchService Voluntaria Scenarios 4.2 should update prior LAG to SYNCHRONIZED and create new SYNC on LAG recovery","status":"passed","title":"4.2 should update prior LAG to SYNCHRONIZED and create new SYNC on LAG recovery","duration":0.3399169999975129,"failureMessages":[],"location":{"line":542,"column":3},"meta":{}},{"ancestorTitles":["processBatchService","Voluntaria Scenarios"],"fullName":"processBatchService Voluntaria Scenarios 4.2 should set lagDate on prior LAG when recovering for Voluntaria","status":"passed","title":"4.2 should set lagDate on prior LAG when recovering for Voluntaria","duration":2.0985409999993863,"failureMessages":[],"location":{"line":585,"column":3},"meta":{}},{"ancestorTitles":["processBatchService","Voluntaria Scenarios"],"fullName":"processBatchService Voluntaria Scenarios 4.2 should create SYNCHRONIZED when prior commissions exist but none are LAG or duplicate","status":"passed","title":"4.2 should create SYNCHRONIZED when prior commissions exist but none are LAG or duplicate","duration":0.28841600000305334,"failureMessages":[],"location":{"line":608,"column":3},"meta":{}},{"ancestorTitles":["processBatchService","Voluntaria Scenarios"],"fullName":"processBatchService Voluntaria Scenarios 4.1 should save FileImportError and increment error on format validation failure","status":"passed","title":"4.1 should save FileImportError and increment error on format validation failure","duration":0.31599999999889405,"failureMessages":[],"location":{"line":642,"column":3},"meta":{}},{"ancestorTitles":["processBatchService","Phase 6 — Counter Updates & syncDate","6.1a — resolvedErrors causes decrement on errorRecord"],"fullName":"processBatchService Phase 6 — Counter Updates & syncDate 6.1a — resolvedErrors causes decrement on errorRecord when processors return resolvedErrors:3, fileImport.update is called with decrement of 3","status":"passed","title":"when processors return resolvedErrors:3, fileImport.update is called with decrement of 3","duration":0.4593329999988782,"failureMessages":[],"location":{"line":711,"column":4},"meta":{}},{"ancestorTitles":["processBatchService","Phase 6 — Counter Updates & syncDate","6.1b — mixed batch: new errors + resolved errors produce correct net errorRecord"],"fullName":"processBatchService Phase 6 — Counter Updates & syncDate 6.1b — mixed batch: new errors + resolved errors produce correct net errorRecord 2 new errors and 4 resolved errors → net errorRecord decrement of 2","status":"passed","title":"2 new errors and 4 resolved errors → net errorRecord decrement of 2","duration":0.34875000000101863,"failureMessages":[],"location":{"line":730,"column":4},"meta":{}},{"ancestorTitles":["processBatchService","Phase 6 — Counter Updates & syncDate","6.1b — mixed batch: new errors + resolved errors produce correct net errorRecord"],"fullName":"processBatchService Phase 6 — Counter Updates & syncDate 6.1b — mixed batch: new errors + resolved errors produce correct net errorRecord when resolvedErrors:0 and errorBatch:2, errorRecord uses increment of 2","status":"passed","title":"when resolvedErrors:0 and errorBatch:2, errorRecord uses increment of 2","duration":0.16166700000030687,"failureMessages":[],"location":{"line":772,"column":4},"meta":{}},{"ancestorTitles":["processBatchService","Phase 6 — Counter Updates & syncDate","6.1b — mixed batch: new errors + resolved errors produce correct net errorRecord"],"fullName":"processBatchService Phase 6 — Counter Updates & syncDate 6.1b — mixed batch: new errors + resolved errors produce correct net errorRecord when resolvedErrors:1 and errorBatch:1, net=0, errorRecord uses increment:0","status":"passed","title":"when resolvedErrors:1 and errorBatch:1, net=0, errorRecord uses increment:0","duration":0.1611250000023574,"failureMessages":[],"location":{"line":801,"column":4},"meta":{}},{"ancestorTitles":["processBatchService","Phase 6 — Counter Updates & syncDate","6.1c — syncDate is set on SYNCHRONIZED records via Voluntaria createSync"],"fullName":"processBatchService Phase 6 — Counter Updates & syncDate 6.1c — syncDate is set on SYNCHRONIZED records via Voluntaria createSync settlementCommission.create is called with syncDate non-null on SYNCHRONIZED path","status":"passed","title":"settlementCommission.create is called with syncDate non-null on SYNCHRONIZED path","duration":0.2814169999983278,"failureMessages":[],"location":{"line":833,"column":4},"meta":{}},{"ancestorTitles":["processBatchService","Phase 6 — Counter Updates & syncDate","6.1c — syncDate is set on SYNCHRONIZED records via Voluntaria createSync"],"fullName":"processBatchService Phase 6 — Counter Updates & syncDate 6.1c — syncDate is set on SYNCHRONIZED records via Voluntaria createSync settlementCommission.create for Poliza SYNCHRONIZED path includes syncDate","status":"passed","title":"settlementCommission.create for Poliza SYNCHRONIZED path includes syncDate","duration":0.17233300000225427,"failureMessages":[],"location":{"line":853,"column":4},"meta":{}},{"ancestorTitles":["processBatchService","Phase 6 — Counter Updates & syncDate","6.1d — LAG records do NOT have syncDate set"],"fullName":"processBatchService Phase 6 — Counter Updates & syncDate 6.1d — LAG records do NOT have syncDate set Voluntaria: LAG record (business not found) does not include syncDate","status":"passed","title":"Voluntaria: LAG record (business not found) does not include syncDate","duration":0.15300000000206637,"failureMessages":[],"location":{"line":872,"column":4},"meta":{}},{"ancestorTitles":["processBatchService","Phase 6 — Counter Updates & syncDate","6.1d — LAG records do NOT have syncDate set"],"fullName":"processBatchService Phase 6 — Counter Updates & syncDate 6.1d — LAG records do NOT have syncDate set Poliza: LAG record (business not found) does not include syncDate","status":"passed","title":"Poliza: LAG record (business not found) does not include syncDate","duration":0.11300000000119326,"failureMessages":[],"location":{"line":885,"column":4},"meta":{}},{"ancestorTitles":["processBatchService","Phase 6 — Counter Updates & syncDate","6.4 — Integration: re-sync resolves prior errors and decrements errorRecord"],"fullName":"processBatchService Phase 6 — Counter Updates & syncDate 6.4 — Integration: re-sync resolves prior errors and decrements errorRecord when 2 previously-errored contracts now sync, fileImportError.updateMany is called twice with resolved:true","status":"passed","title":"when 2 previously-errored contracts now sync, fileImportError.updateMany is called twice with resolved:true","duration":0.2422500000029686,"failureMessages":[],"location":{"line":899,"column":4},"meta":{}},{"ancestorTitles":["processBatchService","Phase 6 — Counter Updates & syncDate","6.4 — Integration: re-sync resolves prior errors and decrements errorRecord"],"fullName":"processBatchService Phase 6 — Counter Updates & syncDate 6.4 — Integration: re-sync resolves prior errors and decrements errorRecord when 2 contracts sync with count=1 each, errorRecord decrements by 2","status":"passed","title":"when 2 contracts sync with count=1 each, errorRecord decrements by 2","duration":0.1792910000003758,"failureMessages":[],"location":{"line":928,"column":4},"meta":{}},{"ancestorTitles":["processBatchService","Integrity"],"fullName":"processBatchService Integrity 4.6 should never persist status=ERROR in settlementCommission","status":"passed","title":"4.6 should never persist status=ERROR in settlementCommission","duration":0.2074590000011085,"failureMessages":[],"location":{"line":960,"column":3},"meta":{}},{"ancestorTitles":["processBatchService","Integrity"],"fullName":"processBatchService Integrity 4.6 should never call settlementCommission.create with status ERROR when Poliza has format error","status":"passed","title":"4.6 should never call settlementCommission.create with status ERROR when Poliza has format error","duration":0.1321250000000873,"failureMessages":[],"location":{"line":998,"column":3},"meta":{}}],"startTime":1778639175685,"endTime":1778639175700.2075,"status":"passed","message":"","name":"/Users/andres/Documents/financieramente/financieramente-app/src/features/load-file/__tests__/process-batch.service.test.ts"},{"assertionResults":[{"ancestorTitles":["useFileHistory — filter params forwarded to loadFileApi"],"fullName":"useFileHistory — filter params forwarded to loadFileApi forwards statuses [LOAD, PRE-SETTLED] to getImportHistory (REQ-6)","status":"passed","title":"forwards statuses [LOAD, PRE-SETTLED] to getImportHistory (REQ-6)","duration":20.015708999999333,"failureMessages":[],"location":{"line":27,"column":2},"meta":{}},{"ancestorTitles":["useFileHistory — filter params forwarded to loadFileApi"],"fullName":"useFileHistory — filter params forwarded to loadFileApi forwards { month, year, statuses, search } to getImportHistory as filters","status":"passed","title":"forwards { month, year, statuses, search } to getImportHistory as filters","duration":2.1192919999994047,"failureMessages":[],"location":{"line":39,"column":2},"meta":{}},{"ancestorTitles":["useFileHistory — filter params forwarded to loadFileApi"],"fullName":"useFileHistory — filter params forwarded to loadFileApi uses page=1 and pageSize=100 as positional args","status":"passed","title":"uses page=1 and pageSize=100 as positional args","duration":3.417124999999942,"failureMessages":[],"location":{"line":58,"column":2},"meta":{}},{"ancestorTitles":["useFileHistory — filter params forwarded to loadFileApi"],"fullName":"useFileHistory — filter params forwarded to loadFileApi re-renders with different params trigger a new getImportHistory call","status":"passed","title":"re-renders with different params trigger a new getImportHistory call","duration":5.877291000000696,"failureMessages":[],"location":{"line":70,"column":2},"meta":{}},{"ancestorTitles":["useFileHistory — filter params forwarded to loadFileApi"],"fullName":"useFileHistory — filter params forwarded to loadFileApi calls getImportHistory with empty filters object when no params passed","status":"passed","title":"calls getImportHistory with empty filters object when no params passed","duration":1.5846669999991718,"failureMessages":[],"location":{"line":97,"column":2},"meta":{}}],"startTime":1778639173826,"endTime":1778639173858.5847,"status":"passed","message":"","name":"/Users/andres/Documents/financieramente/financieramente-app/src/features/load-file/__tests__/use-file-history.params.test.ts"},{"assertionResults":[{"ancestorTitles":["useFileHistory — AsyncState lifecycle"],"fullName":"useFileHistory — AsyncState lifecycle initial state is idle before fetch resolves","status":"passed","title":"initial state is idle before fetch resolves","duration":8.48620800000026,"failureMessages":[],"location":{"line":49,"column":2},"meta":{}},{"ancestorTitles":["useFileHistory — AsyncState lifecycle"],"fullName":"useFileHistory — AsyncState lifecycle transitions to loading when fetchHistorial is called","status":"passed","title":"transitions to loading when fetchHistorial is called","duration":3.3800830000000133,"failureMessages":[],"location":{"line":62,"column":2},"meta":{}},{"ancestorTitles":["useFileHistory — AsyncState lifecycle"],"fullName":"useFileHistory — AsyncState lifecycle resolves to success with data when getImportHistory resolves","status":"passed","title":"resolves to success with data when getImportHistory resolves","duration":54.260041999999885,"failureMessages":[],"location":{"line":82,"column":2},"meta":{}},{"ancestorTitles":["useFileHistory — AsyncState lifecycle"],"fullName":"useFileHistory — AsyncState lifecycle maps fileType and idFileImport from API response to CargaHistorial","status":"passed","title":"maps fileType and idFileImport from API response to CargaHistorial","duration":54.257834,"failureMessages":[],"location":{"line":100,"column":2},"meta":{}},{"ancestorTitles":["useFileHistory — AsyncState lifecycle"],"fullName":"useFileHistory — AsyncState lifecycle resolves to error with message when getImportHistory rejects","status":"passed","title":"resolves to error with message when getImportHistory rejects","duration":54.64495799999895,"failureMessages":[],"location":{"line":119,"column":2},"meta":{}},{"ancestorTitles":["useFileHistory — AsyncState lifecycle"],"fullName":"useFileHistory — AsyncState lifecycle resolves to error when response contains error field","status":"passed","title":"resolves to error when response contains error field","duration":53.956208000001425,"failureMessages":[],"location":{"line":134,"column":2},"meta":{}},{"ancestorTitles":["useFileHistory — AsyncState lifecycle"],"fullName":"useFileHistory — AsyncState lifecycle derived value historial is [] when state is not success","status":"passed","title":"derived value historial is [] when state is not success","duration":53.764124999999694,"failureMessages":[],"location":{"line":147,"column":2},"meta":{}},{"ancestorTitles":["useFileHistory — AsyncState lifecycle"],"fullName":"useFileHistory — AsyncState lifecycle derived value isLoading is false when state is success","status":"passed","title":"derived value isLoading is false when state is success","duration":52.63354100000106,"failureMessages":[],"location":{"line":157,"column":2},"meta":{}}],"startTime":1778639163071,"endTime":1778639163406.6335,"status":"passed","message":"","name":"/Users/andres/Documents/financieramente/financieramente-app/src/features/load-file/__tests__/use-file-history.test.ts"},{"assertionResults":[{"ancestorTitles":["BUSINESS_STATUS single source of truth"],"fullName":"BUSINESS_STATUS single source of truth re-export from business-status.types is the same object as business-entity.types","status":"passed","title":"re-export from business-status.types is the same object as business-entity.types","duration":0.6075000000018917,"failureMessages":[],"location":{"line":9,"column":2},"meta":{}}],"startTime":1778639186825,"endTime":1778639186825.6074,"status":"passed","message":"","name":"/Users/andres/Documents/financieramente/financieramente-app/src/features/negocios/__tests__/business-status-ssot.test.ts"},{"assertionResults":[{"ancestorTitles":["ModalDetalleDistribucion"],"fullName":"ModalDetalleDistribucion renders loading skeleton when hook returns isLoading=true","status":"passed","title":"renders loading skeleton when hook returns isLoading=true","duration":67.35241699999824,"failureMessages":[],"location":{"line":47,"column":2},"meta":{}},{"ancestorTitles":["ModalDetalleDistribucion"],"fullName":"ModalDetalleDistribucion renders error message when hook returns an error","status":"passed","title":"renders error message when hook returns an error","duration":10.890708999999333,"failureMessages":[],"location":{"line":65,"column":2},"meta":{}},{"ancestorTitles":["ModalDetalleDistribucion"],"fullName":"ModalDetalleDistribucion renders empty-state message when distribuciones is empty","status":"passed","title":"renders empty-state message when distribuciones is empty","duration":14.265583000000333,"failureMessages":[],"location":{"line":83,"column":2},"meta":{}},{"ancestorTitles":["ModalDetalleDistribucion"],"fullName":"ModalDetalleDistribucion renders header fields when distribucion data is present","status":"passed","title":"renders header fields when distribucion data is present","duration":19.107333999996627,"failureMessages":[],"location":{"line":105,"column":2},"meta":{}},{"ancestorTitles":["ModalDetalleDistribucion"],"fullName":"ModalDetalleDistribucion renders distribution rows in table when distribuciones has entries","status":"passed","title":"renders distribution rows in table when distribuciones has entries","duration":28.29108300000007,"failureMessages":[],"location":{"line":126,"column":2},"meta":{}},{"ancestorTitles":["ModalDetalleDistribucion"],"fullName":"ModalDetalleDistribucion renders clawback value for rows that have clawback","status":"passed","title":"renders clawback value for rows that have clawback","duration":15.46466700000019,"failureMessages":[],"location":{"line":179,"column":2},"meta":{}},{"ancestorTitles":["ModalDetalleDistribucion"],"fullName":"ModalDetalleDistribucion calls onClose when the modal triggers onOpenChange with false","status":"passed","title":"calls onClose when the modal triggers onOpenChange with false","duration":5.683833000002778,"failureMessages":[],"location":{"line":215,"column":2},"meta":{}},{"ancestorTitles":["ModalDetalleDistribucion"],"fullName":"ModalDetalleDistribucion passes null id to hook when open=false (lazy fetch guard)","status":"passed","title":"passes null id to hook when open=false (lazy fetch guard)","duration":1.4628750000010768,"failureMessages":[],"location":{"line":234,"column":2},"meta":{}},{"ancestorTitles":["ModalDetalleDistribucion"],"fullName":"ModalDetalleDistribucion passes correct id to hook when open=true","status":"passed","title":"passes correct id to hook when open=true","duration":6.459500000000844,"failureMessages":[],"location":{"line":249,"column":2},"meta":{}}],"startTime":1778639170959,"endTime":1778639171127.4595,"status":"passed","message":"","name":"/Users/andres/Documents/financieramente/financieramente-app/src/features/pre-liquidacion/__tests__/ModalDetalleDistribucion.test.tsx"},{"assertionResults":[{"ancestorTitles":["RegistrosLiquidacionTable — \"Detalle de Distribución\" button"],"fullName":"RegistrosLiquidacionTable — \"Detalle de Distribución\" button renders a \"Detalle de Distribución\" button for each row","status":"passed","title":"renders a \"Detalle de Distribución\" button for each row","duration":210.96033399999988,"failureMessages":[],"location":{"line":49,"column":2},"meta":{}},{"ancestorTitles":["RegistrosLiquidacionTable — \"Detalle de Distribución\" button"],"fullName":"RegistrosLiquidacionTable — \"Detalle de Distribución\" button calls onVerDistribucion with the correct idSettlementCommission on click","status":"passed","title":"calls onVerDistribucion with the correct idSettlementCommission on click","duration":73.14329199999975,"failureMessages":[],"location":{"line":59,"column":2},"meta":{}},{"ancestorTitles":["RegistrosLiquidacionTable — \"Detalle de Distribución\" button"],"fullName":"RegistrosLiquidacionTable — \"Detalle de Distribución\" button calls onVerDistribucion only once per click","status":"passed","title":"calls onVerDistribucion only once per click","duration":61.733790999999655,"failureMessages":[],"location":{"line":77,"column":2},"meta":{}},{"ancestorTitles":["RegistrosLiquidacionTable — \"Detalle de Distribución\" button"],"fullName":"RegistrosLiquidacionTable — \"Detalle de Distribución\" button renders no \"Detalle de Distribución\" buttons when registros is empty","status":"passed","title":"renders no \"Detalle de Distribución\" buttons when registros is empty","duration":54.686499999999796,"failureMessages":[],"location":{"line":91,"column":2},"meta":{}},{"ancestorTitles":["RegistrosLiquidacionTable — \"Detalle de Distribución\" button"],"fullName":"RegistrosLiquidacionTable — \"Detalle de Distribución\" button renders the \"Detalle de Distribución\" button text visible in each row","status":"passed","title":"renders the \"Detalle de Distribución\" button text visible in each row","duration":28.29095899999993,"failureMessages":[],"location":{"line":102,"column":2},"meta":{}},{"ancestorTitles":["RegistrosLiquidacionTable — selection and other behaviours"],"fullName":"RegistrosLiquidacionTable — selection and other behaviours renders all registro rows","status":"passed","title":"renders all registro rows","duration":35.624917000000096,"failureMessages":[],"location":{"line":117,"column":2},"meta":{}},{"ancestorTitles":["RegistrosLiquidacionTable — selection and other behaviours"],"fullName":"RegistrosLiquidacionTable — selection and other behaviours calls onSelectionChange with the correct id when toggling a row checkbox","status":"passed","title":"calls onSelectionChange with the correct id when toggling a row checkbox","duration":23.540874999999687,"failureMessages":[],"location":{"line":127,"column":2},"meta":{}},{"ancestorTitles":["RegistrosLiquidacionTable — selection and other behaviours"],"fullName":"RegistrosLiquidacionTable — selection and other behaviours renders \"Ver negocio\" button only when idBusiness is not null","status":"passed","title":"renders \"Ver negocio\" button only when idBusiness is not null","duration":38.80595799999992,"failureMessages":[],"location":{"line":140,"column":2},"meta":{}},{"ancestorTitles":["RegistrosLiquidacionTable — selection and other behaviours"],"fullName":"RegistrosLiquidacionTable — selection and other behaviours calls onVerNegocio with the correct idBusiness on click","status":"passed","title":"calls onVerNegocio with the correct idBusiness on click","duration":48.80845900000077,"failureMessages":[],"location":{"line":155,"column":2},"meta":{}}],"startTime":1778639158075,"endTime":1778639158650.8083,"status":"passed","message":"","name":"/Users/andres/Documents/financieramente/financieramente-app/src/features/pre-liquidacion/__tests__/RegistrosLiquidacionTable.test.tsx"},{"assertionResults":[{"ancestorTitles":["obtenerComisionesPreliquidadas"],"fullName":"obtenerComisionesPreliquidadas returns null when fileImport does not exist","status":"passed","title":"returns null when fileImport does not exist","duration":0.9689169999983278,"failureMessages":[],"location":{"line":63,"column":2},"meta":{}},{"ancestorTitles":["obtenerComisionesPreliquidadas"],"fullName":"obtenerComisionesPreliquidadas calls prisma.settlementCommission.findMany with status PRE-SETTLED and the correct fileId","status":"passed","title":"calls prisma.settlementCommission.findMany with status PRE-SETTLED and the correct fileId","duration":1.3427499999997963,"failureMessages":[],"location":{"line":72,"column":2},"meta":{}},{"ancestorTitles":["obtenerComisionesPreliquidadas"],"fullName":"obtenerComisionesPreliquidadas returns an empty registros array when no PRE-SETTLED records exist for the file","status":"passed","title":"returns an empty registros array when no PRE-SETTLED records exist for the file","duration":0.3325829999994312,"failureMessages":[],"location":{"line":88,"column":2},"meta":{}},{"ancestorTitles":["obtenerComisionesPreliquidadas"],"fullName":"obtenerComisionesPreliquidadas returns exactly the records returned by Prisma when PRE-SETTLED records exist","status":"passed","title":"returns exactly the records returned by Prisma when PRE-SETTLED records exist","duration":0.696750000002794,"failureMessages":[],"location":{"line":99,"column":2},"meta":{}},{"ancestorTitles":["obtenerComisionesPreliquidadas"],"fullName":"obtenerComisionesPreliquidadas maps the archivo fields correctly from fileImport","status":"passed","title":"maps the archivo fields correctly from fileImport","duration":0.42433299999902374,"failureMessages":[],"location":{"line":116,"column":2},"meta":{}},{"ancestorTitles":["obtenerComisionesPreliquidadas"],"fullName":"obtenerComisionesPreliquidadas maps individual registro fields correctly","status":"passed","title":"maps individual registro fields correctly","duration":0.2052079999994021,"failureMessages":[],"location":{"line":132,"column":2},"meta":{}}],"startTime":1778639180018,"endTime":1778639180022.2053,"status":"passed","message":"","name":"/Users/andres/Documents/financieramente/financieramente-app/src/features/pre-liquidacion/__tests__/obtenerComisionesPreliquidadas.test.ts"},{"assertionResults":[{"ancestorTitles":["obtenerResumenPreliquidacionPorUsuario"],"fullName":"obtenerResumenPreliquidacionPorUsuario devuelve array vacío si no hay settlements en el rango","status":"passed","title":"devuelve array vacío si no hay settlements en el rango","duration":1.262125000001106,"failureMessages":[],"location":{"line":23,"column":2},"meta":{}},{"ancestorTitles":["obtenerResumenPreliquidacionPorUsuario"],"fullName":"obtenerResumenPreliquidacionPorUsuario agrupa por usuario y por negocio y devuelve un resumen por usuario","status":"passed","title":"agrupa por usuario y por negocio y devuelve un resumen por usuario","duration":0.9211250000007567,"failureMessages":[],"location":{"line":39,"column":2},"meta":{}}],"startTime":1778639179600,"endTime":1778639179601.9211,"status":"passed","message":"","name":"/Users/andres/Documents/financieramente/financieramente-app/src/features/pre-liquidacion/__tests__/obtenerResumenPreliquidacionPorUsuario.test.ts"},{"assertionResults":[{"ancestorTitles":["pre-liquidacion-schemas","procesarPreLiquidacionSchema"],"fullName":"pre-liquidacion-schemas procesarPreLiquidacionSchema should validate valid data with mes (happy path)","status":"passed","title":"should validate valid data with mes (happy path)","duration":1.3527909999975236,"failureMessages":[],"location":{"line":10,"column":3},"meta":{}},{"ancestorTitles":["pre-liquidacion-schemas","procesarPreLiquidacionSchema"],"fullName":"pre-liquidacion-schemas procesarPreLiquidacionSchema should validate valid data with fechaInicio and fechaFin","status":"passed","title":"should validate valid data with fechaInicio and fechaFin","duration":0.5920420000002196,"failureMessages":[],"location":{"line":24,"column":3},"meta":{}},{"ancestorTitles":["pre-liquidacion-schemas","procesarPreLiquidacionSchema"],"fullName":"pre-liquidacion-schemas procesarPreLiquidacionSchema should reject missing fileImportId","status":"passed","title":"should reject missing fileImportId","duration":0.3845000000001164,"failureMessages":[],"location":{"line":40,"column":3},"meta":{}},{"ancestorTitles":["pre-liquidacion-schemas","procesarPreLiquidacionSchema"],"fullName":"pre-liquidacion-schemas procesarPreLiquidacionSchema should reject fileImportId that is not a number","status":"passed","title":"should reject fileImportId that is not a number","duration":0.12916599999880418,"failureMessages":[],"location":{"line":49,"column":3},"meta":{}},{"ancestorTitles":["pre-liquidacion-schemas","procesarPreLiquidacionSchema"],"fullName":"pre-liquidacion-schemas procesarPreLiquidacionSchema should reject fileImportId that is not an integer","status":"passed","title":"should reject fileImportId that is not an integer","duration":0.2094169999982114,"failureMessages":[],"location":{"line":59,"column":3},"meta":{}},{"ancestorTitles":["pre-liquidacion-schemas","procesarPreLiquidacionSchema"],"fullName":"pre-liquidacion-schemas procesarPreLiquidacionSchema should reject fileImportId that is not positive","status":"passed","title":"should reject fileImportId that is not positive","duration":0.13849999999729334,"failureMessages":[],"location":{"line":72,"column":3},"meta":{}},{"ancestorTitles":["pre-liquidacion-schemas","procesarPreLiquidacionSchema"],"fullName":"pre-liquidacion-schemas procesarPreLiquidacionSchema should reject negative fileImportId","status":"passed","title":"should reject negative fileImportId","duration":0.09291699999812408,"failureMessages":[],"location":{"line":85,"column":3},"meta":{}},{"ancestorTitles":["pre-liquidacion-schemas","procesarPreLiquidacionSchema"],"fullName":"pre-liquidacion-schemas procesarPreLiquidacionSchema should reject mes with invalid format","status":"passed","title":"should reject mes with invalid format","duration":0.11995799999931478,"failureMessages":[],"location":{"line":95,"column":3},"meta":{}},{"ancestorTitles":["pre-liquidacion-schemas","procesarPreLiquidacionSchema"],"fullName":"pre-liquidacion-schemas procesarPreLiquidacionSchema should accept mes format even if month is invalid (format validation only)","status":"passed","title":"should accept mes format even if month is invalid (format validation only)","duration":0.08058400000300026,"failureMessages":[],"location":{"line":108,"column":3},"meta":{}},{"ancestorTitles":["pre-liquidacion-schemas","procesarPreLiquidacionSchema"],"fullName":"pre-liquidacion-schemas procesarPreLiquidacionSchema should accept mes with valid format YYYY-MM","status":"passed","title":"should accept mes with valid format YYYY-MM","duration":0.09391700000196579,"failureMessages":[],"location":{"line":121,"column":3},"meta":{}},{"ancestorTitles":["pre-liquidacion-schemas","procesarPreLiquidacionSchema"],"fullName":"pre-liquidacion-schemas procesarPreLiquidacionSchema should reject when neither mes nor fechaInicio/fechaFin are provided","status":"passed","title":"should reject when neither mes nor fechaInicio/fechaFin are provided","duration":0.14741700000013225,"failureMessages":[],"location":{"line":131,"column":3},"meta":{}},{"ancestorTitles":["pre-liquidacion-schemas","procesarPreLiquidacionSchema"],"fullName":"pre-liquidacion-schemas procesarPreLiquidacionSchema should reject when only fechaInicio is provided without fechaFin","status":"passed","title":"should reject when only fechaInicio is provided without fechaFin","duration":0.09479199999987031,"failureMessages":[],"location":{"line":143,"column":3},"meta":{}},{"ancestorTitles":["pre-liquidacion-schemas","procesarPreLiquidacionSchema"],"fullName":"pre-liquidacion-schemas procesarPreLiquidacionSchema should reject when only fechaFin is provided without fechaInicio","status":"passed","title":"should reject when only fechaFin is provided without fechaInicio","duration":0.10379200000170385,"failureMessages":[],"location":{"line":153,"column":3},"meta":{}},{"ancestorTitles":["pre-liquidacion-schemas","procesarPreLiquidacionSchema"],"fullName":"pre-liquidacion-schemas procesarPreLiquidacionSchema should reject invalid fechaInicio format","status":"passed","title":"should reject invalid fechaInicio format","duration":0.12191700000039418,"failureMessages":[],"location":{"line":163,"column":3},"meta":{}},{"ancestorTitles":["pre-liquidacion-schemas","procesarPreLiquidacionSchema"],"fullName":"pre-liquidacion-schemas procesarPreLiquidacionSchema should reject invalid fechaFin format","status":"passed","title":"should reject invalid fechaFin format","duration":0.09658299999864539,"failureMessages":[],"location":{"line":174,"column":3},"meta":{}},{"ancestorTitles":["pre-liquidacion-schemas","rangoFechasSchema"],"fullName":"pre-liquidacion-schemas rangoFechasSchema should validate valid date range (happy path)","status":"passed","title":"should validate valid date range (happy path)","duration":0.22658400000000256,"failureMessages":[],"location":{"line":187,"column":3},"meta":{}},{"ancestorTitles":["pre-liquidacion-schemas","rangoFechasSchema"],"fullName":"pre-liquidacion-schemas rangoFechasSchema should accept equal dates","status":"passed","title":"should accept equal dates","duration":0.05633299999681185,"failureMessages":[],"location":{"line":201,"column":3},"meta":{}},{"ancestorTitles":["pre-liquidacion-schemas","rangoFechasSchema"],"fullName":"pre-liquidacion-schemas rangoFechasSchema should reject when fechaFin is before fechaInicio","status":"passed","title":"should reject when fechaFin is before fechaInicio","duration":0.08950000000186265,"failureMessages":[],"location":{"line":211,"column":3},"meta":{}},{"ancestorTitles":["pre-liquidacion-schemas","rangoFechasSchema"],"fullName":"pre-liquidacion-schemas rangoFechasSchema should reject missing fechaInicio","status":"passed","title":"should reject missing fechaInicio","duration":0.08774999999877764,"failureMessages":[],"location":{"line":224,"column":3},"meta":{}},{"ancestorTitles":["pre-liquidacion-schemas","rangoFechasSchema"],"fullName":"pre-liquidacion-schemas rangoFechasSchema should reject missing fechaFin","status":"passed","title":"should reject missing fechaFin","duration":0.0731660000019474,"failureMessages":[],"location":{"line":233,"column":3},"meta":{}},{"ancestorTitles":["pre-liquidacion-schemas","rangoFechasSchema"],"fullName":"pre-liquidacion-schemas rangoFechasSchema should reject invalid fechaInicio format","status":"passed","title":"should reject invalid fechaInicio format","duration":0.0764999999992142,"failureMessages":[],"location":{"line":242,"column":3},"meta":{}},{"ancestorTitles":["pre-liquidacion-schemas","rangoFechasSchema"],"fullName":"pre-liquidacion-schemas rangoFechasSchema should reject invalid fechaFin format","status":"passed","title":"should reject invalid fechaFin format","duration":0.07024999999703141,"failureMessages":[],"location":{"line":252,"column":3},"meta":{}},{"ancestorTitles":["pre-liquidacion-schemas","mesSchema"],"fullName":"pre-liquidacion-schemas mesSchema should validate valid mes format (happy path)","status":"passed","title":"should validate valid mes format (happy path)","duration":0.11645799999678275,"failureMessages":[],"location":{"line":264,"column":3},"meta":{}},{"ancestorTitles":["pre-liquidacion-schemas","mesSchema"],"fullName":"pre-liquidacion-schemas mesSchema should reject mes with invalid format","status":"passed","title":"should reject mes with invalid format","duration":0.08791600000040489,"failureMessages":[],"location":{"line":276,"column":3},"meta":{}},{"ancestorTitles":["pre-liquidacion-schemas","mesSchema"],"fullName":"pre-liquidacion-schemas mesSchema should reject mes without dash","status":"passed","title":"should reject mes without dash","duration":0.06020899999930407,"failureMessages":[],"location":{"line":288,"column":3},"meta":{}},{"ancestorTitles":["pre-liquidacion-schemas","mesSchema"],"fullName":"pre-liquidacion-schemas mesSchema should reject mes with extra characters","status":"passed","title":"should reject mes with extra characters","duration":0.061042000001179986,"failureMessages":[],"location":{"line":297,"column":3},"meta":{}},{"ancestorTitles":["pre-liquidacion-schemas","mesSchema"],"fullName":"pre-liquidacion-schemas mesSchema should accept mes with single digit month","status":"passed","title":"should accept mes with single digit month","duration":0.04724999999962165,"failureMessages":[],"location":{"line":306,"column":3},"meta":{}},{"ancestorTitles":["pre-liquidacion-schemas","mesSchema"],"fullName":"pre-liquidacion-schemas mesSchema should accept mes with double digit month","status":"passed","title":"should accept mes with double digit month","duration":0.05462500000066939,"failureMessages":[],"location":{"line":315,"column":3},"meta":{}},{"ancestorTitles":["pre-liquidacion-schemas","mesSchema"],"fullName":"pre-liquidacion-schemas mesSchema should reject empty mes","status":"passed","title":"should reject empty mes","duration":0.06874999999854481,"failureMessages":[],"location":{"line":324,"column":3},"meta":{}},{"ancestorTitles":["pre-liquidacion-schemas","mesSchema"],"fullName":"pre-liquidacion-schemas mesSchema should reject missing mes","status":"passed","title":"should reject missing mes","duration":0.06170899999779067,"failureMessages":[],"location":{"line":333,"column":3},"meta":{}}],"startTime":1778639180533,"endTime":1778639180539.0688,"status":"passed","message":"","name":"/Users/andres/Documents/financieramente/financieramente-app/src/features/pre-liquidacion/__tests__/pre-liquidacion-schemas.test.ts"},{"assertionResults":[{"ancestorTitles":["recalcularComisionesPorCambioOrigen"],"fullName":"recalcularComisionesPorCambioOrigen throws an error when business does not exist","status":"passed","title":"throws an error when business does not exist","duration":1.5054999999993015,"failureMessages":[],"location":{"line":35,"column":2},"meta":{}},{"ancestorTitles":["recalcularComisionesPorCambioOrigen"],"fullName":"recalcularComisionesPorCambioOrigen throws an error when no product configuration exists for the new origin","status":"passed","title":"throws an error when no product configuration exists for the new origin","duration":0.21804100000008475,"failureMessages":[],"location":{"line":43,"column":2},"meta":{}},{"ancestorTitles":["recalcularComisionesPorCambioOrigen"],"fullName":"recalcularComisionesPorCambioOrigen throws an error when no active percentages exist for the new configuration","status":"passed","title":"throws an error when no active percentages exist for the new configuration","duration":0.16833399999813992,"failureMessages":[],"location":{"line":61,"column":2},"meta":{}},{"ancestorTitles":["recalcularComisionesPorCambioOrigen"],"fullName":"recalcularComisionesPorCambioOrigen executes a transaction deleting old distributions and creating new ones for PRE-SETTLED commissions only","status":"passed","title":"executes a transaction deleting old distributions and creating new ones for PRE-SETTLED commissions only","duration":3.2545419999987644,"failureMessages":[],"location":{"line":82,"column":2},"meta":{}}],"startTime":1778639178312,"endTime":1778639178317.2546,"status":"passed","message":"","name":"/Users/andres/Documents/financieramente/financieramente-app/src/features/pre-liquidacion/__tests__/recalcularComisionesPorCambioOrigen.test.ts"},{"assertionResults":[{"ancestorTitles":["sincronizarYCalcularRegistroRezagado"],"fullName":"sincronizarYCalcularRegistroRezagado debería sincronizar exitosamente un registro rezagado","status":"passed","title":"debería sincronizar exitosamente un registro rezagado","duration":2.770667000000685,"failureMessages":[],"location":{"line":34,"column":2},"meta":{}},{"ancestorTitles":["sincronizarYCalcularRegistroRezagado"],"fullName":"sincronizarYCalcularRegistroRezagado debería lanzar error si el registro no está en estado LAG","status":"passed","title":"debería lanzar error si el registro no está en estado LAG","duration":2.9634160000023257,"failureMessages":[],"location":{"line":120,"column":2},"meta":{}}],"startTime":1778639179367,"endTime":1778639179372.9634,"status":"passed","message":"","name":"/Users/andres/Documents/financieramente/financieramente-app/src/features/pre-liquidacion/__tests__/sincronizarYCalcularRegistroRezagado.test.ts"},{"assertionResults":[{"ancestorTitles":["useComisionesPreliquidadas"],"fullName":"useComisionesPreliquidadas initial state has empty registros and null archivo before fetch resolves","status":"passed","title":"initial state has empty registros and null archivo before fetch resolves","duration":9.00025000000096,"failureMessages":[],"location":{"line":40,"column":2},"meta":{}},{"ancestorTitles":["useComisionesPreliquidadas"],"fullName":"useComisionesPreliquidadas transitions to loading state while fetch is in progress","status":"passed","title":"transitions to loading state while fetch is in progress","duration":3.8615000000008877,"failureMessages":[],"location":{"line":49,"column":2},"meta":{}},{"ancestorTitles":["useComisionesPreliquidadas"],"fullName":"useComisionesPreliquidadas fetches from /api/pre-liquidacion/pre-settled/[fileId] with the correct URL","status":"passed","title":"fetches from /api/pre-liquidacion/pre-settled/[fileId] with the correct URL","duration":3.3087500000001455,"failureMessages":[],"location":{"line":67,"column":2},"meta":{}},{"ancestorTitles":["useComisionesPreliquidadas"],"fullName":"useComisionesPreliquidadas transitions from loading to success and returns data in AsyncState format","status":"passed","title":"transitions from loading to success and returns data in AsyncState format","duration":53.39300000000003,"failureMessages":[],"location":{"line":79,"column":2},"meta":{}},{"ancestorTitles":["useComisionesPreliquidadas"],"fullName":"useComisionesPreliquidadas transitions to error state when response is not ok (403)","status":"passed","title":"transitions to error state when response is not ok (403)","duration":53.88695800000096,"failureMessages":[],"location":{"line":114,"column":2},"meta":{}},{"ancestorTitles":["useComisionesPreliquidadas"],"fullName":"useComisionesPreliquidadas transitions to error state when fetch throws (network error)","status":"passed","title":"transitions to error state when fetch throws (network error)","duration":53.81075000000055,"failureMessages":[],"location":{"line":130,"column":2},"meta":{}},{"ancestorTitles":["useComisionesPreliquidadas"],"fullName":"useComisionesPreliquidadas stays idle and returns empty data when fileId is null","status":"passed","title":"stays idle and returns empty data when fileId is null","duration":0.8649999999997817,"failureMessages":[],"location":{"line":143,"column":2},"meta":{}},{"ancestorTitles":["useComisionesPreliquidadas"],"fullName":"useComisionesPreliquidadas stays idle and returns empty data when fileId is 0 or negative","status":"passed","title":"stays idle and returns empty data when fileId is 0 or negative","duration":0.834500000000844,"failureMessages":[],"location":{"line":152,"column":2},"meta":{}}],"startTime":1778639170240,"endTime":1778639170419.8345,"status":"passed","message":"","name":"/Users/andres/Documents/financieramente/financieramente-app/src/features/pre-liquidacion/__tests__/use-comisiones-preliquidadas.test.ts"},{"assertionResults":[{"ancestorTitles":["useDistribucionComision"],"fullName":"useDistribucionComision stays idle and does not fetch when id is null","status":"passed","title":"stays idle and does not fetch when id is null","duration":7.687332999999853,"failureMessages":[],"location":{"line":54,"column":2},"meta":{}},{"ancestorTitles":["useDistribucionComision"],"fullName":"useDistribucionComision stays idle and does not fetch when id is 0 or negative","status":"passed","title":"stays idle and does not fetch when id is 0 or negative","duration":1.1333329999997659,"failureMessages":[],"location":{"line":63,"column":2},"meta":{}},{"ancestorTitles":["useDistribucionComision"],"fullName":"useDistribucionComision transitions to loading state while fetch is in progress","status":"passed","title":"transitions to loading state while fetch is in progress","duration":4.823584000001574,"failureMessages":[],"location":{"line":71,"column":2},"meta":{}},{"ancestorTitles":["useDistribucionComision"],"fullName":"useDistribucionComision fetches from the correct URL","status":"passed","title":"fetches from the correct URL","duration":2.4754590000011376,"failureMessages":[],"location":{"line":91,"column":2},"meta":{}},{"ancestorTitles":["useDistribucionComision"],"fullName":"useDistribucionComision transitions from loading to success and returns distribucion","status":"passed","title":"transitions from loading to success and returns distribucion","duration":53.399499999999534,"failureMessages":[],"location":{"line":105,"column":2},"meta":{}},{"ancestorTitles":["useDistribucionComision"],"fullName":"useDistribucionComision transitions to error state when response is not ok (404)","status":"passed","title":"transitions to error state when response is not ok (404)","duration":53.34529199999997,"failureMessages":[],"location":{"line":124,"column":2},"meta":{}},{"ancestorTitles":["useDistribucionComision"],"fullName":"useDistribucionComision transitions to error state when fetch throws (network error)","status":"passed","title":"transitions to error state when fetch throws (network error)","duration":52.769374999999854,"failureMessages":[],"location":{"line":139,"column":2},"meta":{}},{"ancestorTitles":["useDistribucionComision"],"fullName":"useDistribucionComision exposes a refetch function that re-triggers the fetch","status":"passed","title":"exposes a refetch function that re-triggers the fetch","duration":56.906582999999955,"failureMessages":[],"location":{"line":152,"column":2},"meta":{}}],"startTime":1778639165677,"endTime":1778639165909.9065,"status":"passed","message":"","name":"/Users/andres/Documents/financieramente/financieramente-app/src/features/pre-liquidacion/__tests__/use-distribucion-comision.test.ts"},{"assertionResults":[{"ancestorTitles":["PercentageField"],"fullName":"PercentageField shows empty when value is undefined","status":"passed","title":"shows empty when value is undefined","duration":42.14129200000025,"failureMessages":[],"location":{"line":7,"column":2},"meta":{}},{"ancestorTitles":["PercentageField"],"fullName":"PercentageField normalizes paste and calls onChange","status":"passed","title":"normalizes paste and calls onChange","duration":23.921041999998124,"failureMessages":[],"location":{"line":14,"column":2},"meta":{}},{"ancestorTitles":["PercentageField"],"fullName":"PercentageField commits undefined on blur when cleared","status":"passed","title":"commits undefined on blur when cleared","duration":14.533959000000323,"failureMessages":[],"location":{"line":26,"column":2},"meta":{}},{"ancestorTitles":["PercentageField"],"fullName":"PercentageField keeps digits in the textbox value and hides the % adornment from the a11y tree","status":"passed","title":"keeps digits in the textbox value and hides the % adornment from the a11y tree","duration":4.033666999999696,"failureMessages":[],"location":{"line":36,"column":2},"meta":{}}],"startTime":1778639171116,"endTime":1778639171200.0337,"status":"passed","message":"","name":"/Users/andres/Documents/financieramente/financieramente-app/src/features/shared/ui/percentage-field.test.tsx"},{"assertionResults":[{"ancestorTitles":["NegociosPageClient - orden del listado por fecha de creación"],"fullName":"NegociosPageClient - orden del listado por fecha de creación renderiza el listado con el negocio más reciente primero aunque el hook devuelva primero el más antiguo","status":"failed","title":"renderiza el listado con el negocio más reciente primero aunque el hook devuelva primero el más antiguo","duration":19.80120899999997,"failureMessages":["Error: expect(element).toHaveAttribute(\"data-testid\", \"business-row-SORT-NEW\") // element.getAttribute(\"data-testid\") === \"business-row-SORT-NEW\"\n\nExpected the element to have attribute:\n  data-testid=\"business-row-SORT-NEW\"\nReceived:\n  data-testid=\"business-row-SORT-OLD\"\n    at Proxy.expectWrapper (file:///Users/andres/Documents/financieramente/financieramente-app/node_modules/@vitest/expect/dist/index.js:1745:12)\n    at Proxy.<anonymous> (file:///Users/andres/Documents/financieramente/financieramente-app/node_modules/@vitest/expect/dist/index.js:1029:14)\n    at Proxy.methodWrapper (file:///Users/andres/Documents/financieramente/financieramente-app/node_modules/chai/index.js:1686:25)\n    at /Users/andres/Documents/financieramente/financieramente-app/src/app/dashboard/negocios/__tests__/negocios-page-client.business-list-sort.test.tsx:178:19\n    at file:///Users/andres/Documents/financieramente/financieramente-app/node_modules/@vitest/runner/dist/chunk-hooks.js:752:20"],"location":{"line":167,"column":2},"meta":{}}],"startTime":1778639155377,"endTime":1778639155396.8013,"status":"failed","message":"","name":"/Users/andres/Documents/financieramente/financieramente-app/src/app/dashboard/negocios/__tests__/negocios-page-client.business-list-sort.test.tsx"},{"assertionResults":[{"ancestorTitles":["NegociosPageClient - confirmacion de fondeo"],"fullName":"NegociosPageClient - confirmacion de fondeo muestra confirmacion antes de fondear negocio directo","status":"passed","title":"muestra confirmacion antes de fondear negocio directo","duration":86.94599999999991,"failureMessages":[],"location":{"line":203,"column":2},"meta":{}},{"ancestorTitles":["NegociosPageClient - confirmacion de fondeo"],"fullName":"NegociosPageClient - confirmacion de fondeo no ejecuta fondeo directo cuando el usuario cancela confirmacion","status":"passed","title":"no ejecuta fondeo directo cuando el usuario cancela confirmacion","duration":29.47270799999933,"failureMessages":[],"location":{"line":213,"column":2},"meta":{}},{"ancestorTitles":["NegociosPageClient - confirmacion de fondeo"],"fullName":"NegociosPageClient - confirmacion de fondeo muestra loader y bloquea acciones mientras confirma fondeo directo","status":"passed","title":"muestra loader y bloquea acciones mientras confirma fondeo directo","duration":38.09312500000124,"failureMessages":[],"location":{"line":223,"column":2},"meta":{}},{"ancestorTitles":["NegociosPageClient - confirmacion de fondeo"],"fullName":"NegociosPageClient - confirmacion de fondeo omite confirmacion y abre flujo anual cuando el negocio tiene anualidades","status":"passed","title":"omite confirmacion y abre flujo anual cuando el negocio tiene anualidades","duration":15.834624999999505,"failureMessages":[],"location":{"line":248,"column":2},"meta":{}}],"startTime":1778639166574,"endTime":1778639166744.8347,"status":"passed","message":"","name":"/Users/andres/Documents/financieramente/financieramente-app/src/app/dashboard/negocios/__tests__/negocios-page-client.fondear-confirmation.test.tsx"},{"assertionResults":[{"ancestorTitles":["Category Types API"],"fullName":"Category Types API GET should return category types","status":"passed","title":"GET should return category types","duration":2.0465000000003783,"failureMessages":[],"location":{"line":64,"column":5},"meta":{}},{"ancestorTitles":["Category Types API"],"fullName":"Category Types API POST should create category type","status":"passed","title":"POST should create category type","duration":2.907708000002458,"failureMessages":[],"location":{"line":77,"column":5},"meta":{}}],"startTime":1778639180156,"endTime":1778639180160.9077,"status":"passed","message":"","name":"/Users/andres/Documents/financieramente/financieramente-app/src/app/api/category-types/__tests__/route.test.ts"},{"assertionResults":[{"ancestorTitles":["GET /api/negocios/[id]","Happy Path"],"fullName":"GET /api/negocios/[id] Happy Path debe obtener negocio exitosamente con rol ADMIN","status":"passed","title":"debe obtener negocio exitosamente con rol ADMIN","duration":3.2279169999965234,"failureMessages":[],"location":{"line":150,"column":3},"meta":{}},{"ancestorTitles":["GET /api/negocios/[id]","Happy Path"],"fullName":"GET /api/negocios/[id] Happy Path debe obtener negocio exitosamente con rol AGENTE (solo sus negocios)","status":"passed","title":"debe obtener negocio exitosamente con rol AGENTE (solo sus negocios)","duration":0.6650420000005397,"failureMessages":[],"location":{"line":202,"column":3},"meta":{}},{"ancestorTitles":["GET /api/negocios/[id]","Casos de Autenticación"],"fullName":"GET /api/negocios/[id] Casos de Autenticación debe retornar 401 cuando no hay sesión","status":"passed","title":"debe retornar 401 cuando no hay sesión","duration":0.6737500000017462,"failureMessages":[],"location":{"line":237,"column":3},"meta":{}},{"ancestorTitles":["GET /api/negocios/[id]","Casos de Autenticación"],"fullName":"GET /api/negocios/[id] Casos de Autenticación debe retornar 401 cuando la sesión no tiene email","status":"passed","title":"debe retornar 401 cuando la sesión no tiene email","duration":0.6677500000005239,"failureMessages":[],"location":{"line":253,"column":3},"meta":{}},{"ancestorTitles":["GET /api/negocios/[id]","Casos de Validación de ID"],"fullName":"GET /api/negocios/[id] Casos de Validación de ID debe retornar 400 cuando el ID no es un número válido","status":"passed","title":"debe retornar 400 cuando el ID no es un número válido","duration":0.30320799999753945,"failureMessages":[],"location":{"line":274,"column":3},"meta":{}},{"ancestorTitles":["GET /api/negocios/[id]","Casos de Validación de ID"],"fullName":"GET /api/negocios/[id] Casos de Validación de ID debe retornar 400 cuando el ID es una cadena vacía","status":"passed","title":"debe retornar 400 cuando el ID es una cadena vacía","duration":0.6114999999990687,"failureMessages":[],"location":{"line":295,"column":3},"meta":{}},{"ancestorTitles":["GET /api/negocios/[id]","Casos de Usuario No Encontrado"],"fullName":"GET /api/negocios/[id] Casos de Usuario No Encontrado debe retornar 404 cuando el usuario no existe","status":"passed","title":"debe retornar 404 cuando el usuario no existe","duration":0.3169159999997646,"failureMessages":[],"location":{"line":315,"column":3},"meta":{}},{"ancestorTitles":["GET /api/negocios/[id]","Casos de Negocio No Encontrado"],"fullName":"GET /api/negocios/[id] Casos de Negocio No Encontrado debe retornar 404 cuando el negocio no existe","status":"passed","title":"debe retornar 404 cuando el negocio no existe","duration":0.2887080000000424,"failureMessages":[],"location":{"line":339,"column":3},"meta":{}},{"ancestorTitles":["GET /api/negocios/[id]","Casos de Negocio No Encontrado"],"fullName":"GET /api/negocios/[id] Casos de Negocio No Encontrado debe retornar 404 cuando agente intenta acceder a negocio de otro usuario","status":"passed","title":"debe retornar 404 cuando agente intenta acceder a negocio de otro usuario","duration":0.42683300000135205,"failureMessages":[],"location":{"line":376,"column":3},"meta":{}},{"ancestorTitles":["GET /api/negocios/[id]","Casos de Errores de Base de Datos"],"fullName":"GET /api/negocios/[id] Casos de Errores de Base de Datos debe retornar 500 cuando findFirst falla","status":"passed","title":"debe retornar 500 cuando findFirst falla","duration":1.0088749999995343,"failureMessages":[],"location":{"line":404,"column":3},"meta":{}},{"ancestorTitles":["GET /api/negocios/[id]","Casos de Errores de Base de Datos"],"fullName":"GET /api/negocios/[id] Casos de Errores de Base de Datos debe retornar 500 cuando getCurrentUserByEmail falla","status":"passed","title":"debe retornar 500 cuando getCurrentUserByEmail falla","duration":0.4617500000022119,"failureMessages":[],"location":{"line":441,"column":3},"meta":{}},{"ancestorTitles":["PUT /api/negocios/[id]","Happy Path"],"fullName":"PUT /api/negocios/[id] Happy Path debe actualizar negocio exitosamente agregando contrato y cambiando estado a EMITIDO","status":"passed","title":"debe actualizar negocio exitosamente agregando contrato y cambiando estado a EMITIDO","duration":1.931749999999738,"failureMessages":[],"location":{"line":539,"column":3},"meta":{}},{"ancestorTitles":["PUT /api/negocios/[id]","Happy Path"],"fullName":"PUT /api/negocios/[id] Happy Path debe actualizar negocio exitosamente con rol AGENTE (solo sus negocios)","status":"passed","title":"debe actualizar negocio exitosamente con rol AGENTE (solo sus negocios)","duration":0.4314589999994496,"failureMessages":[],"location":{"line":568,"column":3},"meta":{}},{"ancestorTitles":["PUT /api/negocios/[id]","Happy Path"],"fullName":"PUT /api/negocios/[id] Happy Path debe retornar 400 cuando no se proporciona contract ni idClientOrigin","status":"passed","title":"debe retornar 400 cuando no se proporciona contract ni idClientOrigin","duration":0.259249999999156,"failureMessages":[],"location":{"line":599,"column":3},"meta":{}},{"ancestorTitles":["PUT /api/negocios/[id]","Happy Path"],"fullName":"PUT /api/negocios/[id] Happy Path debe actualizar solo idClientOrigin cuando negocio está EMITIDO","status":"passed","title":"debe actualizar solo idClientOrigin cuando negocio está EMITIDO","duration":0.3799590000016906,"failureMessages":[],"location":{"line":616,"column":3},"meta":{}},{"ancestorTitles":["PUT /api/negocios/[id]","Casos de Autenticación"],"fullName":"PUT /api/negocios/[id] Casos de Autenticación debe retornar 401 cuando no hay sesión","status":"passed","title":"debe retornar 401 cuando no hay sesión","duration":0.19754199999806588,"failureMessages":[],"location":{"line":648,"column":3},"meta":{}},{"ancestorTitles":["PUT /api/negocios/[id]","Casos de Negocio No Encontrado"],"fullName":"PUT /api/negocios/[id] Casos de Negocio No Encontrado debe retornar 404 cuando el negocio no existe","status":"passed","title":"debe retornar 404 cuando el negocio no existe","duration":0.22879199999806588,"failureMessages":[],"location":{"line":657,"column":3},"meta":{}},{"ancestorTitles":["PUT /api/negocios/[id]","Casos de Estado del Negocio"],"fullName":"PUT /api/negocios/[id] Casos de Estado del Negocio debe retornar 400 cuando el negocio no está en estado VENTA_EFECTUADA ni EMITIDO","status":"passed","title":"debe retornar 400 cuando el negocio no está en estado VENTA_EFECTUADA ni EMITIDO","duration":0.22920800000065356,"failureMessages":[],"location":{"line":669,"column":3},"meta":{}},{"ancestorTitles":["PUT /api/negocios/[id]","Casos de Estado del Negocio"],"fullName":"PUT /api/negocios/[id] Casos de Estado del Negocio debe actualizar contrato cuando el negocio está EMITIDO y el usuario es administrador","status":"passed","title":"debe actualizar contrato cuando el negocio está EMITIDO y el usuario es administrador","duration":0.32687499999883585,"failureMessages":[],"location":{"line":682,"column":3},"meta":{}},{"ancestorTitles":["PUT /api/negocios/[id]","Casos de Estado del Negocio"],"fullName":"PUT /api/negocios/[id] Casos de Estado del Negocio debe retornar 403 cuando el negocio está en estado EMITIDO y el usuario es analista de soporte","status":"passed","title":"debe retornar 403 cuando el negocio está en estado EMITIDO y el usuario es analista de soporte","duration":0.2522080000017013,"failureMessages":[],"location":{"line":698,"column":3},"meta":{}},{"ancestorTitles":["PUT /api/negocios/[id]","Casos de Contrato Duplicado"],"fullName":"PUT /api/negocios/[id] Casos de Contrato Duplicado debe retornar 409 cuando el contrato ya está asignado a otro negocio","status":"passed","title":"debe retornar 409 cuando el contrato ya está asignado a otro negocio","duration":0.25483299999905284,"failureMessages":[],"location":{"line":714,"column":3},"meta":{}},{"ancestorTitles":["PUT /api/negocios/[id]","Casos de Errores de Base de Datos"],"fullName":"PUT /api/negocios/[id] Casos de Errores de Base de Datos debe retornar 500 cuando findFirst falla","status":"passed","title":"debe retornar 500 cuando findFirst falla","duration":0.5272920000024897,"failureMessages":[],"location":{"line":729,"column":3},"meta":{}},{"ancestorTitles":["PUT /api/negocios/[id]","Casos de Errores de Base de Datos"],"fullName":"PUT /api/negocios/[id] Casos de Errores de Base de Datos debe retornar 500 cuando update falla","status":"passed","title":"debe retornar 500 cuando update falla","duration":0.39620799999829615,"failureMessages":[],"location":{"line":739,"column":3},"meta":{}},{"ancestorTitles":["PUT /api/negocios/[id]","Verificación de Audit Log"],"fullName":"PUT /api/negocios/[id] Verificación de Audit Log debe registrar el evento de actualización con todos los detalles","status":"passed","title":"debe registrar el evento de actualización con todos los detalles","duration":2.2274579999975685,"failureMessages":[],"location":{"line":755,"column":3},"meta":{}}],"startTime":1778639176064,"endTime":1778639176080.2275,"status":"passed","message":"","name":"/Users/andres/Documents/financieramente/financieramente-app/src/app/api/negocios/__tests__/business-id.route.test.ts"},{"assertionResults":[{"ancestorTitles":["GET /api/negocios","Happy Path"],"fullName":"GET /api/negocios Happy Path debe listar negocios exitosamente con parámetros por defecto","status":"passed","title":"debe listar negocios exitosamente con parámetros por defecto","duration":3.8047500000029686,"failureMessages":[],"location":{"line":85,"column":3},"meta":{}},{"ancestorTitles":["GET /api/negocios","Happy Path"],"fullName":"GET /api/negocios Happy Path aplica desempate por idBusiness cuando createdAt empata","status":"passed","title":"aplica desempate por idBusiness cuando createdAt empata","duration":1.042249999998603,"failureMessages":[],"location":{"line":157,"column":3},"meta":{}},{"ancestorTitles":["GET /api/negocios","Happy Path"],"fullName":"GET /api/negocios Happy Path debe listar negocios con paginación personalizada","status":"passed","title":"debe listar negocios con paginación personalizada","duration":0.8870829999978014,"failureMessages":[],"location":{"line":194,"column":3},"meta":{}},{"ancestorTitles":["GET /api/negocios","Happy Path"],"fullName":"GET /api/negocios Happy Path debe filtrar negocios por estado","status":"passed","title":"debe filtrar negocios por estado","duration":0.8337080000019341,"failureMessages":[],"location":{"line":254,"column":3},"meta":{}},{"ancestorTitles":["GET /api/negocios","Happy Path"],"fullName":"GET /api/negocios Happy Path debe filtrar negocios por estado FONDEADO","status":"passed","title":"debe filtrar negocios por estado FONDEADO","duration":0.7519580000007409,"failureMessages":[],"location":{"line":313,"column":3},"meta":{}},{"ancestorTitles":["GET /api/negocios","Happy Path"],"fullName":"GET /api/negocios Happy Path debe filtrar negocios por rol AGENTE (solo sus negocios)","status":"passed","title":"debe filtrar negocios por rol AGENTE (solo sus negocios)","duration":0.6283330000005662,"failureMessages":[],"location":{"line":372,"column":3},"meta":{}},{"ancestorTitles":["GET /api/negocios","Happy Path"],"fullName":"GET /api/negocios Happy Path debe combinar filtros de rol y estado","status":"passed","title":"debe combinar filtros de rol y estado","duration":0.6078339999985474,"failureMessages":[],"location":{"line":415,"column":3},"meta":{}},{"ancestorTitles":["GET /api/negocios","Búsqueda Unificada"],"fullName":"GET /api/negocios Búsqueda Unificada debe buscar por número de identificación del cliente","status":"passed","title":"debe buscar por número de identificación del cliente","duration":0.8280420000010054,"failureMessages":[],"location":{"line":457,"column":3},"meta":{}},{"ancestorTitles":["GET /api/negocios","Búsqueda Unificada"],"fullName":"GET /api/negocios Búsqueda Unificada debe buscar por nombre del cliente","status":"passed","title":"debe buscar por nombre del cliente","duration":1.921249999999418,"failureMessages":[],"location":{"line":554,"column":3},"meta":{}},{"ancestorTitles":["GET /api/negocios","Búsqueda Unificada"],"fullName":"GET /api/negocios Búsqueda Unificada debe buscar por número de contrato","status":"passed","title":"debe buscar por número de contrato","duration":0.9795000000012806,"failureMessages":[],"location":{"line":624,"column":3},"meta":{}},{"ancestorTitles":["GET /api/negocios","Búsqueda Unificada"],"fullName":"GET /api/negocios Búsqueda Unificada debe buscar por ID del negocio cuando el término es numérico","status":"passed","title":"debe buscar por ID del negocio cuando el término es numérico","duration":1.0542499999974098,"failureMessages":[],"location":{"line":688,"column":3},"meta":{}},{"ancestorTitles":["GET /api/negocios","Búsqueda Unificada"],"fullName":"GET /api/negocios Búsqueda Unificada debe ignorar espacios en blanco en la búsqueda","status":"passed","title":"debe ignorar espacios en blanco en la búsqueda","duration":0.7794580000008864,"failureMessages":[],"location":{"line":743,"column":3},"meta":{}},{"ancestorTitles":["GET /api/negocios","Búsqueda Unificada"],"fullName":"GET /api/negocios Búsqueda Unificada debe combinar búsqueda con filtros de rol y estado","status":"passed","title":"debe combinar búsqueda con filtros de rol y estado","duration":1.168374999997468,"failureMessages":[],"location":{"line":810,"column":3},"meta":{}},{"ancestorTitles":["GET /api/negocios","Casos de Autenticación"],"fullName":"GET /api/negocios Casos de Autenticación debe retornar 401 cuando no hay sesión","status":"passed","title":"debe retornar 401 cuando no hay sesión","duration":0.629917000002024,"failureMessages":[],"location":{"line":859,"column":3},"meta":{}},{"ancestorTitles":["GET /api/negocios","Casos de Autenticación"],"fullName":"GET /api/negocios Casos de Autenticación debe retornar 401 cuando la sesión no tiene email","status":"passed","title":"debe retornar 401 cuando la sesión no tiene email","duration":1.1911250000011933,"failureMessages":[],"location":{"line":874,"column":3},"meta":{}},{"ancestorTitles":["GET /api/negocios","Casos de Validación de Parámetros"],"fullName":"GET /api/negocios Casos de Validación de Parámetros debe retornar 400 cuando los parámetros son inválidos","status":"passed","title":"debe retornar 400 cuando los parámetros son inválidos","duration":0.7514999999984866,"failureMessages":[],"location":{"line":894,"column":3},"meta":{}},{"ancestorTitles":["GET /api/negocios","Casos de Validación de Parámetros"],"fullName":"GET /api/negocios Casos de Validación de Parámetros debe retornar 400 cuando el estado es inválido","status":"passed","title":"debe retornar 400 cuando el estado es inválido","duration":0.4773329999989073,"failureMessages":[],"location":{"line":923,"column":3},"meta":{}},{"ancestorTitles":["GET /api/negocios","Casos de Usuario No Encontrado"],"fullName":"GET /api/negocios Casos de Usuario No Encontrado debe retornar 404 cuando el usuario no existe","status":"passed","title":"debe retornar 404 cuando el usuario no existe","duration":0.37779199999931734,"failureMessages":[],"location":{"line":950,"column":3},"meta":{}},{"ancestorTitles":["GET /api/negocios","Casos de Paginación"],"fullName":"GET /api/negocios Casos de Paginación debe calcular correctamente totalPages cuando hay resto","status":"passed","title":"debe calcular correctamente totalPages cuando hay resto","duration":0.33224999999947613,"failureMessages":[],"location":{"line":982,"column":3},"meta":{}},{"ancestorTitles":["GET /api/negocios","Casos de Paginación"],"fullName":"GET /api/negocios Casos de Paginación debe retornar página vacía cuando no hay resultados","status":"passed","title":"debe retornar página vacía cuando no hay resultados","duration":0.3367919999982405,"failureMessages":[],"location":{"line":1025,"column":3},"meta":{}},{"ancestorTitles":["GET /api/negocios","Casos de Errores de Base de Datos"],"fullName":"GET /api/negocios Casos de Errores de Base de Datos debe retornar 500 cuando count falla","status":"passed","title":"debe retornar 500 cuando count falla","duration":0.8293749999975262,"failureMessages":[],"location":{"line":1076,"column":3},"meta":{}},{"ancestorTitles":["GET /api/negocios","Casos de Errores de Base de Datos"],"fullName":"GET /api/negocios Casos de Errores de Base de Datos debe retornar 500 cuando findMany falla","status":"passed","title":"debe retornar 500 cuando findMany falla","duration":0.631375000000844,"failureMessages":[],"location":{"line":1121,"column":3},"meta":{}},{"ancestorTitles":["GET /api/negocios","Casos de Errores de Base de Datos"],"fullName":"GET /api/negocios Casos de Errores de Base de Datos debe retornar 500 cuando getCurrentUserByEmail falla","status":"passed","title":"debe retornar 500 cuando getCurrentUserByEmail falla","duration":0.5267920000005688,"failureMessages":[],"location":{"line":1167,"column":3},"meta":{}}],"startTime":1778639174965,"endTime":1778639174986.5269,"status":"passed","message":"","name":"/Users/andres/Documents/financieramente/financieramente-app/src/app/api/negocios/__tests__/business-list.route.test.ts"},{"assertionResults":[{"ancestorTitles":["PATCH /api/negocios/[id]/cancel","Happy Path"],"fullName":"PATCH /api/negocios/[id]/cancel Happy Path debe cancelar negocio exitosamente con rol ADMIN","status":"passed","title":"debe cancelar negocio exitosamente con rol ADMIN","duration":4.8477920000004815,"failureMessages":[],"location":{"line":83,"column":3},"meta":{}},{"ancestorTitles":["PATCH /api/negocios/[id]/cancel","Happy Path"],"fullName":"PATCH /api/negocios/[id]/cancel Happy Path debe cancelar negocio exitosamente con rol ANALISTA_SOPORTE","status":"passed","title":"debe cancelar negocio exitosamente con rol ANALISTA_SOPORTE","duration":1.1832909999975527,"failureMessages":[],"location":{"line":187,"column":3},"meta":{}},{"ancestorTitles":["PATCH /api/negocios/[id]/cancel","Happy Path"],"fullName":"PATCH /api/negocios/[id]/cancel Happy Path debe cancelar negocio exitosamente con rol ASISTENTE_GERENCIA_OPERATIVA","status":"passed","title":"debe cancelar negocio exitosamente con rol ASISTENTE_GERENCIA_OPERATIVA","duration":0.929667000000336,"failureMessages":[],"location":{"line":254,"column":3},"meta":{}},{"ancestorTitles":["PATCH /api/negocios/[id]/cancel","Casos de Autenticación"],"fullName":"PATCH /api/negocios/[id]/cancel Casos de Autenticación debe retornar 401 cuando no hay sesión","status":"passed","title":"debe retornar 401 cuando no hay sesión","duration":2.219374999996944,"failureMessages":[],"location":{"line":321,"column":3},"meta":{}},{"ancestorTitles":["PATCH /api/negocios/[id]/cancel","Casos de Autenticación"],"fullName":"PATCH /api/negocios/[id]/cancel Casos de Autenticación debe retornar 401 cuando la sesión no tiene email","status":"passed","title":"debe retornar 401 cuando la sesión no tiene email","duration":1.5065829999984999,"failureMessages":[],"location":{"line":344,"column":3},"meta":{}},{"ancestorTitles":["PATCH /api/negocios/[id]/cancel","Casos de Validación de ID"],"fullName":"PATCH /api/negocios/[id]/cancel Casos de Validación de ID debe retornar 400 cuando el ID no es un número válido","status":"passed","title":"debe retornar 400 cuando el ID no es un número válido","duration":2.242000000002008,"failureMessages":[],"location":{"line":372,"column":3},"meta":{}},{"ancestorTitles":["PATCH /api/negocios/[id]/cancel","Casos de Validación de ID"],"fullName":"PATCH /api/negocios/[id]/cancel Casos de Validación de ID debe retornar 400 cuando el ID es una cadena vacía","status":"passed","title":"debe retornar 400 cuando el ID es una cadena vacía","duration":0.9863750000004075,"failureMessages":[],"location":{"line":400,"column":3},"meta":{}},{"ancestorTitles":["PATCH /api/negocios/[id]/cancel","Casos de Validación de Body"],"fullName":"PATCH /api/negocios/[id]/cancel Casos de Validación de Body debe retornar 400 cuando el motivo es muy corto","status":"passed","title":"debe retornar 400 cuando el motivo es muy corto","duration":1.2756669999980659,"failureMessages":[],"location":{"line":427,"column":3},"meta":{}},{"ancestorTitles":["PATCH /api/negocios/[id]/cancel","Casos de Validación de Body"],"fullName":"PATCH /api/negocios/[id]/cancel Casos de Validación de Body debe retornar 400 cuando el motivo es muy largo","status":"passed","title":"debe retornar 400 cuando el motivo es muy largo","duration":2.0429170000024897,"failureMessages":[],"location":{"line":464,"column":3},"meta":{}},{"ancestorTitles":["PATCH /api/negocios/[id]/cancel","Casos de Validación de Body"],"fullName":"PATCH /api/negocios/[id]/cancel Casos de Validación de Body debe retornar 400 cuando el motivo falta","status":"passed","title":"debe retornar 400 cuando el motivo falta","duration":0.5649160000029951,"failureMessages":[],"location":{"line":501,"column":3},"meta":{}},{"ancestorTitles":["PATCH /api/negocios/[id]/cancel","Casos de Usuario No Encontrado"],"fullName":"PATCH /api/negocios/[id]/cancel Casos de Usuario No Encontrado debe retornar 404 cuando el usuario no existe","status":"passed","title":"debe retornar 404 cuando el usuario no existe","duration":0.5719580000004498,"failureMessages":[],"location":{"line":536,"column":3},"meta":{}},{"ancestorTitles":["PATCH /api/negocios/[id]/cancel","Casos de Permisos"],"fullName":"PATCH /api/negocios/[id]/cancel Casos de Permisos debe retornar 403 cuando el usuario es AGENTE","status":"passed","title":"debe retornar 403 cuando el usuario es AGENTE","duration":0.46299999999973807,"failureMessages":[],"location":{"line":575,"column":3},"meta":{}},{"ancestorTitles":["PATCH /api/negocios/[id]/cancel","Casos de Permisos"],"fullName":"PATCH /api/negocios/[id]/cancel Casos de Permisos debe retornar 403 cuando el usuario tiene rol DEFAULT","status":"passed","title":"debe retornar 403 cuando el usuario tiene rol DEFAULT","duration":0.4475419999980659,"failureMessages":[],"location":{"line":613,"column":3},"meta":{}},{"ancestorTitles":["PATCH /api/negocios/[id]/cancel","Casos de Negocio No Encontrado"],"fullName":"PATCH /api/negocios/[id]/cancel Casos de Negocio No Encontrado debe retornar 404 cuando el negocio no existe","status":"passed","title":"debe retornar 404 cuando el negocio no existe","duration":0.44279199999800767,"failureMessages":[],"location":{"line":665,"column":3},"meta":{}},{"ancestorTitles":["PATCH /api/negocios/[id]/cancel","Casos de Estado del Negocio"],"fullName":"PATCH /api/negocios/[id]/cancel Casos de Estado del Negocio debe retornar 400 cuando el negocio ya está cancelado","status":"passed","title":"debe retornar 400 cuando el negocio ya está cancelado","duration":0.6036249999997381,"failureMessages":[],"location":{"line":720,"column":3},"meta":{}},{"ancestorTitles":["PATCH /api/negocios/[id]/cancel","Casos de Estado del Negocio"],"fullName":"PATCH /api/negocios/[id]/cancel Casos de Estado del Negocio debe retornar 400 cuando el negocio está en estado no cancelable","status":"passed","title":"debe retornar 400 cuando el negocio está en estado no cancelable","duration":0.6965000000018335,"failureMessages":[],"location":{"line":775,"column":3},"meta":{}},{"ancestorTitles":["PATCH /api/negocios/[id]/cancel","Casos de Errores de Base de Datos"],"fullName":"PATCH /api/negocios/[id]/cancel Casos de Errores de Base de Datos debe retornar 500 cuando findUnique falla","status":"passed","title":"debe retornar 500 cuando findUnique falla","duration":1.0605830000022252,"failureMessages":[],"location":{"line":834,"column":3},"meta":{}},{"ancestorTitles":["PATCH /api/negocios/[id]/cancel","Casos de Errores de Base de Datos"],"fullName":"PATCH /api/negocios/[id]/cancel Casos de Errores de Base de Datos debe retornar 500 cuando update falla","status":"passed","title":"debe retornar 500 cuando update falla","duration":0.9252080000005662,"failureMessages":[],"location":{"line":886,"column":3},"meta":{}},{"ancestorTitles":["PATCH /api/negocios/[id]/cancel","Casos de Errores de Base de Datos"],"fullName":"PATCH /api/negocios/[id]/cancel Casos de Errores de Base de Datos debe retornar 500 cuando getCurrentUserByEmail falla","status":"passed","title":"debe retornar 500 cuando getCurrentUserByEmail falla","duration":0.7013329999972484,"failureMessages":[],"location":{"line":944,"column":3},"meta":{}},{"ancestorTitles":["PATCH /api/negocios/[id]/cancel","Verificación de Observaciones"],"fullName":"PATCH /api/negocios/[id]/cancel Verificación de Observaciones debe agregar el prefijo [CANCELADO] a las observaciones","status":"passed","title":"debe agregar el prefijo [CANCELADO] a las observaciones","duration":0.667542000002868,"failureMessages":[],"location":{"line":985,"column":3},"meta":{}},{"ancestorTitles":["PATCH /api/negocios/[id]/cancel","Verificación de Audit Log"],"fullName":"PATCH /api/negocios/[id]/cancel Verificación de Audit Log debe registrar el evento de cancelación con todos los detalles","status":"passed","title":"debe registrar el evento de cancelación con todos los detalles","duration":0.4980839999989257,"failureMessages":[],"location":{"line":1059,"column":3},"meta":{}}],"startTime":1778639176602,"endTime":1778639176627.6675,"status":"passed","message":"","name":"/Users/andres/Documents/financieramente/financieramente-app/src/app/api/negocios/__tests__/cancel.route.test.ts"},{"assertionResults":[{"ancestorTitles":["GET /api/origins"],"fullName":"GET /api/origins should list client origins successfully with default params","status":"passed","title":"should list client origins successfully with default params","duration":1.939875000000029,"failureMessages":[],"location":{"line":73,"column":2},"meta":{}},{"ancestorTitles":["GET /api/origins"],"fullName":"GET /api/origins should handle search parameter","status":"passed","title":"should handle search parameter","duration":1.5303750000020955,"failureMessages":[],"location":{"line":102,"column":2},"meta":{}},{"ancestorTitles":["POST /api/origins"],"fullName":"POST /api/origins should create client origin successfully","status":"passed","title":"should create client origin successfully","duration":1.2475840000006428,"failureMessages":[],"location":{"line":147,"column":2},"meta":{}},{"ancestorTitles":["POST /api/origins"],"fullName":"POST /api/origins should reject duplicate name","status":"passed","title":"should reject duplicate name","duration":0.44562500000029104,"failureMessages":[],"location":{"line":188,"column":2},"meta":{}}],"startTime":1778639180571,"endTime":1778639180576.4456,"status":"passed","message":"","name":"/Users/andres/Documents/financieramente/financieramente-app/src/app/api/origins/__tests__/route.test.ts"},{"assertionResults":[{"ancestorTitles":["POST /api/product-configurations","Security & Validation"],"fullName":"POST /api/product-configurations Security & Validation debe validar que el producto pertenezca a la compañía (Security Check)","status":"passed","title":"debe validar que el producto pertenezca a la compañía (Security Check)","duration":3.146708000000217,"failureMessages":[],"location":{"line":102,"column":3},"meta":{}},{"ancestorTitles":["POST /api/product-configurations","Happy Path"],"fullName":"POST /api/product-configurations Happy Path debe crear configuración exitosamente sin idClientOrigin","status":"passed","title":"debe crear configuración exitosamente sin idClientOrigin","duration":2.089917000001151,"failureMessages":[],"location":{"line":138,"column":3},"meta":{}},{"ancestorTitles":["GET /api/product-configurations"],"fullName":"GET /api/product-configurations debe listar configuraciones con paginación por defecto","status":"passed","title":"debe listar configuraciones con paginación por defecto","duration":1.2542910000011034,"failureMessages":[],"location":{"line":228,"column":2},"meta":{}},{"ancestorTitles":["GET /api/product-configurations"],"fullName":"GET /api/product-configurations debe filtrar por búsqueda","status":"passed","title":"debe filtrar por búsqueda","duration":0.685750000000553,"failureMessages":[],"location":{"line":273,"column":2},"meta":{}},{"ancestorTitles":["GET /api/product-configurations"],"fullName":"GET /api/product-configurations debe filtrar por estado activo","status":"passed","title":"debe filtrar por estado activo","duration":0.5038749999985157,"failureMessages":[],"location":{"line":300,"column":2},"meta":{}},{"ancestorTitles":["GET /api/product-configurations"],"fullName":"GET /api/product-configurations debe manejar errores correctamente","status":"passed","title":"debe manejar errores correctamente","duration":1.0233750000006694,"failureMessages":[],"location":{"line":316,"column":2},"meta":{}}],"startTime":1778639173412,"endTime":1778639173421.0234,"status":"passed","message":"","name":"/Users/andres/Documents/financieramente/financieramente-app/src/app/api/product-configurations/__tests__/route.test.ts"},{"assertionResults":[{"ancestorTitles":["GET /api/products","Happy Path"],"fullName":"GET /api/products Happy Path debe listar productos exitosamente con parámetros por defecto","status":"passed","title":"debe listar productos exitosamente con parámetros por defecto","duration":3.0169170000008307,"failureMessages":[],"location":{"line":73,"column":3},"meta":{}},{"ancestorTitles":["GET /api/products","Happy Path"],"fullName":"GET /api/products Happy Path debe listar productos con paginación personalizada","status":"passed","title":"debe listar productos con paginación personalizada","duration":0.8777079999999842,"failureMessages":[],"location":{"line":115,"column":3},"meta":{}},{"ancestorTitles":["GET /api/products","Happy Path"],"fullName":"GET /api/products Happy Path debe filtrar productos por búsqueda","status":"passed","title":"debe filtrar productos por búsqueda","duration":0.8001250000015716,"failureMessages":[],"location":{"line":146,"column":3},"meta":{}},{"ancestorTitles":["GET /api/products","Happy Path"],"fullName":"GET /api/products Happy Path debe filtrar productos por estado activo","status":"passed","title":"debe filtrar productos por estado activo","duration":0.6598330000015267,"failureMessages":[],"location":{"line":171,"column":3},"meta":{}},{"ancestorTitles":["GET /api/products","Happy Path"],"fullName":"GET /api/products Happy Path debe filtrar productos por estado inactivo","status":"passed","title":"debe filtrar productos por estado inactivo","duration":0.5544169999993755,"failureMessages":[],"location":{"line":191,"column":3},"meta":{}},{"ancestorTitles":["GET /api/products","Happy Path"],"fullName":"GET /api/products Happy Path debe filtrar productos por idCompany","status":"passed","title":"debe filtrar productos por idCompany","duration":0.6551660000004631,"failureMessages":[],"location":{"line":211,"column":3},"meta":{}},{"ancestorTitles":["GET /api/products","Happy Path"],"fullName":"GET /api/products Happy Path debe combinar múltiples filtros","status":"passed","title":"debe combinar múltiples filtros","duration":0.691541000000143,"failureMessages":[],"location":{"line":231,"column":3},"meta":{}},{"ancestorTitles":["GET /api/products","Happy Path"],"fullName":"GET /api/products Happy Path debe ignorar idCompany inválido","status":"passed","title":"debe ignorar idCompany inválido","duration":0.47108400000070105,"failureMessages":[],"location":{"line":258,"column":3},"meta":{}},{"ancestorTitles":["GET /api/products","Casos de Paginación"],"fullName":"GET /api/products Casos de Paginación debe calcular correctamente totalPages cuando hay resto","status":"passed","title":"debe calcular correctamente totalPages cuando hay resto","duration":0.42045800000050804,"failureMessages":[],"location":{"line":280,"column":3},"meta":{}},{"ancestorTitles":["GET /api/products","Casos de Paginación"],"fullName":"GET /api/products Casos de Paginación debe retornar página vacía cuando no hay resultados","status":"passed","title":"debe retornar página vacía cuando no hay resultados","duration":0.37533299999995506,"failureMessages":[],"location":{"line":297,"column":3},"meta":{}},{"ancestorTitles":["GET /api/products","Casos de Errores de Base de Datos"],"fullName":"GET /api/products Casos de Errores de Base de Datos debe retornar 500 cuando count falla","status":"passed","title":"debe retornar 500 cuando count falla","duration":0.7043750000011642,"failureMessages":[],"location":{"line":317,"column":3},"meta":{}},{"ancestorTitles":["GET /api/products","Casos de Errores de Base de Datos"],"fullName":"GET /api/products Casos de Errores de Base de Datos debe retornar 500 cuando findMany falla","status":"passed","title":"debe retornar 500 cuando findMany falla","duration":0.47995799999989686,"failureMessages":[],"location":{"line":331,"column":3},"meta":{}},{"ancestorTitles":["POST /api/products","Happy Path"],"fullName":"POST /api/products Happy Path debe crear producto exitosamente","status":"passed","title":"debe crear producto exitosamente","duration":1.6431249999986903,"failureMessages":[],"location":{"line":374,"column":3},"meta":{}},{"ancestorTitles":["POST /api/products","Happy Path"],"fullName":"POST /api/products Happy Path debe capitalizar correctamente el nombre del producto","status":"passed","title":"debe capitalizar correctamente el nombre del producto","duration":0.4028340000004391,"failureMessages":[],"location":{"line":444,"column":3},"meta":{}},{"ancestorTitles":["POST /api/products","Casos de Autenticación"],"fullName":"POST /api/products Casos de Autenticación debe retornar 401 cuando no hay sesión","status":"passed","title":"debe retornar 401 cuando no hay sesión","duration":0.3275420000027225,"failureMessages":[],"location":{"line":488,"column":3},"meta":{}},{"ancestorTitles":["POST /api/products","Casos de Autenticación"],"fullName":"POST /api/products Casos de Autenticación debe retornar 401 cuando la sesión no tiene user","status":"passed","title":"debe retornar 401 cuando la sesión no tiene user","duration":0.23500000000058208,"failureMessages":[],"location":{"line":511,"column":3},"meta":{}},{"ancestorTitles":["POST /api/products","Casos de Validación"],"fullName":"POST /api/products Casos de Validación debe retornar 400 cuando el schema es inválido","status":"passed","title":"debe retornar 400 cuando el schema es inválido","duration":0.4621659999975236,"failureMessages":[],"location":{"line":535,"column":3},"meta":{}},{"ancestorTitles":["POST /api/products","Casos de Contrato Duplicado"],"fullName":"POST /api/products Casos de Contrato Duplicado debe retornar 409 cuando ya existe un producto con el mismo nombre para la compañía","status":"passed","title":"debe retornar 409 cuando ya existe un producto con el mismo nombre para la compañía","duration":0.2964170000013837,"failureMessages":[],"location":{"line":583,"column":3},"meta":{}},{"ancestorTitles":["POST /api/products","Casos de Errores de Base de Datos"],"fullName":"POST /api/products Casos de Errores de Base de Datos debe retornar 500 cuando create falla","status":"passed","title":"debe retornar 500 cuando create falla","duration":0.5410830000000715,"failureMessages":[],"location":{"line":621,"column":3},"meta":{}},{"ancestorTitles":["POST /api/products","Casos de Errores de Base de Datos"],"fullName":"POST /api/products Casos de Errores de Base de Datos debe retornar 409 cuando Prisma lanza error P2002 (unique constraint)","status":"passed","title":"debe retornar 409 cuando Prisma lanza error P2002 (unique constraint)","duration":0.32745799999975134,"failureMessages":[],"location":{"line":655,"column":3},"meta":{}}],"startTime":1778639174500,"endTime":1778639174514.3274,"status":"passed","message":"","name":"/Users/andres/Documents/financieramente/financieramente-app/src/app/api/products/__tests__/route.test.ts"},{"assertionResults":[{"ancestorTitles":["useAuth"],"fullName":"useAuth should return loading state when session is loading","status":"passed","title":"should return loading state when session is loading","duration":8.062582999998995,"failureMessages":[],"location":{"line":19,"column":2},"meta":{}},{"ancestorTitles":["useAuth"],"fullName":"useAuth should return authenticated state when session exists","status":"passed","title":"should return authenticated state when session exists","duration":3.7250829999975394,"failureMessages":[],"location":{"line":33,"column":2},"meta":{}},{"ancestorTitles":["useAuth"],"fullName":"useAuth should return unauthenticated state when session is unauthenticated","status":"passed","title":"should return unauthenticated state when session is unauthenticated","duration":1.1565000000009604,"failureMessages":[],"location":{"line":57,"column":2},"meta":{}},{"ancestorTitles":["useAuth"],"fullName":"useAuth should return unauthenticated when status is loading","status":"passed","title":"should return unauthenticated when status is loading","duration":0.914082999999664,"failureMessages":[],"location":{"line":71,"column":2},"meta":{}}],"startTime":1778639177681,"endTime":1778639177694.914,"status":"passed","message":"","name":"/Users/andres/Documents/financieramente/financieramente-app/src/features/auth/hooks/__tests__/use-auth.test.ts"},{"assertionResults":[{"ancestorTitles":["formatCurrencyInput","Formateo de números enteros"],"fullName":"formatCurrencyInput Formateo de números enteros debe formatear números pequeños sin separadores","status":"passed","title":"debe formatear números pequeños sin separadores","duration":0.9639999999999418,"failureMessages":[],"location":{"line":9,"column":3},"meta":{}},{"ancestorTitles":["formatCurrencyInput","Formateo de números enteros"],"fullName":"formatCurrencyInput Formateo de números enteros debe formatear números con separador de miles","status":"passed","title":"debe formatear números con separador de miles","duration":0.2408750000031432,"failureMessages":[],"location":{"line":16,"column":3},"meta":{}},{"ancestorTitles":["formatCurrencyInput","Formateo de números enteros"],"fullName":"formatCurrencyInput Formateo de números enteros debe formatear números muy grandes correctamente","status":"passed","title":"debe formatear números muy grandes correctamente","duration":0.14662500000122236,"failureMessages":[],"location":{"line":23,"column":3},"meta":{}},{"ancestorTitles":["formatCurrencyInput","Formateo de números decimales"],"fullName":"formatCurrencyInput Formateo de números decimales debe formatear números con un decimal usando coma","status":"passed","title":"debe formatear números con un decimal usando coma","duration":0.1611250000023574,"failureMessages":[],"location":{"line":30,"column":3},"meta":{}},{"ancestorTitles":["formatCurrencyInput","Formateo de números decimales"],"fullName":"formatCurrencyInput Formateo de números decimales debe formatear números con dos decimales usando coma","status":"passed","title":"debe formatear números con dos decimales usando coma","duration":0.19099999999889405,"failureMessages":[],"location":{"line":36,"column":3},"meta":{}},{"ancestorTitles":["formatCurrencyInput","Formateo de números decimales"],"fullName":"formatCurrencyInput Formateo de números decimales debe redondear a máximo 2 decimales","status":"passed","title":"debe redondear a máximo 2 decimales","duration":0.1490830000002461,"failureMessages":[],"location":{"line":43,"column":3},"meta":{}},{"ancestorTitles":["formatCurrencyInput","Valores como string"],"fullName":"formatCurrencyInput Valores como string debe formatear strings numéricos correctamente","status":"passed","title":"debe formatear strings numéricos correctamente","duration":0.1355409999996482,"failureMessages":[],"location":{"line":51,"column":3},"meta":{}},{"ancestorTitles":["formatCurrencyInput","Casos edge"],"fullName":"formatCurrencyInput Casos edge debe retornar string vacío para valores inválidos","status":"passed","title":"debe retornar string vacío para valores inválidos","duration":0.2974160000012489,"failureMessages":[],"location":{"line":59,"column":3},"meta":{}},{"ancestorTitles":["formatCurrencyInput","Casos edge"],"fullName":"formatCurrencyInput Casos edge debe manejar valores negativos","status":"passed","title":"debe manejar valores negativos","duration":0.15324999999938882,"failureMessages":[],"location":{"line":67,"column":3},"meta":{}},{"ancestorTitles":["formatCurrencyInput","Casos edge"],"fullName":"formatCurrencyInput Casos edge debe manejar cero correctamente","status":"passed","title":"debe manejar cero correctamente","duration":0.23324999999749707,"failureMessages":[],"location":{"line":72,"column":3},"meta":{}},{"ancestorTitles":["parseCurrencyInput","Parsing de valores formateados"],"fullName":"parseCurrencyInput Parsing de valores formateados debe parsear números sin separadores","status":"passed","title":"debe parsear números sin separadores","duration":0.3358749999970314,"failureMessages":[],"location":{"line":82,"column":3},"meta":{}},{"ancestorTitles":["parseCurrencyInput","Parsing de valores formateados"],"fullName":"parseCurrencyInput Parsing de valores formateados debe parsear números con separador de miles (punto)","status":"passed","title":"debe parsear números con separador de miles (punto)","duration":0.12154200000077253,"failureMessages":[],"location":{"line":89,"column":3},"meta":{}},{"ancestorTitles":["parseCurrencyInput","Parsing de valores formateados"],"fullName":"parseCurrencyInput Parsing de valores formateados debe parsear números con separador decimal (coma)","status":"passed","title":"debe parsear números con separador decimal (coma)","duration":0.09783299999980954,"failureMessages":[],"location":{"line":96,"column":3},"meta":{}},{"ancestorTitles":["parseCurrencyInput","Parsing de valores formateados"],"fullName":"parseCurrencyInput Parsing de valores formateados debe parsear números con ambos separadores","status":"passed","title":"debe parsear números con ambos separadores","duration":0.07491699999809498,"failureMessages":[],"location":{"line":102,"column":3},"meta":{}},{"ancestorTitles":["parseCurrencyInput","Parsing de valores formateados"],"fullName":"parseCurrencyInput Parsing de valores formateados debe parsear números muy grandes correctamente","status":"passed","title":"debe parsear números muy grandes correctamente","duration":0.14645799999925657,"failureMessages":[],"location":{"line":108,"column":3},"meta":{}},{"ancestorTitles":["parseCurrencyInput","Valores vacíos e inválidos"],"fullName":"parseCurrencyInput Valores vacíos e inválidos debe retornar null para valores vacíos","status":"passed","title":"debe retornar null para valores vacíos","duration":0.45541600000069593,"failureMessages":[],"location":{"line":116,"column":3},"meta":{}},{"ancestorTitles":["parseCurrencyInput","Valores vacíos e inválidos"],"fullName":"parseCurrencyInput Valores vacíos e inválidos debe retornar null para solo caracteres especiales","status":"passed","title":"debe retornar null para solo caracteres especiales","duration":0.37170899999910034,"failureMessages":[],"location":{"line":122,"column":3},"meta":{}},{"ancestorTitles":["parseCurrencyInput","Valores vacíos e inválidos"],"fullName":"parseCurrencyInput Valores vacíos e inválidos debe retornar null para valores no numéricos","status":"passed","title":"debe retornar null para valores no numéricos","duration":0.17862500000046566,"failureMessages":[],"location":{"line":131,"column":3},"meta":{}},{"ancestorTitles":["parseCurrencyInput","Casos edge"],"fullName":"parseCurrencyInput Casos edge debe manejar valores negativos","status":"passed","title":"debe manejar valores negativos","duration":0.07200000000011642,"failureMessages":[],"location":{"line":141,"column":3},"meta":{}},{"ancestorTitles":["parseCurrencyInput","Casos edge"],"fullName":"parseCurrencyInput Casos edge debe manejar cero correctamente","status":"passed","title":"debe manejar cero correctamente","duration":0.06312500000058208,"failureMessages":[],"location":{"line":146,"column":3},"meta":{}},{"ancestorTitles":["parseCurrencyInput","Casos edge"],"fullName":"parseCurrencyInput Casos edge debe ignorar espacios en blanco","status":"passed","title":"debe ignorar espacios en blanco","duration":0.06812499999796273,"failureMessages":[],"location":{"line":152,"column":3},"meta":{}},{"ancestorTitles":["parseCurrencyInput","Casos edge"],"fullName":"parseCurrencyInput Casos edge debe rechazar valores con múltiples comas","status":"passed","title":"debe rechazar valores con múltiples comas","duration":0.04658299999937299,"failureMessages":[],"location":{"line":158,"column":3},"meta":{}},{"ancestorTitles":["parseCurrencyInput","Roundtrip: format -> parse"],"fullName":"parseCurrencyInput Roundtrip: format -> parse debe mantener el valor después de formatear y parsear","status":"passed","title":"debe mantener el valor después de formatear y parsear","duration":1.094874999998865,"failureMessages":[],"location":{"line":166,"column":3},"meta":{}}],"startTime":1778639173858,"endTime":1778639173865.095,"status":"passed","message":"","name":"/Users/andres/Documents/financieramente/financieramente-app/src/features/admin/currencies/__tests__/currency.test.ts"},{"assertionResults":[{"ancestorTitles":["canViewPayments"],"fullName":"canViewPayments returns true for ADMIN","status":"passed","title":"returns true for ADMIN","duration":0.6474999999991269,"failureMessages":[],"location":{"line":6,"column":2},"meta":{}},{"ancestorTitles":["canViewPayments"],"fullName":"canViewPayments returns true for ASISTENTE_GERENCIA_OPERATIVA","status":"passed","title":"returns true for ASISTENTE_GERENCIA_OPERATIVA","duration":0.11416599999938626,"failureMessages":[],"location":{"line":10,"column":2},"meta":{}},{"ancestorTitles":["canViewPayments"],"fullName":"canViewPayments returns true for AGENTE","status":"passed","title":"returns true for AGENTE","duration":0.08654200000091805,"failureMessages":[],"location":{"line":14,"column":2},"meta":{}},{"ancestorTitles":["canViewPayments"],"fullName":"canViewPayments returns false for ANALISTA_SOPORTE","status":"passed","title":"returns false for ANALISTA_SOPORTE","duration":0.09829199999876437,"failureMessages":[],"location":{"line":18,"column":2},"meta":{}},{"ancestorTitles":["canViewPayments"],"fullName":"canViewPayments returns false for DEFAULT","status":"passed","title":"returns false for DEFAULT","duration":0.06858399999691756,"failureMessages":[],"location":{"line":22,"column":2},"meta":{}},{"ancestorTitles":["canViewPayments"],"fullName":"canViewPayments returns false for undefined","status":"passed","title":"returns false for undefined","duration":0.0712920000005397,"failureMessages":[],"location":{"line":26,"column":2},"meta":{}},{"ancestorTitles":["canViewPayments"],"fullName":"canViewPayments returns false for empty string","status":"passed","title":"returns false for empty string","duration":0.061666999998124084,"failureMessages":[],"location":{"line":30,"column":2},"meta":{}},{"ancestorTitles":["canViewPayments"],"fullName":"canViewPayments returns false for unknown role string","status":"passed","title":"returns false for unknown role string","duration":0.05891699999847333,"failureMessages":[],"location":{"line":34,"column":2},"meta":{}},{"ancestorTitles":["canFundPayments"],"fullName":"canFundPayments returns true for ADMIN","status":"passed","title":"returns true for ADMIN","duration":0.08091699999931734,"failureMessages":[],"location":{"line":40,"column":2},"meta":{}},{"ancestorTitles":["canFundPayments"],"fullName":"canFundPayments returns true for ASISTENTE_GERENCIA_OPERATIVA","status":"passed","title":"returns true for ASISTENTE_GERENCIA_OPERATIVA","duration":0.07658300000184681,"failureMessages":[],"location":{"line":44,"column":2},"meta":{}},{"ancestorTitles":["canFundPayments"],"fullName":"canFundPayments returns false for AGENTE (Coach cannot fund payments)","status":"passed","title":"returns false for AGENTE (Coach cannot fund payments)","duration":0.060541000002558576,"failureMessages":[],"location":{"line":48,"column":2},"meta":{}},{"ancestorTitles":["canFundPayments"],"fullName":"canFundPayments returns false for ANALISTA_SOPORTE","status":"passed","title":"returns false for ANALISTA_SOPORTE","duration":0.05137500000273576,"failureMessages":[],"location":{"line":52,"column":2},"meta":{}},{"ancestorTitles":["canFundPayments"],"fullName":"canFundPayments returns false for DEFAULT","status":"passed","title":"returns false for DEFAULT","duration":0.059917000002315035,"failureMessages":[],"location":{"line":56,"column":2},"meta":{}},{"ancestorTitles":["canFundPayments"],"fullName":"canFundPayments returns false for undefined","status":"passed","title":"returns false for undefined","duration":0.049290999999357155,"failureMessages":[],"location":{"line":60,"column":2},"meta":{}},{"ancestorTitles":["canFundPayments"],"fullName":"canFundPayments returns false for empty string","status":"passed","title":"returns false for empty string","duration":0.048040999998193,"failureMessages":[],"location":{"line":64,"column":2},"meta":{}},{"ancestorTitles":["canFundPayments"],"fullName":"canFundPayments returns false for unknown role string","status":"passed","title":"returns false for unknown role string","duration":0.04779200000120909,"failureMessages":[],"location":{"line":68,"column":2},"meta":{}}],"startTime":1778639185239,"endTime":1778639185241.0605,"status":"passed","message":"","name":"/Users/andres/Documents/financieramente/financieramente-app/src/features/auth/lib/__tests__/roles.test.ts"},{"assertionResults":[{"ancestorTitles":["CategoriesTableSection","Rendering"],"fullName":"CategoriesTableSection Rendering should display category data in row","status":"passed","title":"should display category data in row","duration":58.16841700000077,"failureMessages":[],"location":{"line":20,"column":3},"meta":{}},{"ancestorTitles":["CategoriesTableSection","Rendering"],"fullName":"CategoriesTableSection Rendering should display empty state when no data","status":"passed","title":"should display empty state when no data","duration":17.28729100000055,"failureMessages":[],"location":{"line":34,"column":3},"meta":{}},{"ancestorTitles":["CategoriesTableSection","Rendering"],"fullName":"CategoriesTableSection Rendering should display multiple categories","status":"passed","title":"should display multiple categories","duration":17.480209000001196,"failureMessages":[],"location":{"line":40,"column":3},"meta":{}},{"ancestorTitles":["CategoriesTableSection","Column Headers"],"fullName":"CategoriesTableSection Column Headers should display name column header","status":"passed","title":"should display name column header","duration":10.645958999999493,"failureMessages":[],"location":{"line":54,"column":3},"meta":{}},{"ancestorTitles":["CategoriesTableSection","Column Headers"],"fullName":"CategoriesTableSection Column Headers should display status column header","status":"passed","title":"should display status column header","duration":10.947124999998778,"failureMessages":[],"location":{"line":60,"column":3},"meta":{}},{"ancestorTitles":["CategoriesTableSection","Column Headers"],"fullName":"CategoriesTableSection Column Headers should display category type column header","status":"passed","title":"should display category type column header","duration":10.985584000000017,"failureMessages":[],"location":{"line":66,"column":3},"meta":{}},{"ancestorTitles":["CategoriesTableSection","Category Type Display"],"fullName":"CategoriesTableSection Category Type Display should display the categoryType name from relation","status":"passed","title":"should display the categoryType name from relation","duration":11.78125,"failureMessages":[],"location":{"line":74,"column":3},"meta":{}},{"ancestorTitles":["CategoriesTableSection","Category Type Display"],"fullName":"CategoriesTableSection Category Type Display should display dash when categoryType is absent","status":"passed","title":"should display dash when categoryType is absent","duration":11.224624999998923,"failureMessages":[],"location":{"line":88,"column":3},"meta":{}},{"ancestorTitles":["CategoriesTableSection","Title and Actions"],"fullName":"CategoriesTableSection Title and Actions should display table section title","status":"passed","title":"should display table section title","duration":9.99750000000131,"failureMessages":[],"location":{"line":104,"column":3},"meta":{}},{"ancestorTitles":["CategoriesTableSection","Title and Actions"],"fullName":"CategoriesTableSection Title and Actions should display add button","status":"passed","title":"should display add button","duration":38.76183300000048,"failureMessages":[],"location":{"line":110,"column":3},"meta":{}}],"startTime":1778639170251,"endTime":1778639170448.7617,"status":"passed","message":"","name":"/Users/andres/Documents/financieramente/financieramente-app/src/features/categories/__tests__/components/categories-table.test.tsx"},{"assertionResults":[{"ancestorTitles":["CategoryFormSkeleton"],"fullName":"CategoryFormSkeleton should render skeleton structure matching form layout","status":"passed","title":"should render skeleton structure matching form layout","duration":17.530542000000423,"failureMessages":[],"location":{"line":9,"column":2},"meta":{}},{"ancestorTitles":["CategoryFormSkeleton"],"fullName":"CategoryFormSkeleton should match form spacing with space-y-6 class","status":"passed","title":"should match form spacing with space-y-6 class","duration":2.3240420000001905,"failureMessages":[],"location":{"line":17,"column":2},"meta":{}},{"ancestorTitles":["CategoryFormSkeleton"],"fullName":"CategoryFormSkeleton should have field skeleton groups (space-y-2)","status":"passed","title":"should have field skeleton groups (space-y-2)","duration":1.8409580000006827,"failureMessages":[],"location":{"line":24,"column":2},"meta":{}},{"ancestorTitles":["EditCategoryFormSkeleton"],"fullName":"EditCategoryFormSkeleton should render skeleton structure matching form layout","status":"passed","title":"should render skeleton structure matching form layout","duration":2.20745800000077,"failureMessages":[],"location":{"line":33,"column":2},"meta":{}},{"ancestorTitles":["EditCategoryFormSkeleton"],"fullName":"EditCategoryFormSkeleton should match form spacing and layout","status":"passed","title":"should match form spacing and layout","duration":1.9654580000023998,"failureMessages":[],"location":{"line":41,"column":2},"meta":{}},{"ancestorTitles":["EditCategoryFormSkeleton"],"fullName":"EditCategoryFormSkeleton should have action buttons skeleton","status":"passed","title":"should have action buttons skeleton","duration":2.1529589999991003,"failureMessages":[],"location":{"line":52,"column":2},"meta":{}}],"startTime":1778639172986,"endTime":1778639173014.153,"status":"passed","message":"","name":"/Users/andres/Documents/financieramente/financieramente-app/src/features/categories/__tests__/components/category-form-skeleton.test.tsx"},{"assertionResults":[{"ancestorTitles":["CategoryForm","Create Mode"],"fullName":"CategoryForm Create Mode should render form in create mode (happy path)","status":"passed","title":"should render form in create mode (happy path)","duration":96.99020800000108,"failureMessages":[],"location":{"line":19,"column":3},"meta":{}},{"ancestorTitles":["CategoryForm","Create Mode"],"fullName":"CategoryForm Create Mode should display name and description fields","status":"passed","title":"should display name and description fields","duration":36.8812080000007,"failureMessages":[],"location":{"line":26,"column":3},"meta":{}},{"ancestorTitles":["CategoryForm","Create Mode"],"fullName":"CategoryForm Create Mode should show idCategoryType selector","status":"passed","title":"should show idCategoryType selector","duration":27.970125000001644,"failureMessages":[],"location":{"line":32,"column":3},"meta":{}},{"ancestorTitles":["CategoryForm","Create Mode"],"fullName":"CategoryForm Create Mode should call onCancel when cancel button clicked","status":"passed","title":"should call onCancel when cancel button clicked","duration":72.60083300000042,"failureMessages":[],"location":{"line":38,"column":3},"meta":{}},{"ancestorTitles":["CategoryForm","Create Mode"],"fullName":"CategoryForm Create Mode should disable submit button when isLoading is true","status":"passed","title":"should disable submit button when isLoading is true","duration":15.754124999999476,"failureMessages":[],"location":{"line":49,"column":3},"meta":{}},{"ancestorTitles":["CategoryForm","Edit Mode"],"fullName":"CategoryForm Edit Mode should render form in edit mode with initialData","status":"passed","title":"should render form in edit mode with initialData","duration":15.217125000001033,"failureMessages":[],"location":{"line":65,"column":3},"meta":{}},{"ancestorTitles":["CategoryForm","Edit Mode"],"fullName":"CategoryForm Edit Mode should pre-fill name in edit mode","status":"passed","title":"should pre-fill name in edit mode","duration":14.953708999999435,"failureMessages":[],"location":{"line":77,"column":3},"meta":{}},{"ancestorTitles":["CategoryForm","Edit Mode"],"fullName":"CategoryForm Edit Mode should show Guardando... when isLoading in edit mode","status":"passed","title":"should show Guardando... when isLoading in edit mode","duration":14.136375000000044,"failureMessages":[],"location":{"line":89,"column":3},"meta":{}},{"ancestorTitles":["CategoryForm","Validation"],"fullName":"CategoryForm Validation should show validation error when name is empty","status":"passed","title":"should show validation error when name is empty","duration":42.895416999999725,"failureMessages":[],"location":{"line":104,"column":3},"meta":{}},{"ancestorTitles":["CategoryForm","Form Disabled State"],"fullName":"CategoryForm Form Disabled State should disable name input when loading","status":"passed","title":"should disable name input when loading","duration":13.602375000000393,"failureMessages":[],"location":{"line":118,"column":3},"meta":{}},{"ancestorTitles":["CategoryForm","Form Disabled State"],"fullName":"CategoryForm Form Disabled State should disable cancel button when loading","status":"passed","title":"should disable cancel button when loading","duration":12.440542000000278,"failureMessages":[],"location":{"line":124,"column":3},"meta":{}}],"startTime":1778639162779,"endTime":1778639163142.4404,"status":"passed","message":"","name":"/Users/andres/Documents/financieramente/financieramente-app/src/features/categories/__tests__/components/category-form.test.tsx"},{"assertionResults":[{"ancestorTitles":["category-api","getCategories"],"fullName":"category-api getCategories should fetch categories successfully (happy path)","status":"passed","title":"should fetch categories successfully (happy path)","duration":1.1287499999998545,"failureMessages":[],"location":{"line":32,"column":3},"meta":{}},{"ancestorTitles":["category-api","getCategories"],"fullName":"category-api getCategories should handle API error (apiClient throws)","status":"passed","title":"should handle API error (apiClient throws)","duration":0.20179099999950267,"failureMessages":[],"location":{"line":42,"column":3},"meta":{}},{"ancestorTitles":["category-api","getCategories"],"fullName":"category-api getCategories should handle unknown error","status":"passed","title":"should handle unknown error","duration":0.12741600000299513,"failureMessages":[],"location":{"line":51,"column":3},"meta":{}},{"ancestorTitles":["category-api","getCategories"],"fullName":"category-api getCategories should pass search params correctly","status":"passed","title":"should pass search params correctly","duration":0.5918330000022252,"failureMessages":[],"location":{"line":62,"column":3},"meta":{}},{"ancestorTitles":["category-api","getCategories"],"fullName":"category-api getCategories should pass status filter correctly","status":"passed","title":"should pass status filter correctly","duration":0.17779199999858974,"failureMessages":[],"location":{"line":72,"column":3},"meta":{}},{"ancestorTitles":["category-api","getCategories"],"fullName":"category-api getCategories should pass pagination params correctly","status":"passed","title":"should pass pagination params correctly","duration":0.16466699999728007,"failureMessages":[],"location":{"line":82,"column":3},"meta":{}},{"ancestorTitles":["category-api","getCategories"],"fullName":"category-api getCategories should combine multiple filters correctly","status":"passed","title":"should combine multiple filters correctly","duration":0.2633750000022701,"failureMessages":[],"location":{"line":92,"column":3},"meta":{}},{"ancestorTitles":["category-api","getCategory"],"fullName":"category-api getCategory should fetch single category successfully (happy path)","status":"passed","title":"should fetch single category successfully (happy path)","duration":0.13266600000133622,"failureMessages":[],"location":{"line":113,"column":3},"meta":{}},{"ancestorTitles":["category-api","getCategory"],"fullName":"category-api getCategory should handle 404 error (category not found)","status":"passed","title":"should handle 404 error (category not found)","duration":0.11554099999921164,"failureMessages":[],"location":{"line":123,"column":3},"meta":{}},{"ancestorTitles":["category-api","getCategory"],"fullName":"category-api getCategory should handle network error","status":"passed","title":"should handle network error","duration":0.1259170000012091,"failureMessages":[],"location":{"line":132,"column":3},"meta":{}},{"ancestorTitles":["category-api","createCategory"],"fullName":"category-api createCategory should create category successfully (happy path)","status":"passed","title":"should create category successfully (happy path)","duration":0.12824999999793363,"failureMessages":[],"location":{"line":143,"column":3},"meta":{}},{"ancestorTitles":["category-api","createCategory"],"fullName":"category-api createCategory should handle validation error","status":"passed","title":"should handle validation error","duration":0.11645800000042072,"failureMessages":[],"location":{"line":156,"column":3},"meta":{}},{"ancestorTitles":["category-api","createCategory"],"fullName":"category-api createCategory should handle network error","status":"passed","title":"should handle network error","duration":0.08675000000221189,"failureMessages":[],"location":{"line":168,"column":3},"meta":{}},{"ancestorTitles":["category-api","createCategory"],"fullName":"category-api createCategory should call apiClient.post with correct arguments","status":"passed","title":"should call apiClient.post with correct arguments","duration":0.2554579999996349,"failureMessages":[],"location":{"line":180,"column":3},"meta":{}},{"ancestorTitles":["category-api","updateCategory"],"fullName":"category-api updateCategory should update category successfully (happy path)","status":"passed","title":"should update category successfully (happy path)","duration":0.10574999999880674,"failureMessages":[],"location":{"line":197,"column":3},"meta":{}},{"ancestorTitles":["category-api","updateCategory"],"fullName":"category-api updateCategory should handle 404 error (category not found)","status":"passed","title":"should handle 404 error (category not found)","duration":0.08787499999743886,"failureMessages":[],"location":{"line":209,"column":3},"meta":{}},{"ancestorTitles":["category-api","updateCategory"],"fullName":"category-api updateCategory should handle network error","status":"passed","title":"should handle network error","duration":0.07745900000008987,"failureMessages":[],"location":{"line":218,"column":3},"meta":{}},{"ancestorTitles":["category-api","updateCategory"],"fullName":"category-api updateCategory should call apiClient.put with correct arguments","status":"passed","title":"should call apiClient.put with correct arguments","duration":0.12345799999820883,"failureMessages":[],"location":{"line":227,"column":3},"meta":{}},{"ancestorTitles":["category-api","deactivateCategory"],"fullName":"category-api deactivateCategory should deactivate category via PATCH successfully (happy path)","status":"passed","title":"should deactivate category via PATCH successfully (happy path)","duration":0.17058300000280724,"failureMessages":[],"location":{"line":239,"column":3},"meta":{}},{"ancestorTitles":["category-api","deactivateCategory"],"fullName":"category-api deactivateCategory should handle 404 error (category not found)","status":"passed","title":"should handle 404 error (category not found)","duration":0.07966600000145263,"failureMessages":[],"location":{"line":250,"column":3},"meta":{}},{"ancestorTitles":["category-api","deactivateCategory"],"fullName":"category-api deactivateCategory should handle network error","status":"passed","title":"should handle network error","duration":0.08316700000068522,"failureMessages":[],"location":{"line":259,"column":3},"meta":{}},{"ancestorTitles":["category-api","deactivateCategory"],"fullName":"category-api deactivateCategory should handle unknown error","status":"passed","title":"should handle unknown error","duration":0.07249999999839929,"failureMessages":[],"location":{"line":268,"column":3},"meta":{}}],"startTime":1778639179676,"endTime":1778639179680.1707,"status":"passed","message":"","name":"/Users/andres/Documents/financieramente/financieramente-app/src/features/categories/__tests__/lib/category-api.test.ts"},{"assertionResults":[{"ancestorTitles":["category-schemas","createCategorySchema"],"fullName":"category-schemas createCategorySchema should validate valid category data (happy path)","status":"passed","title":"should validate valid category data (happy path)","duration":1.3689999999987776,"failureMessages":[],"location":{"line":9,"column":3},"meta":{}},{"ancestorTitles":["category-schemas","createCategorySchema"],"fullName":"category-schemas createCategorySchema should trim whitespace from name","status":"passed","title":"should trim whitespace from name","duration":0.18029100000057952,"failureMessages":[],"location":{"line":26,"column":3},"meta":{}},{"ancestorTitles":["category-schemas","createCategorySchema"],"fullName":"category-schemas createCategorySchema should reject empty name","status":"passed","title":"should reject empty name","duration":0.33208400000148686,"failureMessages":[],"location":{"line":39,"column":3},"meta":{}},{"ancestorTitles":["category-schemas","createCategorySchema"],"fullName":"category-schemas createCategorySchema should reject name shorter than 2 characters","status":"passed","title":"should reject name shorter than 2 characters","duration":0.14470799999980954,"failureMessages":[],"location":{"line":52,"column":3},"meta":{}},{"ancestorTitles":["category-schemas","createCategorySchema"],"fullName":"category-schemas createCategorySchema should reject name longer than 100 characters","status":"passed","title":"should reject name longer than 100 characters","duration":0.1448339999988093,"failureMessages":[],"location":{"line":65,"column":3},"meta":{}},{"ancestorTitles":["category-schemas","createCategorySchema"],"fullName":"category-schemas createCategorySchema should accept name with exactly 2 characters","status":"passed","title":"should accept name with exactly 2 characters","duration":0.08962500000052387,"failureMessages":[],"location":{"line":78,"column":3},"meta":{}},{"ancestorTitles":["category-schemas","createCategorySchema"],"fullName":"category-schemas createCategorySchema should accept name with exactly 100 characters","status":"passed","title":"should accept name with exactly 100 characters","duration":0.07454199999847333,"failureMessages":[],"location":{"line":88,"column":3},"meta":{}},{"ancestorTitles":["category-schemas","createCategorySchema"],"fullName":"category-schemas createCategorySchema should require idCategoryType as a positive integer","status":"passed","title":"should require idCategoryType as a positive integer","duration":0.14991700000246055,"failureMessages":[],"location":{"line":98,"column":3},"meta":{}},{"ancestorTitles":["category-schemas","createCategorySchema"],"fullName":"category-schemas createCategorySchema should reject idCategoryType = 0 (non-positive)","status":"passed","title":"should reject idCategoryType = 0 (non-positive)","duration":0.10545799999817973,"failureMessages":[],"location":{"line":113,"column":3},"meta":{}},{"ancestorTitles":["category-schemas","createCategorySchema"],"fullName":"category-schemas createCategorySchema should reject idCategoryType = -1 (negative)","status":"passed","title":"should reject idCategoryType = -1 (negative)","duration":0.12029199999960838,"failureMessages":[],"location":{"line":123,"column":3},"meta":{}},{"ancestorTitles":["category-schemas","createCategorySchema"],"fullName":"category-schemas createCategorySchema should accept optional description as null","status":"passed","title":"should accept optional description as null","duration":0.11416599999938626,"failureMessages":[],"location":{"line":133,"column":3},"meta":{}},{"ancestorTitles":["category-schemas","createCategorySchema"],"fullName":"category-schemas createCategorySchema should accept optional description as undefined","status":"passed","title":"should accept optional description as undefined","duration":0.06812500000160071,"failureMessages":[],"location":{"line":147,"column":3},"meta":{}},{"ancestorTitles":["category-schemas","createCategorySchema"],"fullName":"category-schemas createCategorySchema should accept description as string","status":"passed","title":"should accept description as string","duration":0.08866699999998673,"failureMessages":[],"location":{"line":157,"column":3},"meta":{}},{"ancestorTitles":["category-schemas","createCategorySchema"],"fullName":"category-schemas createCategorySchema should default status to true when not provided","status":"passed","title":"should default status to true when not provided","duration":0.08758300000044983,"failureMessages":[],"location":{"line":171,"column":3},"meta":{}},{"ancestorTitles":["category-schemas","createCategorySchema"],"fullName":"category-schemas createCategorySchema should accept status as false","status":"passed","title":"should accept status as false","duration":0.07720800000242889,"failureMessages":[],"location":{"line":184,"column":3},"meta":{}},{"ancestorTitles":["category-schemas","createCategorySchema"],"fullName":"category-schemas createCategorySchema should reject missing name","status":"passed","title":"should reject missing name","duration":0.21954099999857135,"failureMessages":[],"location":{"line":198,"column":3},"meta":{}},{"ancestorTitles":["category-schemas","updateCategorySchema"],"fullName":"category-schemas updateCategorySchema should validate with all fields (happy path)","status":"passed","title":"should validate with all fields (happy path)","duration":0.22379199999704724,"failureMessages":[],"location":{"line":213,"column":3},"meta":{}},{"ancestorTitles":["category-schemas","updateCategorySchema"],"fullName":"category-schemas updateCategorySchema should validate with only name","status":"passed","title":"should validate with only name","duration":0.05879099999947357,"failureMessages":[],"location":{"line":225,"column":3},"meta":{}},{"ancestorTitles":["category-schemas","updateCategorySchema"],"fullName":"category-schemas updateCategorySchema should validate with only idCategoryType","status":"passed","title":"should validate with only idCategoryType","duration":0.0571669999990263,"failureMessages":[],"location":{"line":232,"column":3},"meta":{}},{"ancestorTitles":["category-schemas","updateCategorySchema"],"fullName":"category-schemas updateCategorySchema should validate with only status","status":"passed","title":"should validate with only status","duration":0.054667000000335975,"failureMessages":[],"location":{"line":239,"column":3},"meta":{}},{"ancestorTitles":["category-schemas","updateCategorySchema"],"fullName":"category-schemas updateCategorySchema should validate empty object (partial update)","status":"passed","title":"should validate empty object (partial update)","duration":0.05199999999967986,"failureMessages":[],"location":{"line":246,"column":3},"meta":{}},{"ancestorTitles":["category-schemas","updateCategorySchema"],"fullName":"category-schemas updateCategorySchema should reject name shorter than 2 characters when provided","status":"passed","title":"should reject name shorter than 2 characters when provided","duration":0.11862500000279397,"failureMessages":[],"location":{"line":253,"column":3},"meta":{}},{"ancestorTitles":["category-schemas","updateCategorySchema"],"fullName":"category-schemas updateCategorySchema should reject name longer than 100 characters when provided","status":"passed","title":"should reject name longer than 100 characters when provided","duration":0.0990830000009737,"failureMessages":[],"location":{"line":263,"column":3},"meta":{}},{"ancestorTitles":["category-schemas","updateCategorySchema"],"fullName":"category-schemas updateCategorySchema should trim whitespace from name field","status":"passed","title":"should trim whitespace from name field","duration":0.0678330000009737,"failureMessages":[],"location":{"line":273,"column":3},"meta":{}},{"ancestorTitles":["category-schemas","updateCategorySchema"],"fullName":"category-schemas updateCategorySchema should reject idCategoryType = 0 when provided","status":"passed","title":"should reject idCategoryType = 0 when provided","duration":0.09183300000222516,"failureMessages":[],"location":{"line":283,"column":3},"meta":{}}],"startTime":1778639180929,"endTime":1778639180933.1187,"status":"passed","message":"","name":"/Users/andres/Documents/financieramente/financieramente-app/src/features/categories/__tests__/lib/category-schemas.test.ts"},{"assertionResults":[{"ancestorTitles":["useAdminCategories"],"fullName":"useAdminCategories should return categories on success","status":"passed","title":"should return categories on success","duration":62.4123750000017,"failureMessages":[],"location":{"line":21,"column":2},"meta":{}},{"ancestorTitles":["useAdminCategories"],"fullName":"useAdminCategories should request pageSize 1000","status":"passed","title":"should request pageSize 1000","duration":3.6491249999999127,"failureMessages":[],"location":{"line":35,"column":2},"meta":{}},{"ancestorTitles":["useAdminCategories"],"fullName":"useAdminCategories should pass status filter to getCategories","status":"passed","title":"should pass status filter to getCategories","duration":2.8460830000003625,"failureMessages":[],"location":{"line":49,"column":2},"meta":{}},{"ancestorTitles":["useAdminCategories"],"fullName":"useAdminCategories should handle API error response","status":"passed","title":"should handle API error response","duration":54.33333399999901,"failureMessages":[],"location":{"line":70,"column":2},"meta":{}},{"ancestorTitles":["useAdminCategories"],"fullName":"useAdminCategories should handle thrown error","status":"passed","title":"should handle thrown error","duration":53.67712500000016,"failureMessages":[],"location":{"line":85,"column":2},"meta":{}},{"ancestorTitles":["useAdminCategories"],"fullName":"useAdminCategories should refresh categories when refreshCategories is called","status":"passed","title":"should refresh categories when refreshCategories is called","duration":110.56733399999939,"failureMessages":[],"location":{"line":97,"column":2},"meta":{}}],"startTime":1778639163579,"endTime":1778639163866.5674,"status":"passed","message":"","name":"/Users/andres/Documents/financieramente/financieramente-app/src/features/categories/__tests__/hooks/use-admin-categories.test.ts"},{"assertionResults":[{"ancestorTitles":["useAdminCategoryMutations","createCategory"],"fullName":"useAdminCategoryMutations createCategory should create category and show success toast","status":"passed","title":"should create category and show success toast","duration":8.075250000001688,"failureMessages":[],"location":{"line":34,"column":3},"meta":{}},{"ancestorTitles":["useAdminCategoryMutations","createCategory"],"fullName":"useAdminCategoryMutations createCategory should handle API error response and show error toast","status":"passed","title":"should handle API error response and show error toast","duration":2.0047080000003916,"failureMessages":[],"location":{"line":51,"column":3},"meta":{}},{"ancestorTitles":["useAdminCategoryMutations","updateCategory"],"fullName":"useAdminCategoryMutations updateCategory should update category and show success toast","status":"passed","title":"should update category and show success toast","duration":1.4363329999978305,"failureMessages":[],"location":{"line":75,"column":3},"meta":{}},{"ancestorTitles":["useAdminCategoryMutations","updateCategory"],"fullName":"useAdminCategoryMutations updateCategory should handle API error response and show error toast","status":"passed","title":"should handle API error response and show error toast","duration":1.1445829999975103,"failureMessages":[],"location":{"line":90,"column":3},"meta":{}},{"ancestorTitles":["useAdminCategoryMutations","deleteCategory"],"fullName":"useAdminCategoryMutations deleteCategory should call deactivateCategory (soft delete) and show success toast","status":"passed","title":"should call deactivateCategory (soft delete) and show success toast","duration":1.3681250000008731,"failureMessages":[],"location":{"line":112,"column":3},"meta":{}},{"ancestorTitles":["useAdminCategoryMutations","deleteCategory"],"fullName":"useAdminCategoryMutations deleteCategory should handle API error response and show error toast","status":"passed","title":"should handle API error response and show error toast","duration":0.9915000000000873,"failureMessages":[],"location":{"line":128,"column":3},"meta":{}}],"startTime":1778639175442,"endTime":1778639175456.9915,"status":"passed","message":"","name":"/Users/andres/Documents/financieramente/financieramente-app/src/features/categories/__tests__/hooks/use-admin-category-mutations.test.ts"},{"assertionResults":[{"ancestorTitles":["useCategories"],"fullName":"useCategories should start with loading state","status":"passed","title":"should start with loading state","duration":59.853541999999834,"failureMessages":[],"location":{"line":22,"column":2},"meta":{}},{"ancestorTitles":["useCategories"],"fullName":"useCategories should fetch categories successfully (happy path)","status":"passed","title":"should fetch categories successfully (happy path)","duration":53.960957999999664,"failureMessages":[],"location":{"line":38,"column":2},"meta":{}},{"ancestorTitles":["useCategories"],"fullName":"useCategories should handle API error","status":"passed","title":"should handle API error","duration":54.128875000000335,"failureMessages":[],"location":{"line":59,"column":2},"meta":{}},{"ancestorTitles":["useCategories"],"fullName":"useCategories should handle network error","status":"passed","title":"should handle network error","duration":53.50170900000012,"failureMessages":[],"location":{"line":75,"column":2},"meta":{}},{"ancestorTitles":["useCategories"],"fullName":"useCategories should handle unknown error","status":"passed","title":"should handle unknown error","duration":52.293666999999914,"failureMessages":[],"location":{"line":94,"column":2},"meta":{}},{"ancestorTitles":["useCategories"],"fullName":"useCategories should pass search params to API","status":"passed","title":"should pass search params to API","duration":2.0441249999994398,"failureMessages":[],"location":{"line":112,"column":2},"meta":{}},{"ancestorTitles":["useCategories"],"fullName":"useCategories should pass status filter to API","status":"passed","title":"should pass status filter to API","duration":2.210167000000183,"failureMessages":[],"location":{"line":131,"column":2},"meta":{}},{"ancestorTitles":["useCategories"],"fullName":"useCategories should refetch when refetch() is called","status":"passed","title":"should refetch when refetch() is called","duration":53.7206670000005,"failureMessages":[],"location":{"line":146,"column":2},"meta":{}},{"ancestorTitles":["useCategories"],"fullName":"useCategories should refetch when params change","status":"passed","title":"should refetch when params change","duration":2.967000000000553,"failureMessages":[],"location":{"line":169,"column":2},"meta":{}},{"ancestorTitles":["useCategories"],"fullName":"useCategories should update state correctly on success","status":"passed","title":"should update state correctly on success","duration":51.71266699999978,"failureMessages":[],"location":{"line":197,"column":2},"meta":{}}],"startTime":1778639160251,"endTime":1778639160637.7126,"status":"passed","message":"","name":"/Users/andres/Documents/financieramente/financieramente-app/src/features/categories/__tests__/hooks/use-categories.test.ts"},{"assertionResults":[{"ancestorTitles":["useCategoryMutations","initial state"],"fullName":"useCategoryMutations initial state should have idle state for all mutations","status":"passed","title":"should have idle state for all mutations","duration":7.641874999997526,"failureMessages":[],"location":{"line":22,"column":3},"meta":{}},{"ancestorTitles":["useCategoryMutations","createCategory"],"fullName":"useCategoryMutations createCategory should set loading then success on success","status":"passed","title":"should set loading then success on success","duration":4.5086669999982405,"failureMessages":[],"location":{"line":32,"column":3},"meta":{}},{"ancestorTitles":["useCategoryMutations","createCategory"],"fullName":"useCategoryMutations createCategory should set loading then error on API error","status":"passed","title":"should set loading then error on API error","duration":2.038749999999709,"failureMessages":[],"location":{"line":55,"column":3},"meta":{}},{"ancestorTitles":["useCategoryMutations","createCategory"],"fullName":"useCategoryMutations createCategory should handle network error","status":"passed","title":"should handle network error","duration":2.9900419999976293,"failureMessages":[],"location":{"line":78,"column":3},"meta":{}},{"ancestorTitles":["useCategoryMutations","createCategory"],"fullName":"useCategoryMutations createCategory should pass correct data to API","status":"passed","title":"should pass correct data to API","duration":1.734999999996944,"failureMessages":[],"location":{"line":105,"column":3},"meta":{}},{"ancestorTitles":["useCategoryMutations","updateCategory"],"fullName":"useCategoryMutations updateCategory should set loading then success on success","status":"passed","title":"should set loading then success on success","duration":1.0888749999976426,"failureMessages":[],"location":{"line":128,"column":3},"meta":{}},{"ancestorTitles":["useCategoryMutations","updateCategory"],"fullName":"useCategoryMutations updateCategory should set loading then error on API error","status":"passed","title":"should set loading then error on API error","duration":2.0578329999989364,"failureMessages":[],"location":{"line":150,"column":3},"meta":{}},{"ancestorTitles":["useCategoryMutations","updateCategory"],"fullName":"useCategoryMutations updateCategory should pass correct data to API","status":"passed","title":"should pass correct data to API","duration":0.829834000000119,"failureMessages":[],"location":{"line":172,"column":3},"meta":{}},{"ancestorTitles":["useCategoryMutations","deleteCategory"],"fullName":"useCategoryMutations deleteCategory should set loading then success on success (soft delete via deactivate)","status":"passed","title":"should set loading then success on success (soft delete via deactivate)","duration":2.129625000001397,"failureMessages":[],"location":{"line":190,"column":3},"meta":{}},{"ancestorTitles":["useCategoryMutations","deleteCategory"],"fullName":"useCategoryMutations deleteCategory should set loading then error on API error","status":"passed","title":"should set loading then error on API error","duration":2.2019169999985024,"failureMessages":[],"location":{"line":209,"column":3},"meta":{}},{"ancestorTitles":["useCategoryMutations","deleteCategory"],"fullName":"useCategoryMutations deleteCategory should pass correct ID to API","status":"passed","title":"should pass correct ID to API","duration":0.7610419999982696,"failureMessages":[],"location":{"line":230,"column":3},"meta":{}},{"ancestorTitles":["useCategoryMutations","independent state management"],"fullName":"useCategoryMutations independent state management should maintain separate states for each mutation","status":"passed","title":"should maintain separate states for each mutation","duration":2.0649579999990237,"failureMessages":[],"location":{"line":247,"column":3},"meta":{}}],"startTime":1778639172361,"endTime":1778639172391.065,"status":"passed","message":"","name":"/Users/andres/Documents/financieramente/financieramente-app/src/features/categories/__tests__/hooks/use-category-mutations.test.ts"},{"assertionResults":[{"ancestorTitles":["useCategory"],"fullName":"useCategory should start with loading state","status":"passed","title":"should start with loading state","duration":61.35541600000033,"failureMessages":[],"location":{"line":19,"column":2},"meta":{}},{"ancestorTitles":["useCategory"],"fullName":"useCategory should fetch category successfully (happy path)","status":"passed","title":"should fetch category successfully (happy path)","duration":53.77549999999974,"failureMessages":[],"location":{"line":35,"column":2},"meta":{}},{"ancestorTitles":["useCategory"],"fullName":"useCategory should handle API error (404)","status":"passed","title":"should handle API error (404)","duration":53.930875000000015,"failureMessages":[],"location":{"line":55,"column":2},"meta":{}},{"ancestorTitles":["useCategory"],"fullName":"useCategory should handle network error","status":"passed","title":"should handle network error","duration":54.107334000001174,"failureMessages":[],"location":{"line":71,"column":2},"meta":{}},{"ancestorTitles":["useCategory"],"fullName":"useCategory should handle unknown error","status":"passed","title":"should handle unknown error","duration":53.61916700000074,"failureMessages":[],"location":{"line":90,"column":2},"meta":{}},{"ancestorTitles":["useCategory"],"fullName":"useCategory should pass correct ID to API","status":"passed","title":"should pass correct ID to API","duration":2.428125000000364,"failureMessages":[],"location":{"line":108,"column":2},"meta":{}},{"ancestorTitles":["useCategory"],"fullName":"useCategory should update state correctly on success","status":"passed","title":"should update state correctly on success","duration":52.4747499999994,"failureMessages":[],"location":{"line":121,"column":2},"meta":{}},{"ancestorTitles":["useCategory"],"fullName":"useCategory should handle invalid ID (zero)","status":"passed","title":"should handle invalid ID (zero)","duration":1.9368340000000899,"failureMessages":[],"location":{"line":143,"column":2},"meta":{}},{"ancestorTitles":["useCategory"],"fullName":"useCategory should handle invalid ID (negative)","status":"passed","title":"should handle invalid ID (negative)","duration":1.9753749999999854,"failureMessages":[],"location":{"line":153,"column":2},"meta":{}}],"startTime":1778639162204,"endTime":1778639162538.9753,"status":"passed","message":"","name":"/Users/andres/Documents/financieramente/financieramente-app/src/features/categories/__tests__/hooks/use-category.test.ts"},{"assertionResults":[{"ancestorTitles":["category.mapper","prismaCategoryToCategory"],"fullName":"category.mapper prismaCategoryToCategory should map a Prisma category to domain Category (happy path)","status":"passed","title":"should map a Prisma category to domain Category (happy path)","duration":1.6673750000009022,"failureMessages":[],"location":{"line":10,"column":3},"meta":{}},{"ancestorTitles":["category.mapper","prismaCategoryToCategory"],"fullName":"category.mapper prismaCategoryToCategory should map categoryType relation when present","status":"passed","title":"should map categoryType relation when present","duration":1.274249999998574,"failureMessages":[],"location":{"line":33,"column":3},"meta":{}},{"ancestorTitles":["category.mapper","prismaCategoryToCategory"],"fullName":"category.mapper prismaCategoryToCategory should set categoryType to undefined when not present","status":"passed","title":"should set categoryType to undefined when not present","duration":0.12545800000225427,"failureMessages":[],"location":{"line":43,"column":3},"meta":{}},{"ancestorTitles":["category.mapper","prismaCategoryToCategory"],"fullName":"category.mapper prismaCategoryToCategory should handle null description","status":"passed","title":"should handle null description","duration":0.10587500000110595,"failureMessages":[],"location":{"line":51,"column":3},"meta":{}},{"ancestorTitles":["category.mapper","prismaCategoryToCategory"],"fullName":"category.mapper prismaCategoryToCategory should convert Date objects to ISO strings","status":"passed","title":"should convert Date objects to ISO strings","duration":0.5717079999994894,"failureMessages":[],"location":{"line":59,"column":3},"meta":{}},{"ancestorTitles":["category.mapper","prismaCategoryToCategory"],"fullName":"category.mapper prismaCategoryToCategory should map status = false correctly","status":"passed","title":"should map status = false correctly","duration":0.16200000000026193,"failureMessages":[],"location":{"line":69,"column":3},"meta":{}},{"ancestorTitles":["category.mapper","prismaCategoryListToCategories"],"fullName":"category.mapper prismaCategoryListToCategories should map a list of Prisma categories","status":"passed","title":"should map a list of Prisma categories","duration":2.9681670000027225,"failureMessages":[],"location":{"line":79,"column":3},"meta":{}},{"ancestorTitles":["category.mapper","prismaCategoryListToCategories"],"fullName":"category.mapper prismaCategoryListToCategories should return empty array for empty list","status":"passed","title":"should return empty array for empty list","duration":0.43412499999976717,"failureMessages":[],"location":{"line":94,"column":3},"meta":{}},{"ancestorTitles":["category.mapper","prismaCategoryListToCategories"],"fullName":"category.mapper prismaCategoryListToCategories should maintain list order","status":"passed","title":"should maintain list order","duration":0.38799999999901047,"failureMessages":[],"location":{"line":100,"column":3},"meta":{}}],"startTime":1778639183765,"endTime":1778639183773.388,"status":"passed","message":"","name":"/Users/andres/Documents/financieramente/financieramente-app/src/features/categories/__tests__/mappers/category.mapper.test.ts"},{"assertionResults":[{"ancestorTitles":["findBusinessByContract"],"fullName":"findBusinessByContract should return null if contract is empty","status":"passed","title":"should return null if contract is empty","duration":0.9002910000017437,"failureMessages":[],"location":{"line":19,"column":2},"meta":{}},{"ancestorTitles":["findBusinessByContract"],"fullName":"findBusinessByContract should call prisma findFirst with correct where clause","status":"passed","title":"should call prisma findFirst with correct where clause","duration":1.4839160000010452,"failureMessages":[],"location":{"line":25,"column":2},"meta":{}}],"startTime":1778639185036,"endTime":1778639185038.484,"status":"passed","message":"","name":"/Users/andres/Documents/financieramente/financieramente-app/src/features/carga-archivos/services/__tests__/matcher.service.test.ts"},{"assertionResults":[{"ancestorTitles":["CompanyForm","Create Mode"],"fullName":"CompanyForm Create Mode should render form with empty fields","status":"passed","title":"should render form with empty fields","duration":95.4127499999995,"failureMessages":[],"location":{"line":22,"column":3},"meta":{}},{"ancestorTitles":["CompanyForm","Create Mode"],"fullName":"CompanyForm Create Mode should call onCancel when cancel button is clicked","status":"passed","title":"should call onCancel when cancel button is clicked","duration":23.53770799999984,"failureMessages":[],"location":{"line":45,"column":3},"meta":{}},{"ancestorTitles":["CompanyForm","Create Mode"],"fullName":"CompanyForm Create Mode should disable submit button when loading","status":"passed","title":"should disable submit button when loading","duration":18.339874999999665,"failureMessages":[],"location":{"line":61,"column":3},"meta":{}},{"ancestorTitles":["CompanyForm","Edit Mode"],"fullName":"CompanyForm Edit Mode should render form with initial data","status":"passed","title":"should render form with initial data","duration":14.043499999999767,"failureMessages":[],"location":{"line":84,"column":3},"meta":{}},{"ancestorTitles":["CompanyForm","Edit Mode"],"fullName":"CompanyForm Edit Mode should enable name field in edit mode","status":"passed","title":"should enable name field in edit mode","duration":13.644542000000001,"failureMessages":[],"location":{"line":102,"column":3},"meta":{}},{"ancestorTitles":["CompanyForm","Edit Mode"],"fullName":"CompanyForm Edit Mode should show update button text in edit mode","status":"passed","title":"should show update button text in edit mode","duration":13.79045799999949,"failureMessages":[],"location":{"line":117,"column":3},"meta":{}}],"startTime":1778639170037,"endTime":1778639170215.7905,"status":"passed","message":"","name":"/Users/andres/Documents/financieramente/financieramente-app/src/features/company/__tests__/components/company-form.test.tsx"},{"assertionResults":[{"ancestorTitles":["useCompanies"],"fullName":"useCompanies should start with loading state","status":"passed","title":"should start with loading state","duration":61.13050000000112,"failureMessages":[],"location":{"line":22,"column":2},"meta":{}},{"ancestorTitles":["useCompanies"],"fullName":"useCompanies should fetch companies successfully","status":"passed","title":"should fetch companies successfully","duration":54.387291999999434,"failureMessages":[],"location":{"line":37,"column":2},"meta":{}},{"ancestorTitles":["useCompanies"],"fullName":"useCompanies should handle API error","status":"passed","title":"should handle API error","duration":53.91291600000113,"failureMessages":[],"location":{"line":57,"column":2},"meta":{}},{"ancestorTitles":["useCompanies"],"fullName":"useCompanies should handle network error","status":"passed","title":"should handle network error","duration":54.84966600000007,"failureMessages":[],"location":{"line":73,"column":2},"meta":{}},{"ancestorTitles":["useCompanies"],"fullName":"useCompanies should pass search params to API","status":"passed","title":"should pass search params to API","duration":3.738999999999578,"failureMessages":[],"location":{"line":93,"column":2},"meta":{}},{"ancestorTitles":["useCompanies"],"fullName":"useCompanies should pass status filter to API","status":"passed","title":"should pass status filter to API","duration":2.6786250000004657,"failureMessages":[],"location":{"line":111,"column":2},"meta":{}},{"ancestorTitles":["useCompanies"],"fullName":"useCompanies should refetch when refetch is called","status":"passed","title":"should refetch when refetch is called","duration":53.211584000000585,"failureMessages":[],"location":{"line":125,"column":2},"meta":{}},{"ancestorTitles":["useCompanies"],"fullName":"useCompanies should refetch when params change","status":"passed","title":"should refetch when params change","duration":4.380457999999635,"failureMessages":[],"location":{"line":146,"column":2},"meta":{}}],"startTime":1778639164323,"endTime":1778639164611.3804,"status":"passed","message":"","name":"/Users/andres/Documents/financieramente/financieramente-app/src/features/company/__tests__/hooks/use-companies.test.ts"},{"assertionResults":[{"ancestorTitles":["useCompanyMutations","createCompany"],"fullName":"useCompanyMutations createCompany should start with idle state","status":"passed","title":"should start with idle state","duration":7.343165999998746,"failureMessages":[],"location":{"line":22,"column":3},"meta":{}},{"ancestorTitles":["useCompanyMutations","createCompany"],"fullName":"useCompanyMutations createCompany should create company successfully","status":"passed","title":"should create company successfully","duration":3.339125000002241,"failureMessages":[],"location":{"line":28,"column":3},"meta":{}},{"ancestorTitles":["useCompanyMutations","createCompany"],"fullName":"useCompanyMutations createCompany should handle create error","status":"passed","title":"should handle create error","duration":2.3487500000010186,"failureMessages":[],"location":{"line":62,"column":3},"meta":{}},{"ancestorTitles":["useCompanyMutations","createCompany"],"fullName":"useCompanyMutations createCompany should set loading state during creation","status":"passed","title":"should set loading state during creation","duration":3.6111669999991136,"failureMessages":[],"location":{"line":87,"column":3},"meta":{}},{"ancestorTitles":["useCompanyMutations","updateCompany"],"fullName":"useCompanyMutations updateCompany should start with idle state","status":"passed","title":"should start with idle state","duration":0.725957999999082,"failureMessages":[],"location":{"line":122,"column":3},"meta":{}},{"ancestorTitles":["useCompanyMutations","updateCompany"],"fullName":"useCompanyMutations updateCompany should update company successfully","status":"passed","title":"should update company successfully","duration":2.9125420000018494,"failureMessages":[],"location":{"line":128,"column":3},"meta":{}},{"ancestorTitles":["useCompanyMutations","updateCompany"],"fullName":"useCompanyMutations updateCompany should handle update error","status":"passed","title":"should handle update error","duration":2.0552499999976135,"failureMessages":[],"location":{"line":156,"column":3},"meta":{}},{"ancestorTitles":["useCompanyMutations","updateCompany"],"fullName":"useCompanyMutations updateCompany should set loading state during update","status":"passed","title":"should set loading state during update","duration":3.4437089999992168,"failureMessages":[],"location":{"line":175,"column":3},"meta":{}},{"ancestorTitles":["useCompanyMutations","deleteCompany"],"fullName":"useCompanyMutations deleteCompany should start with idle state","status":"passed","title":"should start with idle state","duration":0.7415409999994154,"failureMessages":[],"location":{"line":206,"column":3},"meta":{}},{"ancestorTitles":["useCompanyMutations","deleteCompany"],"fullName":"useCompanyMutations deleteCompany should delete company successfully","status":"passed","title":"should delete company successfully","duration":2.2844159999986005,"failureMessages":[],"location":{"line":212,"column":3},"meta":{}},{"ancestorTitles":["useCompanyMutations","deleteCompany"],"fullName":"useCompanyMutations deleteCompany should handle delete error","status":"passed","title":"should handle delete error","duration":2.132166999999754,"failureMessages":[],"location":{"line":230,"column":3},"meta":{}},{"ancestorTitles":["useCompanyMutations","deleteCompany"],"fullName":"useCompanyMutations deleteCompany should set loading state during delete","status":"passed","title":"should set loading state during delete","duration":3.0412079999987327,"failureMessages":[],"location":{"line":249,"column":3},"meta":{}}],"startTime":1778639171870,"endTime":1778639171904.0413,"status":"passed","message":"","name":"/Users/andres/Documents/financieramente/financieramente-app/src/features/company/__tests__/hooks/use-company-mutations.test.ts"},{"assertionResults":[{"ancestorTitles":["useCompany"],"fullName":"useCompany should start with loading state","status":"passed","title":"should start with loading state","duration":61.092375000000175,"failureMessages":[],"location":{"line":19,"column":2},"meta":{}},{"ancestorTitles":["useCompany"],"fullName":"useCompany should fetch company successfully","status":"passed","title":"should fetch company successfully","duration":54.067417000000205,"failureMessages":[],"location":{"line":34,"column":2},"meta":{}},{"ancestorTitles":["useCompany"],"fullName":"useCompany should handle API error","status":"passed","title":"should handle API error","duration":52.761708,"failureMessages":[],"location":{"line":55,"column":2},"meta":{}},{"ancestorTitles":["useCompany"],"fullName":"useCompany should handle network error","status":"passed","title":"should handle network error","duration":53.76654199999939,"failureMessages":[],"location":{"line":71,"column":2},"meta":{}},{"ancestorTitles":["useCompany"],"fullName":"useCompany should handle invalid ID","status":"passed","title":"should handle invalid ID","duration":2.4545829999997295,"failureMessages":[],"location":{"line":91,"column":2},"meta":{}},{"ancestorTitles":["useCompany"],"fullName":"useCompany should refetch when refetch is called","status":"passed","title":"should refetch when refetch is called","duration":55.78362500000003,"failureMessages":[],"location":{"line":101,"column":2},"meta":{}},{"ancestorTitles":["useCompany"],"fullName":"useCompany should refetch when ID changes","status":"passed","title":"should refetch when ID changes","duration":126.56679099999928,"failureMessages":[],"location":{"line":122,"column":2},"meta":{}}],"startTime":1778639160315,"endTime":1778639160721.567,"status":"passed","message":"","name":"/Users/andres/Documents/financieramente/financieramente-app/src/features/company/__tests__/hooks/use-company.test.ts"},{"assertionResults":[{"ancestorTitles":["company.mapper","prismaCompanyToCompany"],"fullName":"company.mapper prismaCompanyToCompany should transform Prisma Company to Company (happy path)","status":"passed","title":"should transform Prisma Company to Company (happy path)","duration":0.8045420000016748,"failureMessages":[],"location":{"line":10,"column":3},"meta":{}},{"ancestorTitles":["company.mapper","prismaCompanyToCompany"],"fullName":"company.mapper prismaCompanyToCompany should convert Date to ISO string","status":"passed","title":"should convert Date to ISO string","duration":0.1742919999996957,"failureMessages":[],"location":{"line":24,"column":3},"meta":{}},{"ancestorTitles":["company.mapper","prismaCompanyToCompany"],"fullName":"company.mapper prismaCompanyToCompany should not include idTypeCompany in result","status":"passed","title":"should not include idTypeCompany in result","duration":0.08224999999947613,"failureMessages":[],"location":{"line":38,"column":3},"meta":{}},{"ancestorTitles":["company.mapper","prismaCompanyToCompany"],"fullName":"company.mapper prismaCompanyToCompany should handle status as true","status":"passed","title":"should handle status as true","duration":0.279500000000553,"failureMessages":[],"location":{"line":48,"column":3},"meta":{}},{"ancestorTitles":["company.mapper","prismaCompanyToCompany"],"fullName":"company.mapper prismaCompanyToCompany should handle status as false","status":"passed","title":"should handle status as false","duration":0.11145799999940209,"failureMessages":[],"location":{"line":58,"column":3},"meta":{}},{"ancestorTitles":["company.mapper","prismaCompanyToCompany"],"fullName":"company.mapper prismaCompanyToCompany should preserve all field values correctly","status":"passed","title":"should preserve all field values correctly","duration":0.11662499999874854,"failureMessages":[],"location":{"line":68,"column":3},"meta":{}},{"ancestorTitles":["company.mapper","prismaCompanyListToCompanies"],"fullName":"company.mapper prismaCompanyListToCompanies should transform list of Prisma companies to Company array (happy path)","status":"passed","title":"should transform list of Prisma companies to Company array (happy path)","duration":0.5673749999987194,"failureMessages":[],"location":{"line":82,"column":3},"meta":{}},{"ancestorTitles":["company.mapper","prismaCompanyListToCompanies"],"fullName":"company.mapper prismaCompanyListToCompanies should handle empty array","status":"passed","title":"should handle empty array","duration":0.3970840000001772,"failureMessages":[],"location":{"line":103,"column":3},"meta":{}},{"ancestorTitles":["company.mapper","prismaCompanyListToCompanies"],"fullName":"company.mapper prismaCompanyListToCompanies should transform single company in array","status":"passed","title":"should transform single company in array","duration":0.16608400000041001,"failureMessages":[],"location":{"line":112,"column":3},"meta":{}},{"ancestorTitles":["company.mapper","prismaCompanyListToCompanies"],"fullName":"company.mapper prismaCompanyListToCompanies should maintain order of companies","status":"passed","title":"should maintain order of companies","duration":0.12954199999876437,"failureMessages":[],"location":{"line":127,"column":3},"meta":{}}],"startTime":1778639183655,"endTime":1778639183657.397,"status":"passed","message":"","name":"/Users/andres/Documents/financieramente/financieramente-app/src/features/company/__tests__/mappers/company.mapper.test.ts"},{"assertionResults":[{"ancestorTitles":["company-schemas","createCompanySchema"],"fullName":"company-schemas createCompanySchema should validate valid company data with string currency id","status":"passed","title":"should validate valid company data with string currency id","duration":1.9082080000007409,"failureMessages":[],"location":{"line":9,"column":3},"meta":{}},{"ancestorTitles":["company-schemas","createCompanySchema"],"fullName":"company-schemas createCompanySchema should validate valid company data with numeric currency id (coerced)","status":"passed","title":"should validate valid company data with numeric currency id (coerced)","duration":0.25825000000259024,"failureMessages":[],"location":{"line":25,"column":3},"meta":{}},{"ancestorTitles":["company-schemas","createCompanySchema"],"fullName":"company-schemas createCompanySchema should trim whitespace from name","status":"passed","title":"should trim whitespace from name","duration":0.12433400000008987,"failureMessages":[],"location":{"line":39,"column":3},"meta":{}},{"ancestorTitles":["company-schemas","createCompanySchema"],"fullName":"company-schemas createCompanySchema should reject empty name","status":"passed","title":"should reject empty name","duration":0.37237499999901047,"failureMessages":[],"location":{"line":53,"column":3},"meta":{}},{"ancestorTitles":["company-schemas","createCompanySchema"],"fullName":"company-schemas createCompanySchema should reject name longer than 100 characters","status":"passed","title":"should reject name longer than 100 characters","duration":0.16258300000117742,"failureMessages":[],"location":{"line":67,"column":3},"meta":{}},{"ancestorTitles":["company-schemas","createCompanySchema"],"fullName":"company-schemas createCompanySchema should reject missing status","status":"passed","title":"should reject missing status","duration":0.5572500000016589,"failureMessages":[],"location":{"line":81,"column":3},"meta":{}},{"ancestorTitles":["company-schemas","createCompanySchema"],"fullName":"company-schemas createCompanySchema should accept status as false","status":"passed","title":"should accept status as false","duration":0.11449999999967986,"failureMessages":[],"location":{"line":97,"column":3},"meta":{}},{"ancestorTitles":["company-schemas","createCompanySchema"],"fullName":"company-schemas createCompanySchema should accept name with exactly 100 characters","status":"passed","title":"should accept name with exactly 100 characters","duration":0.0773750000007567,"failureMessages":[],"location":{"line":111,"column":3},"meta":{}},{"ancestorTitles":["company-schemas","updateCompanySchema"],"fullName":"company-schemas updateCompanySchema should validate with all fields and string currency id","status":"passed","title":"should validate with all fields and string currency id","duration":0.2941659999996773,"failureMessages":[],"location":{"line":124,"column":3},"meta":{}},{"ancestorTitles":["company-schemas","updateCompanySchema"],"fullName":"company-schemas updateCompanySchema should validate with numeric currency id (coerced)","status":"passed","title":"should validate with numeric currency id (coerced)","duration":0.14162500000020373,"failureMessages":[],"location":{"line":138,"column":3},"meta":{}},{"ancestorTitles":["company-schemas","updateCompanySchema"],"fullName":"company-schemas updateCompanySchema should validate with only name","status":"passed","title":"should validate with only name","duration":0.07820799999899464,"failureMessages":[],"location":{"line":150,"column":3},"meta":{}},{"ancestorTitles":["company-schemas","updateCompanySchema"],"fullName":"company-schemas updateCompanySchema should validate with only status","status":"passed","title":"should validate with only status","duration":0.08254200000010314,"failureMessages":[],"location":{"line":159,"column":3},"meta":{}},{"ancestorTitles":["company-schemas","updateCompanySchema"],"fullName":"company-schemas updateCompanySchema should validate empty object (partial update)","status":"passed","title":"should validate empty object (partial update)","duration":0.05945799999972223,"failureMessages":[],"location":{"line":168,"column":3},"meta":{}},{"ancestorTitles":["company-schemas","updateCompanySchema"],"fullName":"company-schemas updateCompanySchema should reject name longer than 100 characters","status":"passed","title":"should reject name longer than 100 characters","duration":0.18358400000215624,"failureMessages":[],"location":{"line":175,"column":3},"meta":{}},{"ancestorTitles":["company-schemas","updateCompanySchema"],"fullName":"company-schemas updateCompanySchema should reject empty name string","status":"passed","title":"should reject empty name string","duration":0.11341600000014296,"failureMessages":[],"location":{"line":187,"column":3},"meta":{}},{"ancestorTitles":["company-schemas","updateCompanySchema"],"fullName":"company-schemas updateCompanySchema should trim whitespace from name","status":"passed","title":"should trim whitespace from name","duration":0.07666600000084145,"failureMessages":[],"location":{"line":199,"column":3},"meta":{}}],"startTime":1778639179716,"endTime":1778639179721.1836,"status":"passed","message":"","name":"/Users/andres/Documents/financieramente/financieramente-app/src/features/company/__tests__/lib/company-schemas.test.ts"},{"assertionResults":[{"ancestorTitles":["CommissionRuleForm — validation presentation"],"fullName":"CommissionRuleForm — validation presentation shows destructive FormMessage and aria-invalid on category when row is invalid","status":"passed","title":"shows destructive FormMessage and aria-invalid on category when row is invalid","duration":172.33904199999984,"failureMessages":[],"location":{"line":74,"column":2},"meta":{}},{"ancestorTitles":["CommissionRuleForm — validation presentation"],"fullName":"CommissionRuleForm — validation presentation shows percentage FormMessage after blur when field cleared (RF-02)","status":"passed","title":"shows percentage FormMessage after blur when field cleared (RF-02)","duration":208.53033300000016,"failureMessages":[],"location":{"line":105,"column":2},"meta":{}},{"ancestorTitles":["CommissionRuleForm — validation presentation"],"fullName":"CommissionRuleForm — validation presentation clears percentage field error after valid value and blur","status":"passed","title":"clears percentage field error after valid value and blur","duration":257.89141700000005,"failureMessages":[],"location":{"line":122,"column":2},"meta":{}},{"ancestorTitles":["CommissionRuleForm — validation presentation"],"fullName":"CommissionRuleForm — validation presentation shows inline error after blur for 0 and for above 100","status":"passed","title":"shows inline error after blur for 0 and for above 100","duration":217.02754200000004,"failureMessages":[],"location":{"line":147,"column":2},"meta":{}},{"ancestorTitles":["CommissionRuleForm — validation presentation"],"fullName":"CommissionRuleForm — validation presentation blocks submit and shows sum error when distribution percentages exceed 100","status":"passed","title":"blocks submit and shows sum error when distribution percentages exceed 100","duration":339.4518750000002,"failureMessages":[],"location":{"line":173,"column":2},"meta":{}},{"ancestorTitles":["CommissionRuleForm — validation presentation"],"fullName":"CommissionRuleForm — validation presentation sets aria-invalid on percentage input when blurred invalid","status":"passed","title":"sets aria-invalid on percentage input when blurred invalid","duration":137.13933300000008,"failureMessages":[],"location":{"line":199,"column":2},"meta":{}},{"ancestorTitles":["CommissionRuleForm — validation presentation"],"fullName":"CommissionRuleForm — validation presentation shows Cartera column when portfolio switch is enabled","status":"passed","title":"shows Cartera column when portfolio switch is enabled","duration":108.12929200000008,"failureMessages":[],"location":{"line":214,"column":2},"meta":{}}],"startTime":1778639155521,"endTime":1778639156962.1294,"status":"passed","message":"","name":"/Users/andres/Documents/financieramente/financieramente-app/src/features/distribution-commission/__tests__/components/commission-rule-form.validation.test.tsx"},{"assertionResults":[{"ancestorTitles":["CommissionRulesTable"],"fullName":"CommissionRulesTable formats category distribution read-only with shared formatter (RF-01)","status":"passed","title":"formats category distribution read-only with shared formatter (RF-01)","duration":77.21904200000063,"failureMessages":[],"location":{"line":52,"column":2},"meta":{}},{"ancestorTitles":["CommissionRulesTable"],"fullName":"CommissionRulesTable notifies assignment success to refresh the list","status":"passed","title":"notifies assignment success to refresh the list","duration":128.30412499999875,"failureMessages":[],"location":{"line":79,"column":2},"meta":{}},{"ancestorTitles":["CommissionRulesTable"],"fullName":"CommissionRulesTable shows Cartera column when any rule has hasPortfolio","status":"passed","title":"shows Cartera column when any rule has hasPortfolio","duration":22.006750000000466,"failureMessages":[],"location":{"line":102,"column":2},"meta":{}},{"ancestorTitles":["CommissionRulesTable"],"fullName":"CommissionRulesTable exposes edit link and assign button without overflow menu (RF-10)","status":"passed","title":"exposes edit link and assign button without overflow menu (RF-10)","duration":29.70349999999962,"failureMessages":[],"location":{"line":127,"column":2},"meta":{}}],"startTime":1778639169967,"endTime":1778639170224.7036,"status":"passed","message":"","name":"/Users/andres/Documents/financieramente/financieramente-app/src/features/distribution-commission/__tests__/components/commission-rules-table.test.tsx"},{"assertionResults":[{"ancestorTitles":["Commission Rule Schemas","categoryPercentageSchema"],"fullName":"Commission Rule Schemas categoryPercentageSchema should validate valid category percentage","status":"passed","title":"should validate valid category percentage","duration":1.3039169999974547,"failureMessages":[],"location":{"line":12,"column":3},"meta":{}},{"ancestorTitles":["Commission Rule Schemas","categoryPercentageSchema"],"fullName":"Commission Rule Schemas categoryPercentageSchema should reject percentage below 1","status":"passed","title":"should reject percentage below 1","duration":0.276332999997976,"failureMessages":[],"location":{"line":18,"column":3},"meta":{}},{"ancestorTitles":["Commission Rule Schemas","categoryPercentageSchema"],"fullName":"Commission Rule Schemas categoryPercentageSchema should fail if percentage is negative","status":"passed","title":"should fail if percentage is negative","duration":0.12591600000087055,"failureMessages":[],"location":{"line":24,"column":3},"meta":{}},{"ancestorTitles":["Commission Rule Schemas","categoryPercentageSchema"],"fullName":"Commission Rule Schemas categoryPercentageSchema should fail if percentage exceeds maximum","status":"passed","title":"should fail if percentage exceeds maximum","duration":0.18591600000218023,"failureMessages":[],"location":{"line":30,"column":3},"meta":{}},{"ancestorTitles":["Commission Rule Schemas","categoryPercentageSchema"],"fullName":"Commission Rule Schemas categoryPercentageSchema should reject undefined percentage (RF-02 empty state)","status":"passed","title":"should reject undefined percentage (RF-02 empty state)","duration":0.14729200000147102,"failureMessages":[],"location":{"line":41,"column":3},"meta":{}},{"ancestorTitles":["Commission Rule Schemas","categoryPercentageSchema"],"fullName":"Commission Rule Schemas categoryPercentageSchema should reject missing percentage key","status":"passed","title":"should reject missing percentage key","duration":0.10533300000315649,"failureMessages":[],"location":{"line":52,"column":3},"meta":{}},{"ancestorTitles":["Commission Rule Schemas","createCommissionRuleSchema"],"fullName":"Commission Rule Schemas createCommissionRuleSchema should validate valid payload","status":"passed","title":"should validate valid payload","duration":0.4445420000010927,"failureMessages":[],"location":{"line":59,"column":3},"meta":{}},{"ancestorTitles":["Commission Rule Schemas","createCommissionRuleSchema"],"fullName":"Commission Rule Schemas createCommissionRuleSchema should allow empty categories","status":"passed","title":"should allow empty categories","duration":0.08866599999964819,"failureMessages":[],"location":{"line":69,"column":3},"meta":{}},{"ancestorTitles":["Commission Rule Schemas","createCommissionRuleSchema"],"fullName":"Commission Rule Schemas createCommissionRuleSchema should fail on duplicate categories","status":"passed","title":"should fail on duplicate categories","duration":0.20891699999992852,"failureMessages":[],"location":{"line":79,"column":3},"meta":{}},{"ancestorTitles":["Commission Rule Schemas","createCommissionRuleSchema"],"fullName":"Commission Rule Schemas createCommissionRuleSchema should fail when sum of percentages exceeds 100","status":"passed","title":"should fail when sum of percentages exceeds 100","duration":0.17395800000304007,"failureMessages":[],"location":{"line":95,"column":3},"meta":{}},{"ancestorTitles":["Commission Rule Schemas","createCommissionRuleSchema"],"fullName":"Commission Rule Schemas createCommissionRuleSchema should accept categories summing to exactly 100","status":"passed","title":"should accept categories summing to exactly 100","duration":0.091999999996915,"failureMessages":[],"location":{"line":113,"column":3},"meta":{}},{"ancestorTitles":["Commission Rule Schemas","createCommissionRuleSchema"],"fullName":"Commission Rule Schemas createCommissionRuleSchema should require portfolio percentages when hasPortfolio is true","status":"passed","title":"should require portfolio percentages when hasPortfolio is true","duration":0.11987500000032014,"failureMessages":[],"location":{"line":125,"column":3},"meta":{}},{"ancestorTitles":["Commission Rule Schemas","createCommissionRuleSchema"],"fullName":"Commission Rule Schemas createCommissionRuleSchema should fail when portfolio sum exceeds 100 with hasPortfolio true","status":"passed","title":"should fail when portfolio sum exceeds 100 with hasPortfolio true","duration":0.1327080000010028,"failureMessages":[],"location":{"line":136,"column":3},"meta":{}},{"ancestorTitles":["Commission Rule Schemas","createCommissionRuleSchema"],"fullName":"Commission Rule Schemas createCommissionRuleSchema should accept valid portfolio lines when hasPortfolio is true","status":"passed","title":"should accept valid portfolio lines when hasPortfolio is true","duration":0.08179200000085984,"failureMessages":[],"location":{"line":157,"column":3},"meta":{}},{"ancestorTitles":["Commission Rule Schemas","createCommissionRuleSchema"],"fullName":"Commission Rule Schemas createCommissionRuleSchema should reject category line with undefined percentage","status":"passed","title":"should reject category line with undefined percentage","duration":0.1224160000019765,"failureMessages":[],"location":{"line":170,"column":3},"meta":{}},{"ancestorTitles":["Commission Rule Schemas","updateCommissionRuleSchema"],"fullName":"Commission Rule Schemas updateCommissionRuleSchema should validate partial update","status":"passed","title":"should validate partial update","duration":0.23249999999825377,"failureMessages":[],"location":{"line":181,"column":3},"meta":{}},{"ancestorTitles":["Commission Rule Schemas","updateCommissionRuleSchema"],"fullName":"Commission Rule Schemas updateCommissionRuleSchema should validate full update","status":"passed","title":"should validate full update","duration":0.09041599999909522,"failureMessages":[],"location":{"line":190,"column":3},"meta":{}},{"ancestorTitles":["Commission Rule Schemas","updateCommissionRuleSchema"],"fullName":"Commission Rule Schemas updateCommissionRuleSchema should validate update with hasPortfolio and portfolio lines","status":"passed","title":"should validate update with hasPortfolio and portfolio lines","duration":0.07787499999903957,"failureMessages":[],"location":{"line":204,"column":3},"meta":{}},{"ancestorTitles":["Commission Rule Schemas","createCommissionRuleApiSchema"],"fullName":"Commission Rule Schemas createCommissionRuleApiSchema should map distribution and portfolio to fractions","status":"passed","title":"should map distribution and portfolio to fractions","duration":0.1818749999983993,"failureMessages":[],"location":{"line":218,"column":3},"meta":{}}],"startTime":1778639180891,"endTime":1778639180895.2324,"status":"passed","message":"","name":"/Users/andres/Documents/financieramente/financieramente-app/src/features/distribution-commission/__tests__/lib/commission-rule-schemas.test.ts"},{"assertionResults":[{"ancestorTitles":["findActiveRulePendingDistribution"],"fullName":"findActiveRulePendingDistribution returns the active rule with no categories","status":"passed","title":"returns the active rule with no categories","duration":0.9032499999993888,"failureMessages":[],"location":{"line":21,"column":2},"meta":{}},{"ancestorTitles":["findActiveRulePendingDistribution"],"fullName":"findActiveRulePendingDistribution returns undefined when every active rule has categories","status":"passed","title":"returns undefined when every active rule has categories","duration":0.13712500000110595,"failureMessages":[],"location":{"line":40,"column":2},"meta":{}},{"ancestorTitles":["findActiveRulePendingDistribution"],"fullName":"findActiveRulePendingDistribution ignores inactive rules","status":"passed","title":"ignores inactive rules","duration":0.10650000000168802,"failureMessages":[],"location":{"line":58,"column":2},"meta":{}}],"startTime":1778639185952,"endTime":1778639185953.1064,"status":"passed","message":"","name":"/Users/andres/Documents/financieramente/financieramente-app/src/features/distribution-commission/__tests__/lib/distribution-wizard-form-mode.test.ts"},{"assertionResults":[{"ancestorTitles":["Commission Rule Mappers","prismaCommissionRuleCategoryToDomain"],"fullName":"Commission Rule Mappers prismaCommissionRuleCategoryToDomain should map flat fields correctly","status":"passed","title":"should map flat fields correctly","duration":1.3303750000013679,"failureMessages":[],"location":{"line":16,"column":3},"meta":{}},{"ancestorTitles":["Commission Rule Mappers","prismaCommissionRuleCategoryToDomain"],"fullName":"Commission Rule Mappers prismaCommissionRuleCategoryToDomain should preserve precision beyond two decimal places when mapping","status":"passed","title":"should preserve precision beyond two decimal places when mapping","duration":0.3023749999993015,"failureMessages":[],"location":{"line":42,"column":3},"meta":{}},{"ancestorTitles":["Commission Rule Mappers","prismaCommissionRuleCategoryToDomain"],"fullName":"Commission Rule Mappers prismaCommissionRuleCategoryToDomain should handle string decimal values","status":"passed","title":"should handle string decimal values","duration":0.18562499999825377,"failureMessages":[],"location":{"line":58,"column":3},"meta":{}},{"ancestorTitles":["Commission Rule Mappers","prismaCommissionRuleCategoryToDomain"],"fullName":"Commission Rule Mappers prismaCommissionRuleCategoryToDomain should map nested category if present","status":"passed","title":"should map nested category if present","duration":0.24908400000276743,"failureMessages":[],"location":{"line":74,"column":3},"meta":{}},{"ancestorTitles":["Commission Rule Mappers","prismaCommissionRuleCategoryToDomain"],"fullName":"Commission Rule Mappers prismaCommissionRuleCategoryToDomain should map porcentajePortfolio when present","status":"passed","title":"should map porcentajePortfolio when present","duration":0.16195900000093388,"failureMessages":[],"location":{"line":97,"column":3},"meta":{}},{"ancestorTitles":["Commission Rule Mappers","prismaCommissionRuleToDomain"],"fullName":"Commission Rule Mappers prismaCommissionRuleToDomain should map rule with categories","status":"passed","title":"should map rule with categories","duration":0.6422089999978198,"failureMessages":[],"location":{"line":117,"column":3},"meta":{}},{"ancestorTitles":["Commission Rule Mappers","prismaCommissionRuleToDomain"],"fullName":"Commission Rule Mappers prismaCommissionRuleToDomain should map rule without categories","status":"passed","title":"should map rule without categories","duration":0.11095899999781977,"failureMessages":[],"location":{"line":149,"column":3},"meta":{}}],"startTime":1778639180126,"endTime":1778639180129.1108,"status":"passed","message":"","name":"/Users/andres/Documents/financieramente/financieramente-app/src/features/distribution-commission/__tests__/mappers/commission-rule.mapper.test.ts"},{"assertionResults":[{"ancestorTitles":["Category Type Hooks"],"fullName":"Category Type Hooks should fetch category types","status":"passed","title":"should fetch category types","duration":61.49870799999917,"failureMessages":[],"location":{"line":24,"column":5},"meta":{}}],"startTime":1778639171524,"endTime":1778639171585.4988,"status":"passed","message":"","name":"/Users/andres/Documents/financieramente/financieramente-app/src/features/category-types/__tests__/hooks/category-type-hooks.test.ts"},{"assertionResults":[{"ancestorTitles":["Category Type Schemas","createCategoryTypeSchema"],"fullName":"Category Type Schemas createCategoryTypeSchema should validate valid input","status":"passed","title":"should validate valid input","duration":1.5092919999988226,"failureMessages":[],"location":{"line":9,"column":9},"meta":{}},{"ancestorTitles":["Category Type Schemas","createCategoryTypeSchema"],"fullName":"Category Type Schemas createCategoryTypeSchema should reject invalid input","status":"passed","title":"should reject invalid input","duration":0.710624999999709,"failureMessages":[],"location":{"line":21,"column":9},"meta":{}},{"ancestorTitles":["Category Type Schemas","updateCategoryTypeSchema"],"fullName":"Category Type Schemas updateCategoryTypeSchema should validate valid partial input","status":"passed","title":"should validate valid partial input","duration":0.5018330000020796,"failureMessages":[],"location":{"line":38,"column":9},"meta":{}},{"ancestorTitles":["Category Type Schemas","updateCategoryTypeSchema"],"fullName":"Category Type Schemas updateCategoryTypeSchema should reject invalid partial input","status":"passed","title":"should reject invalid partial input","duration":0.2163749999999709,"failureMessages":[],"location":{"line":53,"column":9},"meta":{}}],"startTime":1778639183632,"endTime":1778639183635.2163,"status":"passed","message":"","name":"/Users/andres/Documents/financieramente/financieramente-app/src/features/category-types/__tests__/lib/category-type-schemas.test.ts"},{"assertionResults":[{"ancestorTitles":["deleteCategoryType (Logical Elimination)"],"fullName":"deleteCategoryType (Logical Elimination) should update status to false instead of deleting","status":"passed","title":"should update status to false instead of deleting","duration":2.279540999999881,"failureMessages":[],"location":{"line":23,"column":5},"meta":{}},{"ancestorTitles":["deleteCategoryType (Logical Elimination)"],"fullName":"deleteCategoryType (Logical Elimination) should throw error if category type not found","status":"passed","title":"should throw error if category type not found","duration":1.0353749999994761,"failureMessages":[],"location":{"line":45,"column":5},"meta":{}}],"startTime":1778639179707,"endTime":1778639179710.0354,"status":"passed","message":"","name":"/Users/andres/Documents/financieramente/financieramente-app/src/features/category-types/__tests__/services/category-type.service.test.ts"},{"assertionResults":[{"ancestorTitles":["LevelFormSkeleton"],"fullName":"LevelFormSkeleton should render skeleton structure matching form layout","status":"passed","title":"should render skeleton structure matching form layout","duration":17.674332999999024,"failureMessages":[],"location":{"line":9,"column":2},"meta":{}},{"ancestorTitles":["LevelFormSkeleton"],"fullName":"LevelFormSkeleton should match form spacing with space-y-6 class","status":"passed","title":"should match form spacing with space-y-6 class","duration":3.219042000000627,"failureMessages":[],"location":{"line":16,"column":2},"meta":{}},{"ancestorTitles":["LevelFormSkeleton"],"fullName":"LevelFormSkeleton should have field skeleton groups (space-y-2)","status":"passed","title":"should have field skeleton groups (space-y-2)","duration":2.5982089999997697,"failureMessages":[],"location":{"line":23,"column":2},"meta":{}},{"ancestorTitles":["EditLevelFormSkeleton"],"fullName":"EditLevelFormSkeleton should render skeleton structure matching form layout","status":"passed","title":"should render skeleton structure matching form layout","duration":2.8725420000009763,"failureMessages":[],"location":{"line":32,"column":2},"meta":{}},{"ancestorTitles":["EditLevelFormSkeleton"],"fullName":"EditLevelFormSkeleton should match form spacing and layout","status":"passed","title":"should match form spacing and layout","duration":2.634249999999156,"failureMessages":[],"location":{"line":39,"column":2},"meta":{}},{"ancestorTitles":["EditLevelFormSkeleton"],"fullName":"EditLevelFormSkeleton should have action buttons skeleton","status":"passed","title":"should have action buttons skeleton","duration":2.4232909999991534,"failureMessages":[],"location":{"line":49,"column":2},"meta":{}}],"startTime":1778639172839,"endTime":1778639172871.4233,"status":"passed","message":"","name":"/Users/andres/Documents/financieramente/financieramente-app/src/features/levels/__tests__/components/level-form-skeleton.test.tsx"},{"assertionResults":[{"ancestorTitles":["LevelForm","Create Mode"],"fullName":"LevelForm Create Mode should render form in create mode (happy path)","status":"passed","title":"should render form in create mode (happy path)","duration":91.96000000000004,"failureMessages":[],"location":{"line":20,"column":3},"meta":{}},{"ancestorTitles":["LevelForm","Create Mode"],"fullName":"LevelForm Create Mode should display all form fields","status":"passed","title":"should display all form fields","duration":28.756290999999692,"failureMessages":[],"location":{"line":33,"column":3},"meta":{}},{"ancestorTitles":["LevelForm","Create Mode"],"fullName":"LevelForm Create Mode should call onCancel when cancel button clicked","status":"passed","title":"should call onCancel when cancel button clicked","duration":67.66949999999997,"failureMessages":[],"location":{"line":52,"column":3},"meta":{}},{"ancestorTitles":["LevelForm","Create Mode"],"fullName":"LevelForm Create Mode should disable submit button when isLoading is true","status":"passed","title":"should disable submit button when isLoading is true","duration":25.031291999999667,"failureMessages":[],"location":{"line":63,"column":3},"meta":{}},{"ancestorTitles":["LevelForm","Edit Mode"],"fullName":"LevelForm Edit Mode should render form in edit mode with initialData","status":"passed","title":"should render form in edit mode with initialData","duration":25.550500000000284,"failureMessages":[],"location":{"line":79,"column":3},"meta":{}},{"ancestorTitles":["LevelForm","Edit Mode"],"fullName":"LevelForm Edit Mode should pre-fill form in edit mode","status":"passed","title":"should pre-fill form in edit mode","duration":23.165374999999585,"failureMessages":[],"location":{"line":91,"column":3},"meta":{}},{"ancestorTitles":["LevelForm","Edit Mode"],"fullName":"LevelForm Edit Mode should show Guardando... when isLoading in edit mode","status":"passed","title":"should show Guardando... when isLoading in edit mode","duration":19.051292000000103,"failureMessages":[],"location":{"line":109,"column":3},"meta":{}},{"ancestorTitles":["LevelForm","Validation"],"fullName":"LevelForm Validation should show validation errors for empty required fields","status":"passed","title":"should show validation errors for empty required fields","duration":60.358916000000136,"failureMessages":[],"location":{"line":124,"column":3},"meta":{}},{"ancestorTitles":["LevelForm","Validation"],"fullName":"LevelForm Validation should validate code length","status":"passed","title":"should validate code length","duration":129.44441600000027,"failureMessages":[],"location":{"line":136,"column":3},"meta":{}},{"ancestorTitles":["LevelForm","Beneficiary Mode"],"fullName":"LevelForm Beneficiary Mode should render beneficiaryMode selector","status":"passed","title":"should render beneficiaryMode selector","duration":19.080708999999842,"failureMessages":[],"location":{"line":155,"column":3},"meta":{}},{"ancestorTitles":["LevelForm","Beneficiary Mode"],"fullName":"LevelForm Beneficiary Mode should not show idFixedBeneficiaryUser picker when OVERRIDE is selected","status":"passed","title":"should not show idFixedBeneficiaryUser picker when OVERRIDE is selected","duration":21.72099999999955,"failureMessages":[],"location":{"line":161,"column":3},"meta":{}},{"ancestorTitles":["LevelForm","Beneficiary Mode"],"fullName":"LevelForm Beneficiary Mode should show idFixedBeneficiaryUser picker when BENEFICIARIO_GENERAL is selected","status":"passed","title":"should show idFixedBeneficiaryUser picker when BENEFICIARIO_GENERAL is selected","duration":27.32054100000005,"failureMessages":[],"location":{"line":175,"column":3},"meta":{}},{"ancestorTitles":["LevelForm","Beneficiary Mode"],"fullName":"LevelForm Beneficiary Mode should show read-only system user display for system levels with BENEFICIARIO_GENERAL and a configured user","status":"passed","title":"should show read-only system user display for system levels with BENEFICIARIO_GENERAL and a configured user","duration":20.192665999999917,"failureMessages":[],"location":{"line":189,"column":3},"meta":{}},{"ancestorTitles":["LevelForm","Beneficiary Mode"],"fullName":"LevelForm Beneficiary Mode should show empty state placeholder for system levels with BENEFICIARIO_GENERAL and no user configured","status":"passed","title":"should show empty state placeholder for system levels with BENEFICIARIO_GENERAL and no user configured","duration":14.30737500000032,"failureMessages":[],"location":{"line":210,"column":3},"meta":{}},{"ancestorTitles":["LevelForm","Form Disabled State"],"fullName":"LevelForm Form Disabled State should disable all inputs when loading","status":"passed","title":"should disable all inputs when loading","duration":12.758375000000342,"failureMessages":[],"location":{"line":227,"column":3},"meta":{}},{"ancestorTitles":["LevelForm","Form Disabled State"],"fullName":"LevelForm Form Disabled State should disable cancel button when loading","status":"passed","title":"should disable cancel button when loading","duration":12.443999999999505,"failureMessages":[],"location":{"line":235,"column":3},"meta":{}},{"ancestorTitles":["LevelForm","Hierarchy specs"],"fullName":"LevelForm Hierarchy specs color input renders with type=\"color\"","status":"passed","title":"color input renders with type=\"color\"","duration":22.046416999999565,"failureMessages":[],"location":{"line":243,"column":3},"meta":{}},{"ancestorTitles":["LevelForm","Hierarchy specs"],"fullName":"LevelForm Hierarchy specs next-level select excludes the current level id","status":"passed","title":"next-level select excludes the current level id","duration":22.840625000000728,"failureMessages":[],"location":{"line":250,"column":3},"meta":{}},{"ancestorTitles":["LevelForm","Hierarchy specs"],"fullName":"LevelForm Hierarchy specs switching to OVERRIDE clears user selector","status":"passed","title":"switching to OVERRIDE clears user selector","duration":91.0552090000001,"failureMessages":[],"location":{"line":269,"column":3},"meta":{}}],"startTime":1778639158757,"endTime":1778639159494.0552,"status":"passed","message":"","name":"/Users/andres/Documents/financieramente/financieramente-app/src/features/levels/__tests__/components/level-form.test.tsx"},{"assertionResults":[{"ancestorTitles":["LevelsTableSection","Rendering"],"fullName":"LevelsTableSection Rendering should render table with data (happy path)","status":"passed","title":"should render table with data (happy path)","duration":149.9562079999996,"failureMessages":[],"location":{"line":22,"column":3},"meta":{}},{"ancestorTitles":["LevelsTableSection","Rendering"],"fullName":"LevelsTableSection Rendering should display all columns correctly","status":"passed","title":"should display all columns correctly","duration":32.14087499999914,"failureMessages":[],"location":{"line":44,"column":3},"meta":{}},{"ancestorTitles":["LevelsTableSection","Rendering"],"fullName":"LevelsTableSection Rendering should display level data in row","status":"passed","title":"should display level data in row","duration":28.285749999999098,"failureMessages":[],"location":{"line":58,"column":3},"meta":{}},{"ancestorTitles":["LevelsTableSection","Rendering"],"fullName":"LevelsTableSection Rendering should display empty state when no data","status":"passed","title":"should display empty state when no data","duration":16.72120900000118,"failureMessages":[],"location":{"line":73,"column":3},"meta":{}},{"ancestorTitles":["LevelsTableSection","Multiple Types Display"],"fullName":"LevelsTableSection Multiple Types Display should display all level types correctly","status":"passed","title":"should display all level types correctly","duration":28.744291999999405,"failureMessages":[],"location":{"line":81,"column":3},"meta":{}},{"ancestorTitles":["LevelsTableSection","Hierarchy specs"],"fullName":"LevelsTableSection Hierarchy specs color chip column renders with correct hex color","status":"passed","title":"color chip column renders with correct hex color","duration":37.166291999999885,"failureMessages":[],"location":{"line":97,"column":3},"meta":{}},{"ancestorTitles":["LevelsTableSection","Hierarchy specs"],"fullName":"LevelsTableSection Hierarchy specs next-level name column renders level name","status":"passed","title":"next-level name column renders level name","duration":19.041583000000173,"failureMessages":[],"location":{"line":110,"column":3},"meta":{}},{"ancestorTitles":["LevelsTableSection","Hierarchy specs"],"fullName":"LevelsTableSection Hierarchy specs next-level name column renders \"—\" when null","status":"passed","title":"next-level name column renders \"—\" when null","duration":20.54949999999917,"failureMessages":[],"location":{"line":125,"column":3},"meta":{}}],"startTime":1778639169483,"endTime":1778639169816.5496,"status":"passed","message":"","name":"/Users/andres/Documents/financieramente/financieramente-app/src/features/levels/__tests__/components/levels-table.test.tsx"},{"assertionResults":[{"ancestorTitles":["Email Service","sendEmail"],"fullName":"Email Service sendEmail should send a traditional email successfully","status":"passed","title":"should send a traditional email successfully","duration":1.36225000000195,"failureMessages":[],"location":{"line":32,"column":3},"meta":{}},{"ancestorTitles":["Email Service","sendEmail"],"fullName":"Email Service sendEmail should return error for invalid email","status":"passed","title":"should return error for invalid email","duration":0.2715830000015558,"failureMessages":[],"location":{"line":52,"column":3},"meta":{}},{"ancestorTitles":["Email Service","sendEmail"],"fullName":"Email Service sendEmail should return error when no content provided","status":"passed","title":"should return error when no content provided","duration":0.1569999999992433,"failureMessages":[],"location":{"line":63,"column":3},"meta":{}},{"ancestorTitles":["Email Service","sendTemplatedEmail"],"fullName":"Email Service sendTemplatedEmail should send a templated email successfully","status":"passed","title":"should send a templated email successfully","duration":0.2560410000005504,"failureMessages":[],"location":{"line":75,"column":3},"meta":{}},{"ancestorTitles":["Email Service","sendTemplatedEmail"],"fullName":"Email Service sendTemplatedEmail should return error for invalid template ID","status":"passed","title":"should return error for invalid template ID","duration":0.17183400000067195,"failureMessages":[],"location":{"line":95,"column":3},"meta":{}}],"startTime":1778639181478,"endTime":1778639181481.1719,"status":"passed","message":"","name":"/Users/andres/Documents/financieramente/financieramente-app/src/features/email/__tests__/lib/email-service.test.ts"},{"assertionResults":[{"ancestorTitles":["preliquidacion-resumen-notification","buildResumenPreliquidacionHtml"],"fullName":"preliquidacion-resumen-notification buildResumenPreliquidacionHtml incluye saludo, archivo, periodo y tabla con filas","status":"passed","title":"incluye saludo, archivo, periodo y tabla con filas","duration":1.2651250000017171,"failureMessages":[],"location":{"line":18,"column":9},"meta":{}},{"ancestorTitles":["preliquidacion-resumen-notification","buildResumenPreliquidacionHtml"],"fullName":"preliquidacion-resumen-notification buildResumenPreliquidacionHtml escapa HTML en nombres para evitar XSS","status":"passed","title":"escapa HTML en nombres para evitar XSS","duration":0.22695800000292365,"failureMessages":[],"location":{"line":55,"column":9},"meta":{}},{"ancestorTitles":["preliquidacion-resumen-notification","sendResumenPreliquidacionEmail"],"fullName":"preliquidacion-resumen-notification sendResumenPreliquidacionEmail llama a sendEmail con subject, to, html y text","status":"passed","title":"llama a sendEmail con subject, to, html y text","duration":0.5394159999996191,"failureMessages":[],"location":{"line":72,"column":9},"meta":{}}],"startTime":1778639184087,"endTime":1778639184089.5393,"status":"passed","message":"","name":"/Users/andres/Documents/financieramente/financieramente-app/src/features/email/__tests__/lib/preliquidacion-resumen-notification.test.ts"},{"assertionResults":[{"ancestorTitles":["useAdminLevelMutations","createLevel"],"fullName":"useAdminLevelMutations createLevel should create level and show success toast","status":"passed","title":"should create level and show success toast","duration":8.071209000001545,"failureMessages":[],"location":{"line":34,"column":3},"meta":{}},{"ancestorTitles":["useAdminLevelMutations","createLevel"],"fullName":"useAdminLevelMutations createLevel should handle API error response and show error toast","status":"passed","title":"should handle API error response and show error toast","duration":1.966207999998005,"failureMessages":[],"location":{"line":54,"column":3},"meta":{}},{"ancestorTitles":["useAdminLevelMutations","updateLevel"],"fullName":"useAdminLevelMutations updateLevel should update level and show success toast","status":"passed","title":"should update level and show success toast","duration":1.2047500000007858,"failureMessages":[],"location":{"line":81,"column":3},"meta":{}},{"ancestorTitles":["useAdminLevelMutations","updateLevel"],"fullName":"useAdminLevelMutations updateLevel should handle API error response and show error toast","status":"passed","title":"should handle API error response and show error toast","duration":2.0337500000023283,"failureMessages":[],"location":{"line":96,"column":3},"meta":{}},{"ancestorTitles":["useAdminLevelMutations","deleteLevel"],"fullName":"useAdminLevelMutations deleteLevel should call deactivateLevel (soft delete) and show success toast","status":"passed","title":"should call deactivateLevel (soft delete) and show success toast","duration":1.7044580000001588,"failureMessages":[],"location":{"line":118,"column":3},"meta":{}},{"ancestorTitles":["useAdminLevelMutations","deleteLevel"],"fullName":"useAdminLevelMutations deleteLevel should NOT call levelApi.deleteLevel (hard delete)","status":"passed","title":"should NOT call levelApi.deleteLevel (hard delete)","duration":1.0721669999984442,"failureMessages":[],"location":{"line":134,"column":3},"meta":{}},{"ancestorTitles":["useAdminLevelMutations","deleteLevel"],"fullName":"useAdminLevelMutations deleteLevel should handle API error response and show error toast","status":"passed","title":"should handle API error response and show error toast","duration":0.7386250000017753,"failureMessages":[],"location":{"line":147,"column":3},"meta":{}}],"startTime":1778639175821,"endTime":1778639175838.7385,"status":"passed","message":"","name":"/Users/andres/Documents/financieramente/financieramente-app/src/features/levels/__tests__/hooks/use-admin-level-mutations.test.ts"},{"assertionResults":[{"ancestorTitles":["useAdminLevels"],"fullName":"useAdminLevels should return levels on success","status":"passed","title":"should return levels on success","duration":62.6231659999994,"failureMessages":[],"location":{"line":21,"column":2},"meta":{}},{"ancestorTitles":["useAdminLevels"],"fullName":"useAdminLevels should request pageSize 1000","status":"passed","title":"should request pageSize 1000","duration":2.2258329999986017,"failureMessages":[],"location":{"line":35,"column":2},"meta":{}},{"ancestorTitles":["useAdminLevels"],"fullName":"useAdminLevels should pass filters to getLevels","status":"passed","title":"should pass filters to getLevels","duration":3.013708000000406,"failureMessages":[],"location":{"line":49,"column":2},"meta":{}},{"ancestorTitles":["useAdminLevels"],"fullName":"useAdminLevels should handle API error response","status":"passed","title":"should handle API error response","duration":53.975249999999505,"failureMessages":[],"location":{"line":72,"column":2},"meta":{}},{"ancestorTitles":["useAdminLevels"],"fullName":"useAdminLevels should handle thrown error","status":"passed","title":"should handle thrown error","duration":54.11695800000052,"failureMessages":[],"location":{"line":87,"column":2},"meta":{}},{"ancestorTitles":["useAdminLevels"],"fullName":"useAdminLevels should refresh levels when refreshLevels is called","status":"passed","title":"should refresh levels when refreshLevels is called","duration":105.87945799999943,"failureMessages":[],"location":{"line":99,"column":2},"meta":{}}],"startTime":1778639164704,"endTime":1778639164985.8794,"status":"passed","message":"","name":"/Users/andres/Documents/financieramente/financieramente-app/src/features/levels/__tests__/hooks/use-admin-levels.test.ts"},{"assertionResults":[{"ancestorTitles":["useLevelMutations","initial state"],"fullName":"useLevelMutations initial state should have idle state for all mutations","status":"passed","title":"should have idle state for all mutations","duration":7.032708000002458,"failureMessages":[],"location":{"line":22,"column":3},"meta":{}},{"ancestorTitles":["useLevelMutations","createLevel"],"fullName":"useLevelMutations createLevel should set loading then success on success","status":"passed","title":"should set loading then success on success","duration":3.8722500000003492,"failureMessages":[],"location":{"line":32,"column":3},"meta":{}},{"ancestorTitles":["useLevelMutations","createLevel"],"fullName":"useLevelMutations createLevel should set loading then error on API error","status":"passed","title":"should set loading then error on API error","duration":2.700541999998677,"failureMessages":[],"location":{"line":58,"column":3},"meta":{}},{"ancestorTitles":["useLevelMutations","createLevel"],"fullName":"useLevelMutations createLevel should handle network error","status":"passed","title":"should handle network error","duration":2.4440409999988333,"failureMessages":[],"location":{"line":84,"column":3},"meta":{}},{"ancestorTitles":["useLevelMutations","createLevel"],"fullName":"useLevelMutations createLevel should pass correct data to API","status":"passed","title":"should pass correct data to API","duration":1.4338329999991402,"failureMessages":[],"location":{"line":114,"column":3},"meta":{}},{"ancestorTitles":["useLevelMutations","updateLevel"],"fullName":"useLevelMutations updateLevel should set loading then success on success","status":"passed","title":"should set loading then success on success","duration":1.9490420000001905,"failureMessages":[],"location":{"line":139,"column":3},"meta":{}},{"ancestorTitles":["useLevelMutations","updateLevel"],"fullName":"useLevelMutations updateLevel should set loading then error on API error","status":"passed","title":"should set loading then error on API error","duration":1.8760829999991984,"failureMessages":[],"location":{"line":161,"column":3},"meta":{}},{"ancestorTitles":["useLevelMutations","updateLevel"],"fullName":"useLevelMutations updateLevel should pass correct data to API","status":"passed","title":"should pass correct data to API","duration":0.7435409999998228,"failureMessages":[],"location":{"line":183,"column":3},"meta":{}},{"ancestorTitles":["useLevelMutations","deleteLevel"],"fullName":"useLevelMutations deleteLevel should set loading then success on success","status":"passed","title":"should set loading then success on success","duration":1.8990410000005795,"failureMessages":[],"location":{"line":201,"column":3},"meta":{}},{"ancestorTitles":["useLevelMutations","deleteLevel"],"fullName":"useLevelMutations deleteLevel should set loading then error on API error","status":"passed","title":"should set loading then error on API error","duration":1.866082999997161,"failureMessages":[],"location":{"line":219,"column":3},"meta":{}},{"ancestorTitles":["useLevelMutations","deleteLevel"],"fullName":"useLevelMutations deleteLevel should pass correct ID to API","status":"passed","title":"should pass correct ID to API","duration":0.4699579999978596,"failureMessages":[],"location":{"line":240,"column":3},"meta":{}},{"ancestorTitles":["useLevelMutations","independent state management"],"fullName":"useLevelMutations independent state management should maintain separate states for each mutation","status":"passed","title":"should maintain separate states for each mutation","duration":1.6699579999985872,"failureMessages":[],"location":{"line":256,"column":3},"meta":{}}],"startTime":1778639172230,"endTime":1778639172257.67,"status":"passed","message":"","name":"/Users/andres/Documents/financieramente/financieramente-app/src/features/levels/__tests__/hooks/use-level-mutations.test.ts"},{"assertionResults":[{"ancestorTitles":["useLevel"],"fullName":"useLevel should start with loading state","status":"passed","title":"should start with loading state","duration":61.54962499999965,"failureMessages":[],"location":{"line":19,"column":2},"meta":{}},{"ancestorTitles":["useLevel"],"fullName":"useLevel should fetch level successfully (happy path)","status":"passed","title":"should fetch level successfully (happy path)","duration":58.506915999998455,"failureMessages":[],"location":{"line":35,"column":2},"meta":{}},{"ancestorTitles":["useLevel"],"fullName":"useLevel should handle API error (404)","status":"passed","title":"should handle API error (404)","duration":56.799417000000176,"failureMessages":[],"location":{"line":56,"column":2},"meta":{}},{"ancestorTitles":["useLevel"],"fullName":"useLevel should handle network error","status":"passed","title":"should handle network error","duration":56.08870900000147,"failureMessages":[],"location":{"line":72,"column":2},"meta":{}},{"ancestorTitles":["useLevel"],"fullName":"useLevel should handle unknown error","status":"passed","title":"should handle unknown error","duration":54.06183400000009,"failureMessages":[],"location":{"line":91,"column":2},"meta":{}},{"ancestorTitles":["useLevel"],"fullName":"useLevel should pass correct ID to API","status":"passed","title":"should pass correct ID to API","duration":6.003209000000425,"failureMessages":[],"location":{"line":109,"column":2},"meta":{}},{"ancestorTitles":["useLevel"],"fullName":"useLevel should update state correctly on success","status":"passed","title":"should update state correctly on success","duration":55.026834000000235,"failureMessages":[],"location":{"line":122,"column":2},"meta":{}},{"ancestorTitles":["useLevel"],"fullName":"useLevel should handle invalid ID (zero)","status":"passed","title":"should handle invalid ID (zero)","duration":4.749375000001237,"failureMessages":[],"location":{"line":146,"column":2},"meta":{}},{"ancestorTitles":["useLevel"],"fullName":"useLevel should handle invalid ID (negative)","status":"passed","title":"should handle invalid ID (negative)","duration":4.018458999998984,"failureMessages":[],"location":{"line":156,"column":2},"meta":{}}],"startTime":1778639163449,"endTime":1778639163807.0186,"status":"passed","message":"","name":"/Users/andres/Documents/financieramente/financieramente-app/src/features/levels/__tests__/hooks/use-level.test.ts"},{"assertionResults":[{"ancestorTitles":["useLevels"],"fullName":"useLevels should start with loading state","status":"passed","title":"should start with loading state","duration":60.92541600000004,"failureMessages":[],"location":{"line":22,"column":2},"meta":{}},{"ancestorTitles":["useLevels"],"fullName":"useLevels should fetch levels successfully (happy path)","status":"passed","title":"should fetch levels successfully (happy path)","duration":54.029749999999694,"failureMessages":[],"location":{"line":38,"column":2},"meta":{}},{"ancestorTitles":["useLevels"],"fullName":"useLevels should handle API error","status":"passed","title":"should handle API error","duration":53.233790999999655,"failureMessages":[],"location":{"line":59,"column":2},"meta":{}},{"ancestorTitles":["useLevels"],"fullName":"useLevels should handle network error","status":"passed","title":"should handle network error","duration":52.93091699999968,"failureMessages":[],"location":{"line":75,"column":2},"meta":{}},{"ancestorTitles":["useLevels"],"fullName":"useLevels should handle unknown error","status":"passed","title":"should handle unknown error","duration":51.812291999999616,"failureMessages":[],"location":{"line":94,"column":2},"meta":{}},{"ancestorTitles":["useLevels"],"fullName":"useLevels should pass search params to API","status":"passed","title":"should pass search params to API","duration":3.0136670000001686,"failureMessages":[],"location":{"line":112,"column":2},"meta":{}},{"ancestorTitles":["useLevels"],"fullName":"useLevels should pass typeLevel filter to API","status":"passed","title":"should pass typeLevel filter to API","duration":2.7534590000004755,"failureMessages":[],"location":{"line":131,"column":2},"meta":{}},{"ancestorTitles":["useLevels"],"fullName":"useLevels should pass status filter to API","status":"passed","title":"should pass status filter to API","duration":4.31091699999979,"failureMessages":[],"location":{"line":146,"column":2},"meta":{}},{"ancestorTitles":["useLevels"],"fullName":"useLevels should refetch when refetch() is called","status":"passed","title":"should refetch when refetch() is called","duration":57.428625000000466,"failureMessages":[],"location":{"line":161,"column":2},"meta":{}},{"ancestorTitles":["useLevels"],"fullName":"useLevels should refetch when params change","status":"passed","title":"should refetch when params change","duration":4.138500000000022,"failureMessages":[],"location":{"line":184,"column":2},"meta":{}},{"ancestorTitles":["useLevels"],"fullName":"useLevels should handle empty params","status":"passed","title":"should handle empty params","duration":1.9266250000000582,"failureMessages":[],"location":{"line":212,"column":2},"meta":{}},{"ancestorTitles":["useLevels"],"fullName":"useLevels should update state correctly on success","status":"passed","title":"should update state correctly on success","duration":53.3344589999997,"failureMessages":[],"location":{"line":225,"column":2},"meta":{}}],"startTime":1778639159936,"endTime":1778639160336.3345,"status":"passed","message":"","name":"/Users/andres/Documents/financieramente/financieramente-app/src/features/levels/__tests__/hooks/use-levels.test.ts"},{"assertionResults":[{"ancestorTitles":["level.mapper","prismaLevelToLevel"],"fullName":"level.mapper prismaLevelToLevel should transform Prisma Level to Level (happy path)","status":"passed","title":"should transform Prisma Level to Level (happy path)","duration":0.9010420000013255,"failureMessages":[],"location":{"line":10,"column":3},"meta":{}},{"ancestorTitles":["level.mapper","prismaLevelToLevel"],"fullName":"level.mapper prismaLevelToLevel should convert Date to ISO string","status":"passed","title":"should convert Date to ISO string","duration":0.19004199999835691,"failureMessages":[],"location":{"line":37,"column":3},"meta":{}},{"ancestorTitles":["level.mapper","prismaLevelToLevel"],"fullName":"level.mapper prismaLevelToLevel should handle null descripcion correctly","status":"passed","title":"should handle null descripcion correctly","duration":0.11408400000073016,"failureMessages":[],"location":{"line":51,"column":3},"meta":{}},{"ancestorTitles":["level.mapper","prismaLevelToLevel"],"fullName":"level.mapper prismaLevelToLevel should handle status as true","status":"passed","title":"should handle status as true","duration":0.0819580000024871,"failureMessages":[],"location":{"line":61,"column":3},"meta":{}},{"ancestorTitles":["level.mapper","prismaLevelToLevel"],"fullName":"level.mapper prismaLevelToLevel should handle status as false","status":"passed","title":"should handle status as false","duration":0.08437499999854481,"failureMessages":[],"location":{"line":71,"column":3},"meta":{}},{"ancestorTitles":["level.mapper","prismaLevelToLevel"],"fullName":"level.mapper prismaLevelToLevel should preserve all field values correctly","status":"passed","title":"should preserve all field values correctly","duration":0.1540839999979653,"failureMessages":[],"location":{"line":81,"column":3},"meta":{}},{"ancestorTitles":["level.mapper","prismaLevelToLevel"],"fullName":"level.mapper prismaLevelToLevel should handle typeLevel MMS","status":"passed","title":"should handle typeLevel MMS","duration":0.07533300000068266,"failureMessages":[],"location":{"line":106,"column":3},"meta":{}},{"ancestorTitles":["level.mapper","prismaLevelToLevel"],"fullName":"level.mapper prismaLevelToLevel should handle typeLevel ALIADO","status":"passed","title":"should handle typeLevel ALIADO","duration":0.06670800000210875,"failureMessages":[],"location":{"line":123,"column":3},"meta":{}},{"ancestorTitles":["level.mapper","prismaLevelToLevel"],"fullName":"level.mapper prismaLevelToLevel should handle typeLevel TRINITY","status":"passed","title":"should handle typeLevel TRINITY","duration":0.08220799999980954,"failureMessages":[],"location":{"line":140,"column":3},"meta":{}},{"ancestorTitles":["level.mapper","beneficiaryMode and fixedBeneficiaryUser mapping"],"fullName":"level.mapper beneficiaryMode and fixedBeneficiaryUser mapping should map beneficiaryMode OVERRIDE correctly","status":"passed","title":"should map beneficiaryMode OVERRIDE correctly","duration":0.11587499999950523,"failureMessages":[],"location":{"line":159,"column":3},"meta":{}},{"ancestorTitles":["level.mapper","beneficiaryMode and fixedBeneficiaryUser mapping"],"fullName":"level.mapper beneficiaryMode and fixedBeneficiaryUser mapping should map beneficiaryMode BENEFICIARIO_GENERAL correctly","status":"passed","title":"should map beneficiaryMode BENEFICIARIO_GENERAL correctly","duration":0.07862499999828287,"failureMessages":[],"location":{"line":169,"column":3},"meta":{}},{"ancestorTitles":["level.mapper","beneficiaryMode and fixedBeneficiaryUser mapping"],"fullName":"level.mapper beneficiaryMode and fixedBeneficiaryUser mapping should map idFixedBeneficiaryUser as null when not set","status":"passed","title":"should map idFixedBeneficiaryUser as null when not set","duration":0.0711669999982405,"failureMessages":[],"location":{"line":180,"column":3},"meta":{}},{"ancestorTitles":["level.mapper","beneficiaryMode and fixedBeneficiaryUser mapping"],"fullName":"level.mapper beneficiaryMode and fixedBeneficiaryUser mapping should map idFixedBeneficiaryUser when set","status":"passed","title":"should map idFixedBeneficiaryUser when set","duration":0.058625000001484295,"failureMessages":[],"location":{"line":190,"column":3},"meta":{}},{"ancestorTitles":["level.mapper","beneficiaryMode and fixedBeneficiaryUser mapping"],"fullName":"level.mapper beneficiaryMode and fixedBeneficiaryUser mapping should map fixedBeneficiaryUser as null when relation not included","status":"passed","title":"should map fixedBeneficiaryUser as null when relation not included","duration":0.057874999998603016,"failureMessages":[],"location":{"line":200,"column":3},"meta":{}},{"ancestorTitles":["level.mapper","beneficiaryMode and fixedBeneficiaryUser mapping"],"fullName":"level.mapper beneficiaryMode and fixedBeneficiaryUser mapping should map fixedBeneficiaryUser when relation is included","status":"passed","title":"should map fixedBeneficiaryUser when relation is included","duration":0.3599159999976109,"failureMessages":[],"location":{"line":209,"column":3},"meta":{}},{"ancestorTitles":["level.mapper","color, idNextLevel, and enum mapping"],"fullName":"level.mapper color, idNextLevel, and enum mapping should map color field correctly","status":"passed","title":"should map color field correctly","duration":0.06024999999863212,"failureMessages":[],"location":{"line":233,"column":3},"meta":{}},{"ancestorTitles":["level.mapper","color, idNextLevel, and enum mapping"],"fullName":"level.mapper color, idNextLevel, and enum mapping should map idNextLevel and nextLevel.id + nextLevel.name when relation is present","status":"passed","title":"should map idNextLevel and nextLevel.id + nextLevel.name when relation is present","duration":0.14237499999944703,"failureMessages":[],"location":{"line":241,"column":3},"meta":{}},{"ancestorTitles":["level.mapper","color, idNextLevel, and enum mapping"],"fullName":"level.mapper color, idNextLevel, and enum mapping should map nextLevel as null when relation is absent","status":"passed","title":"should map nextLevel as null when relation is absent","duration":0.06354199999987031,"failureMessages":[],"location":{"line":266,"column":3},"meta":{}},{"ancestorTitles":["level.mapper","color, idNextLevel, and enum mapping"],"fullName":"level.mapper color, idNextLevel, and enum mapping should map OVERRIDE beneficiaryMode correctly","status":"passed","title":"should map OVERRIDE beneficiaryMode correctly","duration":0.052999999999883585,"failureMessages":[],"location":{"line":276,"column":3},"meta":{}},{"ancestorTitles":["level.mapper","color, idNextLevel, and enum mapping"],"fullName":"level.mapper color, idNextLevel, and enum mapping should map BENEFICIARIO_GENERAL beneficiaryMode correctly","status":"passed","title":"should map BENEFICIARIO_GENERAL beneficiaryMode correctly","duration":0.05995799999800511,"failureMessages":[],"location":{"line":284,"column":3},"meta":{}},{"ancestorTitles":["level.mapper","prismaLevelListToLevels"],"fullName":"level.mapper prismaLevelListToLevels should transform list of Prisma levels to Levels array (happy path)","status":"passed","title":"should transform list of Prisma levels to Levels array (happy path)","duration":0.5496669999993173,"failureMessages":[],"location":{"line":295,"column":3},"meta":{}},{"ancestorTitles":["level.mapper","prismaLevelListToLevels"],"fullName":"level.mapper prismaLevelListToLevels should handle empty array","status":"passed","title":"should handle empty array","duration":0.114292000002024,"failureMessages":[],"location":{"line":320,"column":3},"meta":{}},{"ancestorTitles":["level.mapper","prismaLevelListToLevels"],"fullName":"level.mapper prismaLevelListToLevels should transform single level in array","status":"passed","title":"should transform single level in array","duration":0.12099999999918509,"failureMessages":[],"location":{"line":329,"column":3},"meta":{}},{"ancestorTitles":["level.mapper","prismaLevelListToLevels"],"fullName":"level.mapper prismaLevelListToLevels should preserve all level properties in list","status":"passed","title":"should preserve all level properties in list","duration":0.12995800000135205,"failureMessages":[],"location":{"line":346,"column":3},"meta":{}},{"ancestorTitles":["level.mapper","prismaLevelListToLevels"],"fullName":"level.mapper prismaLevelListToLevels should maintain order of levels","status":"passed","title":"should maintain order of levels","duration":0.0869170000005397,"failureMessages":[],"location":{"line":390,"column":3},"meta":{}}],"startTime":1778639182041,"endTime":1778639182045.13,"status":"passed","message":"","name":"/Users/andres/Documents/financieramente/financieramente-app/src/features/levels/__tests__/mappers/level.mapper.test.ts"},{"assertionResults":[{"ancestorTitles":["level-api","getLevels"],"fullName":"level-api getLevels should fetch levels successfully (happy path)","status":"passed","title":"should fetch levels successfully (happy path)","duration":1.1727500000015425,"failureMessages":[],"location":{"line":31,"column":3},"meta":{}},{"ancestorTitles":["level-api","getLevels"],"fullName":"level-api getLevels should handle API error (apiClient throws)","status":"passed","title":"should handle API error (apiClient throws)","duration":0.21095799999966403,"failureMessages":[],"location":{"line":41,"column":3},"meta":{}},{"ancestorTitles":["level-api","getLevels"],"fullName":"level-api getLevels should handle unknown error","status":"passed","title":"should handle unknown error","duration":0.13266700000167475,"failureMessages":[],"location":{"line":50,"column":3},"meta":{}},{"ancestorTitles":["level-api","getLevels"],"fullName":"level-api getLevels should pass search params correctly","status":"passed","title":"should pass search params correctly","duration":0.616874999999709,"failureMessages":[],"location":{"line":61,"column":3},"meta":{}},{"ancestorTitles":["level-api","getLevels"],"fullName":"level-api getLevels should pass typeLevel filter correctly","status":"passed","title":"should pass typeLevel filter correctly","duration":0.19041699999797856,"failureMessages":[],"location":{"line":71,"column":3},"meta":{}},{"ancestorTitles":["level-api","getLevels"],"fullName":"level-api getLevels should pass status filter correctly","status":"passed","title":"should pass status filter correctly","duration":0.15358399999968242,"failureMessages":[],"location":{"line":81,"column":3},"meta":{}},{"ancestorTitles":["level-api","getLevels"],"fullName":"level-api getLevels should pass pagination params correctly","status":"passed","title":"should pass pagination params correctly","duration":0.148165999999037,"failureMessages":[],"location":{"line":91,"column":3},"meta":{}},{"ancestorTitles":["level-api","getLevels"],"fullName":"level-api getLevels should combine multiple filters correctly","status":"passed","title":"should combine multiple filters correctly","duration":0.30320799999753945,"failureMessages":[],"location":{"line":101,"column":3},"meta":{}},{"ancestorTitles":["level-api","getLevel"],"fullName":"level-api getLevel should fetch single level successfully (happy path)","status":"passed","title":"should fetch single level successfully (happy path)","duration":0.1346659999981057,"failureMessages":[],"location":{"line":124,"column":3},"meta":{}},{"ancestorTitles":["level-api","getLevel"],"fullName":"level-api getLevel should handle 404 error (level not found)","status":"passed","title":"should handle 404 error (level not found)","duration":0.13387499999953434,"failureMessages":[],"location":{"line":134,"column":3},"meta":{}},{"ancestorTitles":["level-api","getLevel"],"fullName":"level-api getLevel should handle network error","status":"passed","title":"should handle network error","duration":0.10887500000171713,"failureMessages":[],"location":{"line":143,"column":3},"meta":{}},{"ancestorTitles":["level-api","createLevel"],"fullName":"level-api createLevel should create level successfully (happy path)","status":"passed","title":"should create level successfully (happy path)","duration":0.125,"failureMessages":[],"location":{"line":154,"column":3},"meta":{}},{"ancestorTitles":["level-api","createLevel"],"fullName":"level-api createLevel should handle validation error (Zod)","status":"passed","title":"should handle validation error (Zod)","duration":0.09541700000045239,"failureMessages":[],"location":{"line":170,"column":3},"meta":{}},{"ancestorTitles":["level-api","createLevel"],"fullName":"level-api createLevel should handle duplicate code error (409)","status":"passed","title":"should handle duplicate code error (409)","duration":0.09999999999854481,"failureMessages":[],"location":{"line":185,"column":3},"meta":{}},{"ancestorTitles":["level-api","createLevel"],"fullName":"level-api createLevel should handle network error","status":"passed","title":"should handle network error","duration":0.08229100000244216,"failureMessages":[],"location":{"line":204,"column":3},"meta":{}},{"ancestorTitles":["level-api","createLevel"],"fullName":"level-api createLevel should call apiClient.post with correct arguments","status":"passed","title":"should call apiClient.post with correct arguments","duration":0.24699999999938882,"failureMessages":[],"location":{"line":219,"column":3},"meta":{}},{"ancestorTitles":["level-api","updateLevel"],"fullName":"level-api updateLevel should update level successfully (happy path)","status":"passed","title":"should update level successfully (happy path)","duration":0.10124999999970896,"failureMessages":[],"location":{"line":238,"column":3},"meta":{}},{"ancestorTitles":["level-api","updateLevel"],"fullName":"level-api updateLevel should handle validation error (Zod)","status":"passed","title":"should handle validation error (Zod)","duration":0.0824590000011085,"failureMessages":[],"location":{"line":250,"column":3},"meta":{}},{"ancestorTitles":["level-api","updateLevel"],"fullName":"level-api updateLevel should handle 404 error (level not found)","status":"passed","title":"should handle 404 error (level not found)","duration":0.09433300000091549,"failureMessages":[],"location":{"line":259,"column":3},"meta":{}},{"ancestorTitles":["level-api","updateLevel"],"fullName":"level-api updateLevel should handle duplicate code error (409)","status":"passed","title":"should handle duplicate code error (409)","duration":0.09325000000171713,"failureMessages":[],"location":{"line":268,"column":3},"meta":{}},{"ancestorTitles":["level-api","updateLevel"],"fullName":"level-api updateLevel should handle network error","status":"passed","title":"should handle network error","duration":0.08024999999906868,"failureMessages":[],"location":{"line":281,"column":3},"meta":{}},{"ancestorTitles":["level-api","updateLevel"],"fullName":"level-api updateLevel should call apiClient.put with correct arguments","status":"passed","title":"should call apiClient.put with correct arguments","duration":0.11408300000039162,"failureMessages":[],"location":{"line":290,"column":3},"meta":{}},{"ancestorTitles":["level-api","deleteLevel"],"fullName":"level-api deleteLevel should delete level successfully (happy path)","status":"passed","title":"should delete level successfully (happy path)","duration":0.0755410000019765,"failureMessages":[],"location":{"line":302,"column":3},"meta":{}},{"ancestorTitles":["level-api","deleteLevel"],"fullName":"level-api deleteLevel should handle 404 error (level not found)","status":"passed","title":"should handle 404 error (level not found)","duration":0.08112500000061118,"failureMessages":[],"location":{"line":310,"column":3},"meta":{}},{"ancestorTitles":["level-api","deleteLevel"],"fullName":"level-api deleteLevel should handle foreign key constraint error","status":"passed","title":"should handle foreign key constraint error","duration":0.07841700000062701,"failureMessages":[],"location":{"line":319,"column":3},"meta":{}},{"ancestorTitles":["level-api","deleteLevel"],"fullName":"level-api deleteLevel should handle network error","status":"passed","title":"should handle network error","duration":0.08037500000136788,"failureMessages":[],"location":{"line":334,"column":3},"meta":{}},{"ancestorTitles":["level-api","deactivateLevel"],"fullName":"level-api deactivateLevel should deactivate level successfully (happy path)","status":"passed","title":"should deactivate level successfully (happy path)","duration":0.19370899999921676,"failureMessages":[],"location":{"line":345,"column":3},"meta":{}},{"ancestorTitles":["level-api","deactivateLevel"],"fullName":"level-api deactivateLevel should handle 404 error (level not found)","status":"passed","title":"should handle 404 error (level not found)","duration":0.09095799999704468,"failureMessages":[],"location":{"line":356,"column":3},"meta":{}},{"ancestorTitles":["level-api","deactivateLevel"],"fullName":"level-api deactivateLevel should handle network error","status":"passed","title":"should handle network error","duration":0.09312499999941792,"failureMessages":[],"location":{"line":365,"column":3},"meta":{}},{"ancestorTitles":["level-api","deactivateLevel"],"fullName":"level-api deactivateLevel should handle unknown error","status":"passed","title":"should handle unknown error","duration":0.07512499999938882,"failureMessages":[],"location":{"line":374,"column":3},"meta":{}}],"startTime":1778639175446,"endTime":1778639175452.093,"status":"passed","message":"","name":"/Users/andres/Documents/financieramente/financieramente-app/src/features/levels/__tests__/lib/level-api.test.ts"},{"assertionResults":[{"ancestorTitles":["level-schemas","createLevelSchema"],"fullName":"level-schemas createLevelSchema should validate valid level data (happy path)","status":"passed","title":"should validate valid level data (happy path)","duration":2.6765419999974256,"failureMessages":[],"location":{"line":9,"column":3},"meta":{}},{"ancestorTitles":["level-schemas","createLevelSchema"],"fullName":"level-schemas createLevelSchema should trim whitespace from code and name","status":"passed","title":"should trim whitespace from code and name","duration":0.3071249999993597,"failureMessages":[],"location":{"line":29,"column":3},"meta":{}},{"ancestorTitles":["level-schemas","createLevelSchema"],"fullName":"level-schemas createLevelSchema should reject empty code","status":"passed","title":"should reject empty code","duration":0.513582999999926,"failureMessages":[],"location":{"line":46,"column":3},"meta":{}},{"ancestorTitles":["level-schemas","createLevelSchema"],"fullName":"level-schemas createLevelSchema should reject code longer than 20 characters","status":"passed","title":"should reject code longer than 20 characters","duration":0.18716700000004494,"failureMessages":[],"location":{"line":61,"column":3},"meta":{}},{"ancestorTitles":["level-schemas","createLevelSchema"],"fullName":"level-schemas createLevelSchema should accept code with exactly 20 characters","status":"passed","title":"should accept code with exactly 20 characters","duration":0.11287499999889405,"failureMessages":[],"location":{"line":76,"column":3},"meta":{}},{"ancestorTitles":["level-schemas","createLevelSchema"],"fullName":"level-schemas createLevelSchema should reject empty name","status":"passed","title":"should reject empty name","duration":0.15625,"failureMessages":[],"location":{"line":89,"column":3},"meta":{}},{"ancestorTitles":["level-schemas","createLevelSchema"],"fullName":"level-schemas createLevelSchema should reject name shorter than 2 characters","status":"passed","title":"should reject name shorter than 2 characters","duration":0.12141699999847333,"failureMessages":[],"location":{"line":104,"column":3},"meta":{}},{"ancestorTitles":["level-schemas","createLevelSchema"],"fullName":"level-schemas createLevelSchema should reject name longer than 50 characters","status":"passed","title":"should reject name longer than 50 characters","duration":0.12720900000203983,"failureMessages":[],"location":{"line":119,"column":3},"meta":{}},{"ancestorTitles":["level-schemas","createLevelSchema"],"fullName":"level-schemas createLevelSchema should accept name with exactly 2 characters","status":"passed","title":"should accept name with exactly 2 characters","duration":0.09145900000294205,"failureMessages":[],"location":{"line":134,"column":3},"meta":{}},{"ancestorTitles":["level-schemas","createLevelSchema"],"fullName":"level-schemas createLevelSchema should accept name with exactly 50 characters","status":"passed","title":"should accept name with exactly 50 characters","duration":0.1086250000007567,"failureMessages":[],"location":{"line":147,"column":3},"meta":{}},{"ancestorTitles":["level-schemas","createLevelSchema"],"fullName":"level-schemas createLevelSchema should validate typeLevel enum MMS","status":"passed","title":"should validate typeLevel enum MMS","duration":0.08279200000106357,"failureMessages":[],"location":{"line":160,"column":3},"meta":{}},{"ancestorTitles":["level-schemas","createLevelSchema"],"fullName":"level-schemas createLevelSchema should validate typeLevel enum ALIADO","status":"passed","title":"should validate typeLevel enum ALIADO","duration":0.06629099999918253,"failureMessages":[],"location":{"line":173,"column":3},"meta":{}},{"ancestorTitles":["level-schemas","createLevelSchema"],"fullName":"level-schemas createLevelSchema should validate typeLevel enum TRINITY","status":"passed","title":"should validate typeLevel enum TRINITY","duration":0.07141699999920093,"failureMessages":[],"location":{"line":186,"column":3},"meta":{}},{"ancestorTitles":["level-schemas","createLevelSchema"],"fullName":"level-schemas createLevelSchema should accept optional descripcion as null","status":"passed","title":"should accept optional descripcion as null","duration":0.11008299999957671,"failureMessages":[],"location":{"line":199,"column":3},"meta":{}},{"ancestorTitles":["level-schemas","createLevelSchema"],"fullName":"level-schemas createLevelSchema should accept optional descripcion as undefined","status":"passed","title":"should accept optional descripcion as undefined","duration":0.06608300000152667,"failureMessages":[],"location":{"line":216,"column":3},"meta":{}},{"ancestorTitles":["level-schemas","createLevelSchema"],"fullName":"level-schemas createLevelSchema should accept descripcion as string","status":"passed","title":"should accept descripcion as string","duration":0.07854199999928824,"failureMessages":[],"location":{"line":229,"column":3},"meta":{}},{"ancestorTitles":["level-schemas","createLevelSchema"],"fullName":"level-schemas createLevelSchema should validate status as boolean","status":"passed","title":"should validate status as boolean","duration":0.08187499999985448,"failureMessages":[],"location":{"line":246,"column":3},"meta":{}},{"ancestorTitles":["level-schemas","createLevelSchema"],"fullName":"level-schemas createLevelSchema should reject missing required fields","status":"passed","title":"should reject missing required fields","duration":0.19395799999983865,"failureMessages":[],"location":{"line":262,"column":3},"meta":{}},{"ancestorTitles":["level-schemas","beneficiaryMode and idFixedBeneficiaryUser validation"],"fullName":"level-schemas beneficiaryMode and idFixedBeneficiaryUser validation should fail when BENEFICIARIO_GENERAL and idFixedBeneficiaryUser is null","status":"passed","title":"should fail when BENEFICIARIO_GENERAL and idFixedBeneficiaryUser is null","duration":0.2193329999972775,"failureMessages":[],"location":{"line":287,"column":3},"meta":{}},{"ancestorTitles":["level-schemas","beneficiaryMode and idFixedBeneficiaryUser validation"],"fullName":"level-schemas beneficiaryMode and idFixedBeneficiaryUser validation should fail when BENEFICIARIO_GENERAL and idFixedBeneficiaryUser is undefined","status":"passed","title":"should fail when BENEFICIARIO_GENERAL and idFixedBeneficiaryUser is undefined","duration":0.10912499999903957,"failureMessages":[],"location":{"line":309,"column":3},"meta":{}},{"ancestorTitles":["level-schemas","beneficiaryMode and idFixedBeneficiaryUser validation"],"fullName":"level-schemas beneficiaryMode and idFixedBeneficiaryUser validation should pass when OVERRIDE and idFixedBeneficiaryUser is null","status":"passed","title":"should pass when OVERRIDE and idFixedBeneficiaryUser is null","duration":0.06170800000109011,"failureMessages":[],"location":{"line":329,"column":3},"meta":{}},{"ancestorTitles":["level-schemas","beneficiaryMode and idFixedBeneficiaryUser validation"],"fullName":"level-schemas beneficiaryMode and idFixedBeneficiaryUser validation should pass when BENEFICIARIO_GENERAL and idFixedBeneficiaryUser is a valid positive integer","status":"passed","title":"should pass when BENEFICIARIO_GENERAL and idFixedBeneficiaryUser is a valid positive integer","duration":0.16479199999957928,"failureMessages":[],"location":{"line":344,"column":3},"meta":{}},{"ancestorTitles":["level-schemas","beneficiaryMode and idFixedBeneficiaryUser validation"],"fullName":"level-schemas beneficiaryMode and idFixedBeneficiaryUser validation should default beneficiaryMode to OVERRIDE when not provided","status":"passed","title":"should default beneficiaryMode to OVERRIDE when not provided","duration":0.07254199999806588,"failureMessages":[],"location":{"line":363,"column":3},"meta":{}},{"ancestorTitles":["level-schemas","color field validation"],"fullName":"level-schemas color field validation should fail when color is missing","status":"passed","title":"should fail when color is missing","duration":0.11070800000015879,"failureMessages":[],"location":{"line":381,"column":3},"meta":{}},{"ancestorTitles":["level-schemas","color field validation"],"fullName":"level-schemas color field validation should fail when color is not a valid hex color","status":"passed","title":"should fail when color is not a valid hex color","duration":0.11729099999865866,"failureMessages":[],"location":{"line":396,"column":3},"meta":{}},{"ancestorTitles":["level-schemas","color field validation"],"fullName":"level-schemas color field validation should pass when color is a valid 6-digit hex color","status":"passed","title":"should pass when color is a valid 6-digit hex color","duration":0.05933300000106101,"failureMessages":[],"location":{"line":412,"column":3},"meta":{}},{"ancestorTitles":["level-schemas","idNextLevel field validation"],"fullName":"level-schemas idNextLevel field validation should pass when idNextLevel is not provided (optional)","status":"passed","title":"should pass when idNextLevel is not provided (optional)","duration":0.05983299999934388,"failureMessages":[],"location":{"line":426,"column":3},"meta":{}},{"ancestorTitles":["level-schemas","idNextLevel field validation"],"fullName":"level-schemas idNextLevel field validation should pass when idNextLevel is a positive integer","status":"passed","title":"should pass when idNextLevel is a positive integer","duration":0.08087499999965075,"failureMessages":[],"location":{"line":438,"column":3},"meta":{}},{"ancestorTitles":["level-schemas","idNextLevel field validation"],"fullName":"level-schemas idNextLevel field validation should pass when idNextLevel is null","status":"passed","title":"should pass when idNextLevel is null","duration":0.06204100000104518,"failureMessages":[],"location":{"line":454,"column":3},"meta":{}},{"ancestorTitles":["level-schemas","updateLevelSchema"],"fullName":"level-schemas updateLevelSchema should validate with all fields (happy path)","status":"passed","title":"should validate with all fields (happy path)","duration":0.3578330000018468,"failureMessages":[],"location":{"line":469,"column":3},"meta":{}},{"ancestorTitles":["level-schemas","updateLevelSchema"],"fullName":"level-schemas updateLevelSchema should validate with only code","status":"passed","title":"should validate with only code","duration":0.061083000000508036,"failureMessages":[],"location":{"line":482,"column":3},"meta":{}},{"ancestorTitles":["level-schemas","updateLevelSchema"],"fullName":"level-schemas updateLevelSchema should validate with only name","status":"passed","title":"should validate with only name","duration":0.05929200000173296,"failureMessages":[],"location":{"line":491,"column":3},"meta":{}},{"ancestorTitles":["level-schemas","updateLevelSchema"],"fullName":"level-schemas updateLevelSchema should validate with only typeLevel","status":"passed","title":"should validate with only typeLevel","duration":0.0632499999992433,"failureMessages":[],"location":{"line":500,"column":3},"meta":{}},{"ancestorTitles":["level-schemas","updateLevelSchema"],"fullName":"level-schemas updateLevelSchema should validate with only descripcion","status":"passed","title":"should validate with only descripcion","duration":0.059916999998677056,"failureMessages":[],"location":{"line":509,"column":3},"meta":{}},{"ancestorTitles":["level-schemas","updateLevelSchema"],"fullName":"level-schemas updateLevelSchema should validate with only status","status":"passed","title":"should validate with only status","duration":0.059290999997756444,"failureMessages":[],"location":{"line":518,"column":3},"meta":{}},{"ancestorTitles":["level-schemas","updateLevelSchema"],"fullName":"level-schemas updateLevelSchema should validate empty object (partial update)","status":"passed","title":"should validate empty object (partial update)","duration":0.054667000000335975,"failureMessages":[],"location":{"line":527,"column":3},"meta":{}},{"ancestorTitles":["level-schemas","updateLevelSchema"],"fullName":"level-schemas updateLevelSchema should reject code shorter than 1 character when provided","status":"passed","title":"should reject code shorter than 1 character when provided","duration":0.12512499999866122,"failureMessages":[],"location":{"line":534,"column":3},"meta":{}},{"ancestorTitles":["level-schemas","updateLevelSchema"],"fullName":"level-schemas updateLevelSchema should reject code longer than 20 characters when provided","status":"passed","title":"should reject code longer than 20 characters when provided","duration":0.1056669999998121,"failureMessages":[],"location":{"line":546,"column":3},"meta":{}},{"ancestorTitles":["level-schemas","updateLevelSchema"],"fullName":"level-schemas updateLevelSchema should reject name shorter than 2 characters when provided","status":"passed","title":"should reject name shorter than 2 characters when provided","duration":0.1126670000012382,"failureMessages":[],"location":{"line":558,"column":3},"meta":{}},{"ancestorTitles":["level-schemas","updateLevelSchema"],"fullName":"level-schemas updateLevelSchema should reject name longer than 50 characters when provided","status":"passed","title":"should reject name longer than 50 characters when provided","duration":0.08837499999935972,"failureMessages":[],"location":{"line":570,"column":3},"meta":{}},{"ancestorTitles":["level-schemas","updateLevelSchema"],"fullName":"level-schemas updateLevelSchema should trim whitespace from string fields","status":"passed","title":"should trim whitespace from string fields","duration":0.08962500000052387,"failureMessages":[],"location":{"line":582,"column":3},"meta":{}}],"startTime":1778639177899,"endTime":1778639177907.1125,"status":"passed","message":"","name":"/Users/andres/Documents/financieramente/financieramente-app/src/features/levels/__tests__/lib/level-schemas.test.ts"},{"assertionResults":[{"ancestorTitles":["cleanNumericValue"],"fullName":"cleanNumericValue parses currency with thousands and comma decimal","status":"passed","title":"parses currency with thousands and comma decimal","duration":0.7752499999987776,"failureMessages":[],"location":{"line":10,"column":2},"meta":{}},{"ancestorTitles":["cleanNumericValue"],"fullName":"cleanNumericValue parses negative values with parentheses","status":"passed","title":"parses negative values with parentheses","duration":0.12808299999960582,"failureMessages":[],"location":{"line":14,"column":2},"meta":{}},{"ancestorTitles":["cleanNumericValue"],"fullName":"cleanNumericValue parses negative values with minus sign","status":"passed","title":"parses negative values with minus sign","duration":0.0904579999987618,"failureMessages":[],"location":{"line":18,"column":2},"meta":{}},{"ancestorTitles":["cleanNumericValue"],"fullName":"cleanNumericValue parses values with multiple thousand separators","status":"passed","title":"parses values with multiple thousand separators","duration":0.08374999999796273,"failureMessages":[],"location":{"line":22,"column":2},"meta":{}},{"ancestorTitles":["cleanNumericValue"],"fullName":"cleanNumericValue parses comma as decimal when dot is absent","status":"passed","title":"parses comma as decimal when dot is absent","duration":0.07808300000033341,"failureMessages":[],"location":{"line":26,"column":2},"meta":{}},{"ancestorTitles":["cleanNumericValue"],"fullName":"cleanNumericValue returns null for invalid numeric values","status":"passed","title":"returns null for invalid numeric values","duration":0.08904199999960838,"failureMessages":[],"location":{"line":30,"column":2},"meta":{}},{"ancestorTitles":["cleanLoadFileMoneyValue"],"fullName":"cleanLoadFileMoneyValue returns positive magnitude for negative Excel-style number","status":"passed","title":"returns positive magnitude for negative Excel-style number","duration":0.11141700000007404,"failureMessages":[],"location":{"line":36,"column":2},"meta":{}},{"ancestorTitles":["cleanLoadFileMoneyValue"],"fullName":"cleanLoadFileMoneyValue parses US accounting string with currency and parentheses","status":"passed","title":"parses US accounting string with currency and parentheses","duration":0.06304200000158744,"failureMessages":[],"location":{"line":40,"column":2},"meta":{}},{"ancestorTitles":["cleanLoadFileMoneyValue"],"fullName":"cleanLoadFileMoneyValue parses European positive amount","status":"passed","title":"parses European positive amount","duration":0.06666599999880418,"failureMessages":[],"location":{"line":44,"column":2},"meta":{}},{"ancestorTitles":["cleanLoadFileMoneyValue"],"fullName":"cleanLoadFileMoneyValue returns positive magnitude for EU amount in parentheses","status":"passed","title":"returns positive magnitude for EU amount in parentheses","duration":0.07958299999882001,"failureMessages":[],"location":{"line":48,"column":2},"meta":{}},{"ancestorTitles":["cleanLoadFileMoneyValue"],"fullName":"cleanLoadFileMoneyValue returns null for invalid values","status":"passed","title":"returns null for invalid values","duration":0.06062499999825377,"failureMessages":[],"location":{"line":52,"column":2},"meta":{}},{"ancestorTitles":["toDecimalFromLoadFileMoney"],"fullName":"toDecimalFromLoadFileMoney returns string for valid load-file money","status":"passed","title":"returns string for valid load-file money","duration":0.06920899999749963,"failureMessages":[],"location":{"line":58,"column":2},"meta":{}},{"ancestorTitles":["toDecimalFromLoadFileMoney"],"fullName":"toDecimalFromLoadFileMoney returns 0 for invalid values","status":"passed","title":"returns 0 for invalid values","duration":0.05654100000174367,"failureMessages":[],"location":{"line":62,"column":2},"meta":{}},{"ancestorTitles":["toDecimal"],"fullName":"toDecimal returns decimal string for valid values","status":"passed","title":"returns decimal string for valid values","duration":0.06683399999747053,"failureMessages":[],"location":{"line":68,"column":2},"meta":{}},{"ancestorTitles":["toDecimal"],"fullName":"toDecimal returns 0 for invalid values","status":"passed","title":"returns 0 for invalid values","duration":0.05291699999725097,"failureMessages":[],"location":{"line":72,"column":2},"meta":{}}],"startTime":1778639184937,"endTime":1778639184939.0796,"status":"passed","message":"","name":"/Users/andres/Documents/financieramente/financieramente-app/src/features/load-file/__tests__/lib/number-utils.test.ts"},{"assertionResults":[{"ancestorTitles":["validateExcelStructure"],"fullName":"validateExcelStructure validates POLIZA headers","status":"passed","title":"validates POLIZA headers","duration":13.248708999999508,"failureMessages":[],"location":{"line":37,"column":2},"meta":{}},{"ancestorTitles":["validateExcelStructure"],"fullName":"validateExcelStructure validates VOLUNTARIA headers","status":"passed","title":"validates VOLUNTARIA headers","duration":3.8064160000030824,"failureMessages":[],"location":{"line":43,"column":2},"meta":{}},{"ancestorTitles":["validateExcelStructure"],"fullName":"validateExcelStructure rejects mismatched headers for file type","status":"passed","title":"rejects mismatched headers for file type","duration":2.7203339999978198,"failureMessages":[],"location":{"line":49,"column":2},"meta":{}},{"ancestorTitles":["validateExcelStructure"],"fullName":"validateExcelStructure returns error when the Excel file is empty (no rows)","status":"passed","title":"returns error when the Excel file is empty (no rows)","duration":2.0927500000034343,"failureMessages":[],"location":{"line":56,"column":2},"meta":{}},{"ancestorTitles":["validateExcelStructure"],"fullName":"validateExcelStructure returns error when the file is corrupted and cannot be parsed","status":"passed","title":"returns error when the file is corrupted and cannot be parsed","duration":1.5465000000003783,"failureMessages":[],"location":{"line":77,"column":2},"meta":{}},{"ancestorTitles":["validateExcelStructure"],"fullName":"validateExcelStructure accepts POLIZA headers with non-accented column name (Plan de Compensacion)","status":"passed","title":"accepts POLIZA headers with non-accented column name (Plan de Compensacion)","duration":2.334292000003188,"failureMessages":[],"location":{"line":89,"column":2},"meta":{}}],"startTime":1778639173980,"endTime":1778639174006.3342,"status":"passed","message":"","name":"/Users/andres/Documents/financieramente/financieramente-app/src/features/load-file/__tests__/lib/validate-excel-structure.test.ts"},{"assertionResults":[{"ancestorTitles":["deleteFileImport"],"fullName":"deleteFileImport returns NOT_FOUND when file import does not exist or does not belong to user","status":"passed","title":"returns NOT_FOUND when file import does not exist or does not belong to user","duration":1.1877499999973224,"failureMessages":[],"location":{"line":77,"column":2},"meta":{}},{"ancestorTitles":["deleteFileImport"],"fullName":"deleteFileImport returns INVALID_STATUS when status is PRE-SETTLED","status":"passed","title":"returns INVALID_STATUS when status is PRE-SETTLED","duration":0.23970900000131223,"failureMessages":[],"location":{"line":90,"column":2},"meta":{}},{"ancestorTitles":["deleteFileImport"],"fullName":"deleteFileImport returns INVALID_STATUS when status is SETTLED","status":"passed","title":"returns INVALID_STATUS when status is SETTLED","duration":0.16208299999925657,"failureMessages":[],"location":{"line":106,"column":2},"meta":{}},{"ancestorTitles":["deleteFileImport"],"fullName":"deleteFileImport returns success when status is LOAD and runs transaction","status":"passed","title":"returns success when status is LOAD and runs transaction","duration":0.3085830000018177,"failureMessages":[],"location":{"line":122,"column":2},"meta":{}},{"ancestorTitles":["deleteFileImport"],"fullName":"deleteFileImport returns success when status is ERROR and runs transaction","status":"passed","title":"returns success when status is ERROR and runs transaction","duration":0.1955420000012964,"failureMessages":[],"location":{"line":137,"column":2},"meta":{}}],"startTime":1778639184415,"endTime":1778639184417.1956,"status":"passed","message":"","name":"/Users/andres/Documents/financieramente/financieramente-app/src/features/load-file/__tests__/services/delete-file-import.service.test.ts"},{"assertionResults":[{"ancestorTitles":["RowValidatorService.isEmptyValue"],"fullName":"RowValidatorService.isEmptyValue returns true for null","status":"passed","title":"returns true for null","duration":0.6514160000006086,"failureMessages":[],"location":{"line":27,"column":2},"meta":{}},{"ancestorTitles":["RowValidatorService.isEmptyValue"],"fullName":"RowValidatorService.isEmptyValue returns true for undefined","status":"passed","title":"returns true for undefined","duration":0.098374999997759,"failureMessages":[],"location":{"line":31,"column":2},"meta":{}},{"ancestorTitles":["RowValidatorService.isEmptyValue"],"fullName":"RowValidatorService.isEmptyValue returns true for empty string","status":"passed","title":"returns true for empty string","duration":0.07429099999717437,"failureMessages":[],"location":{"line":35,"column":2},"meta":{}},{"ancestorTitles":["RowValidatorService.isEmptyValue"],"fullName":"RowValidatorService.isEmptyValue returns true for whitespace-only string","status":"passed","title":"returns true for whitespace-only string","duration":0.06766699999934644,"failureMessages":[],"location":{"line":39,"column":2},"meta":{}},{"ancestorTitles":["RowValidatorService.isEmptyValue"],"fullName":"RowValidatorService.isEmptyValue returns false for a valid string","status":"passed","title":"returns false for a valid string","duration":0.06154199999946286,"failureMessages":[],"location":{"line":43,"column":2},"meta":{}},{"ancestorTitles":["RowValidatorService.isEmptyValue"],"fullName":"RowValidatorService.isEmptyValue returns false for a number","status":"passed","title":"returns false for a number","duration":0.06775000000197906,"failureMessages":[],"location":{"line":47,"column":2},"meta":{}},{"ancestorTitles":["RowValidatorService.cleanStringValue"],"fullName":"RowValidatorService.cleanStringValue returns null for null input","status":"passed","title":"returns null for null input","duration":0.06095900000218535,"failureMessages":[],"location":{"line":57,"column":2},"meta":{}},{"ancestorTitles":["RowValidatorService.cleanStringValue"],"fullName":"RowValidatorService.cleanStringValue returns null for undefined input","status":"passed","title":"returns null for undefined input","duration":0.04545799999687006,"failureMessages":[],"location":{"line":61,"column":2},"meta":{}},{"ancestorTitles":["RowValidatorService.cleanStringValue"],"fullName":"RowValidatorService.cleanStringValue returns null for empty string","status":"passed","title":"returns null for empty string","duration":0.05241600000226754,"failureMessages":[],"location":{"line":65,"column":2},"meta":{}},{"ancestorTitles":["RowValidatorService.cleanStringValue"],"fullName":"RowValidatorService.cleanStringValue returns null for whitespace-only string","status":"passed","title":"returns null for whitespace-only string","duration":0.06308400000125403,"failureMessages":[],"location":{"line":69,"column":2},"meta":{}},{"ancestorTitles":["RowValidatorService.cleanStringValue"],"fullName":"RowValidatorService.cleanStringValue returns trimmed string for padded value","status":"passed","title":"returns trimmed string for padded value","duration":0.045792000000801636,"failureMessages":[],"location":{"line":73,"column":2},"meta":{}},{"ancestorTitles":["RowValidatorService.cleanStringValue"],"fullName":"RowValidatorService.cleanStringValue returns the value as string for a number","status":"passed","title":"returns the value as string for a number","duration":0.03804099999979371,"failureMessages":[],"location":{"line":77,"column":2},"meta":{}},{"ancestorTitles":["RowValidatorService.parseDate"],"fullName":"RowValidatorService.parseDate returns null for null input","status":"passed","title":"returns null for null input","duration":0.07108399999924586,"failureMessages":[],"location":{"line":87,"column":2},"meta":{}},{"ancestorTitles":["RowValidatorService.parseDate"],"fullName":"RowValidatorService.parseDate returns null for empty string","status":"passed","title":"returns null for empty string","duration":0.040208000002166955,"failureMessages":[],"location":{"line":91,"column":2},"meta":{}},{"ancestorTitles":["RowValidatorService.parseDate"],"fullName":"RowValidatorService.parseDate returns the same Date for a Date input","status":"passed","title":"returns the same Date for a Date input","duration":0.04191699999864795,"failureMessages":[],"location":{"line":95,"column":2},"meta":{}},{"ancestorTitles":["RowValidatorService.parseDate"],"fullName":"RowValidatorService.parseDate parses a valid ISO date string","status":"passed","title":"parses a valid ISO date string","duration":0.10995799999727751,"failureMessages":[],"location":{"line":100,"column":2},"meta":{}},{"ancestorTitles":["RowValidatorService.parseDate"],"fullName":"RowValidatorService.parseDate returns null for an invalid date string","status":"passed","title":"returns null for an invalid date string","duration":0.03725000000122236,"failureMessages":[],"location":{"line":107,"column":2},"meta":{}},{"ancestorTitles":["RowValidatorService.parseDate"],"fullName":"RowValidatorService.parseDate parses an Excel serial number to a valid date","status":"passed","title":"parses an Excel serial number to a valid date","duration":0.10241700000187848,"failureMessages":[],"location":{"line":111,"column":2},"meta":{}},{"ancestorTitles":["RowValidatorService.getColumnValue"],"fullName":"RowValidatorService.getColumnValue returns value via exact header match","status":"passed","title":"returns value via exact header match","duration":0.18637500000113505,"failureMessages":[],"location":{"line":125,"column":2},"meta":{}},{"ancestorTitles":["RowValidatorService.getColumnValue"],"fullName":"RowValidatorService.getColumnValue returns value via single-word fuzzy match (word boundary)","status":"passed","title":"returns value via single-word fuzzy match (word boundary)","duration":0.10499999999956344,"failureMessages":[],"location":{"line":130,"column":2},"meta":{}},{"ancestorTitles":["RowValidatorService.getColumnValue"],"fullName":"RowValidatorService.getColumnValue returns value via multi-word fuzzy match (ordered words)","status":"passed","title":"returns value via multi-word fuzzy match (ordered words)","duration":0.052250000000640284,"failureMessages":[],"location":{"line":138,"column":2},"meta":{}},{"ancestorTitles":["RowValidatorService.getColumnValue"],"fullName":"RowValidatorService.getColumnValue returns null when no header matches","status":"passed","title":"returns null when no header matches","duration":0.06062500000189175,"failureMessages":[],"location":{"line":149,"column":2},"meta":{}},{"ancestorTitles":["RowValidatorService.getColumnValue"],"fullName":"RowValidatorService.getColumnValue returns null for multi-word required when words are in wrong order","status":"passed","title":"returns null for multi-word required when words are in wrong order","duration":0.05345900000247639,"failureMessages":[],"location":{"line":156,"column":2},"meta":{}},{"ancestorTitles":["RowValidatorService.validateAndExtractRow — validation errors"],"fullName":"RowValidatorService.validateAndExtractRow — validation errors throws when contract (Cto) is missing","status":"passed","title":"throws when contract (Cto) is missing","duration":0.49350000000049477,"failureMessages":[],"location":{"line":175,"column":2},"meta":{}},{"ancestorTitles":["RowValidatorService.validateAndExtractRow — validation errors"],"fullName":"RowValidatorService.validateAndExtractRow — validation errors throws when Base is empty","status":"passed","title":"throws when Base is empty","duration":0.09566700000141282,"failureMessages":[],"location":{"line":193,"column":2},"meta":{}},{"ancestorTitles":["RowValidatorService.validateAndExtractRow — validation errors"],"fullName":"RowValidatorService.validateAndExtractRow — validation errors throws when Base is not a valid number","status":"passed","title":"throws when Base is not a valid number","duration":0.21579099999871687,"failureMessages":[],"location":{"line":211,"column":2},"meta":{}},{"ancestorTitles":["RowValidatorService.validateAndExtractRow — validation errors"],"fullName":"RowValidatorService.validateAndExtractRow — validation errors throws when Com is empty","status":"passed","title":"throws when Com is empty","duration":0.09766699999818229,"failureMessages":[],"location":{"line":229,"column":2},"meta":{}},{"ancestorTitles":["RowValidatorService.validateAndExtractRow — validation errors"],"fullName":"RowValidatorService.validateAndExtractRow — validation errors throws when Voluntaria dates are missing","status":"passed","title":"throws when Voluntaria dates are missing","duration":0.08875000000261934,"failureMessages":[],"location":{"line":247,"column":2},"meta":{}},{"ancestorTitles":["RowValidatorService.validateAndExtractRow — happy paths"],"fullName":"RowValidatorService.validateAndExtractRow — happy paths extracts all fields correctly for VOLUNTARIA","status":"passed","title":"extracts all fields correctly for VOLUNTARIA","duration":0.22379200000068522,"failureMessages":[],"location":{"line":271,"column":2},"meta":{}},{"ancestorTitles":["RowValidatorService.validateAndExtractRow — happy paths"],"fullName":"RowValidatorService.validateAndExtractRow — happy paths extracts all fields correctly for POLIZA (no dates)","status":"passed","title":"extracts all fields correctly for POLIZA (no dates)","duration":0.1056669999998121,"failureMessages":[],"location":{"line":295,"column":2},"meta":{}},{"ancestorTitles":["RowValidatorService.validateAndExtractRow — happy paths"],"fullName":"RowValidatorService.validateAndExtractRow — happy paths normalizes POLIZA commission from accounting negative number to positive magnitude","status":"passed","title":"normalizes POLIZA commission from accounting negative number to positive magnitude","duration":0.05816600000252947,"failureMessages":[],"location":{"line":317,"column":2},"meta":{}},{"ancestorTitles":["RowValidatorService.validateAndExtractRow — happy paths"],"fullName":"RowValidatorService.validateAndExtractRow — happy paths normalizes POLIZA commission from US accounting string","status":"passed","title":"normalizes POLIZA commission from US accounting string","duration":0.08008300000074087,"failureMessages":[],"location":{"line":334,"column":2},"meta":{}},{"ancestorTitles":["RowValidatorService.validateAndExtractRow — happy paths"],"fullName":"RowValidatorService.validateAndExtractRow — happy paths returns null descripcion when descripcion column is empty","status":"passed","title":"returns null descripcion when descripcion column is empty","duration":0.07225000000107684,"failureMessages":[],"location":{"line":352,"column":2},"meta":{}}],"startTime":1778639179244,"endTime":1778639179248.2239,"status":"passed","message":"","name":"/Users/andres/Documents/financieramente/financieramente-app/src/features/load-file/__tests__/services/row.validator.service.test.ts"},{"assertionResults":[{"ancestorTitles":["GET /api/negocios/[id] — hierarchical visibility","ADMIN always sees any business"],"fullName":"GET /api/negocios/[id] — hierarchical visibility ADMIN always sees any business returns business without idUser restriction for ADMIN","status":"passed","title":"returns business without idUser restriction for ADMIN","duration":2.444375000002765,"failureMessages":[],"location":{"line":104,"column":3},"meta":{}},{"ancestorTitles":["GET /api/negocios/[id] — hierarchical visibility","AGENTE sees own business"],"fullName":"GET /api/negocios/[id] — hierarchical visibility AGENTE sees own business returns 200 for own business","status":"passed","title":"returns 200 for own business","duration":0.42937499999970896,"failureMessages":[],"location":{"line":123,"column":3},"meta":{}},{"ancestorTitles":["GET /api/negocios/[id] — hierarchical visibility","AGENTE sees own business"],"fullName":"GET /api/negocios/[id] — hierarchical visibility AGENTE sees own business returns 404 when business belongs to unrelated user","status":"passed","title":"returns 404 when business belongs to unrelated user","duration":0.29799999999886495,"failureMessages":[],"location":{"line":137,"column":3},"meta":{}},{"ancestorTitles":["GET /api/negocios/[id] — hierarchical visibility","AGENTE leader sees subordinate business"],"fullName":"GET /api/negocios/[id] — hierarchical visibility AGENTE leader sees subordinate business returns 200 when business belongs to direct subordinate","status":"passed","title":"returns 200 when business belongs to direct subordinate","duration":0.38224999999874854,"failureMessages":[],"location":{"line":154,"column":3},"meta":{}}],"startTime":1778639182065,"endTime":1778639182068.4294,"status":"passed","message":"","name":"/Users/andres/Documents/financieramente/financieramente-app/src/features/negocios/__tests__/api/negocios-detail-hierarchy.test.ts"},{"assertionResults":[{"ancestorTitles":["GET /api/negocios — hierarchical visibility","ADMIN sees all — no idUser scope"],"fullName":"GET /api/negocios — hierarchical visibility ADMIN sees all — no idUser scope does NOT apply idUser filter for ADMIN","status":"passed","title":"does NOT apply idUser filter for ADMIN","duration":3.622041000002355,"failureMessages":[],"location":{"line":77,"column":3},"meta":{}},{"ancestorTitles":["GET /api/negocios — hierarchical visibility","AGENTE (non-ADMIN) sees own + subordinates"],"fullName":"GET /api/negocios — hierarchical visibility AGENTE (non-ADMIN) sees own + subordinates calls getSubordinateUserIds and passes visibleUserIds to where builder","status":"passed","title":"calls getSubordinateUserIds and passes visibleUserIds to where builder","duration":0.7398749999993015,"failureMessages":[],"location":{"line":98,"column":3},"meta":{}},{"ancestorTitles":["GET /api/negocios — hierarchical visibility","AGENTE (non-ADMIN) sees own + subordinates"],"fullName":"GET /api/negocios — hierarchical visibility AGENTE (non-ADMIN) sees own + subordinates AGENTE with no subordinates sees only own businesses","status":"passed","title":"AGENTE with no subordinates sees only own businesses","duration":0.4568330000001879,"failureMessages":[],"location":{"line":133,"column":3},"meta":{}},{"ancestorTitles":["GET /api/negocios — hierarchical visibility","Non-ADMIN non-AGENTE role (ASISTENTE_GERENCIA_OPERATIVA) is scoped"],"fullName":"GET /api/negocios — hierarchical visibility Non-ADMIN non-AGENTE role (ASISTENTE_GERENCIA_OPERATIVA) is scoped applies hierarchy scope for ASISTENTE_GERENCIA_OPERATIVA","status":"passed","title":"applies hierarchy scope for ASISTENTE_GERENCIA_OPERATIVA","duration":0.4468329999981506,"failureMessages":[],"location":{"line":160,"column":3},"meta":{}}],"startTime":1778639178896,"endTime":1778639178901.4468,"status":"passed","message":"","name":"/Users/andres/Documents/financieramente/financieramente-app/src/features/negocios/__tests__/api/negocios-list-hierarchy.test.ts"},{"assertionResults":[{"ancestorTitles":["GET /api/negocios/stats — hierarchical visibility","ADMIN sees all — no idUser scope in stats"],"fullName":"GET /api/negocios/stats — hierarchical visibility ADMIN sees all — no idUser scope in stats does NOT apply idUser filter in groupBy where for ADMIN","status":"passed","title":"does NOT apply idUser filter in groupBy where for ADMIN","duration":3.006375000000844,"failureMessages":[],"location":{"line":70,"column":3},"meta":{}},{"ancestorTitles":["GET /api/negocios/stats — hierarchical visibility","AGENTE sees own + subordinates in stats"],"fullName":"GET /api/negocios/stats — hierarchical visibility AGENTE sees own + subordinates in stats applies IN predicate with hierarchy IDs in groupBy where","status":"passed","title":"applies IN predicate with hierarchy IDs in groupBy where","duration":0.8722500000003492,"failureMessages":[],"location":{"line":91,"column":3},"meta":{}},{"ancestorTitles":["GET /api/negocios/stats — hierarchical visibility","AGENTE sees own + subordinates in stats"],"fullName":"GET /api/negocios/stats — hierarchical visibility AGENTE sees own + subordinates in stats AGENTE with no subordinates scopes stats to own idUser only","status":"passed","title":"AGENTE with no subordinates scopes stats to own idUser only","duration":6.0005830000009155,"failureMessages":[],"location":{"line":117,"column":3},"meta":{}}],"startTime":1778639181653,"endTime":1778639181663.0005,"status":"passed","message":"","name":"/Users/andres/Documents/financieramente/financieramente-app/src/features/negocios/__tests__/api/negocios-stats-hierarchy.test.ts"},{"assertionResults":[{"ancestorTitles":["ActionCell","Visibilidad de botones"],"fullName":"ActionCell Visibilidad de botones should show edit button for VENTA_EFECTUADA status","status":"passed","title":"should show edit button for VENTA_EFECTUADA status","duration":96.73987500000021,"failureMessages":[],"location":{"line":20,"column":3},"meta":{}},{"ancestorTitles":["ActionCell","Visibilidad de botones"],"fullName":"ActionCell Visibilidad de botones should show edit button for EMITIDO status when user is ADMIN","status":"passed","title":"should show edit button for EMITIDO status when user is ADMIN","duration":33.778166000000056,"failureMessages":[],"location":{"line":28,"column":3},"meta":{}},{"ancestorTitles":["ActionCell","Visibilidad de botones"],"fullName":"ActionCell Visibilidad de botones should NOT show edit button for EMITIDO when user is AGENTE","status":"passed","title":"should NOT show edit button for EMITIDO when user is AGENTE","duration":21.044957999999497,"failureMessages":[],"location":{"line":42,"column":3},"meta":{}},{"ancestorTitles":["ActionCell","Visibilidad de botones"],"fullName":"ActionCell Visibilidad de botones should NOT show edit button for CANCELADO status","status":"passed","title":"should NOT show edit button for CANCELADO status","duration":18.47520799999984,"failureMessages":[],"location":{"line":56,"column":3},"meta":{}},{"ancestorTitles":["ActionCell","Visibilidad de botones"],"fullName":"ActionCell Visibilidad de botones should always show view button","status":"passed","title":"should always show view button","duration":52.870208999999704,"failureMessages":[],"location":{"line":69,"column":3},"meta":{}},{"ancestorTitles":["ActionCell","Visibilidad de botones"],"fullName":"ActionCell Visibilidad de botones should show cancel button for ADMIN role","status":"passed","title":"should show cancel button for ADMIN role","duration":20.989125000000058,"failureMessages":[],"location":{"line":75,"column":3},"meta":{}},{"ancestorTitles":["ActionCell","Visibilidad de botones"],"fullName":"ActionCell Visibilidad de botones should show cancel button for ANALISTA_SOPORTE role","status":"passed","title":"should show cancel button for ANALISTA_SOPORTE role","duration":7.789291999999477,"failureMessages":[],"location":{"line":83,"column":3},"meta":{}},{"ancestorTitles":["ActionCell","Visibilidad de botones"],"fullName":"ActionCell Visibilidad de botones should show cancel button for ASISTENTE_GERENCIA_OPERATIVA role","status":"passed","title":"should show cancel button for ASISTENTE_GERENCIA_OPERATIVA role","duration":12.5,"failureMessages":[],"location":{"line":93,"column":3},"meta":{}},{"ancestorTitles":["ActionCell","Visibilidad de botones"],"fullName":"ActionCell Visibilidad de botones should NOT show cancel button for AGENTE role","status":"passed","title":"should NOT show cancel button for AGENTE role","duration":7.281207999999424,"failureMessages":[],"location":{"line":106,"column":3},"meta":{}},{"ancestorTitles":["ActionCell","Visibilidad de botones"],"fullName":"ActionCell Visibilidad de botones should NOT show cancel button for CANCELADO status","status":"passed","title":"should NOT show cancel button for CANCELADO status","duration":4.327624999999898,"failureMessages":[],"location":{"line":114,"column":3},"meta":{}},{"ancestorTitles":["ActionCell","Eventos de click"],"fullName":"ActionCell Eventos de click should call onEdit when edit button is clicked","status":"passed","title":"should call onEdit when edit button is clicked","duration":15.929082999999991,"failureMessages":[],"location":{"line":129,"column":3},"meta":{}},{"ancestorTitles":["ActionCell","Eventos de click"],"fullName":"ActionCell Eventos de click should call onView when view button is clicked","status":"passed","title":"should call onView when view button is clicked","duration":7.056540999999925,"failureMessages":[],"location":{"line":138,"column":3},"meta":{}},{"ancestorTitles":["ActionCell","Eventos de click"],"fullName":"ActionCell Eventos de click should call onCancel when cancel button is clicked","status":"passed","title":"should call onCancel when cancel button is clicked","duration":7.338584000000083,"failureMessages":[],"location":{"line":147,"column":3},"meta":{}},{"ancestorTitles":["ActionCell","Fondear button visibility"],"fullName":"ActionCell Fondear button visibility should NOT show \"Ver Fondeo\" button for AGENTE role on EMITIDO without payments","status":"passed","title":"should NOT show \"Ver Fondeo\" button for AGENTE role on EMITIDO without payments","duration":2.6883749999997235,"failureMessages":[],"location":{"line":159,"column":3},"meta":{}},{"ancestorTitles":["ActionCell","Fondear button visibility"],"fullName":"ActionCell Fondear button visibility should show \"Ver Fondeo\" for AGENTE with pending annual payments","status":"passed","title":"should show \"Ver Fondeo\" for AGENTE with pending annual payments","duration":5.1313749999999345,"failureMessages":[],"location":{"line":175,"column":3},"meta":{}},{"ancestorTitles":["ActionCell","Fondear button visibility"],"fullName":"ActionCell Fondear button visibility should NOT show Fondear button for FONDEADO status","status":"passed","title":"should NOT show Fondear button for FONDEADO status","duration":3.4063340000002427,"failureMessages":[],"location":{"line":192,"column":3},"meta":{}},{"ancestorTitles":["ActionCell","Fondear button visibility"],"fullName":"ActionCell Fondear button visibility should show Fondear button for EMITIDO + anual con cuotas pendientes","status":"passed","title":"should show Fondear button for EMITIDO + anual con cuotas pendientes","duration":9.897958000000472,"failureMessages":[],"location":{"line":208,"column":3},"meta":{}},{"ancestorTitles":["ActionCell","Fondear button visibility"],"fullName":"ActionCell Fondear button visibility should NOT show Fondear for EMITIDO + anual sin cuotas pendientes","status":"passed","title":"should NOT show Fondear for EMITIDO + anual sin cuotas pendientes","duration":5.907624999999825,"failureMessages":[],"location":{"line":225,"column":3},"meta":{}},{"ancestorTitles":["ActionCell","Fondear button visibility"],"fullName":"ActionCell Fondear button visibility should show Fondear for FONDEADO + anual con cuotas pendientes","status":"passed","title":"should show Fondear for FONDEADO + anual con cuotas pendientes","duration":4.791250000000218,"failureMessages":[],"location":{"line":242,"column":3},"meta":{}},{"ancestorTitles":["ActionCell","Fondear button visibility"],"fullName":"ActionCell Fondear button visibility should NOT show Fondear button for ANALISTA_SOPORTE role","status":"passed","title":"should NOT show Fondear button for ANALISTA_SOPORTE role","duration":4.240624999999454,"failureMessages":[],"location":{"line":259,"column":3},"meta":{}},{"ancestorTitles":["ActionCell","Fondear button visibility"],"fullName":"ActionCell Fondear button visibility should show Fondear button for EMITIDO + ADMIN + no annual payments","status":"passed","title":"should show Fondear button for EMITIDO + ADMIN + no annual payments","duration":10.017249999999876,"failureMessages":[],"location":{"line":275,"column":3},"meta":{}},{"ancestorTitles":["ActionCell","Fondear button visibility"],"fullName":"ActionCell Fondear button visibility should show Fondear button for EMITIDO + ASISTENTE_GERENCIA_OPERATIVA + no annual payments","status":"passed","title":"should show Fondear button for EMITIDO + ASISTENTE_GERENCIA_OPERATIVA + no annual payments","duration":6.8474999999998545,"failureMessages":[],"location":{"line":291,"column":3},"meta":{}},{"ancestorTitles":["ActionCell","Escenario 10: Visualización del ícono de cancelar según rol"],"fullName":"ActionCell Escenario 10: Visualización del ícono de cancelar según rol should show edit, view, cancel for ASISTENTE_GERENCIA in VENTA_EFECTUADA","status":"passed","title":"should show edit, view, cancel for ASISTENTE_GERENCIA in VENTA_EFECTUADA","duration":7.987999999999374,"failureMessages":[],"location":{"line":309,"column":3},"meta":{}},{"ancestorTitles":["ActionCell","Escenario 10: Visualización del ícono de cancelar según rol"],"fullName":"ActionCell Escenario 10: Visualización del ícono de cancelar según rol should show edit, view, cancel for ASISTENTE_GERENCIA in EMITIDO","status":"passed","title":"should show edit, view, cancel for ASISTENTE_GERENCIA in EMITIDO","duration":13.99724999999944,"failureMessages":[],"location":{"line":327,"column":3},"meta":{}},{"ancestorTitles":["ActionCell","Escenario 10: Visualización del ícono de cancelar según rol"],"fullName":"ActionCell Escenario 10: Visualización del ícono de cancelar según rol should show only view for CANCELADO status","status":"passed","title":"should show only view for CANCELADO status","duration":3.449416000000383,"failureMessages":[],"location":{"line":345,"column":3},"meta":{}}],"startTime":1778639161862,"endTime":1778639162247.4495,"status":"passed","message":"","name":"/Users/andres/Documents/financieramente/financieramente-app/src/features/negocios/__tests__/components/action-cell.test.tsx"},{"assertionResults":[{"ancestorTitles":["AgentAutocomplete","Happy Path"],"fullName":"AgentAutocomplete Happy Path should render with placeholder when no value","status":"passed","title":"should render with placeholder when no value","duration":25.177958999999646,"failureMessages":[],"location":{"line":78,"column":3},"meta":{}},{"ancestorTitles":["AgentAutocomplete","Happy Path"],"fullName":"AgentAutocomplete Happy Path should display selected agent from default agents list","status":"passed","title":"should display selected agent from default agents list","duration":5.582124999999905,"failureMessages":[],"location":{"line":84,"column":3},"meta":{}},{"ancestorTitles":["AgentAutocomplete","Happy Path"],"fullName":"AgentAutocomplete Happy Path should open popover when button is clicked","status":"passed","title":"should open popover when button is clicked","duration":58.928915999999845,"failureMessages":[],"location":{"line":97,"column":3},"meta":{}},{"ancestorTitles":["AgentAutocomplete","Happy Path"],"fullName":"AgentAutocomplete Happy Path should select agent from default agents list","status":"passed","title":"should select agent from default agents list","duration":25.7592080000004,"failureMessages":[],"location":{"line":108,"column":3},"meta":{}},{"ancestorTitles":["AgentAutocomplete","Remote Search"],"fullName":"AgentAutocomplete Remote Search should search agents remotely when onSearch is provided","status":"passed","title":"should search agents remotely when onSearch is provided","duration":42.548917000000074,"failureMessages":[],"location":{"line":136,"column":3},"meta":{}},{"ancestorTitles":["AgentAutocomplete","Remote Search"],"fullName":"AgentAutocomplete Remote Search should select agent from remote search results","status":"passed","title":"should select agent from remote search results","duration":42.39416699999947,"failureMessages":[],"location":{"line":171,"column":3},"meta":{}},{"ancestorTitles":["AgentAutocomplete","Remote Search"],"fullName":"AgentAutocomplete Remote Search should persist selected agent after search query is cleared","status":"passed","title":"should persist selected agent after search query is cleared","duration":31.83679200000006,"failureMessages":[],"location":{"line":208,"column":3},"meta":{}},{"ancestorTitles":["AgentAutocomplete","Remote Search"],"fullName":"AgentAutocomplete Remote Search should show loading state while searching","status":"passed","title":"should show loading state while searching","duration":27.015832999999475,"failureMessages":[],"location":{"line":259,"column":3},"meta":{}},{"ancestorTitles":["AgentAutocomplete","Remote Search"],"fullName":"AgentAutocomplete Remote Search should require at least 3 characters for remote search","status":"passed","title":"should require at least 3 characters for remote search","duration":17.67583300000024,"failureMessages":[],"location":{"line":286,"column":3},"meta":{}},{"ancestorTitles":["AgentAutocomplete","Agent Persistence"],"fullName":"AgentAutocomplete Agent Persistence should display selected agent from cache after remoteAgents is cleared","status":"passed","title":"should display selected agent from cache after remoteAgents is cleared","duration":25.16162500000064,"failureMessages":[],"location":{"line":314,"column":3},"meta":{}},{"ancestorTitles":["AgentAutocomplete","Agent Persistence"],"fullName":"AgentAutocomplete Agent Persistence should not show \"Money Strategist no encontrado\" when agent is in cache","status":"passed","title":"should not show \"Money Strategist no encontrado\" when agent is in cache","duration":23.848958999999923,"failureMessages":[],"location":{"line":364,"column":3},"meta":{}},{"ancestorTitles":["AgentAutocomplete","Edit Mode"],"fullName":"AgentAutocomplete Edit Mode should initialize cache from agents prop in edit mode","status":"passed","title":"should initialize cache from agents prop in edit mode","duration":2.952541999999994,"failureMessages":[],"location":{"line":413,"column":3},"meta":{}},{"ancestorTitles":["AgentAutocomplete","Edit Mode"],"fullName":"AgentAutocomplete Edit Mode should display existing agent in edit mode","status":"passed","title":"should display existing agent in edit mode","duration":4.049916999999368,"failureMessages":[],"location":{"line":424,"column":3},"meta":{}},{"ancestorTitles":["AgentAutocomplete","Edit Mode"],"fullName":"AgentAutocomplete Edit Mode should allow changing agent in edit mode","status":"passed","title":"should allow changing agent in edit mode","duration":20.223915999999917,"failureMessages":[],"location":{"line":436,"column":3},"meta":{}},{"ancestorTitles":["AgentAutocomplete","Create Mode"],"fullName":"AgentAutocomplete Create Mode should work with default agents when user is agent","status":"passed","title":"should work with default agents when user is agent","duration":10.748916999999892,"failureMessages":[],"location":{"line":465,"column":3},"meta":{}},{"ancestorTitles":["AgentAutocomplete","Create Mode"],"fullName":"AgentAutocomplete Create Mode should allow searching and selecting any agent when canSearchAgents is true","status":"passed","title":"should allow searching and selecting any agent when canSearchAgents is true","duration":30.617417000000387,"failureMessages":[],"location":{"line":478,"column":3},"meta":{}},{"ancestorTitles":["AgentAutocomplete","Cache Management"],"fullName":"AgentAutocomplete Cache Management should avoid duplicate agents in cache","status":"passed","title":"should avoid duplicate agents in cache","duration":55.446084000000155,"failureMessages":[],"location":{"line":518,"column":3},"meta":{}},{"ancestorTitles":["AgentAutocomplete","Cache Management"],"fullName":"AgentAutocomplete Cache Management should merge agents from props into cache","status":"passed","title":"should merge agents from props into cache","duration":11.965374999999767,"failureMessages":[],"location":{"line":594,"column":3},"meta":{}},{"ancestorTitles":["AgentAutocomplete","Value Synchronization"],"fullName":"AgentAutocomplete Value Synchronization should update displayed agent when value prop changes","status":"passed","title":"should update displayed agent when value prop changes","duration":5.962292000000161,"failureMessages":[],"location":{"line":618,"column":3},"meta":{}},{"ancestorTitles":["AgentAutocomplete","Value Synchronization"],"fullName":"AgentAutocomplete Value Synchronization should clear selection when value is set to empty string","status":"passed","title":"should clear selection when value is set to empty string","duration":7.186708000000181,"failureMessages":[],"location":{"line":638,"column":3},"meta":{}},{"ancestorTitles":["AgentAutocomplete","Edge Cases"],"fullName":"AgentAutocomplete Edge Cases should handle empty search results","status":"passed","title":"should handle empty search results","duration":19.80425000000014,"failureMessages":[],"location":{"line":660,"column":3},"meta":{}},{"ancestorTitles":["AgentAutocomplete","Edge Cases"],"fullName":"AgentAutocomplete Edge Cases should handle search error gracefully","status":"passed","title":"should handle search error gracefully","duration":17.815749999999753,"failureMessages":[],"location":{"line":682,"column":3},"meta":{}},{"ancestorTitles":["AgentAutocomplete","Edge Cases"],"fullName":"AgentAutocomplete Edge Cases should filter agents locally when no remote search","status":"passed","title":"should filter agents locally when no remote search","duration":12.424875000000611,"failureMessages":[],"location":{"line":707,"column":3},"meta":{}},{"ancestorTitles":["AgentAutocomplete","Edge Cases"],"fullName":"AgentAutocomplete Edge Cases should display identity number when available","status":"passed","title":"should display identity number when available","duration":3.224916000000121,"failureMessages":[],"location":{"line":724,"column":3},"meta":{}},{"ancestorTitles":["AgentAutocomplete","Accessibility"],"fullName":"AgentAutocomplete Accessibility should have proper aria attributes","status":"passed","title":"should have proper aria attributes","duration":3.124624999999469,"failureMessages":[],"location":{"line":737,"column":3},"meta":{}},{"ancestorTitles":["AgentAutocomplete","Accessibility"],"fullName":"AgentAutocomplete Accessibility should be disabled when disabled prop is true","status":"passed","title":"should be disabled when disabled prop is true","duration":2.348374999999578,"failureMessages":[],"location":{"line":750,"column":3},"meta":{}}],"startTime":1778639159025,"endTime":1778639159564.3484,"status":"passed","message":"","name":"/Users/andres/Documents/financieramente/financieramente-app/src/features/negocios/__tests__/components/agent-autocomplete.test.tsx"},{"assertionResults":[{"ancestorTitles":["BusinessCancelModal","Happy Path - Escenario 11: Inicio del proceso de cancelación"],"fullName":"BusinessCancelModal Happy Path - Escenario 11: Inicio del proceso de cancelación should show modal title with business ID","status":"passed","title":"should show modal title with business ID","duration":85.39141700000005,"failureMessages":[],"location":{"line":20,"column":3},"meta":{}},{"ancestorTitles":["BusinessCancelModal","Happy Path - Escenario 11: Inicio del proceso de cancelación"],"fullName":"BusinessCancelModal Happy Path - Escenario 11: Inicio del proceso de cancelación should show warning message","status":"passed","title":"should show warning message","duration":20.96283299999982,"failureMessages":[],"location":{"line":26,"column":3},"meta":{}},{"ancestorTitles":["BusinessCancelModal","Happy Path - Escenario 11: Inicio del proceso de cancelación"],"fullName":"BusinessCancelModal Happy Path - Escenario 11: Inicio del proceso de cancelación should show business basic info","status":"passed","title":"should show business basic info","duration":21.722082999999884,"failureMessages":[],"location":{"line":35,"column":3},"meta":{}},{"ancestorTitles":["BusinessCancelModal","Happy Path - Escenario 11: Inicio del proceso de cancelación"],"fullName":"BusinessCancelModal Happy Path - Escenario 11: Inicio del proceso de cancelación should show character counter starting at 0","status":"passed","title":"should show character counter starting at 0","duration":14.279708999999912,"failureMessages":[],"location":{"line":43,"column":3},"meta":{}},{"ancestorTitles":["BusinessCancelModal","Happy Path - Escenario 11: Inicio del proceso de cancelación"],"fullName":"BusinessCancelModal Happy Path - Escenario 11: Inicio del proceso de cancelación should have confirm button disabled initially","status":"passed","title":"should have confirm button disabled initially","duration":24.185291000000007,"failureMessages":[],"location":{"line":49,"column":3},"meta":{}},{"ancestorTitles":["BusinessCancelModal","Happy Path - Escenario 11: Inicio del proceso de cancelación"],"fullName":"BusinessCancelModal Happy Path - Escenario 11: Inicio del proceso de cancelación should show status badge","status":"passed","title":"should show status badge","duration":14.487833000000137,"failureMessages":[],"location":{"line":57,"column":3},"meta":{}},{"ancestorTitles":["BusinessCancelModal","Happy Path - Escenario 12: Cancelación exitosa"],"fullName":"BusinessCancelModal Happy Path - Escenario 12: Cancelación exitosa should enable confirm button when reason has 20+ characters","status":"passed","title":"should enable confirm button when reason has 20+ characters","duration":369.0786249999999,"failureMessages":[],"location":{"line":65,"column":3},"meta":{}},{"ancestorTitles":["BusinessCancelModal","Happy Path - Escenario 12: Cancelación exitosa"],"fullName":"BusinessCancelModal Happy Path - Escenario 12: Cancelación exitosa should call onConfirm with reason when confirmed","status":"passed","title":"should call onConfirm with reason when confirmed","duration":299.22904200000016,"failureMessages":[],"location":{"line":80,"column":3},"meta":{}},{"ancestorTitles":["BusinessCancelModal","Happy Path - Escenario 12: Cancelación exitosa"],"fullName":"BusinessCancelModal Happy Path - Escenario 12: Cancelación exitosa should update character counter as user types","status":"passed","title":"should update character counter as user types","duration":68.85645799999975,"failureMessages":[],"location":{"line":94,"column":3},"meta":{}},{"ancestorTitles":["BusinessCancelModal","Happy Path - Escenario 12: Cancelación exitosa"],"fullName":"BusinessCancelModal Happy Path - Escenario 12: Cancelación exitosa should close modal after successful confirm","status":"passed","title":"should close modal after successful confirm","duration":240.6775419999999,"failureMessages":[],"location":{"line":104,"column":3},"meta":{}},{"ancestorTitles":["BusinessCancelModal","Flujos Alternos - Escenario 13: Cancelación del proceso"],"fullName":"BusinessCancelModal Flujos Alternos - Escenario 13: Cancelación del proceso should close modal when cancel button clicked","status":"passed","title":"should close modal when cancel button clicked","duration":23.679749999999785,"failureMessages":[],"location":{"line":132,"column":3},"meta":{}},{"ancestorTitles":["BusinessCancelModal","Flujos Alternos - Escenario 13: Cancelación del proceso"],"fullName":"BusinessCancelModal Flujos Alternos - Escenario 13: Cancelación del proceso should NOT call onConfirm when cancelled","status":"passed","title":"should NOT call onConfirm when cancelled","duration":227.95929100000012,"failureMessages":[],"location":{"line":144,"column":3},"meta":{}},{"ancestorTitles":["BusinessCancelModal","Flujos Alternos - Escenario 13: Cancelación del proceso"],"fullName":"BusinessCancelModal Flujos Alternos - Escenario 13: Cancelación del proceso should reset reason when modal is closed","status":"passed","title":"should reset reason when modal is closed","duration":21.36070800000016,"failureMessages":[],"location":{"line":159,"column":3},"meta":{}},{"ancestorTitles":["BusinessCancelModal","Validación de longitud de motivo"],"fullName":"BusinessCancelModal Validación de longitud de motivo should show minimum length message when under 20 chars","status":"passed","title":"should show minimum length message when under 20 chars","duration":37.20316599999978,"failureMessages":[],"location":{"line":177,"column":3},"meta":{}},{"ancestorTitles":["BusinessCancelModal","Validación de longitud de motivo"],"fullName":"BusinessCancelModal Validación de longitud de motivo should not show minimum message when 20+ chars","status":"passed","title":"should not show minimum message when 20+ chars","duration":163.2544579999999,"failureMessages":[],"location":{"line":187,"column":3},"meta":{}},{"ancestorTitles":["BusinessCancelModal","Validación de longitud de motivo"],"fullName":"BusinessCancelModal Validación de longitud de motivo should truncate at 500 characters","status":"passed","title":"should truncate at 500 characters","duration":7.018874999999753,"failureMessages":[],"location":{"line":201,"column":2},"meta":{}},{"ancestorTitles":["BusinessCancelModal","Estado de carga"],"fullName":"BusinessCancelModal Estado de carga should show loading skeleton when isLoading","status":"passed","title":"should show loading skeleton when isLoading","duration":4.966207999999824,"failureMessages":[],"location":{"line":214,"column":3},"meta":{}},{"ancestorTitles":["BusinessCancelModal","Estado de carga"],"fullName":"BusinessCancelModal Estado de carga should not render when business is null","status":"passed","title":"should not render when business is null","duration":0.46333400000003166,"failureMessages":[],"location":{"line":221,"column":3},"meta":{}},{"ancestorTitles":["BusinessCancelModal","Estado de carga"],"fullName":"BusinessCancelModal Estado de carga should show loading state during submission","status":"passed","title":"should show loading state during submission","duration":130.5190419999999,"failureMessages":[],"location":{"line":227,"column":3},"meta":{}}],"startTime":1778639155464,"endTime":1778639157239.519,"status":"passed","message":"","name":"/Users/andres/Documents/financieramente/financieramente-app/src/features/negocios/__tests__/components/business-cancel-modal.test.tsx"},{"assertionResults":[{"ancestorTitles":["BusinessTableSection status filter options"],"fullName":"BusinessTableSection status filter options includes Liquidado and excludes Comisionando","status":"passed","title":"includes Liquidado and excludes Comisionando","duration":28.43512499999997,"failureMessages":[],"location":{"line":74,"column":2},"meta":{}},{"ancestorTitles":["BusinessTableSection status filter options"],"fullName":"BusinessTableSection status filter options renders \"Fecha creación\" as the creation column header","status":"passed","title":"renders \"Fecha creación\" as the creation column header","duration":5.6417919999985315,"failureMessages":[],"location":{"line":92,"column":2},"meta":{}}],"startTime":1778639172620,"endTime":1778639172654.6418,"status":"passed","message":"","name":"/Users/andres/Documents/financieramente/financieramente-app/src/features/negocios/__tests__/components/business-table-status-filter.test.tsx"},{"assertionResults":[{"ancestorTitles":["BusinessViewModal","Happy Path"],"fullName":"BusinessViewModal Happy Path should render business ID in title","status":"passed","title":"should render business ID in title","duration":93.3800839999999,"failureMessages":[],"location":{"line":38,"column":3},"meta":{}},{"ancestorTitles":["BusinessViewModal","Happy Path"],"fullName":"BusinessViewModal Happy Path should display client information","status":"passed","title":"should display client information","duration":16.767457999999806,"failureMessages":[],"location":{"line":44,"column":3},"meta":{}},{"ancestorTitles":["BusinessViewModal","Happy Path"],"fullName":"BusinessViewModal Happy Path should display product information","status":"passed","title":"should display product information","duration":39.72816699999976,"failureMessages":[],"location":{"line":52,"column":3},"meta":{}},{"ancestorTitles":["BusinessViewModal","Happy Path"],"fullName":"BusinessViewModal Happy Path should display agent information","status":"passed","title":"should display agent information","duration":28.35433299999977,"failureMessages":[],"location":{"line":59,"column":3},"meta":{}},{"ancestorTitles":["BusinessViewModal","Happy Path"],"fullName":"BusinessViewModal Happy Path should show status badge","status":"passed","title":"should show status badge","duration":13.333417000000281,"failureMessages":[],"location":{"line":66,"column":3},"meta":{}},{"ancestorTitles":["BusinessViewModal","Happy Path"],"fullName":"BusinessViewModal Happy Path should format currency value","status":"passed","title":"should format currency value","duration":28.670166999999765,"failureMessages":[],"location":{"line":73,"column":3},"meta":{}},{"ancestorTitles":["BusinessViewModal","Happy Path"],"fullName":"BusinessViewModal Happy Path should call onOpenChange when close button clicked","status":"passed","title":"should call onOpenChange when close button clicked","duration":27.858416000000034,"failureMessages":[],"location":{"line":80,"column":3},"meta":{}},{"ancestorTitles":["BusinessViewModal","Happy Path"],"fullName":"BusinessViewModal Happy Path should display term correctly","status":"passed","title":"should display term correctly","duration":34.3484169999997,"failureMessages":[],"location":{"line":91,"column":3},"meta":{}},{"ancestorTitles":["BusinessViewModal","Happy Path"],"fullName":"BusinessViewModal Happy Path should display periodicity","status":"passed","title":"should display periodicity","duration":47.23945800000001,"failureMessages":[],"location":{"line":97,"column":3},"meta":{}},{"ancestorTitles":["BusinessViewModal","Happy Path"],"fullName":"BusinessViewModal Happy Path should display client origin","status":"passed","title":"should display client origin","duration":38.558874999999716,"failureMessages":[],"location":{"line":103,"column":3},"meta":{}},{"ancestorTitles":["BusinessViewModal","Flujos Alternos"],"fullName":"BusinessViewModal Flujos Alternos should show \"Sin asignar\" when contract is null","status":"passed","title":"should show \"Sin asignar\" when contract is null","duration":11.671790999999757,"failureMessages":[],"location":{"line":111,"column":3},"meta":{}},{"ancestorTitles":["BusinessViewModal","Flujos Alternos"],"fullName":"BusinessViewModal Flujos Alternos should not render when business is null","status":"passed","title":"should not render when business is null","duration":0.8786659999996118,"failureMessages":[],"location":{"line":118,"column":3},"meta":{}},{"ancestorTitles":["BusinessViewModal","Flujos Alternos"],"fullName":"BusinessViewModal Flujos Alternos should handle missing periodicity","status":"passed","title":"should handle missing periodicity","duration":13.340208999999959,"failureMessages":[],"location":{"line":124,"column":3},"meta":{}},{"ancestorTitles":["BusinessViewModal","Flujos Alternos"],"fullName":"BusinessViewModal Flujos Alternos should handle missing term","status":"passed","title":"should handle missing term","duration":10.035917000000154,"failureMessages":[],"location":{"line":133,"column":3},"meta":{}},{"ancestorTitles":["BusinessViewModal","Flujos Alternos"],"fullName":"BusinessViewModal Flujos Alternos should show loading skeleton when isLoading","status":"passed","title":"should show loading skeleton when isLoading","duration":7.55541600000015,"failureMessages":[],"location":{"line":142,"column":3},"meta":{}},{"ancestorTitles":["BusinessViewModal","Flujos Alternos"],"fullName":"BusinessViewModal Flujos Alternos should not render when open is false","status":"passed","title":"should not render when open is false","duration":1.5637910000000375,"failureMessages":[],"location":{"line":148,"column":3},"meta":{}},{"ancestorTitles":["BusinessViewModal","Edit client origin from Ver Negocio modal when EMITIDO"],"fullName":"BusinessViewModal Edit client origin from Ver Negocio modal when EMITIDO Modal loads with origin as label and Editar origen in footer when EMITIDO","status":"passed","title":"Modal loads with origin as label and Editar origen in footer when EMITIDO","duration":22.30345800000032,"failureMessages":[],"location":{"line":161,"column":3},"meta":{}},{"ancestorTitles":["BusinessViewModal","Edit client origin from Ver Negocio modal when EMITIDO"],"fullName":"BusinessViewModal Edit client origin from Ver Negocio modal when EMITIDO Clicking Editar origen shows Select and Guardar in footer","status":"passed","title":"Clicking Editar origen shows Select and Guardar in footer","duration":55.58299999999963,"failureMessages":[],"location":{"line":184,"column":3},"meta":{}},{"ancestorTitles":["BusinessViewModal","Edit client origin from Ver Negocio modal when EMITIDO"],"fullName":"BusinessViewModal Edit client origin from Ver Negocio modal when EMITIDO User saves new origin and modal returns to label view","status":"passed","title":"User saves new origin and modal returns to label view","duration":154.47866599999998,"failureMessages":[],"location":{"line":212,"column":3},"meta":{}},{"ancestorTitles":["BusinessViewModal","Edit client origin from Ver Negocio modal when EMITIDO"],"fullName":"BusinessViewModal Edit client origin from Ver Negocio modal when EMITIDO Non-EMITIDO business does not show Editar origen","status":"passed","title":"Non-EMITIDO business does not show Editar origen","duration":15.702833000000282,"failureMessages":[],"location":{"line":253,"column":3},"meta":{}},{"ancestorTitles":["BusinessViewModal","Edit client origin from Ver Negocio modal when EMITIDO"],"fullName":"BusinessViewModal Edit client origin from Ver Negocio modal when EMITIDO shows toast.error with API error message when onSaveOrigin rejects with a 400-like error","status":"passed","title":"shows toast.error with API error message when onSaveOrigin rejects with a 400-like error","duration":115.03775000000041,"failureMessages":[],"location":{"line":275,"column":3},"meta":{}},{"ancestorTitles":["BusinessViewModal","Edit client origin from Ver Negocio modal when EMITIDO"],"fullName":"BusinessViewModal Edit client origin from Ver Negocio modal when EMITIDO does not call toast.error when onSaveOrigin resolves successfully","status":"passed","title":"does not call toast.error when onSaveOrigin resolves successfully","duration":106.47950000000037,"failureMessages":[],"location":{"line":308,"column":3},"meta":{}}],"startTime":1778639157656,"endTime":1778639158539.4795,"status":"passed","message":"","name":"/Users/andres/Documents/financieramente/financieramente-app/src/features/negocios/__tests__/components/business-view-modal.test.tsx"},{"assertionResults":[{"ancestorTitles":["status presentation parity between list and detail"],"fullName":"status presentation parity between list and detail uses the same label for LIQUIDADO in both surfaces","status":"passed","title":"uses the same label for LIQUIDADO in both surfaces","duration":67.0583340000012,"failureMessages":[],"location":{"line":8,"column":2},"meta":{}}],"startTime":1778639171394,"endTime":1778639171461.0583,"status":"passed","message":"","name":"/Users/andres/Documents/financieramente/financieramente-app/src/features/negocios/__tests__/components/status-presentation-parity.test.tsx"},{"assertionResults":[{"ancestorTitles":["createBusiness"],"fullName":"createBusiness creates n annual_payment rows when periodicity is Anual and term is n","status":"passed","title":"creates n annual_payment rows when periodicity is Anual and term is n","duration":2.7078330000003916,"failureMessages":[],"location":{"line":76,"column":2},"meta":{}},{"ancestorTitles":["createBusiness"],"fullName":"createBusiness creates payment rows for non-Anual periodicity based on calculateNumAportes","status":"passed","title":"creates payment rows for non-Anual periodicity based on calculateNumAportes","duration":1.466959000001225,"failureMessages":[],"location":{"line":111,"column":2},"meta":{}},{"ancestorTitles":["createBusiness"],"fullName":"createBusiness creates business with 0 aportes when Anual and term is missing","status":"passed","title":"creates business with 0 aportes when Anual and term is missing","duration":0.3607499999998254,"failureMessages":[],"location":{"line":142,"column":2},"meta":{}},{"ancestorTitles":["createBusiness"],"fullName":"createBusiness returns validation error when term exceeds max","status":"passed","title":"returns validation error when term exceeds max","duration":0.4057090000023891,"failureMessages":[],"location":{"line":165,"column":2},"meta":{}},{"ancestorTitles":["createBusiness"],"fullName":"createBusiness uses VENTA_EFECTUADA and null contract in business.create when contract is omitted","status":"passed","title":"uses VENTA_EFECTUADA and null contract in business.create when contract is omitted","duration":0.6204589999979362,"failureMessages":[],"location":{"line":177,"column":2},"meta":{}},{"ancestorTitles":["createBusiness"],"fullName":"createBusiness sets dateIssued when contract is provided on create","status":"passed","title":"sets dateIssued when contract is provided on create","duration":0.5169999999998254,"failureMessages":[],"location":{"line":213,"column":2},"meta":{}},{"ancestorTitles":["createBusiness"],"fullName":"createBusiness uses the commission id returned by lookup action (specific or fallback)","status":"passed","title":"uses the commission id returned by lookup action (specific or fallback)","duration":0.38579099999697064,"failureMessages":[],"location":{"line":246,"column":2},"meta":{}}],"startTime":1778639178629,"endTime":1778639178636.3857,"status":"passed","message":"","name":"/Users/andres/Documents/financieramente/financieramente-app/src/features/negocios/__tests__/actions/create-business.test.ts"},{"assertionResults":[{"ancestorTitles":["findProductPercentageCommission"],"fullName":"findProductPercentageCommission returns ppc data when service returns config with ppc","status":"passed","title":"returns ppc data when service returns config with ppc","duration":0.9127499999995052,"failureMessages":[],"location":{"line":14,"column":2},"meta":{}},{"ancestorTitles":["findProductPercentageCommission"],"fullName":"findProductPercentageCommission propagates descriptive error message when service throws (no config found)","status":"passed","title":"propagates descriptive error message when service throws (no config found)","duration":0.7750000000014552,"failureMessages":[],"location":{"line":34,"column":2},"meta":{}},{"ancestorTitles":["findProductPercentageCommission"],"fullName":"findProductPercentageCommission returns new-business-config error when config exists but no ppc","status":"passed","title":"returns new-business-config error when config exists but no ppc","duration":0.17500000000291038,"failureMessages":[],"location":{"line":48,"column":2},"meta":{}}],"startTime":1778639185112,"endTime":1778639185114.175,"status":"passed","message":"","name":"/Users/andres/Documents/financieramente/financieramente-app/src/features/negocios/__tests__/actions/find-product-percentage-commission.test.ts"},{"assertionResults":[{"ancestorTitles":["isBlocked — lógica de bloqueo según rol"],"fullName":"isBlocked — lógica de bloqueo según rol ADMIN → isBlocked = false aunque documentValue esté vacío","status":"passed","title":"ADMIN → isBlocked = false aunque documentValue esté vacío","duration":9.242291999998997,"failureMessages":[],"location":{"line":63,"column":2},"meta":{}},{"ancestorTitles":["isBlocked — lógica de bloqueo según rol"],"fullName":"isBlocked — lógica de bloqueo según rol ASISTENTE_GERENCIA_OPERATIVA → isBlocked = false aunque documentValue esté vacío","status":"passed","title":"ASISTENTE_GERENCIA_OPERATIVA → isBlocked = false aunque documentValue esté vacío","duration":1.432916000001569,"failureMessages":[],"location":{"line":78,"column":2},"meta":{}},{"ancestorTitles":["isBlocked — lógica de bloqueo según rol"],"fullName":"isBlocked — lógica de bloqueo según rol AGENTE → isBlocked = true cuando documentValue tiene menos de 5 caracteres","status":"passed","title":"AGENTE → isBlocked = true cuando documentValue tiene menos de 5 caracteres","duration":1.3645830000023125,"failureMessages":[],"location":{"line":93,"column":2},"meta":{}},{"ancestorTitles":["isBlocked — lógica de bloqueo según rol"],"fullName":"isBlocked — lógica de bloqueo según rol AGENTE → isBlocked = false cuando documentValue tiene 5+ caracteres","status":"passed","title":"AGENTE → isBlocked = false cuando documentValue tiene 5+ caracteres","duration":1.7897090000005846,"failureMessages":[],"location":{"line":108,"column":2},"meta":{}},{"ancestorTitles":["isBlocked — lógica de bloqueo según rol"],"fullName":"isBlocked — lógica de bloqueo según rol ANALISTA_SOPORTE → isBlocked = true cuando documentValue está vacío","status":"passed","title":"ANALISTA_SOPORTE → isBlocked = true cuando documentValue está vacío","duration":1.5900829999991402,"failureMessages":[],"location":{"line":123,"column":2},"meta":{}}],"startTime":1778639175910,"endTime":1778639175925.59,"status":"passed","message":"","name":"/Users/andres/Documents/financieramente/financieramente-app/src/features/negocios/__tests__/hooks/use-agent-permissions.test.tsx"},{"assertionResults":[{"ancestorTitles":["useBusinessForm"],"fullName":"useBusinessForm initializes contract from defaultValues in edit mode when stored","status":"passed","title":"initializes contract from defaultValues in edit mode when stored","duration":9.96220799999719,"failureMessages":[],"location":{"line":68,"column":2},"meta":{}},{"ancestorTitles":["useBusinessForm"],"fullName":"useBusinessForm initializes empty contract in edit mode when defaultValues omit contract","status":"passed","title":"initializes empty contract in edit mode when defaultValues omit contract","duration":1.448541000001569,"failureMessages":[],"location":{"line":82,"column":2},"meta":{}},{"ancestorTitles":["useBusinessForm"],"fullName":"useBusinessForm initializes empty contract in create mode when defaultValues omit contract","status":"passed","title":"initializes empty contract in create mode when defaultValues omit contract","duration":1.3147079999980633,"failureMessages":[],"location":{"line":96,"column":2},"meta":{}},{"ancestorTitles":["useBusinessForm"],"fullName":"useBusinessForm accepts alphanumeric contract numbers","status":"passed","title":"accepts alphanumeric contract numbers","duration":2.271540999998251,"failureMessages":[],"location":{"line":109,"column":2},"meta":{}}],"startTime":1778639176152,"endTime":1778639176167.2715,"status":"passed","message":"","name":"/Users/andres/Documents/financieramente/financieramente-app/src/features/negocios/__tests__/hooks/use-business-form.test.tsx"},{"assertionResults":[{"ancestorTitles":["useBusinessMutation","updateBusiness"],"fullName":"useBusinessMutation updateBusiness should update business successfully","status":"passed","title":"should update business successfully","duration":8.971582999998645,"failureMessages":[],"location":{"line":30,"column":3},"meta":{}},{"ancestorTitles":["useBusinessMutation","updateBusiness"],"fullName":"useBusinessMutation updateBusiness should return null and show error on API error","status":"passed","title":"should return null and show error on API error","duration":1.1790000000000873,"failureMessages":[],"location":{"line":59,"column":3},"meta":{}},{"ancestorTitles":["useBusinessMutation","updateBusiness"],"fullName":"useBusinessMutation updateBusiness should set isUpdating during request","status":"passed","title":"should set isUpdating during request","duration":4.629708000000392,"failureMessages":[],"location":{"line":78,"column":3},"meta":{}},{"ancestorTitles":["useBusinessMutation","cancelBusiness"],"fullName":"useBusinessMutation cancelBusiness should cancel business successfully","status":"passed","title":"should cancel business successfully","duration":1.1800419999999576,"failureMessages":[],"location":{"line":113,"column":3},"meta":{}},{"ancestorTitles":["useBusinessMutation","cancelBusiness"],"fullName":"useBusinessMutation cancelBusiness should return null on permission error","status":"passed","title":"should return null on permission error","duration":0.8591249999990396,"failureMessages":[],"location":{"line":137,"column":3},"meta":{}},{"ancestorTitles":["useBusinessMutation","cancelBusiness"],"fullName":"useBusinessMutation cancelBusiness should set isCancelling during request","status":"passed","title":"should set isCancelling during request","duration":4.247874999997293,"failureMessages":[],"location":{"line":156,"column":3},"meta":{}}],"startTime":1778639172993,"endTime":1778639173014.2478,"status":"passed","message":"","name":"/Users/andres/Documents/financieramente/financieramente-app/src/features/negocios/__tests__/hooks/use-business-mutation.test.ts"},{"assertionResults":[{"ancestorTitles":["useContractValidation","Happy Path"],"fullName":"useContractValidation Happy Path should validate available contract","status":"passed","title":"should validate available contract","duration":15.701375000000553,"failureMessages":[],"location":{"line":24,"column":3},"meta":{}},{"ancestorTitles":["useContractValidation","Happy Path"],"fullName":"useContractValidation Happy Path should detect duplicate contract","status":"passed","title":"should detect duplicate contract","duration":1.7432090000002063,"failureMessages":[],"location":{"line":46,"column":3},"meta":{}},{"ancestorTitles":["useContractValidation","Happy Path"],"fullName":"useContractValidation Happy Path should exclude business ID when provided","status":"passed","title":"should exclude business ID when provided","duration":2.0977920000004815,"failureMessages":[],"location":{"line":68,"column":3},"meta":{}},{"ancestorTitles":["useContractValidation","Debounce"],"fullName":"useContractValidation Debounce should debounce rapid calls","status":"passed","title":"should debounce rapid calls","duration":2.176374999999098,"failureMessages":[],"location":{"line":91,"column":3},"meta":{}},{"ancestorTitles":["useContractValidation","Reset"],"fullName":"useContractValidation Reset should reset validation state","status":"passed","title":"should reset validation state","duration":3.212500000001455,"failureMessages":[],"location":{"line":140,"column":3},"meta":{}},{"ancestorTitles":["useContractValidation","Reset"],"fullName":"useContractValidation Reset should reset when contract is empty","status":"passed","title":"should reset when contract is empty","duration":0.8933749999996508,"failureMessages":[],"location":{"line":169,"column":3},"meta":{}},{"ancestorTitles":["useContractValidation","Loading State"],"fullName":"useContractValidation Loading State should set isValidating during validation","status":"passed","title":"should set isValidating during validation","duration":3.475458000000799,"failureMessages":[],"location":{"line":182,"column":3},"meta":{}}],"startTime":1778639173708,"endTime":1778639173737.4753,"status":"passed","message":"","name":"/Users/andres/Documents/financieramente/financieramente-app/src/features/negocios/__tests__/hooks/use-contract-validation.test.ts"},{"assertionResults":[{"ancestorTitles":["parseBogotaInclusiveUtcRange"],"fullName":"parseBogotaInclusiveUtcRange produce un solo día inclusivo cuando from === to","status":"passed","title":"produce un solo día inclusivo cuando from === to","duration":1.0660840000018652,"failureMessages":[],"location":{"line":8,"column":2},"meta":{}},{"ancestorTitles":["parseBogotaInclusiveUtcRange"],"fullName":"parseBogotaInclusiveUtcRange rechaza from > to","status":"passed","title":"rechaza from > to","duration":0.4538329999995767,"failureMessages":[],"location":{"line":17,"column":2},"meta":{}},{"ancestorTitles":["parseBogotaInclusiveUtcRange"],"fullName":"parseBogotaInclusiveUtcRange usa zona Bogotá","status":"passed","title":"usa zona Bogotá","duration":0.12058299999989686,"failureMessages":[],"location":{"line":23,"column":2},"meta":{}}],"startTime":1778639185288,"endTime":1778639185290.1206,"status":"passed","message":"","name":"/Users/andres/Documents/financieramente/financieramente-app/src/features/negocios/__tests__/lib/bogota-date-range.test.ts"},{"assertionResults":[{"ancestorTitles":["buildBusinessListWhere"],"fullName":"buildBusinessListWhere restringe por idUser cuando el rol es AGENTE","status":"passed","title":"restringe por idUser cuando el rol es AGENTE","duration":0.9427909999976691,"failureMessages":[],"location":{"line":6,"column":2},"meta":{}},{"ancestorTitles":["buildBusinessListWhere"],"fullName":"buildBusinessListWhere excluye dateAnchored null cuando hay rango","status":"passed","title":"excluye dateAnchored null cuando hay rango","duration":0.20420799999919836,"failureMessages":[],"location":{"line":14,"column":2},"meta":{}},{"ancestorTitles":["buildBusinessListWhere"],"fullName":"buildBusinessListWhere acota por createdAt cuando hay createdAtRange","status":"passed","title":"acota por createdAt cuando hay createdAtRange","duration":0.13004100000034668,"failureMessages":[],"location":{"line":38,"column":2},"meta":{}},{"ancestorTitles":["buildBusinessListWhere"],"fullName":"buildBusinessListWhere combina idUser AGENTE con createdAtRange","status":"passed","title":"combina idUser AGENTE con createdAtRange","duration":0.11658399999942048,"failureMessages":[],"location":{"line":57,"column":2},"meta":{}},{"ancestorTitles":["buildBusinessListWhere","visibleUserIds param"],"fullName":"buildBusinessListWhere visibleUserIds param scoped user with visibleUserIds emits IN predicate","status":"passed","title":"scoped user with visibleUserIds emits IN predicate","duration":0.10620899999776157,"failureMessages":[],"location":{"line":78,"column":3},"meta":{}},{"ancestorTitles":["buildBusinessListWhere","visibleUserIds param"],"fullName":"buildBusinessListWhere visibleUserIds param admin with visibleUserIds applies no idUser filter","status":"passed","title":"admin with visibleUserIds applies no idUser filter","duration":0.0837920000012673,"failureMessages":[],"location":{"line":87,"column":3},"meta":{}},{"ancestorTitles":["buildBusinessListWhere","visibleUserIds param"],"fullName":"buildBusinessListWhere visibleUserIds param scoped user without visibleUserIds falls back to single idUser","status":"passed","title":"scoped user without visibleUserIds falls back to single idUser","duration":0.07766700000138371,"failureMessages":[],"location":{"line":96,"column":3},"meta":{}},{"ancestorTitles":["buildBusinessListWhere","visibleUserIds param"],"fullName":"buildBusinessListWhere visibleUserIds param scoped user with empty visibleUserIds falls back to single idUser","status":"passed","title":"scoped user with empty visibleUserIds falls back to single idUser","duration":0.07345799999893643,"failureMessages":[],"location":{"line":104,"column":3},"meta":{}}],"startTime":1778639185559,"endTime":1778639185561.1167,"status":"passed","message":"","name":"/Users/andres/Documents/financieramente/financieramente-app/src/features/negocios/__tests__/lib/build-business-list-where.test.ts"},{"assertionResults":[{"ancestorTitles":["lista GET vs export POST — paridad de filtros (tasks 5.5)"],"fullName":"lista GET vs export POST — paridad de filtros (tasks 5.5) mismos search, status y rango de fechas → mismo BusinessListFilterInput y mismo Prisma where","status":"passed","title":"mismos search, status y rango de fechas → mismo BusinessListFilterInput y mismo Prisma where","duration":3.0059170000022277,"failureMessages":[],"location":{"line":13,"column":2},"meta":{}},{"ancestorTitles":["lista GET vs export POST — paridad de filtros (tasks 5.5)"],"fullName":"lista GET vs export POST — paridad de filtros (tasks 5.5) sin fechas ni búsqueda: lista y export vacío equivalentes","status":"passed","title":"sin fechas ni búsqueda: lista y export vacío equivalentes","duration":0.23366700000042329,"failureMessages":[],"location":{"line":48,"column":2},"meta":{}},{"ancestorTitles":["lista GET vs export POST — paridad de filtros (tasks 5.5)"],"fullName":"lista GET vs export POST — paridad de filtros (tasks 5.5) solo estado: coincide entre ambos canales","status":"passed","title":"solo estado: coincide entre ambos canales","duration":0.17950000000200816,"failureMessages":[],"location":{"line":74,"column":2},"meta":{}}],"startTime":1778639182458,"endTime":1778639182461.2336,"status":"passed","message":"","name":"/Users/andres/Documents/financieramente/financieramente-app/src/features/negocios/__tests__/lib/list-export-filter-parity.test.ts"},{"assertionResults":[{"ancestorTitles":["mapBusinessToTableRow"],"fullName":"mapBusinessToTableRow maps LIQUIDADO to Liquidado and keeps statusCode","status":"passed","title":"maps LIQUIDADO to Liquidado and keeps statusCode","duration":0.8357500000020082,"failureMessages":[],"location":{"line":59,"column":2},"meta":{}},{"ancestorTitles":["mapBusinessToTableRow"],"fullName":"mapBusinessToTableRow does not map unknown statuses to Cancelado by default","status":"passed","title":"does not map unknown statuses to Cancelado by default","duration":0.4611250000016298,"failureMessages":[],"location":{"line":68,"column":2},"meta":{}}],"startTime":1778639185885,"endTime":1778639185886.4612,"status":"passed","message":"","name":"/Users/andres/Documents/financieramente/financieramente-app/src/features/negocios/__tests__/lib/map-business-to-table-row.test.ts"},{"assertionResults":[{"ancestorTitles":["buildProductConfigurationCode"],"fullName":"buildProductConfigurationCode normaliza espacios a guión bajo y une con guión en mayúsculas","status":"passed","title":"normaliza espacios a guión bajo y une con guión en mayúsculas","duration":0.5637500000011642,"failureMessages":[],"location":{"line":5,"column":2},"meta":{}},{"ancestorTitles":["buildProductConfigurationCode"],"fullName":"buildProductConfigurationCode devuelve SKANDIA-CREA_PATRIMONIO-MS_JUNIOR para el ejemplo del plan","status":"passed","title":"devuelve SKANDIA-CREA_PATRIMONIO-MS_JUNIOR para el ejemplo del plan","duration":0.10216700000091805,"failureMessages":[],"location":{"line":11,"column":2},"meta":{}},{"ancestorTitles":["buildProductConfigurationCode"],"fullName":"buildProductConfigurationCode maneja nombres ya en mayúsculas sin espacios","status":"passed","title":"maneja nombres ya en mayúsculas sin espacios","duration":0.08499999999912689,"failureMessages":[],"location":{"line":17,"column":2},"meta":{}},{"ancestorTitles":["buildProductConfigurationCode"],"fullName":"buildProductConfigurationCode reemplaza múltiples espacios por un solo guión bajo","status":"passed","title":"reemplaza múltiples espacios por un solo guión bajo","duration":0.07370900000023539,"failureMessages":[],"location":{"line":23,"column":2},"meta":{}},{"ancestorTitles":["buildProductConfigurationCode"],"fullName":"buildProductConfigurationCode recorta espacios al inicio y final","status":"passed","title":"recorta espacios al inicio y final","duration":0.0702080000010028,"failureMessages":[],"location":{"line":29,"column":2},"meta":{}},{"ancestorTitles":["buildProductConfigurationCode"],"fullName":"buildProductConfigurationCode should build code with 3 segments: company-product-category (no origin)","status":"passed","title":"should build code with 3 segments: company-product-category (no origin)","duration":0.07325000000128057,"failureMessages":[],"location":{"line":35,"column":2},"meta":{}},{"ancestorTitles":["buildProductConfigurationCode"],"fullName":"buildProductConfigurationCode should reject 4-argument calls (no origin param)","status":"passed","title":"should reject 4-argument calls (no origin param)","duration":0.04870800000207964,"failureMessages":[],"location":{"line":40,"column":2},"meta":{}}],"startTime":1778639186210,"endTime":1778639186211.102,"status":"passed","message":"","name":"/Users/andres/Documents/financieramente/financieramente-app/src/features/negocios/__tests__/lib/product-configuration-code.test.ts"},{"assertionResults":[{"ancestorTitles":["prismaBusinessToEntity","Happy Path"],"fullName":"prismaBusinessToEntity Happy Path should transform Prisma business to BusinessEntity","status":"passed","title":"should transform Prisma business to BusinessEntity","duration":0.9291669999984151,"failureMessages":[],"location":{"line":11,"column":3},"meta":{}},{"ancestorTitles":["prismaBusinessToEntity","Happy Path"],"fullName":"prismaBusinessToEntity Happy Path should convert Decimal value to number","status":"passed","title":"should convert Decimal value to number","duration":0.14012499999807915,"failureMessages":[],"location":{"line":20,"column":3},"meta":{}},{"ancestorTitles":["prismaBusinessToEntity","Happy Path"],"fullName":"prismaBusinessToEntity Happy Path should convert Date to ISO string","status":"passed","title":"should convert Date to ISO string","duration":0.10883300000205054,"failureMessages":[],"location":{"line":27,"column":3},"meta":{}},{"ancestorTitles":["prismaBusinessToEntity","Happy Path"],"fullName":"prismaBusinessToEntity Happy Path should build client fullName correctly","status":"passed","title":"should build client fullName correctly","duration":0.1224160000019765,"failureMessages":[],"location":{"line":34,"column":3},"meta":{}},{"ancestorTitles":["prismaBusinessToEntity","Happy Path"],"fullName":"prismaBusinessToEntity Happy Path should build agent fullName correctly","status":"passed","title":"should build agent fullName correctly","duration":0.14158300000053714,"failureMessages":[],"location":{"line":42,"column":3},"meta":{}},{"ancestorTitles":["prismaBusinessToEntity","Happy Path"],"fullName":"prismaBusinessToEntity Happy Path should flatten product information","status":"passed","title":"should flatten product information","duration":0.13237499999740976,"failureMessages":[],"location":{"line":51,"column":3},"meta":{}},{"ancestorTitles":["prismaBusinessToEntity","Happy Path"],"fullName":"prismaBusinessToEntity Happy Path should map currency correctly","status":"passed","title":"should map currency correctly","duration":0.09095799999704468,"failureMessages":[],"location":{"line":60,"column":3},"meta":{}},{"ancestorTitles":["prismaBusinessToEntity","Happy Path"],"fullName":"prismaBusinessToEntity Happy Path should map periodicity correctly","status":"passed","title":"should map periodicity correctly","duration":0.16641700000036508,"failureMessages":[],"location":{"line":67,"column":3},"meta":{}},{"ancestorTitles":["prismaBusinessToEntity","Happy Path"],"fullName":"prismaBusinessToEntity Happy Path should map clientOrigin correctly","status":"passed","title":"should map clientOrigin correctly","duration":0.10629100000005565,"failureMessages":[],"location":{"line":75,"column":3},"meta":{}},{"ancestorTitles":["prismaBusinessToEntity","Flujos Alternos"],"fullName":"prismaBusinessToEntity Flujos Alternos should handle null periodicity","status":"passed","title":"should handle null periodicity","duration":0.1056669999998121,"failureMessages":[],"location":{"line":84,"column":3},"meta":{}},{"ancestorTitles":["prismaBusinessToEntity","Flujos Alternos"],"fullName":"prismaBusinessToEntity Flujos Alternos should handle null lastName in client","status":"passed","title":"should handle null lastName in client","duration":0.08854100000098697,"failureMessages":[],"location":{"line":92,"column":3},"meta":{}},{"ancestorTitles":["prismaBusinessToEntity","Flujos Alternos"],"fullName":"prismaBusinessToEntity Flujos Alternos should handle null contract","status":"passed","title":"should handle null contract","duration":0.06499999999869033,"failureMessages":[],"location":{"line":98,"column":3},"meta":{}},{"ancestorTitles":["prismaBusinessToEntity","Flujos Alternos"],"fullName":"prismaBusinessToEntity Flujos Alternos should handle null email in client","status":"passed","title":"should handle null email in client","duration":0.058833000002778135,"failureMessages":[],"location":{"line":109,"column":3},"meta":{}},{"ancestorTitles":["prismaBusinessToEntity","Flujos Alternos"],"fullName":"prismaBusinessToEntity Flujos Alternos should handle null phone in client","status":"passed","title":"should handle null phone in client","duration":0.056749999999738066,"failureMessages":[],"location":{"line":123,"column":3},"meta":{}},{"ancestorTitles":["prismaBusinessToEntity","Flujos Alternos"],"fullName":"prismaBusinessToEntity Flujos Alternos should handle null role in user","status":"passed","title":"should handle null role in user","duration":0.055959000001166714,"failureMessages":[],"location":{"line":137,"column":3},"meta":{}},{"ancestorTitles":["prismaBusinessToEntity","Flujos Alternos"],"fullName":"prismaBusinessToEntity Flujos Alternos should handle null category in user","status":"passed","title":"should handle null category in user","duration":0.056749999999738066,"failureMessages":[],"location":{"line":151,"column":3},"meta":{}},{"ancestorTitles":["prismaBusinessToEntity","Flujos Alternos"],"fullName":"prismaBusinessToEntity Flujos Alternos should map null dateIssued to null","status":"passed","title":"should map null dateIssued to null","duration":0.052249999997002305,"failureMessages":[],"location":{"line":166,"column":3},"meta":{}},{"ancestorTitles":["prismaBusinessToEntity","Flujos Alternos"],"fullName":"prismaBusinessToEntity Flujos Alternos should map dateIssued to ISO string","status":"passed","title":"should map dateIssued to ISO string","duration":0.06170800000109011,"failureMessages":[],"location":{"line":172,"column":3},"meta":{}},{"ancestorTitles":["prismaBusinessToEntity","Flujos Alternos"],"fullName":"prismaBusinessToEntity Flujos Alternos should map null dateAnchored to null","status":"passed","title":"should map null dateAnchored to null","duration":0.05874999999650754,"failureMessages":[],"location":{"line":183,"column":3},"meta":{}},{"ancestorTitles":["prismaBusinessToEntity","Flujos Alternos"],"fullName":"prismaBusinessToEntity Flujos Alternos should map dateAnchored DateTime to ISO string","status":"passed","title":"should map dateAnchored DateTime to ISO string","duration":0.05816699999923003,"failureMessages":[],"location":{"line":192,"column":3},"meta":{}},{"ancestorTitles":["prismaBusinessToEntity","Flujos Alternos"],"fullName":"prismaBusinessToEntity Flujos Alternos should map _count.payments === 0 to hasPayments: false","status":"passed","title":"should map _count.payments === 0 to hasPayments: false","duration":0.07979100000011385,"failureMessages":[],"location":{"line":202,"column":3},"meta":{}},{"ancestorTitles":["prismaBusinessToEntity","Flujos Alternos"],"fullName":"prismaBusinessToEntity Flujos Alternos should map _count.payments > 0 to hasPayments: true","status":"passed","title":"should map _count.payments > 0 to hasPayments: true","duration":0.09404100000028848,"failureMessages":[],"location":{"line":215,"column":3},"meta":{}},{"ancestorTitles":["prismaBusinessToEntity","Flujos Alternos"],"fullName":"prismaBusinessToEntity Flujos Alternos should map hasPendingPaymentFunding false when no aportes SIN_FONDEAR","status":"passed","title":"should map hasPendingPaymentFunding false when no aportes SIN_FONDEAR","duration":0.08062499999869033,"failureMessages":[],"location":{"line":228,"column":3},"meta":{}}],"startTime":1778639182406,"endTime":1778639182409.094,"status":"passed","message":"","name":"/Users/andres/Documents/financieramente/financieramente-app/src/features/negocios/__tests__/mappers/business-entity.mapper.test.ts"},{"assertionResults":[{"ancestorTitles":["businessEntityToFormData","Happy Path"],"fullName":"businessEntityToFormData Happy Path should transform BusinessEntity to form data","status":"passed","title":"should transform BusinessEntity to form data","duration":0.8052499999976135,"failureMessages":[],"location":{"line":11,"column":3},"meta":{}},{"ancestorTitles":["businessEntityToFormData","Happy Path"],"fullName":"businessEntityToFormData Happy Path should split fullName into name and lastNames","status":"passed","title":"should split fullName into name and lastNames","duration":0.15574999999807915,"failureMessages":[],"location":{"line":22,"column":3},"meta":{}},{"ancestorTitles":["businessEntityToFormData","Happy Path"],"fullName":"businessEntityToFormData Happy Path should convert IDs to strings for select fields","status":"passed","title":"should convert IDs to strings for select fields","duration":0.15929200000027777,"failureMessages":[],"location":{"line":39,"column":3},"meta":{}},{"ancestorTitles":["businessEntityToFormData","Happy Path"],"fullName":"businessEntityToFormData Happy Path should map term correctly","status":"passed","title":"should map term correctly","duration":0.08700000000317232,"failureMessages":[],"location":{"line":52,"column":3},"meta":{}},{"ancestorTitles":["businessEntityToFormData","Flujos Alternos"],"fullName":"businessEntityToFormData Flujos Alternos should handle null email","status":"passed","title":"should handle null email","duration":0.09191700000155834,"failureMessages":[],"location":{"line":62,"column":3},"meta":{}},{"ancestorTitles":["businessEntityToFormData","Flujos Alternos"],"fullName":"businessEntityToFormData Flujos Alternos should handle null periodicity","status":"passed","title":"should handle null periodicity","duration":0.08224999999947613,"failureMessages":[],"location":{"line":78,"column":3},"meta":{}},{"ancestorTitles":["businessEntityToFormData","Flujos Alternos"],"fullName":"businessEntityToFormData Flujos Alternos should handle null contract","status":"passed","title":"should handle null contract","duration":0.06820800000059535,"failureMessages":[],"location":{"line":86,"column":3},"meta":{}},{"ancestorTitles":["businessEntityToFormData","Flujos Alternos"],"fullName":"businessEntityToFormData Flujos Alternos should handle null term","status":"passed","title":"should handle null term","duration":0.07124999999723514,"failureMessages":[],"location":{"line":94,"column":3},"meta":{}},{"ancestorTitles":["businessEntityToFormData","Flujos Alternos"],"fullName":"businessEntityToFormData Flujos Alternos should handle single name without lastName","status":"passed","title":"should handle single name without lastName","duration":0.08204199999818229,"failureMessages":[],"location":{"line":102,"column":3},"meta":{}},{"ancestorTitles":["formDataToUpdateRequest"],"fullName":"formDataToUpdateRequest should extract contract for update","status":"passed","title":"should extract contract for update","duration":0.4648330000018177,"failureMessages":[],"location":{"line":122,"column":2},"meta":{}},{"ancestorTitles":["formDataToUpdateRequest"],"fullName":"formDataToUpdateRequest should return undefined contract when empty","status":"passed","title":"should return undefined contract when empty","duration":0.08954200000152923,"failureMessages":[],"location":{"line":134,"column":2},"meta":{}},{"ancestorTitles":["hasFormChanges"],"fullName":"hasFormChanges should return true when contract changed","status":"passed","title":"should return true when contract changed","duration":0.11791699999957928,"failureMessages":[],"location":{"line":146,"column":2},"meta":{}},{"ancestorTitles":["hasFormChanges"],"fullName":"hasFormChanges should return false when contract is the same","status":"passed","title":"should return false when contract is the same","duration":0.04666700000234414,"failureMessages":[],"location":{"line":153,"column":2},"meta":{}},{"ancestorTitles":["hasFormChanges"],"fullName":"hasFormChanges should return true when contract added","status":"passed","title":"should return true when contract added","duration":0.054333000000042375,"failureMessages":[],"location":{"line":160,"column":2},"meta":{}}],"startTime":1778639184343,"endTime":1778639184346.118,"status":"passed","message":"","name":"/Users/andres/Documents/financieramente/financieramente-app/src/features/negocios/__tests__/mappers/business-form.mapper.test.ts"},{"assertionResults":[{"ancestorTitles":["getBusinessById"],"fullName":"getBusinessById should call prisma.business.findFirst with correct where clause for agent","status":"passed","title":"should call prisma.business.findFirst with correct where clause for agent","duration":1.8835830000025453,"failureMessages":[],"location":{"line":28,"column":2},"meta":{}},{"ancestorTitles":["getBusinessById"],"fullName":"getBusinessById should call prisma.business.findFirst with correct where clause for non-agent","status":"passed","title":"should call prisma.business.findFirst with correct where clause for non-agent","duration":0.24220799999966403,"failureMessages":[],"location":{"line":41,"column":2},"meta":{}},{"ancestorTitles":["getBusinessById"],"fullName":"getBusinessById should return null if business is not found","status":"passed","title":"should return null if business is not found","duration":0.1549169999998412,"failureMessages":[],"location":{"line":55,"column":2},"meta":{}}],"startTime":1778639184607,"endTime":1778639184609.2422,"status":"passed","message":"","name":"/Users/andres/Documents/financieramente/financieramente-app/src/features/negocios/__tests__/services/business-get-by-id.server.test.ts"},{"assertionResults":[{"ancestorTitles":["validateProductConfigurationExists"],"fullName":"validateProductConfigurationExists returns { valid: true } when ProductConfiguration exists with active PPC and categories","status":"passed","title":"returns { valid: true } when ProductConfiguration exists with active PPC and categories","duration":0.971666000001278,"failureMessages":[],"location":{"line":61,"column":2},"meta":{}},{"ancestorTitles":["validateProductConfigurationExists"],"fullName":"validateProductConfigurationExists returns { valid: false } when no ProductConfiguration exists (findFirst returns null)","status":"passed","title":"returns { valid: false } when no ProductConfiguration exists (findFirst returns null)","duration":0.24095799999849987,"failureMessages":[],"location":{"line":72,"column":2},"meta":{}},{"ancestorTitles":["validateProductConfigurationExists"],"fullName":"validateProductConfigurationExists returns { valid: false } when ProductConfiguration exists but has no active PPC","status":"passed","title":"returns { valid: false } when ProductConfiguration exists but has no active PPC","duration":0.13308299999698647,"failureMessages":[],"location":{"line":82,"column":2},"meta":{}},{"ancestorTitles":["validateProductConfigurationExists"],"fullName":"validateProductConfigurationExists returns { valid: false } when active PPC exists but has no distribution categories","status":"passed","title":"returns { valid: false } when active PPC exists but has no distribution categories","duration":0.10604199999943376,"failureMessages":[],"location":{"line":92,"column":2},"meta":{}},{"ancestorTitles":["validateProductConfigurationExists"],"fullName":"validateProductConfigurationExists calls prisma.productConfiguration.findFirst with idLevel and active level/product filters","status":"passed","title":"calls prisma.productConfiguration.findFirst with idLevel and active level/product filters","duration":1.1210409999985131,"failureMessages":[],"location":{"line":104,"column":2},"meta":{}},{"ancestorTitles":["validateProductConfigurationExists"],"fullName":"validateProductConfigurationExists returns { valid: false } when level is inactive (findFirst returns null due to level.status filter)","status":"passed","title":"returns { valid: false } when level is inactive (findFirst returns null due to level.status filter)","duration":0.1339159999988624,"failureMessages":[],"location":{"line":122,"column":2},"meta":{}},{"ancestorTitles":["validateProductConfigurationExists"],"fullName":"validateProductConfigurationExists returns { valid: false } when product is inactive (findFirst returns null due to product.status filter)","status":"passed","title":"returns { valid: false } when product is inactive (findFirst returns null due to product.status filter)","duration":0.11491700000260607,"failureMessages":[],"location":{"line":132,"column":2},"meta":{}},{"ancestorTitles":["getPpcForNewBusinesses"],"fullName":"getPpcForNewBusinesses debería buscar PPC solo por idProduct e idLevel (sin idClientOrigin)","status":"passed","title":"debería buscar PPC solo por idProduct e idLevel (sin idClientOrigin)","duration":0.2292909999996482,"failureMessages":[],"location":{"line":150,"column":2},"meta":{}},{"ancestorTitles":["getPpcForNewBusinesses"],"fullName":"getPpcForNewBusinesses debería lanzar error cuando no existe configuración para el par producto-nivel","status":"passed","title":"debería lanzar error cuando no existe configuración para el par producto-nivel","duration":0.6678329999995185,"failureMessages":[],"location":{"line":167,"column":2},"meta":{}},{"ancestorTitles":["getPpcForNewBusinesses"],"fullName":"getPpcForNewBusinesses returns specific PPC and skips fallback lookup when new-business PPC exists","status":"passed","title":"returns specific PPC and skips fallback lookup when new-business PPC exists","duration":0.15191699999923003,"failureMessages":[],"location":{"line":181,"column":2},"meta":{}},{"ancestorTitles":["getPpcForNewBusinesses"],"fullName":"getPpcForNewBusinesses returns ppc as null when configuration exists but has no new-business PPC assigned","status":"passed","title":"returns ppc as null when configuration exists but has no new-business PPC assigned","duration":0.12108299999817973,"failureMessages":[],"location":{"line":197,"column":2},"meta":{}},{"ancestorTitles":["getPpcForNewBusinesses"],"fullName":"getPpcForNewBusinesses calls findFirst with level.status and product.status active filters","status":"passed","title":"calls findFirst with level.status and product.status active filters","duration":0.303208999997878,"failureMessages":[],"location":{"line":213,"column":2},"meta":{}}],"startTime":1778639181311,"endTime":1778639181315.3032,"status":"passed","message":"","name":"/Users/andres/Documents/financieramente/financieramente-app/src/features/negocios/__tests__/services/product-configuration.service.test.ts"},{"assertionResults":[{"ancestorTitles":["getSubordinateUserIds"],"fullName":"getSubordinateUserIds linear chain: A→B→C→D, root=A returns [B,C,D]","status":"passed","title":"linear chain: A→B→C→D, root=A returns [B,C,D]","duration":1.587999999999738,"failureMessages":[],"location":{"line":15,"column":2},"meta":{}},{"ancestorTitles":["getSubordinateUserIds"],"fullName":"getSubordinateUserIds empty tree: user with no reports returns []","status":"passed","title":"empty tree: user with no reports returns []","duration":0.2665840000008757,"failureMessages":[],"location":{"line":29,"column":2},"meta":{}},{"ancestorTitles":["getSubordinateUserIds"],"fullName":"getSubordinateUserIds single level: A→[B,C], root=A returns [B,C]","status":"passed","title":"single level: A→[B,C], root=A returns [B,C]","duration":0.19458400000075926,"failureMessages":[],"location":{"line":38,"column":2},"meta":{}},{"ancestorTitles":["getSubordinateUserIds"],"fullName":"getSubordinateUserIds cycle safety: A→B, B→A terminates without infinite loop","status":"passed","title":"cycle safety: A→B, B→A terminates without infinite loop","duration":0.23266700000021956,"failureMessages":[],"location":{"line":50,"column":2},"meta":{}},{"ancestorTitles":["getSubordinateUserIds"],"fullName":"getSubordinateUserIds root not in result: only subordinates returned","status":"passed","title":"root not in result: only subordinates returned","duration":0.16020799999751034,"failureMessages":[],"location":{"line":66,"column":2},"meta":{}},{"ancestorTitles":["getSubordinateUserIds"],"fullName":"getSubordinateUserIds inactive users excluded: only active users loaded","status":"passed","title":"inactive users excluded: only active users loaded","duration":2.1107499999998254,"failureMessages":[],"location":{"line":77,"column":2},"meta":{}},{"ancestorTitles":["getSubordinateUserIds"],"fullName":"getSubordinateUserIds multi-branch: A→[B,C], B→D, root=A returns [B,C,D]","status":"passed","title":"multi-branch: A→[B,C], B→D, root=A returns [B,C,D]","duration":0.23716699999931734,"failureMessages":[],"location":{"line":94,"column":2},"meta":{}}],"startTime":1778639174245,"endTime":1778639174250.237,"status":"passed","message":"","name":"/Users/andres/Documents/financieramente/financieramente-app/src/features/negocios/__tests__/services/user-hierarchy.service.test.ts"},{"assertionResults":[{"ancestorTitles":["originsApi","getClientOrigins"],"fullName":"originsApi getClientOrigins should fetch client origins successfully (happy path)","status":"passed","title":"should fetch client origins successfully (happy path)","duration":2.3262500000018917,"failureMessages":[],"location":{"line":41,"column":3},"meta":{}},{"ancestorTitles":["originsApi","getClientOrigins"],"fullName":"originsApi getClientOrigins should fetch client origins with search params","status":"passed","title":"should fetch client origins with search params","duration":1.2252919999991718,"failureMessages":[],"location":{"line":63,"column":3},"meta":{}},{"ancestorTitles":["originsApi","getClientOrigins"],"fullName":"originsApi getClientOrigins should handle API error response","status":"passed","title":"should handle API error response","duration":0.5139999999992142,"failureMessages":[],"location":{"line":82,"column":3},"meta":{}},{"ancestorTitles":["originsApi","getClientOrigins"],"fullName":"originsApi getClientOrigins should handle network error","status":"passed","title":"should handle network error","duration":0.4803329999995185,"failureMessages":[],"location":{"line":99,"column":3},"meta":{}},{"ancestorTitles":["originsApi","getClientOrigin"],"fullName":"originsApi getClientOrigin should fetch single client origin successfully","status":"passed","title":"should fetch single client origin successfully","duration":0.7245839999995951,"failureMessages":[],"location":{"line":112,"column":3},"meta":{}},{"ancestorTitles":["originsApi","getClientOrigin"],"fullName":"originsApi getClientOrigin should handle API error response","status":"passed","title":"should handle API error response","duration":1.3117500000007567,"failureMessages":[],"location":{"line":131,"column":3},"meta":{}},{"ancestorTitles":["originsApi","createClientOrigin"],"fullName":"originsApi createClientOrigin should create client origin successfully","status":"passed","title":"should create client origin successfully","duration":0.6137090000011085,"failureMessages":[],"location":{"line":150,"column":3},"meta":{}},{"ancestorTitles":["originsApi","createClientOrigin"],"fullName":"originsApi createClientOrigin should handle API error response","status":"passed","title":"should handle API error response","duration":0.16545800000312738,"failureMessages":[],"location":{"line":176,"column":3},"meta":{}},{"ancestorTitles":["originsApi","updateClientOrigin"],"fullName":"originsApi updateClientOrigin should update client origin successfully","status":"passed","title":"should update client origin successfully","duration":0.26224999999976717,"failureMessages":[],"location":{"line":197,"column":3},"meta":{}},{"ancestorTitles":["originsApi","deleteClientOrigin"],"fullName":"originsApi deleteClientOrigin should delete client origin successfully","status":"passed","title":"should delete client origin successfully","duration":0.24058299999887822,"failureMessages":[],"location":{"line":223,"column":3},"meta":{}},{"ancestorTitles":["originsApi","deleteClientOrigin"],"fullName":"originsApi deleteClientOrigin should handle API error response","status":"passed","title":"should handle API error response","duration":0.12087500000052387,"failureMessages":[],"location":{"line":238,"column":3},"meta":{}}],"startTime":1778639174975,"endTime":1778639174984.1208,"status":"passed","message":"","name":"/Users/andres/Documents/financieramente/financieramente-app/src/features/origins/__tests__/lib/client-origin-api.test.ts"},{"assertionResults":[{"ancestorTitles":["client-origin-schemas","createClientOriginSchema"],"fullName":"client-origin-schemas createClientOriginSchema should validate valid client origin data (happy path)","status":"passed","title":"should validate valid client origin data (happy path)","duration":1.352999999999156,"failureMessages":[],"location":{"line":9,"column":3},"meta":{}},{"ancestorTitles":["client-origin-schemas","createClientOriginSchema"],"fullName":"client-origin-schemas createClientOriginSchema should default status to true when not provided","status":"passed","title":"should default status to true when not provided","duration":0.18183300000237068,"failureMessages":[],"location":{"line":25,"column":3},"meta":{}},{"ancestorTitles":["client-origin-schemas","createClientOriginSchema"],"fullName":"client-origin-schemas createClientOriginSchema should trim whitespace from name","status":"passed","title":"should trim whitespace from name","duration":0.09654199999931734,"failureMessages":[],"location":{"line":37,"column":3},"meta":{}},{"ancestorTitles":["client-origin-schemas","createClientOriginSchema"],"fullName":"client-origin-schemas createClientOriginSchema should reject empty name","status":"passed","title":"should reject empty name","duration":0.3892500000001746,"failureMessages":[],"location":{"line":50,"column":3},"meta":{}},{"ancestorTitles":["client-origin-schemas","createClientOriginSchema"],"fullName":"client-origin-schemas createClientOriginSchema should reject name shorter than 2 characters","status":"passed","title":"should reject name shorter than 2 characters","duration":0.2722089999988384,"failureMessages":[],"location":{"line":63,"column":3},"meta":{}},{"ancestorTitles":["client-origin-schemas","createClientOriginSchema"],"fullName":"client-origin-schemas createClientOriginSchema should reject name longer than 100 characters","status":"passed","title":"should reject name longer than 100 characters","duration":0.15416699999695993,"failureMessages":[],"location":{"line":76,"column":3},"meta":{}},{"ancestorTitles":["client-origin-schemas","createClientOriginSchema"],"fullName":"client-origin-schemas createClientOriginSchema should accept optional description","status":"passed","title":"should accept optional description","duration":0.07399999999688589,"failureMessages":[],"location":{"line":89,"column":3},"meta":{}},{"ancestorTitles":["client-origin-schemas","createClientOriginSchema"],"fullName":"client-origin-schemas createClientOriginSchema should accept status as false","status":"passed","title":"should accept status as false","duration":0.06716699999742559,"failureMessages":[],"location":{"line":99,"column":3},"meta":{}},{"ancestorTitles":["client-origin-schemas","updateClientOriginSchema"],"fullName":"client-origin-schemas updateClientOriginSchema should validate with all fields (happy path)","status":"passed","title":"should validate with all fields (happy path)","duration":0.20691699999952107,"failureMessages":[],"location":{"line":114,"column":3},"meta":{}},{"ancestorTitles":["client-origin-schemas","updateClientOriginSchema"],"fullName":"client-origin-schemas updateClientOriginSchema should validate with only name","status":"passed","title":"should validate with only name","duration":0.0865830000002461,"failureMessages":[],"location":{"line":125,"column":3},"meta":{}},{"ancestorTitles":["client-origin-schemas","updateClientOriginSchema"],"fullName":"client-origin-schemas updateClientOriginSchema should validate with only description","status":"passed","title":"should validate with only description","duration":0.061083000000508036,"failureMessages":[],"location":{"line":134,"column":3},"meta":{}},{"ancestorTitles":["client-origin-schemas","updateClientOriginSchema"],"fullName":"client-origin-schemas updateClientOriginSchema should validate with only status","status":"passed","title":"should validate with only status","duration":0.049250000000029104,"failureMessages":[],"location":{"line":143,"column":3},"meta":{}},{"ancestorTitles":["client-origin-schemas","updateClientOriginSchema"],"fullName":"client-origin-schemas updateClientOriginSchema should validate empty object (partial update)","status":"passed","title":"should validate empty object (partial update)","duration":0.051833999998052604,"failureMessages":[],"location":{"line":152,"column":3},"meta":{}},{"ancestorTitles":["client-origin-schemas","updateClientOriginSchema"],"fullName":"client-origin-schemas updateClientOriginSchema should reject name shorter than 2 characters","status":"passed","title":"should reject name shorter than 2 characters","duration":0.11904099999810569,"failureMessages":[],"location":{"line":159,"column":3},"meta":{}},{"ancestorTitles":["client-origin-schemas","updateClientOriginSchema"],"fullName":"client-origin-schemas updateClientOriginSchema should reject name longer than 100 characters","status":"passed","title":"should reject name longer than 100 characters","duration":0.1041670000013255,"failureMessages":[],"location":{"line":171,"column":3},"meta":{}},{"ancestorTitles":["client-origin-schemas","updateClientOriginSchema"],"fullName":"client-origin-schemas updateClientOriginSchema should trim whitespace from name","status":"passed","title":"should trim whitespace from name","duration":0.06195800000205054,"failureMessages":[],"location":{"line":183,"column":3},"meta":{}}],"startTime":1778639182254,"endTime":1778639182258.062,"status":"passed","message":"","name":"/Users/andres/Documents/financieramente/financieramente-app/src/features/origins/__tests__/lib/client-origin-schemas.test.ts"},{"assertionResults":[{"ancestorTitles":["useClientOrigin"],"fullName":"useClientOrigin should start with loading state","status":"passed","title":"should start with loading state","duration":59.82212499999878,"failureMessages":[],"location":{"line":19,"column":2},"meta":{}},{"ancestorTitles":["useClientOrigin"],"fullName":"useClientOrigin should fetch client origin successfully (happy path)","status":"passed","title":"should fetch client origin successfully (happy path)","duration":53.49712500000169,"failureMessages":[],"location":{"line":37,"column":2},"meta":{}},{"ancestorTitles":["useClientOrigin"],"fullName":"useClientOrigin should handle API error","status":"passed","title":"should handle API error","duration":53.96312500000204,"failureMessages":[],"location":{"line":57,"column":2},"meta":{}},{"ancestorTitles":["useClientOrigin"],"fullName":"useClientOrigin should handle invalid ID","status":"passed","title":"should handle invalid ID","duration":2.344375000000582,"failureMessages":[],"location":{"line":73,"column":2},"meta":{}}],"startTime":1778639170569,"endTime":1778639170738.3445,"status":"passed","message":"","name":"/Users/andres/Documents/financieramente/financieramente-app/src/features/origins/__tests__/hooks/use-client-origin.test.ts"},{"assertionResults":[{"ancestorTitles":["useClientOrigins"],"fullName":"useClientOrigins should fetch client origins successfully (happy path)","status":"passed","title":"should fetch client origins successfully (happy path)","duration":59.847624999998516,"failureMessages":[],"location":{"line":38,"column":2},"meta":{}},{"ancestorTitles":["useClientOrigins"],"fullName":"useClientOrigins should handle API error","status":"passed","title":"should handle API error","duration":53.60645799999838,"failureMessages":[],"location":{"line":55,"column":2},"meta":{}},{"ancestorTitles":["useClientOrigins"],"fullName":"useClientOrigins should fetch with search params","status":"passed","title":"should fetch with search params","duration":54.306124999999156,"failureMessages":[],"location":{"line":72,"column":2},"meta":{}}],"startTime":1778639170580,"endTime":1778639170747.3062,"status":"passed","message":"","name":"/Users/andres/Documents/financieramente/financieramente-app/src/features/origins/__tests__/hooks/use-client-origins.test.ts"},{"assertionResults":[{"ancestorTitles":["calculateExpectedDates","edge cases — empty output"],"fullName":"calculateExpectedDates edge cases — empty output numAportes=0 → []","status":"passed","title":"numAportes=0 → []","duration":0.888582999999926,"failureMessages":[],"location":{"line":16,"column":3},"meta":{}},{"ancestorTitles":["calculateExpectedDates","edge cases — empty output"],"fullName":"calculateExpectedDates edge cases — empty output numAportes=1 → [anchorDate]","status":"passed","title":"numAportes=1 → [anchorDate]","duration":0.6798749999979918,"failureMessages":[],"location":{"line":21,"column":3},"meta":{}},{"ancestorTitles":["calculateExpectedDates","end-of-month clamping"],"fullName":"calculateExpectedDates end-of-month clamping Mensual anchor=2025-01-31, numAportes=3 → [2025-01-31, 2025-02-28, 2025-03-31]","status":"passed","title":"Mensual anchor=2025-01-31, numAportes=3 → [2025-01-31, 2025-02-28, 2025-03-31]","duration":0.21262500000011642,"failureMessages":[],"location":{"line":30,"column":3},"meta":{}},{"ancestorTitles":["calculateExpectedDates","end-of-month clamping"],"fullName":"calculateExpectedDates end-of-month clamping Mensual anchor=2024-01-31, numAportes=2 → [2024-01-31, 2024-02-29] (leap year)","status":"passed","title":"Mensual anchor=2024-01-31, numAportes=2 → [2024-01-31, 2024-02-29] (leap year)","duration":0.15891700000065612,"failureMessages":[],"location":{"line":38,"column":3},"meta":{}},{"ancestorTitles":["calculateExpectedDates","standard periodicities"],"fullName":"calculateExpectedDates standard periodicities Semestral anchor=2025-05-18, numAportes=3 → [2025-05-18, 2025-11-18, 2026-05-18]","status":"passed","title":"Semestral anchor=2025-05-18, numAportes=3 → [2025-05-18, 2025-11-18, 2026-05-18]","duration":0.19091699999989942,"failureMessages":[],"location":{"line":47,"column":3},"meta":{}},{"ancestorTitles":["calculateExpectedDates","standard periodicities"],"fullName":"calculateExpectedDates standard periodicities Anual anchor=2025-03-15, numAportes=3 → [2025-03-15, 2026-03-15, 2027-03-15]","status":"passed","title":"Anual anchor=2025-03-15, numAportes=3 → [2025-03-15, 2026-03-15, 2027-03-15]","duration":0.32270799999969313,"failureMessages":[],"location":{"line":55,"column":3},"meta":{}}],"startTime":1778639183433,"endTime":1778639183435.3228,"status":"passed","message":"","name":"/Users/andres/Documents/financieramente/financieramente-app/src/features/negocios/lib/__tests__/calculate-expected-dates.test.ts"},{"assertionResults":[{"ancestorTitles":["calculateNumAportes","exceptions"],"fullName":"calculateNumAportes exceptions SKANDIA + MFUND → 0","status":"passed","title":"SKANDIA + MFUND → 0","duration":0.6497499999968568,"failureMessages":[],"location":{"line":6,"column":3},"meta":{}},{"ancestorTitles":["calculateNumAportes","exceptions"],"fullName":"calculateNumAportes exceptions Pago Único → 1 (regardless of term)","status":"passed","title":"Pago Único → 1 (regardless of term)","duration":0.10454099999697064,"failureMessages":[],"location":{"line":17,"column":3},"meta":{}},{"ancestorTitles":["calculateNumAportes","exceptions"],"fullName":"calculateNumAportes exceptions Aportes Ocasionales → 1 (regardless of term)","status":"passed","title":"Aportes Ocasionales → 1 (regardless of term)","duration":0.08179100000052131,"failureMessages":[],"location":{"line":28,"column":3},"meta":{}},{"ancestorTitles":["calculateNumAportes","exceptions"],"fullName":"calculateNumAportes exceptions null termYears → 0","status":"passed","title":"null termYears → 0","duration":0.07650000000285218,"failureMessages":[],"location":{"line":39,"column":3},"meta":{}},{"ancestorTitles":["calculateNumAportes","exceptions"],"fullName":"calculateNumAportes exceptions null periodicityName → 0","status":"passed","title":"null periodicityName → 0","duration":0.07641700000021956,"failureMessages":[],"location":{"line":50,"column":3},"meta":{}},{"ancestorTitles":["calculateNumAportes","exceptions"],"fullName":"calculateNumAportes exceptions unknown periodicity → 0","status":"passed","title":"unknown periodicity → 0","duration":0.07387500000186265,"failureMessages":[],"location":{"line":61,"column":3},"meta":{}},{"ancestorTitles":["calculateNumAportes","standard multipliers"],"fullName":"calculateNumAportes standard multipliers Mensual, term=5 → 60","status":"passed","title":"Mensual, term=5 → 60","duration":0.06045799999992596,"failureMessages":[],"location":{"line":74,"column":3},"meta":{}},{"ancestorTitles":["calculateNumAportes","standard multipliers"],"fullName":"calculateNumAportes standard multipliers Semestral, term=3 → 6","status":"passed","title":"Semestral, term=3 → 6","duration":0.05737500000032014,"failureMessages":[],"location":{"line":85,"column":3},"meta":{}},{"ancestorTitles":["calculateNumAportes","standard multipliers"],"fullName":"calculateNumAportes standard multipliers Anual, term=4 → 4","status":"passed","title":"Anual, term=4 → 4","duration":0.06591600000319886,"failureMessages":[],"location":{"line":96,"column":3},"meta":{}},{"ancestorTitles":["calculateNumAportes","standard multipliers"],"fullName":"calculateNumAportes standard multipliers Trimestral, term=5 → 20","status":"passed","title":"Trimestral, term=5 → 20","duration":0.07720799999879091,"failureMessages":[],"location":{"line":107,"column":3},"meta":{}},{"ancestorTitles":["calculateNumAportes","standard multipliers"],"fullName":"calculateNumAportes standard multipliers Bimensual, term=6 → 36","status":"passed","title":"Bimensual, term=6 → 36","duration":0.06075000000055297,"failureMessages":[],"location":{"line":118,"column":3},"meta":{}},{"ancestorTitles":["calculateNumAportes","standard multipliers"],"fullName":"calculateNumAportes standard multipliers Cuatrimestral, term=3 → 9","status":"passed","title":"Cuatrimestral, term=3 → 9","duration":0.05395900000075926,"failureMessages":[],"location":{"line":129,"column":3},"meta":{}}],"startTime":1778639185438,"endTime":1778639185439.0771,"status":"passed","message":"","name":"/Users/andres/Documents/financieramente/financieramente-app/src/features/negocios/lib/__tests__/calculate-num-aportes.test.ts"},{"assertionResults":[{"ancestorTitles":["fondearAnualidadesBodySchema"],"fullName":"fondearAnualidadesBodySchema rechaza array vacío","status":"passed","title":"rechaza array vacío","duration":1.37724999999773,"failureMessages":[],"location":{"line":5,"column":2},"meta":{}},{"ancestorTitles":["fondearAnualidadesBodySchema"],"fullName":"fondearAnualidadesBodySchema rechaza índice no entero / negativo","status":"passed","title":"rechaza índice no entero / negativo","duration":0.25304099999993923,"failureMessages":[],"location":{"line":12,"column":2},"meta":{}},{"ancestorTitles":["fondearAnualidadesBodySchema"],"fullName":"fondearAnualidadesBodySchema acepta índices y deduplica","status":"passed","title":"acepta índices y deduplica","duration":0.4398330000003625,"failureMessages":[],"location":{"line":19,"column":2},"meta":{}}],"startTime":1778639184459,"endTime":1778639184460.44,"status":"passed","message":"","name":"/Users/andres/Documents/financieramente/financieramente-app/src/features/negocios/lib/__tests__/fondear-anualidades.schema.test.ts"},{"assertionResults":[{"ancestorTitles":["mapBusinessToExportRow"],"fullName":"mapBusinessToExportRow debe tener las cabeceras en el orden y nombres correctos sin filtros de fecha","status":"passed","title":"debe tener las cabeceras en el orden y nombres correctos sin filtros de fecha","duration":1.444666999999754,"failureMessages":[],"location":{"line":54,"column":2},"meta":{}},{"ancestorTitles":["mapBusinessToExportRow"],"fullName":"mapBusinessToExportRow coloca Líder 2 después de Fecha de Fondeo cuando maxLeaderLevels > 1","status":"passed","title":"coloca Líder 2 después de Fecha de Fondeo cuando maxLeaderLevels > 1","duration":0.11870899999848916,"failureMessages":[],"location":{"line":80,"column":2},"meta":{}},{"ancestorTitles":["mapBusinessToExportRow"],"fullName":"mapBusinessToExportRow usa cabeceras Fecha Fondeo Anualidad i al final cuando maxAnnualCols > 0","status":"passed","title":"usa cabeceras Fecha Fondeo Anualidad i al final cuando maxAnnualCols > 0","duration":0.08762500000011642,"failureMessages":[],"location":{"line":87,"column":2},"meta":{}},{"ancestorTitles":["mapBusinessToExportRow"],"fullName":"mapBusinessToExportRow debe tener las cabeceras condicionales si hay filtros de fecha","status":"passed","title":"debe tener las cabeceras condicionales si hay filtros de fecha","duration":0.0967080000009446,"failureMessages":[],"location":{"line":93,"column":2},"meta":{}},{"ancestorTitles":["mapBusinessToExportRow"],"fullName":"mapBusinessToExportRow debe mapear los datos correctamente incluyendo Teléfono","status":"passed","title":"debe mapear los datos correctamente incluyendo Teléfono","duration":0.6538330000003043,"failureMessages":[],"location":{"line":102,"column":2},"meta":{}},{"ancestorTitles":["mapBusinessToExportRow"],"fullName":"mapBusinessToExportRow debe mapear las fechas dinámicas cuando se proveen filtros","status":"passed","title":"debe mapear las fechas dinámicas cuando se proveen filtros","duration":0.595166999999492,"failureMessages":[],"location":{"line":113,"column":2},"meta":{}},{"ancestorTitles":["mapBusinessToExportRow"],"fullName":"mapBusinessToExportRow formatea filtros de fecha del export en calendario Bogotá (regresión timezone)","status":"passed","title":"formatea filtros de fecha del export en calendario Bogotá (regresión timezone)","duration":0.39704100000017206,"failureMessages":[],"location":{"line":124,"column":2},"meta":{}},{"ancestorTitles":["mapBusinessToExportRow"],"fullName":"mapBusinessToExportRow mapea líder nivel 2 en columnas tras Fecha de Fondeo cuando maxLeaderLevels es 2","status":"passed","title":"mapea líder nivel 2 en columnas tras Fecha de Fondeo cuando maxLeaderLevels es 2","duration":0.18941699999777484,"failureMessages":[],"location":{"line":147,"column":2},"meta":{}},{"ancestorTitles":["computeMaxAnnualColumns"],"fullName":"computeMaxAnnualColumns debe calcular el máximo de columnas de anualidad basado en el plazo","status":"passed","title":"debe calcular el máximo de columnas de anualidad basado en el plazo","duration":0.10208400000192341,"failureMessages":[],"location":{"line":160,"column":2},"meta":{}}],"startTime":1778639180956,"endTime":1778639180959.397,"status":"passed","message":"","name":"/Users/andres/Documents/financieramente/financieramente-app/src/features/negocios/lib/__tests__/map-business-to-export-row.test.ts"},{"assertionResults":[{"ancestorTitles":["ProductFormSkeleton"],"fullName":"ProductFormSkeleton should render skeleton for product form (happy path)","status":"passed","title":"should render skeleton for product form (happy path)","duration":18.406582999999955,"failureMessages":[],"location":{"line":9,"column":2},"meta":{}},{"ancestorTitles":["ProductFormSkeleton"],"fullName":"ProductFormSkeleton should render with correct structure","status":"passed","title":"should render with correct structure","duration":3.2429579999989073,"failureMessages":[],"location":{"line":17,"column":2},"meta":{}},{"ancestorTitles":["ProductFormSkeleton"],"fullName":"ProductFormSkeleton should render all form field skeletons","status":"passed","title":"should render all form field skeletons","duration":2.88154200000281,"failureMessages":[],"location":{"line":25,"column":2},"meta":{}},{"ancestorTitles":["EditProductFormSkeleton"],"fullName":"EditProductFormSkeleton should render skeleton for edit product form (happy path)","status":"passed","title":"should render skeleton for edit product form (happy path)","duration":2.007708000001003,"failureMessages":[],"location":{"line":40,"column":2},"meta":{}},{"ancestorTitles":["EditProductFormSkeleton"],"fullName":"EditProductFormSkeleton should render with correct structure","status":"passed","title":"should render with correct structure","duration":1.4668750000018917,"failureMessages":[],"location":{"line":48,"column":2},"meta":{}},{"ancestorTitles":["EditProductFormSkeleton"],"fullName":"EditProductFormSkeleton should render all form field skeletons","status":"passed","title":"should render all form field skeletons","duration":1.479749999998603,"failureMessages":[],"location":{"line":56,"column":2},"meta":{}},{"ancestorTitles":["EditProductFormSkeleton"],"fullName":"EditProductFormSkeleton should have same structure as ProductFormSkeleton","status":"passed","title":"should have same structure as ProductFormSkeleton","duration":2.6650420000005397,"failureMessages":[],"location":{"line":69,"column":2},"meta":{}}],"startTime":1778639172615,"endTime":1778639172647.665,"status":"passed","message":"","name":"/Users/andres/Documents/financieramente/financieramente-app/src/features/product/__tests__/components/product-form-skeleton.test.tsx"},{"assertionResults":[{"ancestorTitles":["ProductForm","Create Mode"],"fullName":"ProductForm Create Mode should render form with empty fields (happy path)","status":"passed","title":"should render form with empty fields (happy path)","duration":106.77879100000018,"failureMessages":[],"location":{"line":30,"column":3},"meta":{}},{"ancestorTitles":["ProductForm","Create Mode"],"fullName":"ProductForm Create Mode should call onCancel when cancel button is clicked","status":"passed","title":"should call onCancel when cancel button is clicked","duration":43.42316700000015,"failureMessages":[],"location":{"line":58,"column":3},"meta":{}},{"ancestorTitles":["ProductForm","Create Mode"],"fullName":"ProductForm Create Mode should disable submit button when loading","status":"passed","title":"should disable submit button when loading","duration":20.874250000000075,"failureMessages":[],"location":{"line":75,"column":3},"meta":{}},{"ancestorTitles":["ProductForm","Create Mode"],"fullName":"ProductForm Create Mode should show loading text when submitting","status":"passed","title":"should show loading text when submitting","duration":152.188042,"failureMessages":[],"location":{"line":90,"column":3},"meta":{}},{"ancestorTitles":["ProductForm","Create Mode"],"fullName":"ProductForm Create Mode should validate required fields","status":"skipped","title":"should validate required fields","failureMessages":[],"location":{"line":128,"column":6},"meta":{}},{"ancestorTitles":["ProductForm","Create Mode"],"fullName":"ProductForm Create Mode should validate name minimum length","status":"skipped","title":"should validate name minimum length","failureMessages":[],"location":{"line":152,"column":6},"meta":{}},{"ancestorTitles":["ProductForm","Create Mode"],"fullName":"ProductForm Create Mode should submit form with valid data (happy path)","status":"passed","title":"should submit form with valid data (happy path)","duration":130.03129200000012,"failureMessages":[],"location":{"line":182,"column":3},"meta":{}},{"ancestorTitles":["ProductForm","Edit Mode"],"fullName":"ProductForm Edit Mode should render form with initial data (happy path)","status":"passed","title":"should render form with initial data (happy path)","duration":16.754832999999962,"failureMessages":[],"location":{"line":229,"column":3},"meta":{}},{"ancestorTitles":["ProductForm","Edit Mode"],"fullName":"ProductForm Edit Mode should show update button text in edit mode","status":"passed","title":"should show update button text in edit mode","duration":18.400708000000122,"failureMessages":[],"location":{"line":246,"column":3},"meta":{}},{"ancestorTitles":["ProductForm","Edit Mode"],"fullName":"ProductForm Edit Mode should submit form with updated data","status":"passed","title":"should submit form with updated data","duration":92.34008399999993,"failureMessages":[],"location":{"line":262,"column":3},"meta":{}},{"ancestorTitles":["ProductForm","Edit Mode"],"fullName":"ProductForm Edit Mode should allow partial updates","status":"passed","title":"should allow partial updates","duration":111.28079099999968,"failureMessages":[],"location":{"line":290,"column":3},"meta":{}},{"ancestorTitles":["ProductForm","Edit Mode"],"fullName":"ProductForm Edit Mode should disable form when loading","status":"passed","title":"should disable form when loading","duration":24.206958000000213,"failureMessages":[],"location":{"line":326,"column":3},"meta":{}},{"ancestorTitles":["ProductForm","Error Handling"],"fullName":"ProductForm Error Handling should display validation errors for invalid name","status":"skipped","title":"should display validation errors for invalid name","failureMessages":[],"location":{"line":344,"column":6},"meta":{}},{"ancestorTitles":["ProductForm","Error Handling"],"fullName":"ProductForm Error Handling should display validation errors for name too long","status":"passed","title":"should display validation errors for name too long","duration":379.99699999999984,"failureMessages":[],"location":{"line":374,"column":3},"meta":{}}],"startTime":1778639156071,"endTime":1778639157167.997,"status":"passed","message":"","name":"/Users/andres/Documents/financieramente/financieramente-app/src/features/product/__tests__/components/product-form.test.tsx"},{"assertionResults":[{"ancestorTitles":["ProductsTableSection"],"fullName":"ProductsTableSection should render table with products (happy path)","status":"passed","title":"should render table with products (happy path)","duration":70.93683400000009,"failureMessages":[],"location":{"line":52,"column":2},"meta":{}},{"ancestorTitles":["ProductsTableSection"],"fullName":"ProductsTableSection should render product IDs","status":"passed","title":"should render product IDs","duration":28.397125000000415,"failureMessages":[],"location":{"line":61,"column":2},"meta":{}},{"ancestorTitles":["ProductsTableSection"],"fullName":"ProductsTableSection should render company names","status":"passed","title":"should render company names","duration":21.69237500000054,"failureMessages":[],"location":{"line":68,"column":2},"meta":{}},{"ancestorTitles":["ProductsTableSection"],"fullName":"ProductsTableSection should render status badges correctly","status":"passed","title":"should render status badges correctly","duration":23.800250000000233,"failureMessages":[],"location":{"line":74,"column":2},"meta":{}},{"ancestorTitles":["ProductsTableSection"],"fullName":"ProductsTableSection should call onAddProduct when add button is clicked","status":"passed","title":"should call onAddProduct when add button is clicked","duration":66.50420800000029,"failureMessages":[],"location":{"line":81,"column":2},"meta":{}},{"ancestorTitles":["ProductsTableSection"],"fullName":"ProductsTableSection should call onEditProduct when edit button is clicked","status":"passed","title":"should call onEditProduct when edit button is clicked","duration":25.25250000000051,"failureMessages":[],"location":{"line":91,"column":2},"meta":{}},{"ancestorTitles":["ProductsTableSection"],"fullName":"ProductsTableSection should call onDeleteProduct when delete button is clicked","status":"passed","title":"should call onDeleteProduct when delete button is clicked","duration":24.387541999999485,"failureMessages":[],"location":{"line":102,"column":2},"meta":{}},{"ancestorTitles":["ProductsTableSection"],"fullName":"ProductsTableSection should call onGlobalSearch when search is performed","status":"passed","title":"should call onGlobalSearch when search is performed","duration":49.463042000000314,"failureMessages":[],"location":{"line":113,"column":2},"meta":{}},{"ancestorTitles":["ProductsTableSection"],"fullName":"ProductsTableSection should render pagination when provided","status":"passed","title":"should render pagination when provided","duration":16.375209000000723,"failureMessages":[],"location":{"line":125,"column":2},"meta":{}},{"ancestorTitles":["ProductsTableSection"],"fullName":"ProductsTableSection should render company filter when companies are provided","status":"passed","title":"should render company filter when companies are provided","duration":17.853624999999738,"failureMessages":[],"location":{"line":145,"column":2},"meta":{}},{"ancestorTitles":["ProductsTableSection"],"fullName":"ProductsTableSection should call onCompanyChange when company filter changes","status":"passed","title":"should call onCompanyChange when company filter changes","duration":93.4175409999998,"failureMessages":[],"location":{"line":158,"column":2},"meta":{}},{"ancestorTitles":["ProductsTableSection"],"fullName":"ProductsTableSection should show loading state when isSearching is true","status":"passed","title":"should show loading state when isSearching is true","duration":16.39220800000021,"failureMessages":[],"location":{"line":187,"column":2},"meta":{}},{"ancestorTitles":["ProductsTableSection"],"fullName":"ProductsTableSection should format dates correctly","status":"passed","title":"should format dates correctly","duration":15.480040999999801,"failureMessages":[],"location":{"line":194,"column":2},"meta":{}},{"ancestorTitles":["ProductsTableSection"],"fullName":"ProductsTableSection should handle empty products array","status":"passed","title":"should handle empty products array","duration":20.60466699999961,"failureMessages":[],"location":{"line":203,"column":2},"meta":{}},{"ancestorTitles":["ProductsTableSection"],"fullName":"ProductsTableSection should render all action buttons for each product","status":"passed","title":"should render all action buttons for each product","duration":16.230458,"failureMessages":[],"location":{"line":209,"column":2},"meta":{}},{"ancestorTitles":["ProductsTableSection"],"fullName":"ProductsTableSection should handle pagination page change","status":"passed","title":"should handle pagination page change","duration":14.297416999999768,"failureMessages":[],"location":{"line":220,"column":2},"meta":{}}],"startTime":1778639159343,"endTime":1778639159864.2974,"status":"passed","message":"","name":"/Users/andres/Documents/financieramente/financieramente-app/src/features/product/__tests__/components/products-table.test.tsx"},{"assertionResults":[{"ancestorTitles":["prisma.mapper","prismaClientOriginToClientOrigin"],"fullName":"prisma.mapper prismaClientOriginToClientOrigin should transform Prisma client origin to ClientOrigin (happy path)","status":"passed","title":"should transform Prisma client origin to ClientOrigin (happy path)","duration":0.7508329999982379,"failureMessages":[],"location":{"line":10,"column":3},"meta":{}},{"ancestorTitles":["prisma.mapper","prismaClientOriginToClientOrigin"],"fullName":"prisma.mapper prismaClientOriginToClientOrigin should convert Date to ISO string","status":"passed","title":"should convert Date to ISO string","duration":0.1523750000014843,"failureMessages":[],"location":{"line":26,"column":3},"meta":{}},{"ancestorTitles":["prisma.mapper","prismaClientOriginToClientOrigin"],"fullName":"prisma.mapper prismaClientOriginToClientOrigin should handle null description","status":"passed","title":"should handle null description","duration":0.11029100000087055,"failureMessages":[],"location":{"line":40,"column":3},"meta":{}},{"ancestorTitles":["prisma.mapper","prismaClientOriginToClientOrigin"],"fullName":"prisma.mapper prismaClientOriginToClientOrigin should handle status as false","status":"passed","title":"should handle status as false","duration":0.0729170000013255,"failureMessages":[],"location":{"line":50,"column":3},"meta":{}},{"ancestorTitles":["prisma.mapper","prismaClientOriginListToClientOrigins"],"fullName":"prisma.mapper prismaClientOriginListToClientOrigins should transform array of Prisma client origins to ClientOrigin array","status":"passed","title":"should transform array of Prisma client origins to ClientOrigin array","duration":0.5016670000004524,"failureMessages":[],"location":{"line":62,"column":3},"meta":{}},{"ancestorTitles":["prisma.mapper","prismaClientOriginListToClientOrigins"],"fullName":"prisma.mapper prismaClientOriginListToClientOrigins should handle empty array","status":"passed","title":"should handle empty array","duration":0.11170900000070105,"failureMessages":[],"location":{"line":83,"column":3},"meta":{}}],"startTime":1778639185375,"endTime":1778639185376.5017,"status":"passed","message":"","name":"/Users/andres/Documents/financieramente/financieramente-app/src/features/origins/__tests__/mappers/prisma.mapper.test.ts"},{"assertionResults":[{"ancestorTitles":["useProductMutations","createProduct"],"fullName":"useProductMutations createProduct should start with idle state","status":"passed","title":"should start with idle state","duration":14.537249999999403,"failureMessages":[],"location":{"line":22,"column":3},"meta":{}},{"ancestorTitles":["useProductMutations","createProduct"],"fullName":"useProductMutations createProduct should create product successfully (happy path)","status":"passed","title":"should create product successfully (happy path)","duration":5.873916000000463,"failureMessages":[],"location":{"line":30,"column":3},"meta":{}},{"ancestorTitles":["useProductMutations","createProduct"],"fullName":"useProductMutations createProduct should set loading state during creation","status":"passed","title":"should set loading state during creation","duration":107.13158400000066,"failureMessages":[],"location":{"line":60,"column":3},"meta":{}},{"ancestorTitles":["useProductMutations","createProduct"],"fullName":"useProductMutations createProduct should handle API error","status":"passed","title":"should handle API error","duration":5.937334000000192,"failureMessages":[],"location":{"line":88,"column":3},"meta":{}},{"ancestorTitles":["useProductMutations","createProduct"],"fullName":"useProductMutations createProduct should handle network error","status":"passed","title":"should handle network error","duration":6.621042000000671,"failureMessages":[],"location":{"line":114,"column":3},"meta":{}},{"ancestorTitles":["useProductMutations","createProduct"],"fullName":"useProductMutations createProduct should handle unknown error","status":"passed","title":"should handle unknown error","duration":3.324916999999914,"failureMessages":[],"location":{"line":144,"column":3},"meta":{}},{"ancestorTitles":["useProductMutations","updateProduct"],"fullName":"useProductMutations updateProduct should start with idle state","status":"passed","title":"should start with idle state","duration":3.7749579999999696,"failureMessages":[],"location":{"line":176,"column":3},"meta":{}},{"ancestorTitles":["useProductMutations","updateProduct"],"fullName":"useProductMutations updateProduct should update product successfully (happy path)","status":"passed","title":"should update product successfully (happy path)","duration":3.523209000000861,"failureMessages":[],"location":{"line":184,"column":3},"meta":{}},{"ancestorTitles":["useProductMutations","updateProduct"],"fullName":"useProductMutations updateProduct should handle API error","status":"passed","title":"should handle API error","duration":4.034125000000131,"failureMessages":[],"location":{"line":212,"column":3},"meta":{}},{"ancestorTitles":["useProductMutations","updateProduct"],"fullName":"useProductMutations updateProduct should handle network error","status":"passed","title":"should handle network error","duration":5.197165999999925,"failureMessages":[],"location":{"line":238,"column":3},"meta":{}},{"ancestorTitles":["useProductMutations","updateProduct"],"fullName":"useProductMutations updateProduct should handle unknown error","status":"passed","title":"should handle unknown error","duration":3.799458000001323,"failureMessages":[],"location":{"line":266,"column":3},"meta":{}},{"ancestorTitles":["useProductMutations","deleteProduct"],"fullName":"useProductMutations deleteProduct should start with idle state","status":"passed","title":"should start with idle state","duration":3.093957999999475,"failureMessages":[],"location":{"line":296,"column":3},"meta":{}},{"ancestorTitles":["useProductMutations","deleteProduct"],"fullName":"useProductMutations deleteProduct should delete product successfully (happy path)","status":"passed","title":"should delete product successfully (happy path)","duration":4.078499999999622,"failureMessages":[],"location":{"line":304,"column":3},"meta":{}},{"ancestorTitles":["useProductMutations","deleteProduct"],"fullName":"useProductMutations deleteProduct should handle API error","status":"passed","title":"should handle API error","duration":6.693500000001222,"failureMessages":[],"location":{"line":323,"column":3},"meta":{}},{"ancestorTitles":["useProductMutations","deleteProduct"],"fullName":"useProductMutations deleteProduct should handle network error","status":"passed","title":"should handle network error","duration":7.647957999999562,"failureMessages":[],"location":{"line":345,"column":3},"meta":{}},{"ancestorTitles":["useProductMutations","deleteProduct"],"fullName":"useProductMutations deleteProduct should handle unknown error","status":"passed","title":"should handle unknown error","duration":6.160500000001775,"failureMessages":[],"location":{"line":369,"column":3},"meta":{}}],"startTime":1778639169235,"endTime":1778639169426.1604,"status":"passed","message":"","name":"/Users/andres/Documents/financieramente/financieramente-app/src/features/product/__tests__/hooks/use-product-mutations.test.ts"},{"assertionResults":[{"ancestorTitles":["useProduct"],"fullName":"useProduct should start with loading state","status":"passed","title":"should start with loading state","duration":59.526207999999315,"failureMessages":[],"location":{"line":19,"column":2},"meta":{}},{"ancestorTitles":["useProduct"],"fullName":"useProduct should fetch product successfully (happy path)","status":"passed","title":"should fetch product successfully (happy path)","duration":53.046291999999994,"failureMessages":[],"location":{"line":37,"column":2},"meta":{}},{"ancestorTitles":["useProduct"],"fullName":"useProduct should handle API error","status":"passed","title":"should handle API error","duration":54.42925000000014,"failureMessages":[],"location":{"line":57,"column":2},"meta":{}},{"ancestorTitles":["useProduct"],"fullName":"useProduct should handle network error","status":"passed","title":"should handle network error","duration":53.50829199999953,"failureMessages":[],"location":{"line":73,"column":2},"meta":{}},{"ancestorTitles":["useProduct"],"fullName":"useProduct should handle unknown error","status":"passed","title":"should handle unknown error","duration":53.50495799999953,"failureMessages":[],"location":{"line":93,"column":2},"meta":{}},{"ancestorTitles":["useProduct"],"fullName":"useProduct should handle invalid ID","status":"passed","title":"should handle invalid ID","duration":2.177167000000736,"failureMessages":[],"location":{"line":111,"column":2},"meta":{}},{"ancestorTitles":["useProduct"],"fullName":"useProduct should refetch when refetch is called","status":"passed","title":"should refetch when refetch is called","duration":55.28929100000005,"failureMessages":[],"location":{"line":122,"column":2},"meta":{}},{"ancestorTitles":["useProduct"],"fullName":"useProduct should refetch when id changes","status":"passed","title":"should refetch when id changes","duration":104.3227909999996,"failureMessages":[],"location":{"line":145,"column":2},"meta":{}}],"startTime":1778639159881,"endTime":1778639160317.3228,"status":"passed","message":"","name":"/Users/andres/Documents/financieramente/financieramente-app/src/features/product/__tests__/hooks/use-product.test.ts"},{"assertionResults":[{"ancestorTitles":["useProducts"],"fullName":"useProducts should start with loading state","status":"passed","title":"should start with loading state","duration":62.878709000000526,"failureMessages":[],"location":{"line":22,"column":2},"meta":{}},{"ancestorTitles":["useProducts"],"fullName":"useProducts should fetch products successfully (happy path)","status":"passed","title":"should fetch products successfully (happy path)","duration":54.43641699999989,"failureMessages":[],"location":{"line":40,"column":2},"meta":{}},{"ancestorTitles":["useProducts"],"fullName":"useProducts should handle API error","status":"passed","title":"should handle API error","duration":54.71229200000016,"failureMessages":[],"location":{"line":61,"column":2},"meta":{}},{"ancestorTitles":["useProducts"],"fullName":"useProducts should handle network error","status":"passed","title":"should handle network error","duration":52.7977920000003,"failureMessages":[],"location":{"line":77,"column":2},"meta":{}},{"ancestorTitles":["useProducts"],"fullName":"useProducts should handle unknown error","status":"passed","title":"should handle unknown error","duration":52.513457999999446,"failureMessages":[],"location":{"line":97,"column":2},"meta":{}},{"ancestorTitles":["useProducts"],"fullName":"useProducts should pass search params to API","status":"passed","title":"should pass search params to API","duration":2.8046250000006694,"failureMessages":[],"location":{"line":115,"column":2},"meta":{}},{"ancestorTitles":["useProducts"],"fullName":"useProducts should pass status filter to API","status":"passed","title":"should pass status filter to API","duration":2.2300410000007105,"failureMessages":[],"location":{"line":132,"column":2},"meta":{}},{"ancestorTitles":["useProducts"],"fullName":"useProducts should pass idCompany filter to API","status":"passed","title":"should pass idCompany filter to API","duration":2.236624999999549,"failureMessages":[],"location":{"line":147,"column":2},"meta":{}},{"ancestorTitles":["useProducts"],"fullName":"useProducts should refetch when refetch is called","status":"passed","title":"should refetch when refetch is called","duration":55.899999999999636,"failureMessages":[],"location":{"line":162,"column":2},"meta":{}},{"ancestorTitles":["useProducts"],"fullName":"useProducts should refetch when params change","status":"passed","title":"should refetch when params change","duration":2.8612499999999272,"failureMessages":[],"location":{"line":185,"column":2},"meta":{}},{"ancestorTitles":["useProducts"],"fullName":"useProducts should handle empty params","status":"passed","title":"should handle empty params","duration":1.067665999999008,"failureMessages":[],"location":{"line":213,"column":2},"meta":{}}],"startTime":1778639162199,"endTime":1778639162544.0676,"status":"passed","message":"","name":"/Users/andres/Documents/financieramente/financieramente-app/src/features/product/__tests__/hooks/use-products.test.ts"},{"assertionResults":[{"ancestorTitles":["product.mapper","prismaProductToProduct"],"fullName":"product.mapper prismaProductToProduct should transform Prisma product to Product (happy path)","status":"passed","title":"should transform Prisma product to Product (happy path)","duration":0.8598330000022543,"failureMessages":[],"location":{"line":10,"column":3},"meta":{}},{"ancestorTitles":["product.mapper","prismaProductToProduct"],"fullName":"product.mapper prismaProductToProduct should convert Date to ISO string","status":"passed","title":"should convert Date to ISO string","duration":0.19100000000253203,"failureMessages":[],"location":{"line":27,"column":3},"meta":{}},{"ancestorTitles":["product.mapper","prismaProductToProduct"],"fullName":"product.mapper prismaProductToProduct should map company information correctly","status":"passed","title":"should map company information correctly","duration":0.13970899999912945,"failureMessages":[],"location":{"line":41,"column":3},"meta":{}},{"ancestorTitles":["product.mapper","prismaProductToProduct"],"fullName":"product.mapper prismaProductToProduct should handle null description","status":"passed","title":"should handle null description","duration":0.103291999999783,"failureMessages":[],"location":{"line":60,"column":3},"meta":{}},{"ancestorTitles":["product.mapper","prismaProductToProduct"],"fullName":"product.mapper prismaProductToProduct should handle status as false","status":"passed","title":"should handle status as false","duration":0.09166600000025937,"failureMessages":[],"location":{"line":70,"column":3},"meta":{}},{"ancestorTitles":["product.mapper","prismaProductListToProducts"],"fullName":"product.mapper prismaProductListToProducts should transform list of Prisma products to Products array (happy path)","status":"passed","title":"should transform list of Prisma products to Products array (happy path)","duration":0.548917000000074,"failureMessages":[],"location":{"line":82,"column":3},"meta":{}},{"ancestorTitles":["product.mapper","prismaProductListToProducts"],"fullName":"product.mapper prismaProductListToProducts should handle empty array","status":"passed","title":"should handle empty array","duration":0.4007080000010319,"failureMessages":[],"location":{"line":103,"column":3},"meta":{}},{"ancestorTitles":["product.mapper","prismaProductListToProducts"],"fullName":"product.mapper prismaProductListToProducts should transform single product in array","status":"passed","title":"should transform single product in array","duration":0.13629199999923003,"failureMessages":[],"location":{"line":112,"column":3},"meta":{}},{"ancestorTitles":["product.mapper","prismaProductListToProducts"],"fullName":"product.mapper prismaProductListToProducts should preserve all product properties in list","status":"passed","title":"should preserve all product properties in list","duration":0.1297500000000582,"failureMessages":[],"location":{"line":127,"column":3},"meta":{}}],"startTime":1778639184058,"endTime":1778639184061.1362,"status":"passed","message":"","name":"/Users/andres/Documents/financieramente/financieramente-app/src/features/product/__tests__/mappers/product.mapper.test.ts"},{"assertionResults":[{"ancestorTitles":["procesarPreLiquidacion"],"fullName":"procesarPreLiquidacion should return error if file does not exist","status":"passed","title":"should return error if file does not exist","duration":1.0460000000020955,"failureMessages":[],"location":{"line":77,"column":2},"meta":{}},{"ancestorTitles":["procesarPreLiquidacion"],"fullName":"procesarPreLiquidacion should return error if file is not in LOAD status","status":"passed","title":"should return error if file is not in LOAD status","duration":0.14991599999848404,"failureMessages":[],"location":{"line":89,"column":2},"meta":{}},{"ancestorTitles":["procesarPreLiquidacion"],"fullName":"procesarPreLiquidacion should return success and process records when everything is correct","status":"passed","title":"should return success and process records when everything is correct","duration":3.210665999999037,"failureMessages":[],"location":{"line":107,"column":2},"meta":{}},{"ancestorTitles":["procesarPreLiquidacion"],"fullName":"procesarPreLiquidacion should create Clawback per category and NOT update ClawbackBalance when POLIZA with clawbackPercentage > 0","status":"passed","title":"should create Clawback per category and NOT update ClawbackBalance when POLIZA with clawbackPercentage > 0","duration":0.8042500000010477,"failureMessages":[],"location":{"line":208,"column":2},"meta":{}},{"ancestorTitles":["procesarPreLiquidacion"],"fullName":"procesarPreLiquidacion omits registro when UPLINE_CHAIN has no matching user in chain","status":"passed","title":"omits registro when UPLINE_CHAIN has no matching user in chain","duration":1.6979170000013255,"failureMessages":[],"location":{"line":298,"column":2},"meta":{}},{"ancestorTitles":["procesarPreLiquidacion"],"fullName":"procesarPreLiquidacion mixed: one success + one UPLINE_NO_MATCH — successful record PRE-SETTLED, failed stays SYNCHRONIZED, FileImport NOT advanced","status":"passed","title":"mixed: one success + one UPLINE_NO_MATCH — successful record PRE-SETTLED, failed stays SYNCHRONIZED, FileImport NOT advanced","duration":1.222875000003114,"failureMessages":[],"location":{"line":367,"column":2},"meta":{}},{"ancestorTitles":["procesarPreLiquidacion"],"fullName":"procesarPreLiquidacion all succeed: FileImport updated to PRE-SETTLED; registrosConError is empty","status":"passed","title":"all succeed: FileImport updated to PRE-SETTLED; registrosConError is empty","duration":0.37583299999823794,"failureMessages":[],"location":{"line":490,"column":2},"meta":{}},{"ancestorTitles":["obtenerRegistrosParaLiquidacion"],"fullName":"obtenerRegistrosParaLiquidacion returns null when file does not exist","status":"passed","title":"returns null when file does not exist","duration":0.44354200000088895,"failureMessages":[],"location":{"line":568,"column":2},"meta":{}},{"ancestorTitles":["obtenerRegistrosParaLiquidacion"],"fullName":"obtenerRegistrosParaLiquidacion returns only SYNCHRONIZED records and correct archivo.fileType","status":"passed","title":"returns only SYNCHRONIZED records and correct archivo.fileType","duration":3.390916999996989,"failureMessages":[],"location":{"line":574,"column":2},"meta":{}},{"ancestorTitles":["obtenerRegistrosParaLiquidacion"],"fullName":"obtenerRegistrosParaLiquidacion returns empty registros with archivo metadata when file has no SYNCHRONIZED records","status":"passed","title":"returns empty registros with archivo metadata when file has no SYNCHRONIZED records","duration":0.20537500000136788,"failureMessages":[],"location":{"line":636,"column":2},"meta":{}},{"ancestorTitles":["liquidarRegistros"],"fullName":"liquidarRegistros updates only PRE-SETTLED ids and returns liquidated count","status":"passed","title":"updates only PRE-SETTLED ids and returns liquidated count","duration":0.7371249999996508,"failureMessages":[],"location":{"line":676,"column":2},"meta":{}},{"ancestorTitles":["liquidarRegistros"],"fullName":"liquidarRegistros sets FileImport SETTLED when 0 SYNCHRONIZED and 0 PRE-SETTLED remain","status":"passed","title":"sets FileImport SETTLED when 0 SYNCHRONIZED and 0 PRE-SETTLED remain","duration":0.16554199999882258,"failureMessages":[],"location":{"line":725,"column":2},"meta":{}},{"ancestorTitles":["liquidarRegistros"],"fullName":"liquidarRegistros does not set FileImport SETTLED when SYNCHRONIZED rows still exist","status":"passed","title":"does not set FileImport SETTLED when SYNCHRONIZED rows still exist","duration":0.13554199999998673,"failureMessages":[],"location":{"line":746,"column":2},"meta":{}},{"ancestorTitles":["liquidarRegistros"],"fullName":"liquidarRegistros skips ids not in PRE-SETTLED and returns actual liquidated count","status":"passed","title":"skips ids not in PRE-SETTLED and returns actual liquidated count","duration":0.10250000000087311,"failureMessages":[],"location":{"line":764,"column":2},"meta":{}},{"ancestorTitles":["liquidarRegistros"],"fullName":"liquidarRegistros does not set FileImport SETTLED when 0 SYNCHRONIZED but PRE-SETTLED remain","status":"passed","title":"does not set FileImport SETTLED when 0 SYNCHRONIZED but PRE-SETTLED remain","duration":0.10929100000066683,"failureMessages":[],"location":{"line":779,"column":2},"meta":{}},{"ancestorTitles":["rezagarRegistros"],"fullName":"rezagarRegistros updates only PRE-SETTLED ids to LAG and returns fileCompleted: false if records remain","status":"passed","title":"updates only PRE-SETTLED ids to LAG and returns fileCompleted: false if records remain","duration":0.21958399999857647,"failureMessages":[],"location":{"line":800,"column":2},"meta":{}},{"ancestorTitles":["rezagarRegistros"],"fullName":"rezagarRegistros sets FileImport as SETTLED when lagging last records and returns fileCompleted: true","status":"passed","title":"sets FileImport as SETTLED when lagging last records and returns fileCompleted: true","duration":0.1477500000000873,"failureMessages":[],"location":{"line":826,"column":2},"meta":{}}],"startTime":1778639177665,"endTime":1778639177679.2195,"status":"passed","message":"","name":"/Users/andres/Documents/financieramente/financieramente-app/src/features/pre-liquidacion/__tests__/services/pre-liquidacion.service.test.ts"},{"assertionResults":[{"ancestorTitles":["productApi","getProducts"],"fullName":"productApi getProducts should fetch products successfully (happy path)","status":"passed","title":"should fetch products successfully (happy path)","duration":1.8693330000023707,"failureMessages":[],"location":{"line":17,"column":3},"meta":{}},{"ancestorTitles":["productApi","getProducts"],"fullName":"productApi getProducts should fetch products with search params","status":"passed","title":"should fetch products with search params","duration":0.8742500000007567,"failureMessages":[],"location":{"line":39,"column":3},"meta":{}},{"ancestorTitles":["productApi","getProducts"],"fullName":"productApi getProducts should fetch products with status filter","status":"passed","title":"should fetch products with status filter","duration":0.27124999999796273,"failureMessages":[],"location":{"line":54,"column":3},"meta":{}},{"ancestorTitles":["productApi","getProducts"],"fullName":"productApi getProducts should fetch products with idCompany filter","status":"passed","title":"should fetch products with idCompany filter","duration":0.2007080000003043,"failureMessages":[],"location":{"line":69,"column":3},"meta":{}},{"ancestorTitles":["productApi","getProducts"],"fullName":"productApi getProducts should handle API error response","status":"passed","title":"should handle API error response","duration":0.1400419999990845,"failureMessages":[],"location":{"line":84,"column":3},"meta":{}},{"ancestorTitles":["productApi","getProducts"],"fullName":"productApi getProducts should handle API error without error message","status":"passed","title":"should handle API error without error message","duration":0.12045899999793619,"failureMessages":[],"location":{"line":101,"column":3},"meta":{}},{"ancestorTitles":["productApi","getProducts"],"fullName":"productApi getProducts should handle network error","status":"passed","title":"should handle network error","duration":0.15683400000125403,"failureMessages":[],"location":{"line":115,"column":3},"meta":{}},{"ancestorTitles":["productApi","getProducts"],"fullName":"productApi getProducts should handle unknown error","status":"passed","title":"should handle unknown error","duration":0.09904200000164565,"failureMessages":[],"location":{"line":126,"column":3},"meta":{}},{"ancestorTitles":["productApi","getProduct"],"fullName":"productApi getProduct should fetch single product successfully (happy path)","status":"passed","title":"should fetch single product successfully (happy path)","duration":0.2265000000006694,"failureMessages":[],"location":{"line":139,"column":3},"meta":{}},{"ancestorTitles":["productApi","getProduct"],"fullName":"productApi getProduct should handle API error response","status":"passed","title":"should handle API error response","duration":0.1197920000013255,"failureMessages":[],"location":{"line":158,"column":3},"meta":{}},{"ancestorTitles":["productApi","getProduct"],"fullName":"productApi getProduct should handle network error","status":"passed","title":"should handle network error","duration":0.09112499999901047,"failureMessages":[],"location":{"line":175,"column":3},"meta":{}},{"ancestorTitles":["productApi","getProduct"],"fullName":"productApi getProduct should handle unknown error","status":"passed","title":"should handle unknown error","duration":0.08166699999856064,"failureMessages":[],"location":{"line":186,"column":3},"meta":{}},{"ancestorTitles":["productApi","createProduct"],"fullName":"productApi createProduct should create product successfully (happy path)","status":"passed","title":"should create product successfully (happy path)","duration":0.20750000000043656,"failureMessages":[],"location":{"line":199,"column":3},"meta":{}},{"ancestorTitles":["productApi","createProduct"],"fullName":"productApi createProduct should handle API error response","status":"passed","title":"should handle API error response","duration":0.09604200000103447,"failureMessages":[],"location":{"line":228,"column":3},"meta":{}},{"ancestorTitles":["productApi","createProduct"],"fullName":"productApi createProduct should handle network error","status":"passed","title":"should handle network error","duration":0.08654200000091805,"failureMessages":[],"location":{"line":251,"column":3},"meta":{}},{"ancestorTitles":["productApi","createProduct"],"fullName":"productApi createProduct should handle unknown error","status":"passed","title":"should handle unknown error","duration":0.07937499999752617,"failureMessages":[],"location":{"line":268,"column":3},"meta":{}},{"ancestorTitles":["productApi","updateProduct"],"fullName":"productApi updateProduct should update product successfully (happy path)","status":"passed","title":"should update product successfully (happy path)","duration":0.17029199999888078,"failureMessages":[],"location":{"line":287,"column":3},"meta":{}},{"ancestorTitles":["productApi","updateProduct"],"fullName":"productApi updateProduct should handle API error response","status":"passed","title":"should handle API error response","duration":0.09454199999890989,"failureMessages":[],"location":{"line":314,"column":3},"meta":{}},{"ancestorTitles":["productApi","updateProduct"],"fullName":"productApi updateProduct should handle network error","status":"passed","title":"should handle network error","duration":0.09262499999749707,"failureMessages":[],"location":{"line":335,"column":3},"meta":{}},{"ancestorTitles":["productApi","updateProduct"],"fullName":"productApi updateProduct should handle unknown error","status":"passed","title":"should handle unknown error","duration":0.1061249999984284,"failureMessages":[],"location":{"line":350,"column":3},"meta":{}},{"ancestorTitles":["productApi","deleteProduct"],"fullName":"productApi deleteProduct should delete product successfully (happy path)","status":"passed","title":"should delete product successfully (happy path)","duration":0.15320799999972223,"failureMessages":[],"location":{"line":367,"column":3},"meta":{}},{"ancestorTitles":["productApi","deleteProduct"],"fullName":"productApi deleteProduct should handle API error response","status":"passed","title":"should handle API error response","duration":0.08387500000026193,"failureMessages":[],"location":{"line":382,"column":3},"meta":{}},{"ancestorTitles":["productApi","deleteProduct"],"fullName":"productApi deleteProduct should handle network error","status":"passed","title":"should handle network error","duration":0.078125,"failureMessages":[],"location":{"line":399,"column":3},"meta":{}},{"ancestorTitles":["productApi","deleteProduct"],"fullName":"productApi deleteProduct should handle unknown error","status":"passed","title":"should handle unknown error","duration":0.07416700000248966,"failureMessages":[],"location":{"line":410,"column":3},"meta":{}}],"startTime":1778639178638,"endTime":1778639178643.1704,"status":"passed","message":"","name":"/Users/andres/Documents/financieramente/financieramente-app/src/features/product/__tests__/lib/product-api.test.ts"},{"assertionResults":[{"ancestorTitles":["product-schemas","createProductSchema"],"fullName":"product-schemas createProductSchema should validate valid product data (happy path)","status":"passed","title":"should validate valid product data (happy path)","duration":1.4140000000006694,"failureMessages":[],"location":{"line":9,"column":3},"meta":{}},{"ancestorTitles":["product-schemas","createProductSchema"],"fullName":"product-schemas createProductSchema should trim whitespace from name","status":"passed","title":"should trim whitespace from name","duration":0.23858299999847077,"failureMessages":[],"location":{"line":25,"column":3},"meta":{}},{"ancestorTitles":["product-schemas","createProductSchema"],"fullName":"product-schemas createProductSchema should reject empty name","status":"passed","title":"should reject empty name","duration":0.3892919999998412,"failureMessages":[],"location":{"line":39,"column":3},"meta":{}},{"ancestorTitles":["product-schemas","createProductSchema"],"fullName":"product-schemas createProductSchema should accept name with exactly 1 character","status":"passed","title":"should accept name with exactly 1 character","duration":0.10358400000041001,"failureMessages":[],"location":{"line":53,"column":3},"meta":{}},{"ancestorTitles":["product-schemas","createProductSchema"],"fullName":"product-schemas createProductSchema should reject name longer than 200 characters","status":"passed","title":"should reject name longer than 200 characters","duration":0.16749999999956344,"failureMessages":[],"location":{"line":64,"column":3},"meta":{}},{"ancestorTitles":["product-schemas","createProductSchema"],"fullName":"product-schemas createProductSchema should accept name with exactly 200 characters","status":"passed","title":"should accept name with exactly 200 characters","duration":0.09100000000034925,"failureMessages":[],"location":{"line":78,"column":3},"meta":{}},{"ancestorTitles":["product-schemas","createProductSchema"],"fullName":"product-schemas createProductSchema should reject missing idCompany","status":"passed","title":"should reject missing idCompany","duration":0.23758299999826704,"failureMessages":[],"location":{"line":89,"column":3},"meta":{}},{"ancestorTitles":["product-schemas","createProductSchema"],"fullName":"product-schemas createProductSchema should reject zero idCompany","status":"passed","title":"should reject zero idCompany","duration":0.12245899999834364,"failureMessages":[],"location":{"line":105,"column":3},"meta":{}},{"ancestorTitles":["product-schemas","createProductSchema"],"fullName":"product-schemas createProductSchema should reject negative idCompany","status":"passed","title":"should reject negative idCompany","duration":0.12470799999937299,"failureMessages":[],"location":{"line":122,"column":3},"meta":{}},{"ancestorTitles":["product-schemas","createProductSchema"],"fullName":"product-schemas createProductSchema should reject non-integer idCompany","status":"passed","title":"should reject non-integer idCompany","duration":0.15775000000212458,"failureMessages":[],"location":{"line":139,"column":3},"meta":{}},{"ancestorTitles":["product-schemas","createProductSchema"],"fullName":"product-schemas createProductSchema should accept optional description","status":"passed","title":"should accept optional description","duration":0.10679099999833852,"failureMessages":[],"location":{"line":156,"column":3},"meta":{}},{"ancestorTitles":["product-schemas","createProductSchema"],"fullName":"product-schemas createProductSchema should accept optional idTypeProduct","status":"passed","title":"should accept optional idTypeProduct","duration":0.10554200000115088,"failureMessages":[],"location":{"line":171,"column":3},"meta":{}},{"ancestorTitles":["product-schemas","createProductSchema"],"fullName":"product-schemas createProductSchema should default status to true","status":"passed","title":"should default status to true","duration":0.12983400000302936,"failureMessages":[],"location":{"line":186,"column":3},"meta":{}},{"ancestorTitles":["product-schemas","updateProductSchema"],"fullName":"product-schemas updateProductSchema should validate with all fields (happy path)","status":"passed","title":"should validate with all fields (happy path)","duration":0.3418329999985872,"failureMessages":[],"location":{"line":201,"column":3},"meta":{}},{"ancestorTitles":["product-schemas","updateProductSchema"],"fullName":"product-schemas updateProductSchema should validate with only name","status":"passed","title":"should validate with only name","duration":0.06154199999946286,"failureMessages":[],"location":{"line":212,"column":3},"meta":{}},{"ancestorTitles":["product-schemas","updateProductSchema"],"fullName":"product-schemas updateProductSchema should validate with only idCompany","status":"passed","title":"should validate with only idCompany","duration":0.05837500000052387,"failureMessages":[],"location":{"line":221,"column":3},"meta":{}},{"ancestorTitles":["product-schemas","updateProductSchema"],"fullName":"product-schemas updateProductSchema should validate with only status","status":"passed","title":"should validate with only status","duration":0.05279099999825121,"failureMessages":[],"location":{"line":230,"column":3},"meta":{}},{"ancestorTitles":["product-schemas","updateProductSchema"],"fullName":"product-schemas updateProductSchema should validate empty object (partial update)","status":"passed","title":"should validate empty object (partial update)","duration":0.0485000000007858,"failureMessages":[],"location":{"line":239,"column":3},"meta":{}},{"ancestorTitles":["product-schemas","updateProductSchema"],"fullName":"product-schemas updateProductSchema should reject name longer than 200 characters","status":"passed","title":"should reject name longer than 200 characters","duration":0.10691600000063772,"failureMessages":[],"location":{"line":246,"column":3},"meta":{}},{"ancestorTitles":["product-schemas","updateProductSchema"],"fullName":"product-schemas updateProductSchema should accept empty name string (as optional in update)","status":"passed","title":"should accept empty name string (as optional in update)","duration":0.0751250000030268,"failureMessages":[],"location":{"line":258,"column":3},"meta":{}},{"ancestorTitles":["product-schemas","updateProductSchema"],"fullName":"product-schemas updateProductSchema should trim whitespace from name","status":"passed","title":"should trim whitespace from name","duration":0.06629199999952107,"failureMessages":[],"location":{"line":267,"column":3},"meta":{}},{"ancestorTitles":["product-schemas","updateProductSchema"],"fullName":"product-schemas updateProductSchema should reject zero idCompany","status":"passed","title":"should reject zero idCompany","duration":0.10662500000034925,"failureMessages":[],"location":{"line":279,"column":3},"meta":{}},{"ancestorTitles":["product-schemas","updateProductSchema"],"fullName":"product-schemas updateProductSchema should reject negative idCompany","status":"passed","title":"should reject negative idCompany","duration":0.11066699999719276,"failureMessages":[],"location":{"line":294,"column":3},"meta":{}},{"ancestorTitles":["product-schemas","updateProductSchema"],"fullName":"product-schemas updateProductSchema should reject non-integer idCompany","status":"passed","title":"should reject non-integer idCompany","duration":0.10120800000004238,"failureMessages":[],"location":{"line":309,"column":3},"meta":{}}],"startTime":1778639179023,"endTime":1778639179028.1106,"status":"passed","message":"","name":"/Users/andres/Documents/financieramente/financieramente-app/src/features/product/__tests__/lib/product-schemas.test.ts"},{"assertionResults":[{"ancestorTitles":["ModalErroresConfiguracion"],"fullName":"ModalErroresConfiguracion renders the list of errors when open=true and registrosConError is non-empty","status":"passed","title":"renders the list of errors when open=true and registrosConError is non-empty","duration":147.99724999999853,"failureMessages":[],"location":{"line":41,"column":2},"meta":{}},{"ancestorTitles":["ModalErroresConfiguracion"],"fullName":"ModalErroresConfiguracion calls onClose when the close button is clicked","status":"passed","title":"calls onClose when the close button is clicked","duration":87.17483300000094,"failureMessages":[],"location":{"line":63,"column":2},"meta":{}},{"ancestorTitles":["ModalErroresConfiguracion"],"fullName":"ModalErroresConfiguracion does not render content when registrosConError is empty","status":"passed","title":"does not render content when registrosConError is empty","duration":31.454791000000114,"failureMessages":[],"location":{"line":80,"column":2},"meta":{}},{"ancestorTitles":["ModalErroresConfiguracion"],"fullName":"ModalErroresConfiguracion does not render content when open=false (Dialog closed)","status":"passed","title":"does not render content when open=false (Dialog closed)","duration":1.4477920000008453,"failureMessages":[],"location":{"line":92,"column":2},"meta":{}}],"startTime":1778639164223,"endTime":1778639164490.4478,"status":"passed","message":"","name":"/Users/andres/Documents/financieramente/financieramente-app/src/features/pre-liquidacion/__tests__/components/ModalErroresConfiguracion.test.tsx"},{"assertionResults":[{"ancestorTitles":["computeLineDistributionAmounts"],"fullName":"computeLineDistributionAmounts applies tax then clawback on post-tax base","status":"passed","title":"applies tax then clawback on post-tax base","duration":1.0036670000008598,"failureMessages":[],"location":{"line":6,"column":2},"meta":{}},{"ancestorTitles":["computeLineDistributionAmounts"],"fullName":"computeLineDistributionAmounts with zero clawback, final equals post-tax","status":"passed","title":"with zero clawback, final equals post-tax","duration":0.16649999999935972,"failureMessages":[],"location":{"line":17,"column":2},"meta":{}},{"ancestorTitles":["computeLineDistributionAmounts"],"fullName":"computeLineDistributionAmounts handles zero gross","status":"passed","title":"handles zero gross","duration":0.10724999999729334,"failureMessages":[],"location":{"line":26,"column":2},"meta":{}}],"startTime":1778639185690,"endTime":1778639185692.1072,"status":"passed","message":"","name":"/Users/andres/Documents/financieramente/financieramente-app/src/features/pre-liquidacion/lib/__tests__/compute-line-distribution.test.ts"},{"assertionResults":[{"ancestorTitles":["formatPct"],"fullName":"formatPct delegates to formatPercentDisplay with fraction × 100 (cross-module RF-01)","status":"passed","title":"delegates to formatPercentDisplay with fraction × 100 (cross-module RF-01)","duration":0.7570839999971213,"failureMessages":[],"location":{"line":10,"column":2},"meta":{}}],"startTime":1778639186516,"endTime":1778639186516.757,"status":"passed","message":"","name":"/Users/andres/Documents/financieramente/financieramente-app/src/features/pre-liquidacion/lib/__tests__/format-utils-pct.test.ts"},{"assertionResults":[{"ancestorTitles":["deriveFlow"],"fullName":"deriveFlow returns VOLUNTARIA when commissionType is VOLUNTARIA","status":"passed","title":"returns VOLUNTARIA when commissionType is VOLUNTARIA","duration":0.6803340000005846,"failureMessages":[],"location":{"line":18,"column":2},"meta":{}},{"ancestorTitles":["deriveFlow"],"fullName":"deriveFlow returns POLIZA_CLAW when POLIZA and isClawback is true","status":"passed","title":"returns POLIZA_CLAW when POLIZA and isClawback is true","duration":0.11091599999781465,"failureMessages":[],"location":{"line":24,"column":2},"meta":{}},{"ancestorTitles":["deriveFlow"],"fullName":"deriveFlow returns POLIZA_CLAW when POLIZA, CARTERA, and isClawback true (CARTERA + CLAW → CLAW)","status":"passed","title":"returns POLIZA_CLAW when POLIZA, CARTERA, and isClawback true (CARTERA + CLAW → CLAW)","duration":0.09054099999775644,"failureMessages":[],"location":{"line":36,"column":2},"meta":{}},{"ancestorTitles":["deriveFlow"],"fullName":"deriveFlow returns POLIZA_CARTERA when POLIZA and originCommission is CARTERA (and not CLAW)","status":"passed","title":"returns POLIZA_CARTERA when POLIZA and originCommission is CARTERA (and not CLAW)","duration":0.08062499999869033,"failureMessages":[],"location":{"line":48,"column":2},"meta":{}},{"ancestorTitles":["deriveFlow"],"fullName":"deriveFlow returns POLIZA_NO_CLAW when POLIZA, isClawback false, and not CARTERA","status":"passed","title":"returns POLIZA_NO_CLAW when POLIZA, isClawback false, and not CARTERA","duration":0.09241699999984121,"failureMessages":[],"location":{"line":60,"column":2},"meta":{}},{"ancestorTitles":["deriveFlow"],"fullName":"deriveFlow returns VOLUNTARIA for unknown commissionType (fallback)","status":"passed","title":"returns VOLUNTARIA for unknown commissionType (fallback)","duration":0.07695899999816902,"failureMessages":[],"location":{"line":81,"column":2},"meta":{}},{"ancestorTitles":["shouldPersistClawback"],"fullName":"shouldPersistClawback returns false for VOLUNTARIA","status":"passed","title":"returns false for VOLUNTARIA","duration":0.07204099999944447,"failureMessages":[],"location":{"line":95,"column":2},"meta":{}},{"ancestorTitles":["shouldPersistClawback"],"fullName":"shouldPersistClawback returns true for POLIZA_CLAW","status":"passed","title":"returns true for POLIZA_CLAW","duration":0.06333399999857647,"failureMessages":[],"location":{"line":99,"column":2},"meta":{}},{"ancestorTitles":["shouldPersistClawback"],"fullName":"shouldPersistClawback returns true for POLIZA_CARTERA","status":"passed","title":"returns true for POLIZA_CARTERA","duration":0.07066699999995762,"failureMessages":[],"location":{"line":103,"column":2},"meta":{}},{"ancestorTitles":["shouldPersistClawback"],"fullName":"shouldPersistClawback returns true for POLIZA_NO_CLAW","status":"passed","title":"returns true for POLIZA_NO_CLAW","duration":0.0762090000025637,"failureMessages":[],"location":{"line":107,"column":2},"meta":{}}],"startTime":1778639185769,"endTime":1778639185770.0925,"status":"passed","message":"","name":"/Users/andres/Documents/financieramente/financieramente-app/src/features/pre-liquidacion/lib/__tests__/pre-liquidacion-flow.test.ts"},{"assertionResults":[{"ancestorTitles":["resolveBeneficiaryUserId"],"fullName":"resolveBeneficiaryUserId FIXED_BENEFICIARY returns fixed user when active and relation loaded","status":"passed","title":"FIXED_BENEFICIARY returns fixed user when active and relation loaded","duration":1.263082999998005,"failureMessages":[],"location":{"line":21,"column":2},"meta":{}},{"ancestorTitles":["resolveBeneficiaryUserId"],"fullName":"resolveBeneficiaryUserId FIXED_BENEFICIARY ignores upline chain","status":"passed","title":"FIXED_BENEFICIARY ignores upline chain","duration":0.17816600000151084,"failureMessages":[],"location":{"line":33,"column":2},"meta":{}},{"ancestorTitles":["resolveBeneficiaryUserId"],"fullName":"resolveBeneficiaryUserId FIXED_BENEFICIARY fails when idFixedBeneficiaryUser is null","status":"passed","title":"FIXED_BENEFICIARY fails when idFixedBeneficiaryUser is null","duration":0.19695800000044983,"failureMessages":[],"location":{"line":45,"column":2},"meta":{}},{"ancestorTitles":["resolveBeneficiaryUserId"],"fullName":"resolveBeneficiaryUserId FIXED_BENEFICIARY fails when fixed user missing or not loaded","status":"passed","title":"FIXED_BENEFICIARY fails when fixed user missing or not loaded","duration":0.13337499999761349,"failureMessages":[],"location":{"line":57,"column":2},"meta":{}},{"ancestorTitles":["resolveBeneficiaryUserId"],"fullName":"resolveBeneficiaryUserId FIXED_BENEFICIARY fails when fixed user inactive","status":"passed","title":"FIXED_BENEFICIARY fails when fixed user inactive","duration":0.11879200000112178,"failureMessages":[],"location":{"line":70,"column":2},"meta":{}},{"ancestorTitles":["resolveBeneficiaryUserId"],"fullName":"resolveBeneficiaryUserId UPLINE_CHAIN returns first chain user matching idLevel","status":"passed","title":"UPLINE_CHAIN returns first chain user matching idLevel","duration":0.20724999999947613,"failureMessages":[],"location":{"line":83,"column":2},"meta":{}},{"ancestorTitles":["resolveBeneficiaryUserId"],"fullName":"resolveBeneficiaryUserId UPLINE_CHAIN returns UPLINE_NO_MATCH when no category match","status":"passed","title":"UPLINE_CHAIN returns UPLINE_NO_MATCH when no category match","duration":0.14879199999995762,"failureMessages":[],"location":{"line":95,"column":2},"meta":{}},{"ancestorTitles":["resolveBeneficiaryUserId"],"fullName":"resolveBeneficiaryUserId UPLINE_CHAIN skips users with null idLevel","status":"passed","title":"UPLINE_CHAIN skips users with null idLevel","duration":0.12987499999871943,"failureMessages":[],"location":{"line":107,"column":2},"meta":{}},{"ancestorTitles":["buildUplineChain"],"fullName":"buildUplineChain walks leader links and stops at null leader","status":"passed","title":"walks leader links and stops at null leader","duration":0.2716249999975844,"failureMessages":[],"location":{"line":126,"column":2},"meta":{}},{"ancestorTitles":["buildUplineChain"],"fullName":"buildUplineChain breaks on cycle","status":"passed","title":"breaks on cycle","duration":0.10991700000158744,"failureMessages":[],"location":{"line":150,"column":2},"meta":{}},{"ancestorTitles":["buildUplineChain"],"fullName":"buildUplineChain returns empty chain when start user does not exist","status":"passed","title":"returns empty chain when start user does not exist","duration":0.07599999999729334,"failureMessages":[],"location":{"line":165,"column":2},"meta":{}},{"ancestorTitles":["ppcConfigsNeedUplineAgent"],"fullName":"ppcConfigsNeedUplineAgent is true when any category is UPLINE_CHAIN","status":"passed","title":"is true when any category is UPLINE_CHAIN","duration":0.07487500000206637,"failureMessages":[],"location":{"line":176,"column":2},"meta":{}},{"ancestorTitles":["ppcConfigsNeedUplineAgent"],"fullName":"ppcConfigsNeedUplineAgent is false when all FIXED_BENEFICIARY","status":"passed","title":"is false when all FIXED_BENEFICIARY","duration":0.051499999997759005,"failureMessages":[],"location":{"line":185,"column":2},"meta":{}}],"startTime":1778639182830,"endTime":1778639182833.1099,"status":"passed","message":"","name":"/Users/andres/Documents/financieramente/financieramente-app/src/features/pre-liquidacion/lib/__tests__/resolve-beneficiary.test.ts"},{"assertionResults":[{"ancestorTitles":["ConfigurationDistributionStepper"],"fullName":"ConfigurationDistributionStepper shows step 1 of 2 and aria-current on first step","status":"passed","title":"shows step 1 of 2 and aria-current on first step","duration":47.42345800000112,"failureMessages":[],"location":{"line":6,"column":2},"meta":{}},{"ancestorTitles":["ConfigurationDistributionStepper"],"fullName":"ConfigurationDistributionStepper shows step 2 of 2 and aria-current on second step","status":"passed","title":"shows step 2 of 2 and aria-current on second step","duration":7.000541000001249,"failureMessages":[],"location":{"line":15,"column":2},"meta":{}}],"startTime":1778639171672,"endTime":1778639171727.0005,"status":"passed","message":"","name":"/Users/andres/Documents/financieramente/financieramente-app/src/features/product-configuration/__tests__/components/configuration-distribution-stepper.test.tsx"},{"assertionResults":[{"ancestorTitles":["ProductConfigurationCreateClient"],"fullName":"ProductConfigurationCreateClient navigates to distribution step two (crear regla) after successful create","status":"passed","title":"navigates to distribution step two (crear regla) after successful create","duration":67.84654200000296,"failureMessages":[],"location":{"line":75,"column":2},"meta":{}}],"startTime":1778639171534,"endTime":1778639171601.8464,"status":"passed","message":"","name":"/Users/andres/Documents/financieramente/financieramente-app/src/features/product-configuration/__tests__/components/product-configuration-create-client.test.tsx"},{"assertionResults":[{"ancestorTitles":["ProductConfigurationForm","create mode"],"fullName":"ProductConfigurationForm create mode should render create form title","status":"passed","title":"should render create form title","duration":54.20066699999916,"failureMessages":[],"location":{"line":34,"column":3},"meta":{}},{"ancestorTitles":["ProductConfigurationForm","create mode"],"fullName":"ProductConfigurationForm create mode should render company select","status":"passed","title":"should render company select","duration":20.677750000000742,"failureMessages":[],"location":{"line":40,"column":3},"meta":{}},{"ancestorTitles":["ProductConfigurationForm","create mode"],"fullName":"ProductConfigurationForm create mode should render product select","status":"passed","title":"should render product select","duration":14.482958999999028,"failureMessages":[],"location":{"line":46,"column":3},"meta":{}},{"ancestorTitles":["ProductConfigurationForm","create mode"],"fullName":"ProductConfigurationForm create mode should render level select","status":"passed","title":"should render level select","duration":12.731040999999095,"failureMessages":[],"location":{"line":52,"column":3},"meta":{}},{"ancestorTitles":["ProductConfigurationForm","create mode"],"fullName":"ProductConfigurationForm create mode should render create button","status":"passed","title":"should render create button","duration":12.247540999998819,"failureMessages":[],"location":{"line":58,"column":3},"meta":{}},{"ancestorTitles":["ProductConfigurationForm","create mode"],"fullName":"ProductConfigurationForm create mode should render cancel button","status":"passed","title":"should render cancel button","duration":11.13470800000141,"failureMessages":[],"location":{"line":64,"column":3},"meta":{}},{"ancestorTitles":["ProductConfigurationForm","create mode"],"fullName":"ProductConfigurationForm create mode should show loading state","status":"passed","title":"should show loading state","duration":15.343708000000333,"failureMessages":[],"location":{"line":70,"column":3},"meta":{}},{"ancestorTitles":["ProductConfigurationForm","edit mode"],"fullName":"ProductConfigurationForm edit mode should render edit form title","status":"passed","title":"should render edit form title","duration":14.239999999999782,"failureMessages":[],"location":{"line":89,"column":3},"meta":{}},{"ancestorTitles":["ProductConfigurationForm","edit mode"],"fullName":"ProductConfigurationForm edit mode should show company as readonly","status":"passed","title":"should show company as readonly","duration":8.667874999999185,"failureMessages":[],"location":{"line":97,"column":3},"meta":{}},{"ancestorTitles":["ProductConfigurationForm","edit mode"],"fullName":"ProductConfigurationForm edit mode should show product as readonly","status":"passed","title":"should show product as readonly","duration":8.554166999998415,"failureMessages":[],"location":{"line":104,"column":3},"meta":{}},{"ancestorTitles":["ProductConfigurationForm","edit mode"],"fullName":"ProductConfigurationForm edit mode should show category as readonly","status":"passed","title":"should show category as readonly","duration":8.594041000000288,"failureMessages":[],"location":{"line":111,"column":3},"meta":{}},{"ancestorTitles":["ProductConfigurationForm","edit mode"],"fullName":"ProductConfigurationForm edit mode should show code as readonly","status":"passed","title":"should show code as readonly","duration":7.764333000000988,"failureMessages":[],"location":{"line":118,"column":3},"meta":{}},{"ancestorTitles":["ProductConfigurationForm","edit mode"],"fullName":"ProductConfigurationForm edit mode should render save button","status":"passed","title":"should render save button","duration":7.096916999998939,"failureMessages":[],"location":{"line":127,"column":3},"meta":{}},{"ancestorTitles":["ProductConfigurationForm","edit mode"],"fullName":"ProductConfigurationForm edit mode should show loading state","status":"passed","title":"should show loading state","duration":7.958333999999013,"failureMessages":[],"location":{"line":133,"column":3},"meta":{}},{"ancestorTitles":["ProductConfigurationForm","edit mode"],"fullName":"ProductConfigurationForm edit mode should render PPC section","status":"passed","title":"should render PPC section","duration":7.2494169999990845,"failureMessages":[],"location":{"line":141,"column":3},"meta":{}}],"startTime":1778639165113,"endTime":1778639165324.2495,"status":"passed","message":"","name":"/Users/andres/Documents/financieramente/financieramente-app/src/features/product-configuration/__tests__/components/product-configuration-form.test.tsx"},{"assertionResults":[{"ancestorTitles":["ProductConfigurationsTableSection"],"fullName":"ProductConfigurationsTableSection should render the table header","status":"passed","title":"should render the table header","duration":69.79304199999933,"failureMessages":[],"location":{"line":15,"column":2},"meta":{}},{"ancestorTitles":["ProductConfigurationsTableSection"],"fullName":"ProductConfigurationsTableSection should render the create button","status":"passed","title":"should render the create button","duration":28.176290999999765,"failureMessages":[],"location":{"line":23,"column":2},"meta":{}},{"ancestorTitles":["ProductConfigurationsTableSection"],"fullName":"ProductConfigurationsTableSection should render configuration code","status":"passed","title":"should render configuration code","duration":43.07941700000083,"failureMessages":[],"location":{"line":31,"column":2},"meta":{}},{"ancestorTitles":["ProductConfigurationsTableSection"],"fullName":"ProductConfigurationsTableSection should render product name","status":"passed","title":"should render product name","duration":16.848250000000917,"failureMessages":[],"location":{"line":39,"column":2},"meta":{}},{"ancestorTitles":["ProductConfigurationsTableSection"],"fullName":"ProductConfigurationsTableSection should render company name","status":"passed","title":"should render company name","duration":31.510457999998835,"failureMessages":[],"location":{"line":47,"column":2},"meta":{}},{"ancestorTitles":["ProductConfigurationsTableSection"],"fullName":"ProductConfigurationsTableSection should render category name","status":"passed","title":"should render category name","duration":15.412916999999652,"failureMessages":[],"location":{"line":53,"column":2},"meta":{}},{"ancestorTitles":["ProductConfigurationsTableSection"],"fullName":"ProductConfigurationsTableSection does not render Distribución para nuevos negocios column header (RF-09)","status":"passed","title":"does not render Distribución para nuevos negocios column header (RF-09)","duration":16.73358299999927,"failureMessages":[],"location":{"line":59,"column":2},"meta":{}},{"ancestorTitles":["ProductConfigurationsTableSection"],"fullName":"ProductConfigurationsTableSection should render active switch","status":"passed","title":"should render active switch","duration":22.416959000000134,"failureMessages":[],"location":{"line":67,"column":2},"meta":{}},{"ancestorTitles":["ProductConfigurationsTableSection"],"fullName":"ProductConfigurationsTableSection should render inactive switch","status":"passed","title":"should render inactive switch","duration":14.8609579999993,"failureMessages":[],"location":{"line":73,"column":2},"meta":{}},{"ancestorTitles":["ProductConfigurationsTableSection"],"fullName":"ProductConfigurationsTableSection should render multiple configurations","status":"passed","title":"should render multiple configurations","duration":52.49829200000022,"failureMessages":[],"location":{"line":87,"column":2},"meta":{}},{"ancestorTitles":["ProductConfigurationsTableSection"],"fullName":"ProductConfigurationsTableSection should render search placeholder","status":"passed","title":"should render search placeholder","duration":20.413582999999562,"failureMessages":[],"location":{"line":110,"column":2},"meta":{}},{"ancestorTitles":["ProductConfigurationsTableSection"],"fullName":"ProductConfigurationsTableSection shows Pendiente when distributionSetupIncomplete is true","status":"passed","title":"shows Pendiente when distributionSetupIncomplete is true","duration":63.183583,"failureMessages":[],"location":{"line":120,"column":2},"meta":{}},{"ancestorTitles":["ProductConfigurationsTableSection"],"fullName":"ProductConfigurationsTableSection shows Configurada when distribution is not incomplete","status":"passed","title":"shows Configurada when distribution is not incomplete","duration":20.07483400000092,"failureMessages":[],"location":{"line":139,"column":2},"meta":{}}],"startTime":1778639162659,"endTime":1778639163074.075,"status":"passed","message":"","name":"/Users/andres/Documents/financieramente/financieramente-app/src/features/product-configuration/__tests__/components/product-configurations-table.test.tsx"},{"assertionResults":[{"ancestorTitles":["useProductConfigurationMutations","createProductConfiguration"],"fullName":"useProductConfigurationMutations createProductConfiguration should start with idle state","status":"passed","title":"should start with idle state","duration":7.18383299999914,"failureMessages":[],"location":{"line":23,"column":3},"meta":{}},{"ancestorTitles":["useProductConfigurationMutations","createProductConfiguration"],"fullName":"useProductConfigurationMutations createProductConfiguration should create configuration successfully","status":"passed","title":"should create configuration successfully","duration":4.127500000002328,"failureMessages":[],"location":{"line":31,"column":3},"meta":{}},{"ancestorTitles":["useProductConfigurationMutations","createProductConfiguration"],"fullName":"useProductConfigurationMutations createProductConfiguration should handle API error","status":"passed","title":"should handle API error","duration":2.957166000000143,"failureMessages":[],"location":{"line":59,"column":3},"meta":{}},{"ancestorTitles":["useProductConfigurationMutations","createProductConfiguration"],"fullName":"useProductConfigurationMutations createProductConfiguration should handle network error","status":"passed","title":"should handle network error","duration":3.0155829999966954,"failureMessages":[],"location":{"line":86,"column":3},"meta":{}},{"ancestorTitles":["useProductConfigurationMutations","updateProductConfiguration"],"fullName":"useProductConfigurationMutations updateProductConfiguration should start with idle state","status":"passed","title":"should start with idle state","duration":1.031875000000582,"failureMessages":[],"location":{"line":116,"column":3},"meta":{}},{"ancestorTitles":["useProductConfigurationMutations","updateProductConfiguration"],"fullName":"useProductConfigurationMutations updateProductConfiguration should update configuration successfully","status":"passed","title":"should update configuration successfully","duration":2.2214590000003227,"failureMessages":[],"location":{"line":122,"column":3},"meta":{}},{"ancestorTitles":["useProductConfigurationMutations","updateProductConfiguration"],"fullName":"useProductConfigurationMutations updateProductConfiguration should handle API error","status":"passed","title":"should handle API error","duration":2.0872500000004948,"failureMessages":[],"location":{"line":145,"column":3},"meta":{}},{"ancestorTitles":["useProductConfigurationMutations","toggleActive"],"fullName":"useProductConfigurationMutations toggleActive should start with idle state","status":"passed","title":"should start with idle state","duration":0.9890830000003916,"failureMessages":[],"location":{"line":172,"column":3},"meta":{}},{"ancestorTitles":["useProductConfigurationMutations","toggleActive"],"fullName":"useProductConfigurationMutations toggleActive should toggle active successfully","status":"passed","title":"should toggle active successfully","duration":2.0872920000001614,"failureMessages":[],"location":{"line":178,"column":3},"meta":{}},{"ancestorTitles":["useProductConfigurationMutations","toggleActive"],"fullName":"useProductConfigurationMutations toggleActive should handle API error","status":"passed","title":"should handle API error","duration":2.250625000000582,"failureMessages":[],"location":{"line":199,"column":3},"meta":{}},{"ancestorTitles":["useProductConfigurationMutations"],"fullName":"useProductConfigurationMutations should maintain independent states for each mutation","status":"passed","title":"should maintain independent states for each mutation","duration":2.426625000000058,"failureMessages":[],"location":{"line":221,"column":2},"meta":{}}],"startTime":1778639172449,"endTime":1778639172479.4265,"status":"passed","message":"","name":"/Users/andres/Documents/financieramente/financieramente-app/src/features/product-configuration/__tests__/hooks/use-product-configuration-mutations.test.ts"},{"assertionResults":[{"ancestorTitles":["useProductConfiguration"],"fullName":"useProductConfiguration should start with loading state","status":"passed","title":"should start with loading state","duration":64.175792,"failureMessages":[],"location":{"line":19,"column":2},"meta":{}},{"ancestorTitles":["useProductConfiguration"],"fullName":"useProductConfiguration should fetch configuration successfully (happy path)","status":"passed","title":"should fetch configuration successfully (happy path)","duration":54.149374999999054,"failureMessages":[],"location":{"line":37,"column":2},"meta":{}},{"ancestorTitles":["useProductConfiguration"],"fullName":"useProductConfiguration should handle API error","status":"passed","title":"should handle API error","duration":56.262667000000874,"failureMessages":[],"location":{"line":55,"column":2},"meta":{}},{"ancestorTitles":["useProductConfiguration"],"fullName":"useProductConfiguration should handle network error","status":"passed","title":"should handle network error","duration":91.68895800000064,"failureMessages":[],"location":{"line":74,"column":2},"meta":{}},{"ancestorTitles":["useProductConfiguration"],"fullName":"useProductConfiguration should set error for invalid id (zero)","status":"passed","title":"should set error for invalid id (zero)","duration":10.106125000000247,"failureMessages":[],"location":{"line":94,"column":2},"meta":{}},{"ancestorTitles":["useProductConfiguration"],"fullName":"useProductConfiguration should set error for negative id","status":"passed","title":"should set error for negative id","duration":3.366374999999607,"failureMessages":[],"location":{"line":106,"column":2},"meta":{}}],"startTime":1778639165731,"endTime":1778639166011.3665,"status":"passed","message":"","name":"/Users/andres/Documents/financieramente/financieramente-app/src/features/product-configuration/__tests__/hooks/use-product-configuration.test.ts"},{"assertionResults":[{"ancestorTitles":["useProductConfigurations"],"fullName":"useProductConfigurations should start with loading state","status":"passed","title":"should start with loading state","duration":61.6398750000003,"failureMessages":[],"location":{"line":23,"column":2},"meta":{}},{"ancestorTitles":["useProductConfigurations"],"fullName":"useProductConfigurations should fetch configurations successfully (happy path)","status":"passed","title":"should fetch configurations successfully (happy path)","duration":55.02141699999993,"failureMessages":[],"location":{"line":51,"column":2},"meta":{}},{"ancestorTitles":["useProductConfigurations"],"fullName":"useProductConfigurations should handle API error","status":"passed","title":"should handle API error","duration":53.85979099999986,"failureMessages":[],"location":{"line":75,"column":2},"meta":{}},{"ancestorTitles":["useProductConfigurations"],"fullName":"useProductConfigurations should handle network error","status":"passed","title":"should handle network error","duration":54.76474999999982,"failureMessages":[],"location":{"line":94,"column":2},"meta":{}},{"ancestorTitles":["useProductConfigurations"],"fullName":"useProductConfigurations should pass search params to API","status":"passed","title":"should pass search params to API","duration":527.0296250000001,"failureMessages":[],"location":{"line":108,"column":2},"meta":{}},{"ancestorTitles":["useProductConfigurations"],"fullName":"useProductConfigurations should pass active filter to API","status":"passed","title":"should pass active filter to API","duration":3.163542000000234,"failureMessages":[],"location":{"line":125,"column":2},"meta":{}},{"ancestorTitles":["useProductConfigurations"],"fullName":"useProductConfigurations should refetch when reload() is called","status":"passed","title":"should refetch when reload() is called","duration":55.46050000000014,"failureMessages":[],"location":{"line":139,"column":2},"meta":{}}],"startTime":1778639157320,"endTime":1778639158131.4604,"status":"passed","message":"","name":"/Users/andres/Documents/financieramente/financieramente-app/src/features/product-configuration/__tests__/hooks/use-product-configurations.test.ts"},{"assertionResults":[{"ancestorTitles":["product-configuration-api","getProductConfigurations"],"fullName":"product-configuration-api getProductConfigurations should fetch configurations successfully (happy path)","status":"passed","title":"should fetch configurations successfully (happy path)","duration":1.6092920000010054,"failureMessages":[],"location":{"line":18,"column":3},"meta":{}},{"ancestorTitles":["product-configuration-api","getProductConfigurations"],"fullName":"product-configuration-api getProductConfigurations should handle API error response","status":"passed","title":"should handle API error response","duration":0.20420800000283634,"failureMessages":[],"location":{"line":31,"column":3},"meta":{}},{"ancestorTitles":["product-configuration-api","getProductConfigurations"],"fullName":"product-configuration-api getProductConfigurations should handle network error","status":"passed","title":"should handle network error","duration":0.1820000000006985,"failureMessages":[],"location":{"line":46,"column":3},"meta":{}},{"ancestorTitles":["product-configuration-api","getProductConfigurations"],"fullName":"product-configuration-api getProductConfigurations should pass search params correctly","status":"passed","title":"should pass search params correctly","duration":1.5868749999972351,"failureMessages":[],"location":{"line":55,"column":3},"meta":{}},{"ancestorTitles":["product-configuration-api","getProductConfigurations"],"fullName":"product-configuration-api getProductConfigurations should pass active filter correctly","status":"passed","title":"should pass active filter correctly","duration":0.30112500000177533,"failureMessages":[],"location":{"line":73,"column":3},"meta":{}},{"ancestorTitles":["product-configuration-api","getProductConfigurations"],"fullName":"product-configuration-api getProductConfigurations should pass pagination params correctly","status":"passed","title":"should pass pagination params correctly","duration":0.9279999999998836,"failureMessages":[],"location":{"line":91,"column":3},"meta":{}},{"ancestorTitles":["product-configuration-api","getProductConfigurations"],"fullName":"product-configuration-api getProductConfigurations should combine multiple filters correctly","status":"passed","title":"should combine multiple filters correctly","duration":1.4812910000000556,"failureMessages":[],"location":{"line":110,"column":3},"meta":{}},{"ancestorTitles":["product-configuration-api","getProductConfiguration"],"fullName":"product-configuration-api getProductConfiguration should fetch single configuration successfully","status":"passed","title":"should fetch single configuration successfully","duration":0.5245419999992009,"failureMessages":[],"location":{"line":134,"column":3},"meta":{}},{"ancestorTitles":["product-configuration-api","getProductConfiguration"],"fullName":"product-configuration-api getProductConfiguration should handle 404 error","status":"passed","title":"should handle 404 error","duration":0.14949999999953434,"failureMessages":[],"location":{"line":147,"column":3},"meta":{}},{"ancestorTitles":["product-configuration-api","getProductConfiguration"],"fullName":"product-configuration-api getProductConfiguration should handle network error","status":"passed","title":"should handle network error","duration":0.13500000000203727,"failureMessages":[],"location":{"line":164,"column":3},"meta":{}},{"ancestorTitles":["product-configuration-api","createProductConfiguration"],"fullName":"product-configuration-api createProductConfiguration should create configuration successfully","status":"passed","title":"should create configuration successfully","duration":0.14487500000177533,"failureMessages":[],"location":{"line":175,"column":3},"meta":{}},{"ancestorTitles":["product-configuration-api","createProductConfiguration"],"fullName":"product-configuration-api createProductConfiguration should handle duplicate error (409)","status":"passed","title":"should handle duplicate error (409)","duration":0.08974999999918509,"failureMessages":[],"location":{"line":192,"column":3},"meta":{}},{"ancestorTitles":["product-configuration-api","createProductConfiguration"],"fullName":"product-configuration-api createProductConfiguration should send correct request body","status":"passed","title":"should send correct request body","duration":0.3896249999997963,"failureMessages":[],"location":{"line":213,"column":3},"meta":{}},{"ancestorTitles":["product-configuration-api","createProductConfiguration"],"fullName":"product-configuration-api createProductConfiguration should handle network error","status":"passed","title":"should handle network error","duration":0.09058300000106101,"failureMessages":[],"location":{"line":237,"column":3},"meta":{}},{"ancestorTitles":["product-configuration-api","updateProductConfiguration"],"fullName":"product-configuration-api updateProductConfiguration should update configuration successfully","status":"passed","title":"should update configuration successfully","duration":0.12995800000135205,"failureMessages":[],"location":{"line":252,"column":3},"meta":{}},{"ancestorTitles":["product-configuration-api","updateProductConfiguration"],"fullName":"product-configuration-api updateProductConfiguration should send correct request body","status":"passed","title":"should send correct request body","duration":0.14308299999902374,"failureMessages":[],"location":{"line":270,"column":3},"meta":{}},{"ancestorTitles":["product-configuration-api","updateProductConfiguration"],"fullName":"product-configuration-api updateProductConfiguration should handle network error","status":"passed","title":"should handle network error","duration":0.07883399999991525,"failureMessages":[],"location":{"line":292,"column":3},"meta":{}},{"ancestorTitles":["product-configuration-api","toggleActive"],"fullName":"product-configuration-api toggleActive should toggle active successfully","status":"passed","title":"should toggle active successfully","duration":0.11554199999955017,"failureMessages":[],"location":{"line":308,"column":3},"meta":{}},{"ancestorTitles":["product-configuration-api","toggleActive"],"fullName":"product-configuration-api toggleActive should send correct request body","status":"passed","title":"should send correct request body","duration":0.12287499999729334,"failureMessages":[],"location":{"line":323,"column":3},"meta":{}},{"ancestorTitles":["product-configuration-api","toggleActive"],"fullName":"product-configuration-api toggleActive should handle network error","status":"passed","title":"should handle network error","duration":0.0680419999989681,"failureMessages":[],"location":{"line":341,"column":3},"meta":{}}],"startTime":1778639175125,"endTime":1778639175134.143,"status":"passed","message":"","name":"/Users/andres/Documents/financieramente/financieramente-app/src/features/product-configuration/__tests__/lib/product-configuration-api.test.ts"},{"assertionResults":[{"ancestorTitles":["normalizeProductConfigurationCodeParam"],"fullName":"normalizeProductConfigurationCodeParam decodes percent-encoded plus so it matches stored product configuration codes","status":"passed","title":"decodes percent-encoded plus so it matches stored product configuration codes","duration":0.5947500000002037,"failureMessages":[],"location":{"line":5,"column":2},"meta":{}},{"ancestorTitles":["normalizeProductConfigurationCodeParam"],"fullName":"normalizeProductConfigurationCodeParam leaves already-decoded codes unchanged","status":"passed","title":"leaves already-decoded codes unchanged","duration":0.10124999999970896,"failureMessages":[],"location":{"line":11,"column":2},"meta":{}},{"ancestorTitles":["normalizeProductConfigurationCodeParam"],"fullName":"normalizeProductConfigurationCodeParam trims whitespace before decode","status":"passed","title":"trims whitespace before decode","duration":0.07979100000011385,"failureMessages":[],"location":{"line":17,"column":2},"meta":{}},{"ancestorTitles":["normalizeProductConfigurationCodeParam"],"fullName":"normalizeProductConfigurationCodeParam returns empty string for blank input","status":"passed","title":"returns empty string for blank input","duration":0.0779999999977008,"failureMessages":[],"location":{"line":21,"column":2},"meta":{}},{"ancestorTitles":["normalizeProductConfigurationCodeParam"],"fullName":"normalizeProductConfigurationCodeParam returns original string if decode throws","status":"passed","title":"returns original string if decode throws","duration":0.08233299999847077,"failureMessages":[],"location":{"line":25,"column":2},"meta":{}}],"startTime":1778639186103,"endTime":1778639186104.1013,"status":"passed","message":"","name":"/Users/andres/Documents/financieramente/financieramente-app/src/features/product-configuration/__tests__/lib/product-configuration-code-route.test.ts"},{"assertionResults":[{"ancestorTitles":["product-configuration-schemas","createProductConfigurationSchema"],"fullName":"product-configuration-schemas createProductConfigurationSchema should validate valid data (happy path)","status":"passed","title":"should validate valid data (happy path)","duration":1.2356250000011642,"failureMessages":[],"location":{"line":9,"column":3},"meta":{}},{"ancestorTitles":["product-configuration-schemas","createProductConfigurationSchema"],"fullName":"product-configuration-schemas createProductConfigurationSchema should reject missing idProduct","status":"passed","title":"should reject missing idProduct","duration":0.35945799999899464,"failureMessages":[],"location":{"line":24,"column":3},"meta":{}},{"ancestorTitles":["product-configuration-schemas","createProductConfigurationSchema"],"fullName":"product-configuration-schemas createProductConfigurationSchema should reject missing idLevel","status":"passed","title":"should reject missing idLevel","duration":0.13316699999995762,"failureMessages":[],"location":{"line":34,"column":3},"meta":{}},{"ancestorTitles":["product-configuration-schemas","createProductConfigurationSchema"],"fullName":"product-configuration-schemas createProductConfigurationSchema should reject missing idCompany","status":"passed","title":"should reject missing idCompany","duration":0.12220899999738322,"failureMessages":[],"location":{"line":44,"column":3},"meta":{}},{"ancestorTitles":["product-configuration-schemas","createProductConfigurationSchema"],"fullName":"product-configuration-schemas createProductConfigurationSchema should reject zero idProduct","status":"passed","title":"should reject zero idProduct","duration":0.12420800000109011,"failureMessages":[],"location":{"line":54,"column":3},"meta":{}},{"ancestorTitles":["product-configuration-schemas","createProductConfigurationSchema"],"fullName":"product-configuration-schemas createProductConfigurationSchema should reject negative idProduct","status":"passed","title":"should reject negative idProduct","duration":0.10462499999994179,"failureMessages":[],"location":{"line":65,"column":3},"meta":{}},{"ancestorTitles":["product-configuration-schemas","createProductConfigurationSchema"],"fullName":"product-configuration-schemas createProductConfigurationSchema should reject non-integer idProduct","status":"passed","title":"should reject non-integer idProduct","duration":0.11212499999965075,"failureMessages":[],"location":{"line":76,"column":3},"meta":{}},{"ancestorTitles":["product-configuration-schemas","createProductConfigurationSchema"],"fullName":"product-configuration-schemas createProductConfigurationSchema should reject negative idLevel","status":"passed","title":"should reject negative idLevel","duration":0.09054200000173296,"failureMessages":[],"location":{"line":87,"column":3},"meta":{}},{"ancestorTitles":["product-configuration-schemas","createProductConfigurationSchema"],"fullName":"product-configuration-schemas createProductConfigurationSchema should reject string values","status":"passed","title":"should reject string values","duration":0.09824999999909778,"failureMessages":[],"location":{"line":98,"column":3},"meta":{}},{"ancestorTitles":["product-configuration-schemas","createProductConfigurationSchema"],"fullName":"product-configuration-schemas createProductConfigurationSchema should reject empty object","status":"passed","title":"should reject empty object","duration":0.11854099999982282,"failureMessages":[],"location":{"line":109,"column":3},"meta":{}},{"ancestorTitles":["product-configuration-schemas","createProductConfigurationSchema"],"fullName":"product-configuration-schemas createProductConfigurationSchema should ignore unexpected fields like idClientOrigin","status":"passed","title":"should ignore unexpected fields like idClientOrigin","duration":0.08575000000200816,"failureMessages":[],"location":{"line":114,"column":3},"meta":{}},{"ancestorTitles":["product-configuration-schemas","updateProductConfigurationSchema"],"fullName":"product-configuration-schemas updateProductConfigurationSchema should validate valid data (happy path)","status":"passed","title":"should validate valid data (happy path)","duration":0.15674999999828287,"failureMessages":[],"location":{"line":131,"column":3},"meta":{}},{"ancestorTitles":["product-configuration-schemas","updateProductConfigurationSchema"],"fullName":"product-configuration-schemas updateProductConfigurationSchema should reject missing field","status":"passed","title":"should reject missing field","duration":0.09233400000084657,"failureMessages":[],"location":{"line":143,"column":3},"meta":{}},{"ancestorTitles":["product-configuration-schemas","updateProductConfigurationSchema"],"fullName":"product-configuration-schemas updateProductConfigurationSchema should reject zero value","status":"passed","title":"should reject zero value","duration":0.07566700000097626,"failureMessages":[],"location":{"line":148,"column":3},"meta":{}},{"ancestorTitles":["product-configuration-schemas","updateProductConfigurationSchema"],"fullName":"product-configuration-schemas updateProductConfigurationSchema should reject negative value","status":"passed","title":"should reject negative value","duration":0.0669579999994312,"failureMessages":[],"location":{"line":157,"column":3},"meta":{}},{"ancestorTitles":["product-configuration-schemas","updateProductConfigurationSchema"],"fullName":"product-configuration-schemas updateProductConfigurationSchema should reject non-integer value","status":"passed","title":"should reject non-integer value","duration":0.0745409999981348,"failureMessages":[],"location":{"line":166,"column":3},"meta":{}}],"startTime":1778639182070,"endTime":1778639182073.1567,"status":"passed","message":"","name":"/Users/andres/Documents/financieramente/financieramente-app/src/features/product-configuration/__tests__/lib/product-configuration-schemas.test.ts"},{"assertionResults":[{"ancestorTitles":["getProductConfigurationByCode"],"fullName":"getProductConfigurationByCode returns null for blank code","status":"passed","title":"returns null for blank code","duration":0.7804580000010901,"failureMessages":[],"location":{"line":33,"column":2},"meta":{}},{"ancestorTitles":["getProductConfigurationByCode"],"fullName":"getProductConfigurationByCode returns mapped config when prisma finds a row","status":"passed","title":"returns mapped config when prisma finds a row","duration":1.4591249999975844,"failureMessages":[],"location":{"line":39,"column":2},"meta":{}},{"ancestorTitles":["getProductConfigurationByCode"],"fullName":"getProductConfigurationByCode returns null when prisma returns null","status":"passed","title":"returns null when prisma returns null","duration":0.13191699999879347,"failureMessages":[],"location":{"line":72,"column":2},"meta":{}},{"ancestorTitles":["isDistributionSetupComplete"],"fullName":"isDistributionSetupComplete returns false when count is 0","status":"passed","title":"returns false when count is 0","duration":0.5914169999996375,"failureMessages":[],"location":{"line":85,"column":2},"meta":{}},{"ancestorTitles":["isDistributionSetupComplete"],"fullName":"isDistributionSetupComplete returns true when count is positive","status":"passed","title":"returns true when count is positive","duration":0.5645000000004075,"failureMessages":[],"location":{"line":100,"column":2},"meta":{}},{"ancestorTitles":["getProductConfigurationIdsWithCategoryLines"],"fullName":"getProductConfigurationIdsWithCategoryLines returns empty set for empty ids","status":"passed","title":"returns empty set for empty ids","duration":0.19454200000109267,"failureMessages":[],"location":{"line":112,"column":2},"meta":{}},{"ancestorTitles":["getProductConfigurationIdsWithCategoryLines"],"fullName":"getProductConfigurationIdsWithCategoryLines returns distinct configuration ids from rows","status":"passed","title":"returns distinct configuration ids from rows","duration":0.17133300000205054,"failureMessages":[],"location":{"line":118,"column":2},"meta":{}}],"startTime":1778639182815,"endTime":1778639182819.1714,"status":"passed","message":"","name":"/Users/andres/Documents/financieramente/financieramente-app/src/features/product-configuration/__tests__/services/product-configuration.service.test.ts"},{"assertionResults":[{"ancestorTitles":["product-configuration.mapper","prismaProductConfigToProductConfig"],"fullName":"product-configuration.mapper prismaProductConfigToProductConfig should transform Prisma entity to domain type (happy path)","status":"passed","title":"should transform Prisma entity to domain type (happy path)","duration":0.9614590000019234,"failureMessages":[],"location":{"line":10,"column":3},"meta":{}},{"ancestorTitles":["product-configuration.mapper","prismaProductConfigToProductConfig"],"fullName":"product-configuration.mapper prismaProductConfigToProductConfig should convert Date to ISO string","status":"passed","title":"should convert Date to ISO string","duration":0.15187499999956344,"failureMessages":[],"location":{"line":26,"column":3},"meta":{}},{"ancestorTitles":["product-configuration.mapper","prismaProductConfigToProductConfig"],"fullName":"product-configuration.mapper prismaProductConfigToProductConfig should map nested product with company","status":"passed","title":"should map nested product with company","duration":0.154499999996915,"failureMessages":[],"location":{"line":35,"column":3},"meta":{}},{"ancestorTitles":["product-configuration.mapper","prismaProductConfigToProductConfig"],"fullName":"product-configuration.mapper prismaProductConfigToProductConfig should map nested category","status":"passed","title":"should map nested category","duration":0.10549999999784632,"failureMessages":[],"location":{"line":46,"column":3},"meta":{}},{"ancestorTitles":["product-configuration.mapper","prismaProductConfigToProductConfig"],"fullName":"product-configuration.mapper prismaProductConfigToProductConfig should map ppcNewBusinesses when present","status":"passed","title":"should map ppcNewBusinesses when present","duration":0.17250000000058208,"failureMessages":[],"location":{"line":56,"column":3},"meta":{}},{"ancestorTitles":["product-configuration.mapper","prismaProductConfigToProductConfig"],"fullName":"product-configuration.mapper prismaProductConfigToProductConfig should handle null ppcNewBusinesses","status":"passed","title":"should handle null ppcNewBusinesses","duration":0.11487499999930151,"failureMessages":[],"location":{"line":66,"column":3},"meta":{}},{"ancestorTitles":["product-configuration.mapper","prismaProductConfigToProductConfig"],"fullName":"product-configuration.mapper prismaProductConfigToProductConfig maps non-null code through (RF-07)","status":"passed","title":"maps non-null code through (RF-07)","duration":0.08783300000141026,"failureMessages":[],"location":{"line":78,"column":3},"meta":{}},{"ancestorTitles":["product-configuration.mapper","prismaProductConfigListToProductConfigs"],"fullName":"product-configuration.mapper prismaProductConfigListToProductConfigs should transform list of entities","status":"passed","title":"should transform list of entities","duration":0.5193330000001879,"failureMessages":[],"location":{"line":90,"column":3},"meta":{}},{"ancestorTitles":["product-configuration.mapper","prismaProductConfigListToProductConfigs"],"fullName":"product-configuration.mapper prismaProductConfigListToProductConfigs should handle empty list","status":"passed","title":"should handle empty list","duration":0.10958300000129384,"failureMessages":[],"location":{"line":103,"column":3},"meta":{}}],"startTime":1778639183195,"endTime":1778639183198.1096,"status":"passed","message":"","name":"/Users/andres/Documents/financieramente/financieramente-app/src/features/product-configuration/__tests__/mappers/product-configuration.mapper.test.ts"},{"assertionResults":[{"ancestorTitles":["useThemeToggle"],"fullName":"useThemeToggle toggles theme","status":"passed","title":"toggles theme","duration":7.343375000000378,"failureMessages":[],"location":{"line":6,"column":2},"meta":{}}],"startTime":1778639178250,"endTime":1778639178257.3433,"status":"passed","message":"","name":"/Users/andres/Documents/financieramente/financieramente-app/src/features/shared/hooks/__tests__/use-theme-toggle.test.ts"},{"assertionResults":[{"ancestorTitles":["getAgentDashboardStats"],"fullName":"getAgentDashboardStats should call prisma business count and aggregate with correct filters","status":"passed","title":"should call prisma business count and aggregate with correct filters","duration":1.0157499999986612,"failureMessages":[],"location":{"line":23,"column":2},"meta":{}}],"startTime":1778639186263,"endTime":1778639186264.0159,"status":"passed","message":"","name":"/Users/andres/Documents/financieramente/financieramente-app/src/features/shared/services/__tests__/agent.service.test.ts"},{"assertionResults":[{"ancestorTitles":["Button Component"],"fullName":"Button Component renders button with text","status":"passed","title":"renders button with text","duration":16.479083000001992,"failureMessages":[],"location":{"line":6,"column":2},"meta":{}},{"ancestorTitles":["Button Component"],"fullName":"Button Component calls onClick handler when clicked","status":"passed","title":"calls onClick handler when clicked","duration":2.9657919999990554,"failureMessages":[],"location":{"line":11,"column":2},"meta":{}},{"ancestorTitles":["Button Component"],"fullName":"Button Component is disabled when disabled prop is true","status":"passed","title":"is disabled when disabled prop is true","duration":1.392667000000074,"failureMessages":[],"location":{"line":19,"column":2},"meta":{}}],"startTime":1778639171997,"endTime":1778639172018.3926,"status":"passed","message":"","name":"/Users/andres/Documents/financieramente/financieramente-app/src/features/shared/ui/__tests__/button.test.tsx"},{"assertionResults":[{"ancestorTitles":["CancelBusinessModal"],"fullName":"CancelBusinessModal renders modal with business ID","status":"passed","title":"renders modal with business ID","duration":78.59470799999872,"failureMessages":[],"location":{"line":14,"column":2},"meta":{}},{"ancestorTitles":["CancelBusinessModal"],"fullName":"CancelBusinessModal renders warning message","status":"passed","title":"renders warning message","duration":15.20208300000013,"failureMessages":[],"location":{"line":27,"column":2},"meta":{}},{"ancestorTitles":["CancelBusinessModal"],"fullName":"CancelBusinessModal renders explanation field with required indicator","status":"passed","title":"renders explanation field with required indicator","duration":13.158417000000554,"failureMessages":[],"location":{"line":43,"column":2},"meta":{}},{"ancestorTitles":["CancelBusinessModal"],"fullName":"CancelBusinessModal renders confirmation question","status":"passed","title":"renders confirmation question","duration":15.524459000000206,"failureMessages":[],"location":{"line":61,"column":2},"meta":{}},{"ancestorTitles":["CancelBusinessModal"],"fullName":"CancelBusinessModal renders cancel and confirm buttons","status":"passed","title":"renders cancel and confirm buttons","duration":25.24095800000032,"failureMessages":[],"location":{"line":76,"column":2},"meta":{}},{"ancestorTitles":["CancelBusinessModal"],"fullName":"CancelBusinessModal disables confirm button when reason is empty","status":"passed","title":"disables confirm button when reason is empty","duration":21.60608300000058,"failureMessages":[],"location":{"line":92,"column":2},"meta":{}},{"ancestorTitles":["CancelBusinessModal"],"fullName":"CancelBusinessModal enables confirm button when reason is filled","status":"passed","title":"enables confirm button when reason is filled","duration":19.540915999999925,"failureMessages":[],"location":{"line":106,"column":2},"meta":{}},{"ancestorTitles":["CancelBusinessModal"],"fullName":"CancelBusinessModal calls onCancel when cancel button is clicked","status":"passed","title":"calls onCancel when cancel button is clicked","duration":20.413542000000234,"failureMessages":[],"location":{"line":125,"column":2},"meta":{}},{"ancestorTitles":["CancelBusinessModal"],"fullName":"CancelBusinessModal calls onConfirm with reason when confirm button is clicked","status":"passed","title":"calls onConfirm with reason when confirm button is clicked","duration":20.7020420000008,"failureMessages":[],"location":{"line":144,"column":2},"meta":{}},{"ancestorTitles":["CancelBusinessModal"],"fullName":"CancelBusinessModal closes modal after successful confirmation","status":"passed","title":"closes modal after successful confirmation","duration":23.1223340000015,"failureMessages":[],"location":{"line":167,"column":2},"meta":{}},{"ancestorTitles":["CancelBusinessModal"],"fullName":"CancelBusinessModal clears reason when cancel button is clicked","status":"passed","title":"clears reason when cancel button is clicked","duration":19.060292000000118,"failureMessages":[],"location":{"line":188,"column":2},"meta":{}},{"ancestorTitles":["CancelBusinessModal"],"fullName":"CancelBusinessModal uses default business ID when not provided","status":"passed","title":"uses default business ID when not provided","duration":10.408708999999362,"failureMessages":[],"location":{"line":213,"column":2},"meta":{}}],"startTime":1778639164062,"endTime":1778639164344.4087,"status":"passed","message":"","name":"/Users/andres/Documents/financieramente/financieramente-app/src/features/shared/ui/__tests__/cancel-business-modal.test.tsx"},{"assertionResults":[{"ancestorTitles":["CreateBusinessForm"],"fullName":"CreateBusinessForm renders form with all fields","status":"passed","title":"renders form with all fields","duration":166.67537500000003,"failureMessages":[],"location":{"line":62,"column":2},"meta":{}},{"ancestorTitles":["CreateBusinessForm"],"fullName":"CreateBusinessForm blocks all fields except documento when documento is empty","status":"passed","title":"blocks all fields except documento when documento is empty","duration":136.5329999999999,"failureMessages":[],"location":{"line":72,"column":2},"meta":{}},{"ancestorTitles":["CreateBusinessForm"],"fullName":"CreateBusinessForm unlocks all fields when documento has value","status":"passed","title":"unlocks all fields when documento has value","duration":680.3447499999997,"failureMessages":[],"location":{"line":85,"column":2},"meta":{}},{"ancestorTitles":["CreateBusinessForm"],"fullName":"CreateBusinessForm submit button is disabled when documento is empty","status":"passed","title":"submit button is disabled when documento is empty","duration":59.62858300000016,"failureMessages":[],"location":{"line":118,"column":2},"meta":{}},{"ancestorTitles":["CreateBusinessForm"],"fullName":"CreateBusinessForm shows validation error for invalid email","status":"passed","title":"shows validation error for invalid email","duration":819.4805419999998,"failureMessages":[],"location":{"line":127,"column":2},"meta":{}},{"ancestorTitles":["CreateBusinessForm"],"fullName":"CreateBusinessForm calls onCancel when cancel button is clicked","status":"passed","title":"calls onCancel when cancel button is clicked","duration":17.332958999999846,"failureMessages":[],"location":{"line":170,"column":2},"meta":{}},{"ancestorTitles":["CreateBusinessForm"],"fullName":"CreateBusinessForm submit button is enabled when documento has value","status":"passed","title":"submit button is enabled when documento has value","duration":582.2708750000002,"failureMessages":[],"location":{"line":179,"column":2},"meta":{}},{"ancestorTitles":["CreateBusinessForm"],"fullName":"CreateBusinessForm displays loading state during submission","status":"passed","title":"displays loading state during submission","duration":1150.5473330000004,"failureMessages":[],"location":{"line":206,"column":2},"meta":{}}],"startTime":1778639155706,"endTime":1778639159319.5474,"status":"passed","message":"","name":"/Users/andres/Documents/financieramente/financieramente-app/src/features/shared/ui/__tests__/create-business-form.test.tsx"},{"assertionResults":[{"ancestorTitles":["DataTable Component"],"fullName":"DataTable Component renders table with data","status":"passed","title":"renders table with data","duration":82.44462500000009,"failureMessages":[],"location":{"line":59,"column":2},"meta":{}},{"ancestorTitles":["DataTable Component"],"fullName":"DataTable Component renders search input when searchable is true","status":"passed","title":"renders search input when searchable is true","duration":99.50233300000036,"failureMessages":[],"location":{"line":74,"column":2},"meta":{}},{"ancestorTitles":["DataTable Component"],"fullName":"DataTable Component filters data based on search query","status":"passed","title":"filters data based on search query","duration":103.67704199999935,"failureMessages":[],"location":{"line":88,"column":2},"meta":{}},{"ancestorTitles":["DataTable Component"],"fullName":"DataTable Component renders select all checkbox when onSelectionChange is provided","status":"passed","title":"renders select all checkbox when onSelectionChange is provided","duration":56.395416000001205,"failureMessages":[],"location":{"line":108,"column":2},"meta":{}},{"ancestorTitles":["DataTable Component"],"fullName":"DataTable Component handles row selection","status":"passed","title":"handles row selection","duration":49.993500000000495,"failureMessages":[],"location":{"line":124,"column":2},"meta":{}},{"ancestorTitles":["DataTable Component"],"fullName":"DataTable Component renders pagination when data is larger than pageSize","status":"passed","title":"renders pagination when data is larger than pageSize","duration":26.158583000000363,"failureMessages":[],"location":{"line":145,"column":2},"meta":{}},{"ancestorTitles":["DataTable Component"],"fullName":"DataTable Component handles pagination navigation","status":"passed","title":"handles pagination navigation","duration":20.017499999999927,"failureMessages":[],"location":{"line":162,"column":2},"meta":{}},{"ancestorTitles":["DataTable Component"],"fullName":"DataTable Component renders export button when onExport is provided","status":"passed","title":"renders export button when onExport is provided","duration":11.008542000001398,"failureMessages":[],"location":{"line":181,"column":2},"meta":{}},{"ancestorTitles":["DataTable Component"],"fullName":"DataTable Component renders loading state","status":"passed","title":"renders loading state","duration":11.95483299999978,"failureMessages":[],"location":{"line":195,"column":2},"meta":{}},{"ancestorTitles":["DataTable Component"],"fullName":"DataTable Component renders empty state","status":"passed","title":"renders empty state","duration":10.264458000001468,"failureMessages":[],"location":{"line":209,"column":2},"meta":{}},{"ancestorTitles":["DataTable Component"],"fullName":"DataTable Component handles row click","status":"passed","title":"handles row click","duration":11.145250000001397,"failureMessages":[],"location":{"line":222,"column":2},"meta":{}}],"startTime":1778639165832,"endTime":1778639166315.1453,"status":"passed","message":"","name":"/Users/andres/Documents/financieramente/financieramente-app/src/features/shared/ui/__tests__/data-table.test.tsx"},{"assertionResults":[{"ancestorTitles":["Header Component"],"fullName":"Header Component renders with title and subtitle","status":"passed","title":"renders with title and subtitle","duration":20.244041999998444,"failureMessages":[],"location":{"line":18,"column":2},"meta":{}},{"ancestorTitles":["Header Component"],"fullName":"Header Component renders search input when showSearch is true","status":"passed","title":"renders search input when showSearch is true","duration":5.035541999997804,"failureMessages":[],"location":{"line":34,"column":2},"meta":{}},{"ancestorTitles":["Header Component"],"fullName":"Header Component renders notifications button when showNotifications is true","status":"passed","title":"renders notifications button when showNotifications is true","duration":3.0691250000018044,"failureMessages":[],"location":{"line":48,"column":2},"meta":{}},{"ancestorTitles":["Header Component"],"fullName":"Header Component renders user menu when showUserMenu is true","status":"passed","title":"renders user menu when showUserMenu is true","duration":8.753915999997844,"failureMessages":[],"location":{"line":63,"column":2},"meta":{}},{"ancestorTitles":["Header Component"],"fullName":"Header Component renders breadcrumbs when showBreadcrumbs is true","status":"passed","title":"renders breadcrumbs when showBreadcrumbs is true","duration":5.583875000000262,"failureMessages":[],"location":{"line":78,"column":2},"meta":{}},{"ancestorTitles":["Header Component"],"fullName":"Header Component handles search input changes","status":"passed","title":"handles search input changes","duration":6.086834000001545,"failureMessages":[],"location":{"line":95,"column":2},"meta":{}},{"ancestorTitles":["Header Component"],"fullName":"Header Component handles menu button click","status":"passed","title":"handles menu button click","duration":30.49145800000042,"failureMessages":[],"location":{"line":115,"column":2},"meta":{}},{"ancestorTitles":["Header Component"],"fullName":"Header Component handles notification button click","status":"passed","title":"handles notification button click","duration":8.540166999999201,"failureMessages":[],"location":{"line":134,"column":2},"meta":{}},{"ancestorTitles":["Header Component"],"fullName":"Header Component handles user menu actions","status":"passed","title":"handles user menu actions","duration":4.541584000002331,"failureMessages":[],"location":{"line":156,"column":2},"meta":{}},{"ancestorTitles":["Header Component"],"fullName":"Header Component shows correct notification count","status":"passed","title":"shows correct notification count","duration":2.6508750000029977,"failureMessages":[],"location":{"line":188,"column":2},"meta":{}},{"ancestorTitles":["Header Component"],"fullName":"Header Component shows 99+ for notifications over 99","status":"passed","title":"shows 99+ for notifications over 99","duration":2.388291000002937,"failureMessages":[],"location":{"line":203,"column":2},"meta":{}},{"ancestorTitles":["Header Component"],"fullName":"Header Component renders without notifications badge when count is 0","status":"passed","title":"renders without notifications badge when count is 0","duration":2.314249999999447,"failureMessages":[],"location":{"line":218,"column":2},"meta":{}},{"ancestorTitles":["Header Component"],"fullName":"Header Component applies correct CSS classes","status":"passed","title":"applies correct CSS classes","duration":1.4662090000019816,"failureMessages":[],"location":{"line":233,"column":2},"meta":{}}],"startTime":1778639171188,"endTime":1778639171289.4663,"status":"passed","message":"","name":"/Users/andres/Documents/financieramente/financieramente-app/src/features/shared/ui/__tests__/header.test.tsx"},{"assertionResults":[{"ancestorTitles":["LiquidationDetailModal"],"fullName":"LiquidationDetailModal renders modal with liquidation details","status":"passed","title":"renders modal with liquidation details","duration":72.32220899999993,"failureMessages":[],"location":{"line":14,"column":2},"meta":{}},{"ancestorTitles":["LiquidationDetailModal"],"fullName":"LiquidationDetailModal displays status badge","status":"passed","title":"displays status badge","duration":14.39116599999943,"failureMessages":[],"location":{"line":27,"column":2},"meta":{}},{"ancestorTitles":["LiquidationDetailModal"],"fullName":"LiquidationDetailModal displays client information","status":"passed","title":"displays client information","duration":14.061916000000565,"failureMessages":[],"location":{"line":40,"column":2},"meta":{}},{"ancestorTitles":["LiquidationDetailModal"],"fullName":"LiquidationDetailModal displays liquidation amount","status":"passed","title":"displays liquidation amount","duration":18.106832999999824,"failureMessages":[],"location":{"line":56,"column":2},"meta":{}},{"ancestorTitles":["LiquidationDetailModal"],"fullName":"LiquidationDetailModal displays agent information","status":"passed","title":"displays agent information","duration":11.259125000000495,"failureMessages":[],"location":{"line":70,"column":2},"meta":{}},{"ancestorTitles":["LiquidationDetailModal"],"fullName":"LiquidationDetailModal displays product information","status":"passed","title":"displays product information","duration":14.055749999999534,"failureMessages":[],"location":{"line":85,"column":2},"meta":{}},{"ancestorTitles":["LiquidationDetailModal"],"fullName":"LiquidationDetailModal displays insurance company information","status":"passed","title":"displays insurance company information","duration":9.457625000000917,"failureMessages":[],"location":{"line":100,"column":2},"meta":{}},{"ancestorTitles":["LiquidationDetailModal"],"fullName":"LiquidationDetailModal renders edit button","status":"passed","title":"renders edit button","duration":15.689916999999696,"failureMessages":[],"location":{"line":114,"column":2},"meta":{}},{"ancestorTitles":["LiquidationDetailModal"],"fullName":"LiquidationDetailModal renders cancel button","status":"passed","title":"renders cancel button","duration":13.232458000000406,"failureMessages":[],"location":{"line":127,"column":2},"meta":{}},{"ancestorTitles":["LiquidationDetailModal"],"fullName":"LiquidationDetailModal renders both edit and cancel buttons","status":"passed","title":"renders both edit and cancel buttons","duration":26.180875000000015,"failureMessages":[],"location":{"line":142,"column":2},"meta":{}}],"startTime":1778639165037,"endTime":1778639165246.181,"status":"passed","message":"","name":"/Users/andres/Documents/financieramente/financieramente-app/src/features/shared/ui/__tests__/liquidation-detail-modal.test.tsx"},{"assertionResults":[{"ancestorTitles":["Modal Component"],"fullName":"Modal Component renders modal with title and description","status":"passed","title":"renders modal with title and description","duration":60.305875000000015,"failureMessages":[],"location":{"line":7,"column":2},"meta":{}},{"ancestorTitles":["Modal Component"],"fullName":"Modal Component renders with trigger button","status":"passed","title":"renders with trigger button","duration":2.234875000000102,"failureMessages":[],"location":{"line":24,"column":2},"meta":{}},{"ancestorTitles":["Modal Component"],"fullName":"Modal Component opens modal when trigger is clicked","status":"passed","title":"opens modal when trigger is clicked","duration":11.81500000000051,"failureMessages":[],"location":{"line":34,"column":2},"meta":{}},{"ancestorTitles":["Modal Component"],"fullName":"Modal Component applies correct size classes","status":"passed","title":"applies correct size classes","duration":9.135333000000173,"failureMessages":[],"location":{"line":50,"column":2},"meta":{}},{"ancestorTitles":["Modal Component"],"fullName":"Modal Component handles close button click","status":"passed","title":"handles close button click","duration":20.752707999999984,"failureMessages":[],"location":{"line":62,"column":2},"meta":{}},{"ancestorTitles":["Modal Component"],"fullName":"Modal Component does not show close button when showCloseButton is false","status":"passed","title":"does not show close button when showCloseButton is false","duration":9.471792000000278,"failureMessages":[],"location":{"line":81,"column":2},"meta":{}},{"ancestorTitles":["AlertModal Component"],"fullName":"AlertModal Component renders info alert modal","status":"passed","title":"renders info alert modal","duration":7.340249999999287,"failureMessages":[],"location":{"line":107,"column":2},"meta":{}},{"ancestorTitles":["AlertModal Component"],"fullName":"AlertModal Component renders success alert modal","status":"passed","title":"renders success alert modal","duration":6.218709000000672,"failureMessages":[],"location":{"line":122,"column":2},"meta":{}},{"ancestorTitles":["AlertModal Component"],"fullName":"AlertModal Component renders warning alert modal","status":"passed","title":"renders warning alert modal","duration":7.506499999999505,"failureMessages":[],"location":{"line":137,"column":2},"meta":{}},{"ancestorTitles":["AlertModal Component"],"fullName":"AlertModal Component renders error alert modal","status":"passed","title":"renders error alert modal","duration":6.194958000000042,"failureMessages":[],"location":{"line":152,"column":2},"meta":{}},{"ancestorTitles":["AlertModal Component"],"fullName":"AlertModal Component handles confirm button click","status":"passed","title":"handles confirm button click","duration":6.459500000000844,"failureMessages":[],"location":{"line":167,"column":2},"meta":{}},{"ancestorTitles":["AlertModal Component"],"fullName":"AlertModal Component renders with trigger","status":"passed","title":"renders with trigger","duration":0.905957999999373,"failureMessages":[],"location":{"line":186,"column":2},"meta":{}},{"ancestorTitles":["ConfirmModal Component"],"fullName":"ConfirmModal Component renders confirm modal with message and buttons","status":"passed","title":"renders confirm modal with message and buttons","duration":6.29554200000166,"failureMessages":[],"location":{"line":200,"column":2},"meta":{}},{"ancestorTitles":["ConfirmModal Component"],"fullName":"ConfirmModal Component handles confirm button click","status":"passed","title":"handles confirm button click","duration":7.253916000001482,"failureMessages":[],"location":{"line":216,"column":2},"meta":{}},{"ancestorTitles":["ConfirmModal Component"],"fullName":"ConfirmModal Component handles cancel button click","status":"passed","title":"handles cancel button click","duration":5.596624999998312,"failureMessages":[],"location":{"line":235,"column":2},"meta":{}},{"ancestorTitles":["ConfirmModal Component"],"fullName":"ConfirmModal Component renders destructive confirm modal","status":"passed","title":"renders destructive confirm modal","duration":5.777334000000337,"failureMessages":[],"location":{"line":254,"column":2},"meta":{}},{"ancestorTitles":["ConfirmModal Component"],"fullName":"ConfirmModal Component renders with trigger","status":"passed","title":"renders with trigger","duration":1.0934999999990396,"failureMessages":[],"location":{"line":270,"column":2},"meta":{}},{"ancestorTitles":["FormModal Component"],"fullName":"FormModal Component renders form modal with fields","status":"passed","title":"renders form modal with fields","duration":9.758208000001105,"failureMessages":[],"location":{"line":307,"column":2},"meta":{}},{"ancestorTitles":["FormModal Component"],"fullName":"FormModal Component renders required field indicators","status":"passed","title":"renders required field indicators","duration":7.513249999999971,"failureMessages":[],"location":{"line":325,"column":2},"meta":{}},{"ancestorTitles":["FormModal Component"],"fullName":"FormModal Component handles form field changes","status":"passed","title":"handles form field changes","duration":11.169875000001412,"failureMessages":[],"location":{"line":340,"column":2},"meta":{}},{"ancestorTitles":["FormModal Component"],"fullName":"FormModal Component handles form submission","status":"passed","title":"handles form submission","duration":17.1477079999986,"failureMessages":[],"location":{"line":357,"column":2},"meta":{}},{"ancestorTitles":["FormModal Component"],"fullName":"FormModal Component handles cancel button click","status":"passed","title":"handles cancel button click","duration":9.654958000000988,"failureMessages":[],"location":{"line":386,"column":2},"meta":{}},{"ancestorTitles":["FormModal Component"],"fullName":"FormModal Component renders with trigger","status":"passed","title":"renders with trigger","duration":1.75525000000016,"failureMessages":[],"location":{"line":404,"column":2},"meta":{}},{"ancestorTitles":["FormModal Component"],"fullName":"FormModal Component renders different input types correctly","status":"passed","title":"renders different input types correctly","duration":7.797332999998616,"failureMessages":[],"location":{"line":412,"column":2},"meta":{}}],"startTime":1778639164362,"endTime":1778639164601.7974,"status":"passed","message":"","name":"/Users/andres/Documents/financieramente/financieramente-app/src/features/shared/ui/__tests__/modal.test.tsx"},{"assertionResults":[{"ancestorTitles":["Select Component"],"fullName":"Select Component renders select with trigger and opens content","status":"passed","title":"renders select with trigger and opens content","duration":110.47070799999983,"failureMessages":[],"location":{"line":12,"column":2},"meta":{}},{"ancestorTitles":["Select Component"],"fullName":"Select Component applies popper position and max-height to content","status":"passed","title":"applies popper position and max-height to content","duration":22.26520800000071,"failureMessages":[],"location":{"line":37,"column":2},"meta":{}},{"ancestorTitles":["Select Component"],"fullName":"Select Component does not have the fixed viewport height class in popper mode","status":"passed","title":"does not have the fixed viewport height class in popper mode","duration":29.367875000000822,"failureMessages":[],"location":{"line":66,"column":2},"meta":{}}],"startTime":1778639159783,"endTime":1778639159945.368,"status":"passed","message":"","name":"/Users/andres/Documents/financieramente/financieramente-app/src/features/shared/ui/__tests__/select.test.tsx"},{"assertionResults":[{"ancestorTitles":["Toast/Sonner Component"],"fullName":"Toast/Sonner Component calls toast.success with correct parameters","status":"passed","title":"calls toast.success with correct parameters","duration":17.671041999998124,"failureMessages":[],"location":{"line":24,"column":2},"meta":{}},{"ancestorTitles":["Toast/Sonner Component"],"fullName":"Toast/Sonner Component calls toast.error with correct parameters","status":"passed","title":"calls toast.error with correct parameters","duration":2.0672909999993863,"failureMessages":[],"location":{"line":46,"column":2},"meta":{}},{"ancestorTitles":["Toast/Sonner Component"],"fullName":"Toast/Sonner Component calls toast.warning with correct parameters","status":"passed","title":"calls toast.warning with correct parameters","duration":1.7072079999998095,"failureMessages":[],"location":{"line":68,"column":2},"meta":{}},{"ancestorTitles":["Toast/Sonner Component"],"fullName":"Toast/Sonner Component calls toast.info with correct parameters","status":"passed","title":"calls toast.info with correct parameters","duration":2.4313340000007884,"failureMessages":[],"location":{"line":90,"column":2},"meta":{}},{"ancestorTitles":["Toast/Sonner Component"],"fullName":"Toast/Sonner Component calls toast.loading with correct parameters","status":"passed","title":"calls toast.loading with correct parameters","duration":1.7615420000001905,"failureMessages":[],"location":{"line":112,"column":2},"meta":{}},{"ancestorTitles":["Toast/Sonner Component"],"fullName":"Toast/Sonner Component calls toast with action and cancel buttons","status":"passed","title":"calls toast with action and cancel buttons","duration":1.238166999999521,"failureMessages":[],"location":{"line":134,"column":2},"meta":{}},{"ancestorTitles":["Toast/Sonner Component"],"fullName":"Toast/Sonner Component calls toast.promise with correct parameters","status":"passed","title":"calls toast.promise with correct parameters","duration":1.9077920000017912,"failureMessages":[],"location":{"line":176,"column":2},"meta":{}},{"ancestorTitles":["Toast/Sonner Component"],"fullName":"Toast/Sonner Component calls toast with custom duration","status":"passed","title":"calls toast with custom duration","duration":1.3434589999997115,"failureMessages":[],"location":{"line":203,"column":2},"meta":{}},{"ancestorTitles":["Toast/Sonner Component"],"fullName":"Toast/Sonner Component calls toast with infinite duration","status":"passed","title":"calls toast with infinite duration","duration":1.1307919999999285,"failureMessages":[],"location":{"line":225,"column":2},"meta":{}},{"ancestorTitles":["Toast/Sonner Component"],"fullName":"Toast/Sonner Component calls toast with custom position","status":"passed","title":"calls toast with custom position","duration":1.0838340000009339,"failureMessages":[],"location":{"line":247,"column":2},"meta":{}},{"ancestorTitles":["Toast/Sonner Component"],"fullName":"Toast/Sonner Component calls toast with rich content","status":"passed","title":"calls toast with rich content","duration":0.9781250000014552,"failureMessages":[],"location":{"line":269,"column":2},"meta":{}},{"ancestorTitles":["Toast/Sonner Component"],"fullName":"Toast/Sonner Component handles multiple toast calls","status":"passed","title":"handles multiple toast calls","duration":1.0971250000002328,"failureMessages":[],"location":{"line":296,"column":2},"meta":{}},{"ancestorTitles":["Toast/Sonner Component"],"fullName":"Toast/Sonner Component calls toast.dismiss","status":"passed","title":"calls toast.dismiss","duration":0.8549160000002303,"failureMessages":[],"location":{"line":318,"column":2},"meta":{}},{"ancestorTitles":["Toast/Sonner Component"],"fullName":"Toast/Sonner Component handles toast without description","status":"passed","title":"handles toast without description","duration":0.8020000000033178,"failureMessages":[],"location":{"line":334,"column":2},"meta":{}},{"ancestorTitles":["Toast/Sonner Component"],"fullName":"Toast/Sonner Component handles toast with default options","status":"passed","title":"handles toast with default options","duration":0.9782090000007884,"failureMessages":[],"location":{"line":350,"column":2},"meta":{}}],"startTime":1778639173229,"endTime":1778639173265.9783,"status":"passed","message":"","name":"/Users/andres/Documents/financieramente/financieramente-app/src/features/shared/ui/__tests__/sonner.test.tsx"},{"assertionResults":[{"ancestorTitles":["format-percent","parsePercentPaste"],"fullName":"format-percent parsePercentPaste parses 12,5 % with es-CO","status":"passed","title":"parses 12,5 % with es-CO","duration":1.0861659999973199,"failureMessages":[],"location":{"line":13,"column":3},"meta":{}},{"ancestorTitles":["format-percent","parsePercentPaste"],"fullName":"format-percent parsePercentPaste parses 12.5% when locale uses dot decimal","status":"passed","title":"parses 12.5% when locale uses dot decimal","duration":0.1903329999986454,"failureMessages":[],"location":{"line":17,"column":3},"meta":{}},{"ancestorTitles":["format-percent","parsePercentPaste"],"fullName":"format-percent parsePercentPaste returns null for empty","status":"passed","title":"returns null for empty","duration":0.11487499999930151,"failureMessages":[],"location":{"line":21,"column":3},"meta":{}},{"ancestorTitles":["format-percent","parsePercentPaste"],"fullName":"format-percent parsePercentPaste returns null for invalid","status":"passed","title":"returns null for invalid","duration":0.12183399999776157,"failureMessages":[],"location":{"line":25,"column":3},"meta":{}},{"ancestorTitles":["format-percent","normalizePercentPaste"],"fullName":"format-percent normalizePercentPaste returns normalized string for valid paste","status":"passed","title":"returns normalized string for valid paste","duration":0.4337500000001455,"failureMessages":[],"location":{"line":31,"column":3},"meta":{}},{"ancestorTitles":["format-percent","formatPercentDisplay"],"fullName":"format-percent formatPercentDisplay omits trailing fractional zeros (integers show without decimals)","status":"passed","title":"omits trailing fractional zeros (integers show without decimals)","duration":0.3205000000016298,"failureMessages":[],"location":{"line":39,"column":3},"meta":{}},{"ancestorTitles":["format-percent","formatPercentDisplay"],"fullName":"format-percent formatPercentDisplay shows decimals only when needed","status":"passed","title":"shows decimals only when needed","duration":0.15604199999870616,"failureMessages":[],"location":{"line":44,"column":3},"meta":{}},{"ancestorTitles":["format-percent","formatPercentDisplay"],"fullName":"format-percent formatPercentDisplay preserves fractional values with up to six decimals","status":"passed","title":"preserves fractional values with up to six decimals","duration":0.12512499999866122,"failureMessages":[],"location":{"line":48,"column":3},"meta":{}},{"ancestorTitles":["format-percent","formatPercentFromFraction"],"fullName":"format-percent formatPercentFromFraction multiplies fraction by 100 for display","status":"passed","title":"multiplies fraction by 100 for display","duration":0.12087500000052387,"failureMessages":[],"location":{"line":56,"column":3},"meta":{}},{"ancestorTitles":["format-percent","formatPercentFromFraction"],"fullName":"format-percent formatPercentFromFraction matches formatPercentDisplay for the same semantic 0–100 value (shared rules)","status":"passed","title":"matches formatPercentDisplay for the same semantic 0–100 value (shared rules)","duration":0.3042090000017197,"failureMessages":[],"location":{"line":60,"column":3},"meta":{}},{"ancestorTitles":["format-percent","read-only presentation (0–100 from API)"],"fullName":"format-percent read-only presentation (0–100 from API) appends trailing % outside digit grouping","status":"passed","title":"appends trailing % outside digit grouping","duration":0.1442079999978887,"failureMessages":[],"location":{"line":71,"column":3},"meta":{}}],"startTime":1778639182876,"endTime":1778639182879.3042,"status":"passed","message":"","name":"/Users/andres/Documents/financieramente/financieramente-app/src/features/shared/lib/__tests__/format-percent.test.ts"},{"assertionResults":[{"ancestorTitles":["GET /api/admin/discounts"],"fullName":"GET /api/admin/discounts returns 401 when unauthenticated","status":"passed","title":"returns 401 when unauthenticated","duration":1.2238749999996799,"failureMessages":[],"location":{"line":51,"column":2},"meta":{}},{"ancestorTitles":["GET /api/admin/discounts"],"fullName":"GET /api/admin/discounts returns { data: [] } with valid session and empty list","status":"passed","title":"returns { data: [] } with valid session and empty list","duration":0.6575830000001588,"failureMessages":[],"location":{"line":58,"column":2},"meta":{}},{"ancestorTitles":["POST /api/admin/discounts"],"fullName":"POST /api/admin/discounts returns 401 when unauthenticated","status":"passed","title":"returns 401 when unauthenticated","duration":1.254917000002024,"failureMessages":[],"location":{"line":76,"column":2},"meta":{}},{"ancestorTitles":["POST /api/admin/discounts"],"fullName":"POST /api/admin/discounts returns 400 when percentage is invalid","status":"passed","title":"returns 400 when percentage is invalid","duration":2.6506250000020373,"failureMessages":[],"location":{"line":86,"column":2},"meta":{}},{"ancestorTitles":["POST /api/admin/discounts"],"fullName":"POST /api/admin/discounts returns 201 with created record when no ACTIVE exists for type","status":"passed","title":"returns 201 with created record when no ACTIVE exists for type","duration":1.1901249999973516,"failureMessages":[],"location":{"line":96,"column":2},"meta":{}},{"ancestorTitles":["POST /api/admin/discounts"],"fullName":"POST /api/admin/discounts returns 409 when ACTIVE discount already exists for same type","status":"passed","title":"returns 409 when ACTIVE discount already exists for same type","duration":0.5701669999980368,"failureMessages":[],"location":{"line":109,"column":2},"meta":{}}],"startTime":1778639175237,"endTime":1778639175244.57,"status":"passed","message":"","name":"/Users/andres/Documents/financieramente/financieramente-app/src/app/api/admin/discounts/__tests__/route.test.ts"},{"assertionResults":[{"ancestorTitles":["PUT /api/negocios/[id]"],"fullName":"PUT /api/negocios/[id] should delegate origin updates to recalcularComisionesPorCambioOrigen when business is EMITIDO","status":"passed","title":"should delegate origin updates to recalcularComisionesPorCambioOrigen when business is EMITIDO","duration":6.111500000002707,"failureMessages":[],"location":{"line":104,"column":2},"meta":{}},{"ancestorTitles":["PUT /api/negocios/[id]"],"fullName":"PUT /api/negocios/[id] should return 400 if trying to change origin of a non-EMITIDO business","status":"passed","title":"should return 400 if trying to change origin of a non-EMITIDO business","duration":0.8132499999992433,"failureMessages":[],"location":{"line":141,"column":2},"meta":{}},{"ancestorTitles":["PUT /api/negocios/[id]"],"fullName":"PUT /api/negocios/[id] should return 400 with a clear message when validateProductConfigurationExists returns false","status":"passed","title":"should return 400 with a clear message when validateProductConfigurationExists returns false","duration":0.49512500000128057,"failureMessages":[],"location":{"line":171,"column":2},"meta":{}},{"ancestorTitles":["PUT /api/negocios/[id]"],"fullName":"PUT /api/negocios/[id] should call recalcularComisionesPorCambioOrigen and return 200 when validateProductConfigurationExists returns true","status":"passed","title":"should call recalcularComisionesPorCambioOrigen and return 200 when validateProductConfigurationExists returns true","duration":0.6968749999978172,"failureMessages":[],"location":{"line":208,"column":2},"meta":{}},{"ancestorTitles":["PUT /api/negocios/[id]"],"fullName":"PUT /api/negocios/[id] sets dateIssued when assigning contract from VENTA_EFECTUADA to EMITIDO","status":"passed","title":"sets dateIssued when assigning contract from VENTA_EFECTUADA to EMITIDO","duration":1.627375000000029,"failureMessages":[],"location":{"line":245,"column":2},"meta":{}},{"ancestorTitles":["PUT /api/negocios/[id]"],"fullName":"PUT /api/negocios/[id] does not set dateIssued when editing contract while already EMITIDO","status":"passed","title":"does not set dateIssued when editing contract while already EMITIDO","duration":1.0375410000015108,"failureMessages":[],"location":{"line":291,"column":2},"meta":{}}],"startTime":1778639177922,"endTime":1778639177933.0376,"status":"passed","message":"","name":"/Users/andres/Documents/financieramente/financieramente-app/src/app/api/negocios/[id]/__tests__/route.test.ts"},{"assertionResults":[{"ancestorTitles":["POST /api/carga-archivos/process-batch"],"fullName":"POST /api/carga-archivos/process-batch logs audit entry and marks record as error for invalid numeric values","status":"passed","title":"logs audit entry and marks record as error for invalid numeric values","duration":3.8530829999981506,"failureMessages":[],"location":{"line":73,"column":2},"meta":{}}],"startTime":1778639180468,"endTime":1778639180471.853,"status":"passed","message":"","name":"/Users/andres/Documents/financieramente/financieramente-app/src/app/api/carga-archivos/process-batch/__tests__/route.test.ts"},{"assertionResults":[{"ancestorTitles":["POST /api/negocios/export"],"fullName":"POST /api/negocios/export retorna 403 cuando el rol es AGENTE","status":"passed","title":"retorna 403 cuando el rol es AGENTE","duration":4.275041999997484,"failureMessages":[],"location":{"line":181,"column":2},"meta":{}},{"ancestorTitles":["POST /api/negocios/export"],"fullName":"POST /api/negocios/export retorna 200, xlsx y cuerpo no vacío cuando hay datos (ADMIN)","status":"passed","title":"retorna 200, xlsx y cuerpo no vacío cuando hay datos (ADMIN)","duration":11.166916999998648,"failureMessages":[],"location":{"line":206,"column":2},"meta":{}},{"ancestorTitles":["POST /api/negocios/export"],"fullName":"POST /api/negocios/export retorna 413 cuando el conteo supera EXPORT_MAX_ROWS","status":"passed","title":"retorna 413 cuando el conteo supera EXPORT_MAX_ROWS","duration":1.0967919999966398,"failureMessages":[],"location":{"line":234,"column":2},"meta":{}},{"ancestorTitles":["POST /api/negocios/export"],"fullName":"POST /api/negocios/export retorna 404 cuando no hay negocios que coincidan","status":"passed","title":"retorna 404 cuando no hay negocios que coincidan","duration":0.6094579999989946,"failureMessages":[],"location":{"line":257,"column":2},"meta":{}},{"ancestorTitles":["POST /api/negocios/export"],"fullName":"POST /api/negocios/export retorna 200 con rol ANALISTA_SOPORTE (export permitido)","status":"passed","title":"retorna 200 con rol ANALISTA_SOPORTE (export permitido)","duration":2.3905420000010054,"failureMessages":[],"location":{"line":280,"column":2},"meta":{}}],"startTime":1778639176865,"endTime":1778639176884.3906,"status":"passed","message":"","name":"/Users/andres/Documents/financieramente/financieramente-app/src/app/api/negocios/export/__tests__/route.test.ts"},{"assertionResults":[{"ancestorTitles":["GET /api/negocios/stats"],"fullName":"GET /api/negocios/stats returns 401 when no session","status":"passed","title":"returns 401 when no session","duration":2.3010420000027807,"failureMessages":[],"location":{"line":64,"column":2},"meta":{}},{"ancestorTitles":["GET /api/negocios/stats"],"fullName":"GET /api/negocios/stats returns 404 when user not found","status":"passed","title":"returns 404 when user not found","duration":0.8614579999994021,"failureMessages":[],"location":{"line":70,"column":2},"meta":{}},{"ancestorTitles":["GET /api/negocios/stats","as admin (no date filter)"],"fullName":"GET /api/negocios/stats as admin (no date filter) calls groupBy 3 times with no createdAt filter when no dates provided","status":"passed","title":"calls groupBy 3 times with no createdAt filter when no dates provided","duration":1.3742500000007567,"failureMessages":[],"location":{"line":85,"column":3},"meta":{}},{"ancestorTitles":["GET /api/negocios/stats","as admin (no date filter)"],"fullName":"GET /api/negocios/stats as admin (no date filter) applies createdAt filter to ALL 3 KPIs when dateFrom and dateTo are provided","status":"passed","title":"applies createdAt filter to ALL 3 KPIs when dateFrom and dateTo are provided","duration":3.6854999999995925,"failureMessages":[],"location":{"line":94,"column":3},"meta":{}},{"ancestorTitles":["GET /api/negocios/stats","as admin (no date filter)"],"fullName":"GET /api/negocios/stats as admin (no date filter) does NOT apply createdAt filter when only dateFrom is provided","status":"passed","title":"does NOT apply createdAt filter when only dateFrom is provided","duration":1.0573330000006536,"failureMessages":[],"location":{"line":108,"column":3},"meta":{}},{"ancestorTitles":["GET /api/negocios/stats","as agent (scoped by user)"],"fullName":"GET /api/negocios/stats as agent (scoped by user) scopes all 3 KPI queries to the agent idUser","status":"passed","title":"scopes all 3 KPI queries to the agent idUser","duration":1.646667000000889,"failureMessages":[],"location":{"line":123,"column":3},"meta":{}},{"ancestorTitles":["GET /api/negocios/stats","as agent (scoped by user)"],"fullName":"GET /api/negocios/stats as agent (scoped by user) applies createdAt filter to all 3 KPIs when dates given","status":"passed","title":"applies createdAt filter to all 3 KPIs when dates given","duration":0.8124170000010054,"failureMessages":[],"location":{"line":133,"column":3},"meta":{}},{"ancestorTitles":["GET /api/negocios/stats","aggregate calculation"],"fullName":"GET /api/negocios/stats aggregate calculation sums COP values into totalCop and USD into totalUsd","status":"passed","title":"sums COP values into totalCop and USD into totalUsd","duration":0.7622080000001006,"failureMessages":[],"location":{"line":150,"column":3},"meta":{}},{"ancestorTitles":["GET /api/negocios/stats","aggregate calculation"],"fullName":"GET /api/negocios/stats aggregate calculation handles null _sum.value without NaN","status":"passed","title":"handles null _sum.value without NaN","duration":0.5866249999999127,"failureMessages":[],"location":{"line":168,"column":3},"meta":{}}],"startTime":1778639176327,"endTime":1778639176339.5867,"status":"passed","message":"","name":"/Users/andres/Documents/financieramente/financieramente-app/src/app/api/negocios/stats/__tests__/route.test.ts"},{"assertionResults":[{"ancestorTitles":["GET /api/negocios/validate-contract","Happy Path"],"fullName":"GET /api/negocios/validate-contract Happy Path debe retornar que el contrato está disponible cuando no existe","status":"passed","title":"debe retornar que el contrato está disponible cuando no existe","duration":2.6724579999972775,"failureMessages":[],"location":{"line":48,"column":3},"meta":{}},{"ancestorTitles":["GET /api/negocios/validate-contract","Happy Path"],"fullName":"GET /api/negocios/validate-contract Happy Path debe retornar que el contrato no está disponible cuando existe","status":"passed","title":"debe retornar que el contrato no está disponible cuando existe","duration":0.8566250000003492,"failureMessages":[],"location":{"line":82,"column":3},"meta":{}},{"ancestorTitles":["GET /api/negocios/validate-contract","Happy Path"],"fullName":"GET /api/negocios/validate-contract Happy Path debe excluir el negocio especificado en excludeBusinessId","status":"passed","title":"debe excluir el negocio especificado en excludeBusinessId","duration":0.894666000000143,"failureMessages":[],"location":{"line":119,"column":3},"meta":{}},{"ancestorTitles":["GET /api/negocios/validate-contract","Happy Path"],"fullName":"GET /api/negocios/validate-contract Happy Path debe retornar que el contrato no está disponible cuando existe en otro negocio (con excludeBusinessId)","status":"passed","title":"debe retornar que el contrato no está disponible cuando existe en otro negocio (con excludeBusinessId)","duration":1.200541999998677,"failureMessages":[],"location":{"line":152,"column":3},"meta":{}},{"ancestorTitles":["GET /api/negocios/validate-contract","Happy Path"],"fullName":"GET /api/negocios/validate-contract Happy Path debe manejar correctamente contratos con caracteres especiales","status":"passed","title":"debe manejar correctamente contratos con caracteres especiales","duration":0.7555839999986347,"failureMessages":[],"location":{"line":190,"column":3},"meta":{}},{"ancestorTitles":["GET /api/negocios/validate-contract","Casos de Autenticación"],"fullName":"GET /api/negocios/validate-contract Casos de Autenticación debe retornar 401 cuando no hay sesión","status":"passed","title":"debe retornar 401 cuando no hay sesión","duration":0.4393339999987802,"failureMessages":[],"location":{"line":220,"column":3},"meta":{}},{"ancestorTitles":["GET /api/negocios/validate-contract","Casos de Autenticación"],"fullName":"GET /api/negocios/validate-contract Casos de Autenticación debe retornar 401 cuando la sesión no tiene email","status":"passed","title":"debe retornar 401 cuando la sesión no tiene email","duration":0.3592090000020107,"failureMessages":[],"location":{"line":237,"column":3},"meta":{}},{"ancestorTitles":["GET /api/negocios/validate-contract","Casos de Validación de Parámetros"],"fullName":"GET /api/negocios/validate-contract Casos de Validación de Parámetros debe retornar 400 cuando falta el parámetro contract","status":"passed","title":"debe retornar 400 cuando falta el parámetro contract","duration":0.42258399999991525,"failureMessages":[],"location":{"line":260,"column":3},"meta":{}},{"ancestorTitles":["GET /api/negocios/validate-contract","Casos de Validación de Parámetros"],"fullName":"GET /api/negocios/validate-contract Casos de Validación de Parámetros debe retornar 400 cuando el parámetro contract es una cadena vacía","status":"passed","title":"debe retornar 400 cuando el parámetro contract es una cadena vacía","duration":0.44870799999989686,"failureMessages":[],"location":{"line":283,"column":3},"meta":{}},{"ancestorTitles":["GET /api/negocios/validate-contract","Casos de Validación de Parámetros"],"fullName":"GET /api/negocios/validate-contract Casos de Validación de Parámetros debe manejar correctamente excludeBusinessId como string numérico","status":"passed","title":"debe manejar correctamente excludeBusinessId como string numérico","duration":0.5652090000003227,"failureMessages":[],"location":{"line":306,"column":3},"meta":{}},{"ancestorTitles":["GET /api/negocios/validate-contract","Casos de Validación de Parámetros"],"fullName":"GET /api/negocios/validate-contract Casos de Validación de Parámetros debe ignorar excludeBusinessId cuando no es un número válido","status":"passed","title":"debe ignorar excludeBusinessId cuando no es un número válido","duration":0.42470800000228337,"failureMessages":[],"location":{"line":332,"column":3},"meta":{}},{"ancestorTitles":["GET /api/negocios/validate-contract","Casos de Errores de Base de Datos"],"fullName":"GET /api/negocios/validate-contract Casos de Errores de Base de Datos debe retornar 500 cuando findFirst falla","status":"passed","title":"debe retornar 500 cuando findFirst falla","duration":0.7112909999996191,"failureMessages":[],"location":{"line":354,"column":3},"meta":{}},{"ancestorTitles":["GET /api/negocios/validate-contract","Casos de Errores de Base de Datos"],"fullName":"GET /api/negocios/validate-contract Casos de Errores de Base de Datos debe retornar 500 cuando auth falla","status":"passed","title":"debe retornar 500 cuando auth falla","duration":0.38491699999940465,"failureMessages":[],"location":{"line":377,"column":3},"meta":{}},{"ancestorTitles":["GET /api/negocios/validate-contract","Casos de Búsqueda de Contrato"],"fullName":"GET /api/negocios/validate-contract Casos de Búsqueda de Contrato debe buscar el contrato exacto (case-sensitive)","status":"passed","title":"debe buscar el contrato exacto (case-sensitive)","duration":0.3233749999999418,"failureMessages":[],"location":{"line":395,"column":3},"meta":{}},{"ancestorTitles":["GET /api/negocios/validate-contract","Casos de Búsqueda de Contrato"],"fullName":"GET /api/negocios/validate-contract Casos de Búsqueda de Contrato debe manejar contratos con espacios (trim)","status":"passed","title":"debe manejar contratos con espacios (trim)","duration":0.31762499999967986,"failureMessages":[],"location":{"line":420,"column":3},"meta":{}},{"ancestorTitles":["GET /api/negocios/validate-contract","Casos de Respuesta"],"fullName":"GET /api/negocios/validate-contract Casos de Respuesta debe retornar estructura correcta cuando el contrato está disponible","status":"passed","title":"debe retornar estructura correcta cuando el contrato está disponible","duration":0.5935829999980342,"failureMessages":[],"location":{"line":449,"column":3},"meta":{}},{"ancestorTitles":["GET /api/negocios/validate-contract","Casos de Respuesta"],"fullName":"GET /api/negocios/validate-contract Casos de Respuesta debe retornar estructura correcta cuando el contrato no está disponible","status":"passed","title":"debe retornar estructura correcta cuando el contrato no está disponible","duration":0.33774999999877764,"failureMessages":[],"location":{"line":471,"column":3},"meta":{}}],"startTime":1778639174269,"endTime":1778639174281.3376,"status":"passed","message":"","name":"/Users/andres/Documents/financieramente/financieramente-app/src/app/api/negocios/validate-contract/__tests__/route.test.ts"},{"assertionResults":[{"ancestorTitles":["POST /api/pre-liquidacion/liquidar"],"fullName":"POST /api/pre-liquidacion/liquidar returns 401 when unauthenticated","status":"passed","title":"returns 401 when unauthenticated","duration":1.5609579999982088,"failureMessages":[],"location":{"line":24,"column":2},"meta":{}},{"ancestorTitles":["POST /api/pre-liquidacion/liquidar"],"fullName":"POST /api/pre-liquidacion/liquidar returns 403 for unauthorized role","status":"passed","title":"returns 403 for unauthorized role","duration":0.4569579999988491,"failureMessages":[],"location":{"line":38,"column":2},"meta":{}},{"ancestorTitles":["POST /api/pre-liquidacion/liquidar"],"fullName":"POST /api/pre-liquidacion/liquidar validates body and returns 400 when ids is empty","status":"passed","title":"validates body and returns 400 when ids is empty","duration":1.5536250000004657,"failureMessages":[],"location":{"line":56,"column":2},"meta":{}},{"ancestorTitles":["POST /api/pre-liquidacion/liquidar"],"fullName":"POST /api/pre-liquidacion/liquidar validates body and returns 400 when fileId is missing","status":"passed","title":"validates body and returns 400 when fileId is missing","duration":0.5582500000018626,"failureMessages":[],"location":{"line":75,"column":2},"meta":{}},{"ancestorTitles":["POST /api/pre-liquidacion/liquidar"],"fullName":"POST /api/pre-liquidacion/liquidar returns 200 with liquidated and fileCompleted when allowed role","status":"passed","title":"returns 200 with liquidated and fileCompleted when allowed role","duration":0.9659170000013546,"failureMessages":[],"location":{"line":93,"column":2},"meta":{}},{"ancestorTitles":["POST /api/pre-liquidacion/liquidar"],"fullName":"POST /api/pre-liquidacion/liquidar returns fileCompleted=true when service reports file completed","status":"passed","title":"returns fileCompleted=true when service reports file completed","duration":0.3855409999996482,"failureMessages":[],"location":{"line":116,"column":2},"meta":{}},{"ancestorTitles":["POST /api/pre-liquidacion/liquidar"],"fullName":"POST /api/pre-liquidacion/liquidar delegates commission settlement including distributions and business status to service","status":"passed","title":"delegates commission settlement including distributions and business status to service","duration":0.6023330000025453,"failureMessages":[],"location":{"line":138,"column":2},"meta":{}}],"startTime":1778639178198,"endTime":1778639178204.6023,"status":"passed","message":"","name":"/Users/andres/Documents/financieramente/financieramente-app/src/app/api/pre-liquidacion/liquidar/__tests__/route.test.ts"},{"assertionResults":[{"ancestorTitles":["POST /api/pre-liquidacion/procesar"],"fullName":"POST /api/pre-liquidacion/procesar returns 401 when unauthenticated","status":"passed","title":"returns 401 when unauthenticated","duration":1.9064580000012938,"failureMessages":[],"location":{"line":28,"column":2},"meta":{}},{"ancestorTitles":["POST /api/pre-liquidacion/procesar"],"fullName":"POST /api/pre-liquidacion/procesar returns 403 when role is not in ALLOWED_ROLES (AGENTE)","status":"passed","title":"returns 403 when role is not in ALLOWED_ROLES (AGENTE)","duration":0.4742079999996349,"failureMessages":[],"location":{"line":39,"column":2},"meta":{}},{"ancestorTitles":["POST /api/pre-liquidacion/procesar"],"fullName":"POST /api/pre-liquidacion/procesar returns 403 when role is ANALISTA_SOPORTE (not in ALLOWED_ROLES)","status":"passed","title":"returns 403 when role is ANALISTA_SOPORTE (not in ALLOWED_ROLES)","duration":0.39829200000167475,"failureMessages":[],"location":{"line":52,"column":2},"meta":{}},{"ancestorTitles":["POST /api/pre-liquidacion/procesar"],"fullName":"POST /api/pre-liquidacion/procesar returns 403 when role is DEFAULT","status":"passed","title":"returns 403 when role is DEFAULT","duration":0.34891699999934644,"failureMessages":[],"location":{"line":65,"column":2},"meta":{}},{"ancestorTitles":["POST /api/pre-liquidacion/procesar"],"fullName":"POST /api/pre-liquidacion/procesar returns 200 for ADMIN role when service succeeds","status":"passed","title":"returns 200 for ADMIN role when service succeeds","duration":1.6222080000006827,"failureMessages":[],"location":{"line":77,"column":2},"meta":{}},{"ancestorTitles":["POST /api/pre-liquidacion/procesar"],"fullName":"POST /api/pre-liquidacion/procesar returns 200 for ASISTENTE_GERENCIA_OPERATIVA role when service succeeds","status":"passed","title":"returns 200 for ASISTENTE_GERENCIA_OPERATIVA role when service succeeds","duration":0.6002909999988333,"failureMessages":[],"location":{"line":97,"column":2},"meta":{}},{"ancestorTitles":["POST /api/pre-liquidacion/procesar"],"fullName":"POST /api/pre-liquidacion/procesar returns 400 when body is missing both mes and date range","status":"passed","title":"returns 400 when body is missing both mes and date range","duration":0.8130830000009155,"failureMessages":[],"location":{"line":116,"column":2},"meta":{}}],"startTime":1778639174386,"endTime":1778639174391.813,"status":"passed","message":"","name":"/Users/andres/Documents/financieramente/financieramente-app/src/app/api/pre-liquidacion/procesar/__tests__/route.test.ts"},{"assertionResults":[{"ancestorTitles":["POST /api/pre-liquidacion/rezagar"],"fullName":"POST /api/pre-liquidacion/rezagar returns 401 when unauthenticated","status":"passed","title":"returns 401 when unauthenticated","duration":1.552708999999595,"failureMessages":[],"location":{"line":24,"column":2},"meta":{}},{"ancestorTitles":["POST /api/pre-liquidacion/rezagar"],"fullName":"POST /api/pre-liquidacion/rezagar returns 403 for unauthorized role","status":"passed","title":"returns 403 for unauthorized role","duration":0.473375000001397,"failureMessages":[],"location":{"line":38,"column":2},"meta":{}},{"ancestorTitles":["POST /api/pre-liquidacion/rezagar"],"fullName":"POST /api/pre-liquidacion/rezagar validates body and returns 400 when ids is empty","status":"passed","title":"validates body and returns 400 when ids is empty","duration":1.4764159999976982,"failureMessages":[],"location":{"line":56,"column":2},"meta":{}},{"ancestorTitles":["POST /api/pre-liquidacion/rezagar"],"fullName":"POST /api/pre-liquidacion/rezagar returns 200 with lagged count when allowed role","status":"passed","title":"returns 200 with lagged count when allowed role","duration":1.059583999998722,"failureMessages":[],"location":{"line":75,"column":2},"meta":{}},{"ancestorTitles":["POST /api/pre-liquidacion/rezagar"],"fullName":"POST /api/pre-liquidacion/rezagar delegates isLagByUser and isLagByUserDate tracking to rezagarRegistros service","status":"passed","title":"delegates isLagByUser and isLagByUserDate tracking to rezagarRegistros service","duration":0.4897499999970023,"failureMessages":[],"location":{"line":95,"column":2},"meta":{}}],"startTime":1778639173385,"endTime":1778639173390.4897,"status":"passed","message":"","name":"/Users/andres/Documents/financieramente/financieramente-app/src/app/api/pre-liquidacion/rezagar/__tests__/route.test.ts"},{"assertionResults":[{"ancestorTitles":["PUT /api/product-configurations/[id]"],"fullName":"PUT /api/product-configurations/[id] should update product configuration successfully","status":"passed","title":"should update product configuration successfully","duration":4.451582999998209,"failureMessages":[],"location":{"line":78,"column":2},"meta":{}},{"ancestorTitles":["PUT /api/product-configurations/[id]"],"fullName":"PUT /api/product-configurations/[id] should return 404 if configuration not found","status":"passed","title":"should return 404 if configuration not found","duration":0.4617920000018785,"failureMessages":[],"location":{"line":126,"column":2},"meta":{}},{"ancestorTitles":["PUT /api/product-configurations/[id]"],"fullName":"PUT /api/product-configurations/[id] should return 400 if PPC belongs to another configuration","status":"passed","title":"should return 400 if PPC belongs to another configuration","duration":0.34874999999738066,"failureMessages":[],"location":{"line":144,"column":2},"meta":{}},{"ancestorTitles":["PATCH /api/product-configurations/[id]"],"fullName":"PATCH /api/product-configurations/[id] should toggle active status successfully","status":"passed","title":"should toggle active status successfully","duration":0.6564580000012938,"failureMessages":[],"location":{"line":177,"column":2},"meta":{}},{"ancestorTitles":["PATCH /api/product-configurations/[id]"],"fullName":"PATCH /api/product-configurations/[id] should return 400 for invalid active value","status":"passed","title":"should return 400 for invalid active value","duration":0.329874999999447,"failureMessages":[],"location":{"line":212,"column":2},"meta":{}},{"ancestorTitles":["PATCH /api/product-configurations/[id]"],"fullName":"PATCH /api/product-configurations/[id] should return 404 if configuration not found","status":"passed","title":"should return 404 if configuration not found","duration":0.274916000002122,"failureMessages":[],"location":{"line":228,"column":2},"meta":{}}],"startTime":1778639178547,"endTime":1778639178553.3298,"status":"passed","message":"","name":"/Users/andres/Documents/financieramente/financieramente-app/src/app/api/product-configurations/[id]/__tests__/route.test.ts"},{"assertionResults":[{"ancestorTitles":["GET /api/users/search","Filtro por beneficiaryMode"],"fullName":"GET /api/users/search Filtro por beneficiaryMode debe filtrar usuarios por beneficiaryMode=OVERRIDE cuando se proporciona","status":"passed","title":"debe filtrar usuarios por beneficiaryMode=OVERRIDE cuando se proporciona","duration":3.4685000000026776,"failureMessages":[],"location":{"line":50,"column":3},"meta":{}},{"ancestorTitles":["GET /api/users/search","Filtro por beneficiaryMode"],"fullName":"GET /api/users/search Filtro por beneficiaryMode NO debe incluir filtro de categoría cuando beneficiaryMode no se proporciona","status":"passed","title":"NO debe incluir filtro de categoría cuando beneficiaryMode no se proporciona","duration":0.7047080000011192,"failureMessages":[],"location":{"line":85,"column":3},"meta":{}},{"ancestorTitles":["GET /api/users/search","Filtro por beneficiaryMode"],"fullName":"GET /api/users/search Filtro por beneficiaryMode debe retornar solo los usuarios que tienen categoría OVERRIDE asignada","status":"passed","title":"debe retornar solo los usuarios que tienen categoría OVERRIDE asignada","duration":0.6055830000004789,"failureMessages":[],"location":{"line":115,"column":3},"meta":{}},{"ancestorTitles":["GET /api/users/search","Comportamiento existente (sin regresiones)"],"fullName":"GET /api/users/search Comportamiento existente (sin regresiones) debe retornar [] cuando query tiene menos de 3 caracteres","status":"passed","title":"debe retornar [] cuando query tiene menos de 3 caracteres","duration":0.5942909999976109,"failureMessages":[],"location":{"line":134,"column":3},"meta":{}},{"ancestorTitles":["GET /api/users/search","Comportamiento existente (sin regresiones)"],"fullName":"GET /api/users/search Comportamiento existente (sin regresiones) debe retornar 400 cuando el rol es inválido","status":"passed","title":"debe retornar 400 cuando el rol es inválido","duration":0.5677499999983411,"failureMessages":[],"location":{"line":145,"column":3},"meta":{}},{"ancestorTitles":["GET /api/users/search","Comportamiento existente (sin regresiones)"],"fullName":"GET /api/users/search Comportamiento existente (sin regresiones) debe filtrar por role cuando se proporciona un rol válido","status":"passed","title":"debe filtrar por role cuando se proporciona un rol válido","duration":0.5514160000020638,"failureMessages":[],"location":{"line":154,"column":3},"meta":{}}],"startTime":1778639178655,"endTime":1778639178661.5679,"status":"passed","message":"","name":"/Users/andres/Documents/financieramente/financieramente-app/src/app/api/users/search/__tests__/route.test.ts"},{"assertionResults":[{"ancestorTitles":["GET /api/products/[id]","Happy Path"],"fullName":"GET /api/products/[id] Happy Path debe obtener producto exitosamente por ID","status":"passed","title":"debe obtener producto exitosamente por ID","duration":3.0183749999996508,"failureMessages":[],"location":{"line":73,"column":3},"meta":{}},{"ancestorTitles":["GET /api/products/[id]","Casos de Producto No Encontrado"],"fullName":"GET /api/products/[id] Casos de Producto No Encontrado debe retornar 404 cuando el producto no existe","status":"passed","title":"debe retornar 404 cuando el producto no existe","duration":0.4912910000020929,"failureMessages":[],"location":{"line":101,"column":3},"meta":{}},{"ancestorTitles":["GET /api/products/[id]","Casos de Errores de Base de Datos"],"fullName":"GET /api/products/[id] Casos de Errores de Base de Datos debe retornar 500 cuando findUnique falla","status":"passed","title":"debe retornar 500 cuando findUnique falla","duration":0.8794170000001031,"failureMessages":[],"location":{"line":118,"column":3},"meta":{}},{"ancestorTitles":["PUT /api/products/[id]","Happy Path"],"fullName":"PUT /api/products/[id] Happy Path debe actualizar producto exitosamente","status":"passed","title":"debe actualizar producto exitosamente","duration":3.9891659999993863,"failureMessages":[],"location":{"line":165,"column":3},"meta":{}},{"ancestorTitles":["PUT /api/products/[id]","Happy Path"],"fullName":"PUT /api/products/[id] Happy Path debe actualizar solo el campo status","status":"passed","title":"debe actualizar solo el campo status","duration":0.6175409999996191,"failureMessages":[],"location":{"line":226,"column":3},"meta":{}},{"ancestorTitles":["PUT /api/products/[id]","Happy Path"],"fullName":"PUT /api/products/[id] Happy Path debe actualizar solo el campo idCompany","status":"passed","title":"debe actualizar solo el campo idCompany","duration":0.4116250000006403,"failureMessages":[],"location":{"line":272,"column":3},"meta":{}},{"ancestorTitles":["PUT /api/products/[id]","Casos de Autenticación"],"fullName":"PUT /api/products/[id] Casos de Autenticación debe retornar 401 cuando no hay sesión","status":"passed","title":"debe retornar 401 cuando no hay sesión","duration":0.372125000001688,"failureMessages":[],"location":{"line":321,"column":3},"meta":{}},{"ancestorTitles":["PUT /api/products/[id]","Casos de Validación"],"fullName":"PUT /api/products/[id] Casos de Validación debe retornar 400 cuando el schema es inválido","status":"passed","title":"debe retornar 400 cuando el schema es inválido","duration":0.5329160000001139,"failureMessages":[],"location":{"line":343,"column":3},"meta":{}},{"ancestorTitles":["PUT /api/products/[id]","Casos de Producto No Encontrado"],"fullName":"PUT /api/products/[id] Casos de Producto No Encontrado debe retornar 404 cuando el producto no existe","status":"passed","title":"debe retornar 404 cuando el producto no existe","duration":0.35499999999956344,"failureMessages":[],"location":{"line":390,"column":3},"meta":{}},{"ancestorTitles":["PUT /api/products/[id]","Casos de Nombre Duplicado"],"fullName":"PUT /api/products/[id] Casos de Nombre Duplicado debe retornar 409 cuando ya existe otro producto con el mismo nombre para la compañía","status":"passed","title":"debe retornar 409 cuando ya existe otro producto con el mismo nombre para la compañía","duration":0.36779200000091805,"failureMessages":[],"location":{"line":425,"column":3},"meta":{}},{"ancestorTitles":["PUT /api/products/[id]","Casos de Nombre Duplicado"],"fullName":"PUT /api/products/[id] Casos de Nombre Duplicado debe permitir actualizar con el mismo nombre del mismo producto","status":"passed","title":"debe permitir actualizar con el mismo nombre del mismo producto","duration":0.3351250000014261,"failureMessages":[],"location":{"line":465,"column":3},"meta":{}},{"ancestorTitles":["PUT /api/products/[id]","Casos de Producto en Uso"],"fullName":"PUT /api/products/[id] Casos de Producto en Uso debe retornar 409 cuando se intenta desactivar un producto en uso","status":"passed","title":"debe retornar 409 cuando se intenta desactivar un producto en uso","duration":0.3309579999986454,"failureMessages":[],"location":{"line":505,"column":3},"meta":{}},{"ancestorTitles":["PUT /api/products/[id]","Casos de Producto en Uso"],"fullName":"PUT /api/products/[id] Casos de Producto en Uso debe permitir desactivar un producto que no está en uso","status":"passed","title":"debe permitir desactivar un producto que no está en uso","duration":0.30562499999723514,"failureMessages":[],"location":{"line":551,"column":3},"meta":{}},{"ancestorTitles":["PUT /api/products/[id]","Casos de Errores de Base de Datos"],"fullName":"PUT /api/products/[id] Casos de Errores de Base de Datos debe retornar 500 cuando update falla","status":"passed","title":"debe retornar 500 cuando update falla","duration":0.5108749999999418,"failureMessages":[],"location":{"line":595,"column":3},"meta":{}},{"ancestorTitles":["PUT /api/products/[id]","Casos de Errores de Base de Datos"],"fullName":"PUT /api/products/[id] Casos de Errores de Base de Datos debe retornar 404 cuando Prisma lanza error P2025","status":"passed","title":"debe retornar 404 cuando Prisma lanza error P2025","duration":0.5200830000030692,"failureMessages":[],"location":{"line":632,"column":3},"meta":{}},{"ancestorTitles":["DELETE /api/products/[id]","Happy Path"],"fullName":"DELETE /api/products/[id] Happy Path debe eliminar producto exitosamente","status":"passed","title":"debe eliminar producto exitosamente","duration":1.1034580000014103,"failureMessages":[],"location":{"line":705,"column":3},"meta":{}},{"ancestorTitles":["DELETE /api/products/[id]","Casos de Autenticación"],"fullName":"DELETE /api/products/[id] Casos de Autenticación debe retornar 401 cuando no hay sesión","status":"passed","title":"debe retornar 401 cuando no hay sesión","duration":0.495374999998603,"failureMessages":[],"location":{"line":754,"column":3},"meta":{}},{"ancestorTitles":["DELETE /api/products/[id]","Casos de Producto No Encontrado"],"fullName":"DELETE /api/products/[id] Casos de Producto No Encontrado debe retornar 404 cuando el producto no existe","status":"passed","title":"debe retornar 404 cuando el producto no existe","duration":0.28591600000072503,"failureMessages":[],"location":{"line":775,"column":3},"meta":{}},{"ancestorTitles":["DELETE /api/products/[id]","Casos de Producto en Uso"],"fullName":"DELETE /api/products/[id] Casos de Producto en Uso debe retornar 409 cuando el producto está siendo utilizado","status":"passed","title":"debe retornar 409 cuando el producto está siendo utilizado","duration":0.27637500000128057,"failureMessages":[],"location":{"line":804,"column":3},"meta":{}},{"ancestorTitles":["DELETE /api/products/[id]","Casos de Errores de Base de Datos"],"fullName":"DELETE /api/products/[id] Casos de Errores de Base de Datos debe retornar 500 cuando delete falla","status":"passed","title":"debe retornar 500 cuando delete falla","duration":0.4443329999994603,"failureMessages":[],"location":{"line":843,"column":3},"meta":{}},{"ancestorTitles":["DELETE /api/products/[id]","Casos de Errores de Base de Datos"],"fullName":"DELETE /api/products/[id] Casos de Errores de Base de Datos debe retornar 404 cuando Prisma lanza error P2025","status":"passed","title":"debe retornar 404 cuando Prisma lanza error P2025","duration":0.4676659999968251,"failureMessages":[],"location":{"line":873,"column":3},"meta":{}}],"startTime":1778639177225,"endTime":1778639177241.4678,"status":"passed","message":"","name":"/Users/andres/Documents/financieramente/financieramente-app/src/app/api/products/[id]/__tests__/route.test.ts"},{"assertionResults":[{"ancestorTitles":["useProductOrigins"],"fullName":"useProductOrigins should start with loading state","status":"passed","title":"should start with loading state","duration":109.43787499999962,"failureMessages":[],"location":{"line":39,"column":2},"meta":{}},{"ancestorTitles":["useProductOrigins"],"fullName":"useProductOrigins should fetch product origins successfully (happy path)","status":"passed","title":"should fetch product origins successfully (happy path)","duration":56.06775000000016,"failureMessages":[],"location":{"line":65,"column":2},"meta":{}},{"ancestorTitles":["useProductOrigins"],"fullName":"useProductOrigins should handle API error","status":"passed","title":"should handle API error","duration":58.496375000000626,"failureMessages":[],"location":{"line":90,"column":2},"meta":{}},{"ancestorTitles":["useProductOrigins"],"fullName":"useProductOrigins should provide refetch function","status":"passed","title":"should provide refetch function","duration":66.62575000000015,"failureMessages":[],"location":{"line":109,"column":2},"meta":{}},{"ancestorTitles":["useClientOrigins"],"fullName":"useClientOrigins should fetch client origins successfully (happy path)","status":"passed","title":"should fetch client origins successfully (happy path)","duration":56.70258299999932,"failureMessages":[],"location":{"line":135,"column":2},"meta":{}},{"ancestorTitles":["useClientOrigins"],"fullName":"useClientOrigins should handle API error","status":"passed","title":"should handle API error","duration":60.34099999999944,"failureMessages":[],"location":{"line":161,"column":2},"meta":{}},{"ancestorTitles":["useProductOriginMutations"],"fullName":"useProductOriginMutations should create product origin successfully","status":"passed","title":"should create product origin successfully","duration":6.269375000000764,"failureMessages":[],"location":{"line":185,"column":2},"meta":{}},{"ancestorTitles":["useProductOriginMutations"],"fullName":"useProductOriginMutations should handle create error","status":"passed","title":"should handle create error","duration":1.469625000000633,"failureMessages":[],"location":{"line":214,"column":2},"meta":{}},{"ancestorTitles":["useProductOriginMutations"],"fullName":"useProductOriginMutations should update product origin successfully","status":"passed","title":"should update product origin successfully","duration":2.0058749999998327,"failureMessages":[],"location":{"line":234,"column":2},"meta":{}},{"ancestorTitles":["useProductOriginMutations"],"fullName":"useProductOriginMutations should delete product origin successfully","status":"passed","title":"should delete product origin successfully","duration":7.559374999999818,"failureMessages":[],"location":{"line":260,"column":2},"meta":{}},{"ancestorTitles":["useClientOriginMutations"],"fullName":"useClientOriginMutations should create client origin successfully","status":"passed","title":"should create client origin successfully","duration":1.74737499999992,"failureMessages":[],"location":{"line":277,"column":2},"meta":{}},{"ancestorTitles":["useClientOriginMutations"],"fullName":"useClientOriginMutations should update client origin successfully","status":"passed","title":"should update client origin successfully","duration":0.9233750000003056,"failureMessages":[],"location":{"line":306,"column":2},"meta":{}},{"ancestorTitles":["useClientOriginMutations"],"fullName":"useClientOriginMutations should delete client origin successfully","status":"passed","title":"should delete client origin successfully","duration":1.9502919999995356,"failureMessages":[],"location":{"line":334,"column":2},"meta":{}}],"startTime":1778639161586,"endTime":1778639162015.9502,"status":"passed","message":"","name":"/Users/andres/Documents/financieramente/financieramente-app/src/features/admin/origins/hooks/__tests__/use-origins.test.ts"},{"assertionResults":[{"ancestorTitles":["filter.utils","buildUserFiltersParams"],"fullName":"filter.utils buildUserFiltersParams should return empty params for empty filters","status":"passed","title":"should return empty params for empty filters","duration":0.7605000000003201,"failureMessages":[],"location":{"line":16,"column":9},"meta":{}},{"ancestorTitles":["filter.utils","buildUserFiltersParams"],"fullName":"filter.utils buildUserFiltersParams should include search param","status":"passed","title":"should include search param","duration":0.226290999999037,"failureMessages":[],"location":{"line":21,"column":9},"meta":{}},{"ancestorTitles":["filter.utils","buildUserFiltersParams"],"fullName":"filter.utils buildUserFiltersParams should include status param","status":"passed","title":"should include status param","duration":0.10808299999916926,"failureMessages":[],"location":{"line":27,"column":9},"meta":{}},{"ancestorTitles":["filter.utils","buildUserFiltersParams"],"fullName":"filter.utils buildUserFiltersParams should include role param","status":"passed","title":"should include role param","duration":0.1074590000025637,"failureMessages":[],"location":{"line":33,"column":9},"meta":{}},{"ancestorTitles":["filter.utils","buildUserFiltersParams"],"fullName":"filter.utils buildUserFiltersParams should include all params when all filters are set","status":"passed","title":"should include all params when all filters are set","duration":0.14350000000194996,"failureMessages":[],"location":{"line":39,"column":9},"meta":{}},{"ancestorTitles":["filter.utils","hasActiveFilters"],"fullName":"filter.utils hasActiveFilters should return false for empty filters","status":"passed","title":"should return false for empty filters","duration":0.08620900000096299,"failureMessages":[],"location":{"line":53,"column":9},"meta":{}},{"ancestorTitles":["filter.utils","hasActiveFilters"],"fullName":"filter.utils hasActiveFilters should return true when search is set","status":"passed","title":"should return true when search is set","duration":0.06633299999884912,"failureMessages":[],"location":{"line":57,"column":9},"meta":{}},{"ancestorTitles":["filter.utils","hasActiveFilters"],"fullName":"filter.utils hasActiveFilters should return true when status is set","status":"passed","title":"should return true when status is set","duration":0.06279200000062701,"failureMessages":[],"location":{"line":61,"column":9},"meta":{}},{"ancestorTitles":["filter.utils","hasActiveFilters"],"fullName":"filter.utils hasActiveFilters should return true when role is set","status":"passed","title":"should return true when role is set","duration":0.06537500000194996,"failureMessages":[],"location":{"line":65,"column":9},"meta":{}},{"ancestorTitles":["filter.utils","hasActiveFilters"],"fullName":"filter.utils hasActiveFilters should return true when any filter is set","status":"passed","title":"should return true when any filter is set","duration":0.07400000000052387,"failureMessages":[],"location":{"line":69,"column":9},"meta":{}},{"ancestorTitles":["filter.utils","getFiltersDescription"],"fullName":"filter.utils getFiltersDescription should return empty string for no filters","status":"passed","title":"should return empty string for no filters","duration":0.08858300000065356,"failureMessages":[],"location":{"line":81,"column":9},"meta":{}},{"ancestorTitles":["filter.utils","getFiltersDescription"],"fullName":"filter.utils getFiltersDescription should include search in description","status":"passed","title":"should include search in description","duration":0.1025420000005397,"failureMessages":[],"location":{"line":86,"column":9},"meta":{}},{"ancestorTitles":["filter.utils","getFiltersDescription"],"fullName":"filter.utils getFiltersDescription should include active status in description","status":"passed","title":"should include active status in description","duration":0.05570900000020629,"failureMessages":[],"location":{"line":92,"column":9},"meta":{}},{"ancestorTitles":["filter.utils","getFiltersDescription"],"fullName":"filter.utils getFiltersDescription should include inactive status in description","status":"passed","title":"should include inactive status in description","duration":0.053917000001092674,"failureMessages":[],"location":{"line":98,"column":9},"meta":{}},{"ancestorTitles":["filter.utils","getFiltersDescription"],"fullName":"filter.utils getFiltersDescription should include role name in description","status":"passed","title":"should include role name in description","duration":0.05866599999717437,"failureMessages":[],"location":{"line":104,"column":9},"meta":{}},{"ancestorTitles":["filter.utils","getFiltersDescription"],"fullName":"filter.utils getFiltersDescription should combine multiple filters with bullet separator","status":"passed","title":"should combine multiple filters with bullet separator","duration":0.10066699999879347,"failureMessages":[],"location":{"line":110,"column":9},"meta":{}},{"ancestorTitles":["filter.utils","getFiltersDescription"],"fullName":"filter.utils getFiltersDescription should handle role not found","status":"passed","title":"should handle role not found","duration":0.06116699999984121,"failureMessages":[],"location":{"line":123,"column":9},"meta":{}}],"startTime":1778639184760,"endTime":1778639184763.0613,"status":"passed","message":"","name":"/Users/andres/Documents/financieramente/financieramente-app/src/features/admin/users/utils/__tests__/filter.utils.test.ts"},{"assertionResults":[{"ancestorTitles":["user-access.utils","hasNoRole"],"fullName":"user-access.utils hasNoRole should return true when user has no role","status":"passed","title":"should return true when user has no role","duration":0.9037920000009763,"failureMessages":[],"location":{"line":52,"column":9},"meta":{}},{"ancestorTitles":["user-access.utils","hasNoRole"],"fullName":"user-access.utils hasNoRole should return false when user has a role","status":"passed","title":"should return false when user has a role","duration":0.11479099999996834,"failureMessages":[],"location":{"line":56,"column":9},"meta":{}},{"ancestorTitles":["user-access.utils","hasNoRole"],"fullName":"user-access.utils hasNoRole should return true when user is null","status":"passed","title":"should return true when user is null","duration":0.08637499999895226,"failureMessages":[],"location":{"line":60,"column":9},"meta":{}},{"ancestorTitles":["user-access.utils","hasNoRole"],"fullName":"user-access.utils hasNoRole should return true when user is undefined","status":"passed","title":"should return true when user is undefined","duration":0.07400000000052387,"failureMessages":[],"location":{"line":64,"column":9},"meta":{}},{"ancestorTitles":["user-access.utils","hasDefaultRole"],"fullName":"user-access.utils hasDefaultRole should return true when user has DEFAULT role","status":"passed","title":"should return true when user has DEFAULT role","duration":0.08979199999885168,"failureMessages":[],"location":{"line":70,"column":9},"meta":{}},{"ancestorTitles":["user-access.utils","hasDefaultRole"],"fullName":"user-access.utils hasDefaultRole should return false when user has non-DEFAULT role","status":"passed","title":"should return false when user has non-DEFAULT role","duration":0.07258299999739393,"failureMessages":[],"location":{"line":74,"column":9},"meta":{}},{"ancestorTitles":["user-access.utils","hasDefaultRole"],"fullName":"user-access.utils hasDefaultRole should return false when user has no role","status":"passed","title":"should return false when user has no role","duration":0.06233300000167219,"failureMessages":[],"location":{"line":78,"column":9},"meta":{}},{"ancestorTitles":["user-access.utils","hasDefaultRole"],"fullName":"user-access.utils hasDefaultRole should return false when user is null","status":"passed","title":"should return false when user is null","duration":0.056375000000116415,"failureMessages":[],"location":{"line":82,"column":9},"meta":{}},{"ancestorTitles":["user-access.utils","isInactive"],"fullName":"user-access.utils isInactive should return true when user is inactive","status":"passed","title":"should return true when user is inactive","duration":0.07520900000235997,"failureMessages":[],"location":{"line":88,"column":9},"meta":{}},{"ancestorTitles":["user-access.utils","isInactive"],"fullName":"user-access.utils isInactive should return false when user is active","status":"passed","title":"should return false when user is active","duration":0.07991699999911361,"failureMessages":[],"location":{"line":92,"column":9},"meta":{}},{"ancestorTitles":["user-access.utils","isInactive"],"fullName":"user-access.utils isInactive should return false when user is null","status":"passed","title":"should return false when user is null","duration":0.06037500000093132,"failureMessages":[],"location":{"line":96,"column":9},"meta":{}},{"ancestorTitles":["user-access.utils","hasAccessIssue"],"fullName":"user-access.utils hasAccessIssue should return false for active user with valid role","status":"passed","title":"should return false for active user with valid role","duration":0.06829199999992852,"failureMessages":[],"location":{"line":102,"column":9},"meta":{}},{"ancestorTitles":["user-access.utils","hasAccessIssue"],"fullName":"user-access.utils hasAccessIssue should return true for inactive user","status":"passed","title":"should return true for inactive user","duration":0.053166999998211395,"failureMessages":[],"location":{"line":106,"column":9},"meta":{}},{"ancestorTitles":["user-access.utils","hasAccessIssue"],"fullName":"user-access.utils hasAccessIssue should return true for user without role","status":"passed","title":"should return true for user without role","duration":0.049250000000029104,"failureMessages":[],"location":{"line":110,"column":9},"meta":{}},{"ancestorTitles":["user-access.utils","hasAccessIssue"],"fullName":"user-access.utils hasAccessIssue should return true for user with DEFAULT role","status":"passed","title":"should return true for user with DEFAULT role","duration":0.04824999999982538,"failureMessages":[],"location":{"line":114,"column":9},"meta":{}},{"ancestorTitles":["user-access.utils","hasAccessIssue"],"fullName":"user-access.utils hasAccessIssue should return true when user is null","status":"passed","title":"should return true when user is null","duration":0.04754200000024866,"failureMessages":[],"location":{"line":118,"column":9},"meta":{}},{"ancestorTitles":["user-access.utils","getAccessIssues"],"fullName":"user-access.utils getAccessIssues should return empty array for user with no issues","status":"passed","title":"should return empty array for user with no issues","duration":0.31604199999856064,"failureMessages":[],"location":{"line":124,"column":9},"meta":{}},{"ancestorTitles":["user-access.utils","getAccessIssues"],"fullName":"user-access.utils getAccessIssues should return inactive issue","status":"passed","title":"should return inactive issue","duration":0.5304169999981241,"failureMessages":[],"location":{"line":129,"column":9},"meta":{}},{"ancestorTitles":["user-access.utils","getAccessIssues"],"fullName":"user-access.utils getAccessIssues should return no role issue","status":"passed","title":"should return no role issue","duration":0.13704199999847333,"failureMessages":[],"location":{"line":135,"column":9},"meta":{}},{"ancestorTitles":["user-access.utils","getAccessIssues"],"fullName":"user-access.utils getAccessIssues should return DEFAULT role issue","status":"passed","title":"should return DEFAULT role issue","duration":0.11887500000011642,"failureMessages":[],"location":{"line":141,"column":9},"meta":{}},{"ancestorTitles":["user-access.utils","getAccessIssues"],"fullName":"user-access.utils getAccessIssues should return multiple issues","status":"passed","title":"should return multiple issues","duration":0.09341700000004494,"failureMessages":[],"location":{"line":147,"column":9},"meta":{}},{"ancestorTitles":["user-access.utils","isDefaultRole"],"fullName":"user-access.utils isDefaultRole should return true for DEFAULT role code","status":"passed","title":"should return true for DEFAULT role code","duration":0.05608399999982794,"failureMessages":[],"location":{"line":158,"column":9},"meta":{}},{"ancestorTitles":["user-access.utils","isDefaultRole"],"fullName":"user-access.utils isDefaultRole should return false for non-DEFAULT role code","status":"passed","title":"should return false for non-DEFAULT role code","duration":0.04912500000136788,"failureMessages":[],"location":{"line":162,"column":9},"meta":{}},{"ancestorTitles":["user-access.utils","isDefaultRole"],"fullName":"user-access.utils isDefaultRole should return false for null","status":"passed","title":"should return false for null","duration":0.04420800000298186,"failureMessages":[],"location":{"line":166,"column":9},"meta":{}},{"ancestorTitles":["user-access.utils","isDefaultRole"],"fullName":"user-access.utils isDefaultRole should return false for undefined","status":"passed","title":"should return false for undefined","duration":0.044667000001936685,"failureMessages":[],"location":{"line":170,"column":9},"meta":{}}],"startTime":1778639182424,"endTime":1778639182428.0447,"status":"passed","message":"","name":"/Users/andres/Documents/financieramente/financieramente-app/src/features/admin/users/utils/__tests__/user-access.utils.test.ts"},{"assertionResults":[{"ancestorTitles":["updateUserSchema","levelId field"],"fullName":"updateUserSchema levelId field should accept a valid levelId","status":"passed","title":"should accept a valid levelId","duration":3.5602079999989655,"failureMessages":[],"location":{"line":8,"column":3},"meta":{}},{"ancestorTitles":["updateUserSchema","levelId field"],"fullName":"updateUserSchema levelId field should accept null levelId","status":"passed","title":"should accept null levelId","duration":0.6052080000008573,"failureMessages":[],"location":{"line":14,"column":3},"meta":{}},{"ancestorTitles":["updateUserSchema","levelId field"],"fullName":"updateUserSchema levelId field should accept undefined levelId (omitted)","status":"passed","title":"should accept undefined levelId (omitted)","duration":0.46837500000037835,"failureMessages":[],"location":{"line":20,"column":3},"meta":{}},{"ancestorTitles":["updateUserSchema","levelId field"],"fullName":"updateUserSchema levelId field should reject non-integer levelId","status":"passed","title":"should reject non-integer levelId","duration":0.6905839999999444,"failureMessages":[],"location":{"line":26,"column":3},"meta":{}},{"ancestorTitles":["updateUserSchema","levelId field"],"fullName":"updateUserSchema levelId field should reject non-positive levelId","status":"passed","title":"should reject non-positive levelId","duration":0.5653339999989839,"failureMessages":[],"location":{"line":32,"column":3},"meta":{}},{"ancestorTitles":["updateUserSchema","categoryId field"],"fullName":"updateUserSchema categoryId field should accept a valid categoryId","status":"passed","title":"should accept a valid categoryId","duration":0.3921669999981532,"failureMessages":[],"location":{"line":40,"column":3},"meta":{}},{"ancestorTitles":["updateUserSchema","categoryId field"],"fullName":"updateUserSchema categoryId field should accept null categoryId for non-AGENTE role","status":"passed","title":"should accept null categoryId for non-AGENTE role","duration":0.38012499999967986,"failureMessages":[],"location":{"line":46,"column":3},"meta":{}},{"ancestorTitles":["updateUserSchema","categoryId field"],"fullName":"updateUserSchema categoryId field should reject null categoryId when role is AGENTE","status":"passed","title":"should reject null categoryId when role is AGENTE","duration":0.43091700000150013,"failureMessages":[],"location":{"line":52,"column":3},"meta":{}},{"ancestorTitles":["updateUserSchema","leaderId field"],"fullName":"updateUserSchema leaderId field should accept a valid leaderId","status":"passed","title":"should accept a valid leaderId","duration":0.38329199999861885,"failureMessages":[],"location":{"line":60,"column":3},"meta":{}},{"ancestorTitles":["updateUserSchema","leaderId field"],"fullName":"updateUserSchema leaderId field should reject leaderId equal to userId (self-leader)","status":"passed","title":"should reject leaderId equal to userId (self-leader)","duration":0.39487500000177533,"failureMessages":[],"location":{"line":66,"column":3},"meta":{}},{"ancestorTitles":["updateUserSchema","leaderId field"],"fullName":"updateUserSchema leaderId field should accept null leaderId","status":"passed","title":"should accept null leaderId","duration":0.3617500000000291,"failureMessages":[],"location":{"line":72,"column":3},"meta":{}},{"ancestorTitles":["updateUserSchema","combined fields"],"fullName":"updateUserSchema combined fields should accept all valid fields together","status":"passed","title":"should accept all valid fields together","duration":0.3528330000008282,"failureMessages":[],"location":{"line":80,"column":3},"meta":{}}],"startTime":1778639174633,"endTime":1778639174641.3618,"status":"passed","message":"","name":"/Users/andres/Documents/financieramente/financieramente-app/src/features/admin/users/lib/__tests__/user-schemas.test.ts"},{"assertionResults":[{"ancestorTitles":["useDebounce"],"fullName":"useDebounce should return initial value immediately","status":"passed","title":"should return initial value immediately","duration":7.84929099999863,"failureMessages":[],"location":{"line":14,"column":5},"meta":{}},{"ancestorTitles":["useDebounce"],"fullName":"useDebounce should debounce value changes","status":"passed","title":"should debounce value changes","duration":1.8864170000015292,"failureMessages":[],"location":{"line":19,"column":5},"meta":{}},{"ancestorTitles":["useDebounce"],"fullName":"useDebounce should cancel previous timeout on rapid changes","status":"passed","title":"should cancel previous timeout on rapid changes","duration":1.359707999999955,"failureMessages":[],"location":{"line":46,"column":5},"meta":{}},{"ancestorTitles":["useDebounce"],"fullName":"useDebounce should use custom delay","status":"passed","title":"should use custom delay","duration":0.9085410000006959,"failureMessages":[],"location":{"line":78,"column":5},"meta":{}},{"ancestorTitles":["useDebounce"],"fullName":"useDebounce should handle different types","status":"passed","title":"should handle different types","duration":0.8186669999995502,"failureMessages":[],"location":{"line":104,"column":5},"meta":{}}],"startTime":1778639175499,"endTime":1778639175511.8186,"status":"passed","message":"","name":"/Users/andres/Documents/financieramente/financieramente-app/src/features/admin/users/hooks/__tests__/use-debounce.test.ts"},{"assertionResults":[{"ancestorTitles":["AnnualFundingModal"],"fullName":"AnnualFundingModal title includes contract when contractLabel is set","status":"passed","title":"title includes contract when contractLabel is set","duration":70.44658300000083,"failureMessages":[],"location":{"line":21,"column":2},"meta":{}},{"ancestorTitles":["AnnualFundingModal"],"fullName":"AnnualFundingModal title falls back to Negocio #id when contract is empty","status":"passed","title":"title falls back to Negocio #id when contract is empty","duration":12.382125000000087,"failureMessages":[],"location":{"line":33,"column":2},"meta":{}},{"ancestorTitles":["AnnualFundingModal"],"fullName":"AnnualFundingModal renders pending row with checkbox and label","status":"passed","title":"renders pending row with checkbox and label","duration":12.50354100000186,"failureMessages":[],"location":{"line":49,"column":2},"meta":{}},{"ancestorTitles":["AnnualFundingModal"],"fullName":"AnnualFundingModal renders funded row without checkbox and shows dateAnchored","status":"passed","title":"renders funded row without checkbox and shows dateAnchored","duration":8.40625,"failureMessages":[],"location":{"line":56,"column":2},"meta":{}},{"ancestorTitles":["AnnualFundingModal"],"fullName":"AnnualFundingModal shows empty state when installments is empty","status":"passed","title":"shows empty state when installments is empty","duration":7.720416000000114,"failureMessages":[],"location":{"line":70,"column":2},"meta":{}}],"startTime":1778639170859,"endTime":1778639170970.7205,"status":"passed","message":"","name":"/Users/andres/Documents/financieramente/financieramente-app/src/features/negocios/components/modals/__tests__/annual-funding-modal.test.tsx"},{"assertionResults":[{"ancestorTitles":["DataTable"],"fullName":"DataTable debe renderizar correctamente los datos","status":"passed","title":"debe renderizar correctamente los datos","duration":69.46612500000083,"failureMessages":[],"location":{"line":39,"column":2},"meta":{}},{"ancestorTitles":["DataTable"],"fullName":"DataTable debe mostrar mensaje de vacío cuando no hay datos","status":"passed","title":"debe mostrar mensaje de vacío cuando no hay datos","duration":16.735999999998967,"failureMessages":[],"location":{"line":47,"column":2},"meta":{}},{"ancestorTitles":["DataTable"],"fullName":"DataTable debe mostrar skeletons cuando está cargando","status":"passed","title":"debe mostrar skeletons cuando está cargando","duration":47.219084000000294,"failureMessages":[],"location":{"line":53,"column":2},"meta":{}},{"ancestorTitles":["DataTable"],"fullName":"DataTable debe filtrar los datos mediante la búsqueda global","status":"passed","title":"debe filtrar los datos mediante la búsqueda global","duration":36.316499999998996,"failureMessages":[],"location":{"line":63,"column":2},"meta":{}},{"ancestorTitles":["DataTable"],"fullName":"DataTable debe manejar la selección de filas si selectable es true","status":"passed","title":"debe manejar la selección de filas si selectable es true","duration":49.65020799999911,"failureMessages":[],"location":{"line":82,"column":2},"meta":{}},{"ancestorTitles":["DataTable"],"fullName":"DataTable debe disparar onRowClick cuando se hace click en una fila","status":"passed","title":"debe disparar onRowClick cuando se hace click en una fila","duration":17.543125000000146,"failureMessages":[],"location":{"line":93,"column":2},"meta":{}}],"startTime":1778639165036,"endTime":1778639165272.5432,"status":"passed","message":"","name":"/Users/andres/Documents/financieramente/financieramente-app/src/features/shared/ui/DataTable/__tests__/DataTable.test.tsx"},{"assertionResults":[{"ancestorTitles":["BusinessStatusBadge","LIQUIDADO status"],"fullName":"BusinessStatusBadge LIQUIDADO status renders the label \"Liquidado\" for LIQUIDADO status","status":"passed","title":"renders the label \"Liquidado\" for LIQUIDADO status","duration":16.251625000000786,"failureMessages":[],"location":{"line":7,"column":3},"meta":{}},{"ancestorTitles":["BusinessStatusBadge","LIQUIDADO status"],"fullName":"BusinessStatusBadge LIQUIDADO status applies green color classes for LIQUIDADO badge","status":"passed","title":"applies green color classes for LIQUIDADO badge","duration":1.5999169999995502,"failureMessages":[],"location":{"line":12,"column":3},"meta":{}},{"ancestorTitles":["BusinessStatusBadge","FONDEADO status"],"fullName":"BusinessStatusBadge FONDEADO status renders the label \"Fondeado\" for FONDEADO status","status":"passed","title":"renders the label \"Fondeado\" for FONDEADO status","duration":1.4223329999986163,"failureMessages":[],"location":{"line":22,"column":3},"meta":{}},{"ancestorTitles":["BusinessStatusBadge","FONDEADO status"],"fullName":"BusinessStatusBadge FONDEADO status applies indigo color classes for FONDEADO badge","status":"passed","title":"applies indigo color classes for FONDEADO badge","duration":1.2256249999991269,"failureMessages":[],"location":{"line":27,"column":3},"meta":{}},{"ancestorTitles":["BusinessStatusBadge","existing statuses remain unaffected"],"fullName":"BusinessStatusBadge existing statuses remain unaffected renders \"Venta Efectuada\" for VENTA_EFECTUADA","status":"passed","title":"renders \"Venta Efectuada\" for VENTA_EFECTUADA","duration":1.1920830000017304,"failureMessages":[],"location":{"line":36,"column":3},"meta":{}},{"ancestorTitles":["BusinessStatusBadge","existing statuses remain unaffected"],"fullName":"BusinessStatusBadge existing statuses remain unaffected renders \"Emitido\" for EMITIDO","status":"passed","title":"renders \"Emitido\" for EMITIDO","duration":0.8742499999971187,"failureMessages":[],"location":{"line":41,"column":3},"meta":{}},{"ancestorTitles":["BusinessStatusBadge","existing statuses remain unaffected"],"fullName":"BusinessStatusBadge existing statuses remain unaffected renders \"Cancelado\" for CANCELADO","status":"passed","title":"renders \"Cancelado\" for CANCELADO","duration":0.7430829999975685,"failureMessages":[],"location":{"line":46,"column":3},"meta":{}},{"ancestorTitles":["BusinessStatusBadge","legacy and unknown statuses"],"fullName":"BusinessStatusBadge legacy and unknown statuses shows legacy COMISIONANDO as fallback text when received at runtime","status":"passed","title":"shows legacy COMISIONANDO as fallback text when received at runtime","duration":0.6813340000007884,"failureMessages":[],"location":{"line":53,"column":3},"meta":{}}],"startTime":1778639172761,"endTime":1778639172784.7432,"status":"passed","message":"","name":"/Users/andres/Documents/financieramente/financieramente-app/src/features/negocios/__tests__/components/ui/BusinessStatusBadge.test.tsx"},{"assertionResults":[{"ancestorTitles":["GET /api/negocios/[id]/annual-payments"],"fullName":"GET /api/negocios/[id]/annual-payments retorna cuotas ordenadas por installmentIndex","status":"passed","title":"retorna cuotas ordenadas por installmentIndex","duration":1.837916000000405,"failureMessages":[],"location":{"line":73,"column":2},"meta":{}},{"ancestorTitles":["GET /api/negocios/[id]/annual-payments"],"fullName":"GET /api/negocios/[id]/annual-payments AGENTE no ve negocio ajeno (404)","status":"passed","title":"AGENTE no ve negocio ajeno (404)","duration":0.4413329999988491,"failureMessages":[],"location":{"line":110,"column":2},"meta":{}}],"startTime":1778639184874,"endTime":1778639184876.4414,"status":"passed","message":"","name":"/Users/andres/Documents/financieramente/financieramente-app/src/app/api/negocios/[id]/annual-payments/__tests__/route.test.ts"},{"assertionResults":[{"ancestorTitles":["POST /api/negocios/[id]/fondear-anualidades"],"fullName":"POST /api/negocios/[id]/fondear-anualidades 401 sin sesión","status":"passed","title":"401 sin sesión","duration":1.9923340000023018,"failureMessages":[],"location":{"line":92,"column":2},"meta":{}},{"ancestorTitles":["POST /api/negocios/[id]/fondear-anualidades"],"fullName":"POST /api/negocios/[id]/fondear-anualidades 400 cuando no hay cuotas pendientes entre los índices","status":"passed","title":"400 cuando no hay cuotas pendientes entre los índices","duration":1.7059169999993173,"failureMessages":[],"location":{"line":114,"column":2},"meta":{}},{"ancestorTitles":["POST /api/negocios/[id]/fondear-anualidades"],"fullName":"POST /api/negocios/[id]/fondear-anualidades 200 EMITIDO — transición y auditoría","status":"passed","title":"200 EMITIDO — transición y auditoría","duration":2.1575420000008307,"failureMessages":[],"location":{"line":158,"column":2},"meta":{}},{"ancestorTitles":["POST /api/negocios/[id]/fondear-anualidades"],"fullName":"POST /api/negocios/[id]/fondear-anualidades 200 FONDEADO padre — actualiza cuotas y dateAnchored del padre","status":"passed","title":"200 FONDEADO padre — actualiza cuotas y dateAnchored del padre","duration":1.1070419999996375,"failureMessages":[],"location":{"line":227,"column":2},"meta":{}},{"ancestorTitles":["POST /api/negocios/[id]/fondear-anualidades"],"fullName":"POST /api/negocios/[id]/fondear-anualidades 400 cuando los índices no tienen cuota SIN_FONDEAR (ya FONDEADAS)","status":"passed","title":"400 cuando los índices no tienen cuota SIN_FONDEAR (ya FONDEADAS)","duration":0.5989159999990079,"failureMessages":[],"location":{"line":307,"column":2},"meta":{}}],"startTime":1778639178275,"endTime":1778639178282.5989,"status":"passed","message":"","name":"/Users/andres/Documents/financieramente/financieramente-app/src/app/api/negocios/[id]/fondear-anualidades/__tests__/route.test.ts"},{"assertionResults":[{"ancestorTitles":["POST /api/negocios/[id]/fondear","Happy Path"],"fullName":"POST /api/negocios/[id]/fondear Happy Path debe fondear un negocio EMITIDO sin anualidades y retornar 200 con status FONDEADO y dateAnchored","status":"passed","title":"debe fondear un negocio EMITIDO sin anualidades y retornar 200 con status FONDEADO y dateAnchored","duration":3.539959000001545,"failureMessages":[],"location":{"line":94,"column":3},"meta":{}},{"ancestorTitles":["POST /api/negocios/[id]/fondear","Status Guard"],"fullName":"POST /api/negocios/[id]/fondear Status Guard debe retornar 400 cuando el negocio está en estado VENTA_EFECTUADA","status":"passed","title":"debe retornar 400 cuando el negocio está en estado VENTA_EFECTUADA","duration":0.7217500000006112,"failureMessages":[],"location":{"line":155,"column":3},"meta":{}},{"ancestorTitles":["POST /api/negocios/[id]/fondear","Status Guard"],"fullName":"POST /api/negocios/[id]/fondear Status Guard debe retornar 400 cuando el negocio ya está en estado FONDEADO","status":"passed","title":"debe retornar 400 cuando el negocio ya está en estado FONDEADO","duration":0.4792079999970156,"failureMessages":[],"location":{"line":184,"column":3},"meta":{}},{"ancestorTitles":["POST /api/negocios/[id]/fondear","AnnualPayments Guard"],"fullName":"POST /api/negocios/[id]/fondear AnnualPayments Guard debe retornar 400 cuando el negocio EMITIDO tiene annualPayments > 0","status":"passed","title":"debe retornar 400 cuando el negocio EMITIDO tiene annualPayments > 0","duration":0.40962500000023283,"failureMessages":[],"location":{"line":216,"column":3},"meta":{}},{"ancestorTitles":["POST /api/negocios/[id]/fondear","Role Guard"],"fullName":"POST /api/negocios/[id]/fondear Role Guard debe retornar 403 cuando el usuario tiene rol ANALISTA_SOPORTE","status":"passed","title":"debe retornar 403 cuando el usuario tiene rol ANALISTA_SOPORTE","duration":0.39900000000125146,"failureMessages":[],"location":{"line":248,"column":3},"meta":{}},{"ancestorTitles":["POST /api/negocios/[id]/fondear","Role Guard"],"fullName":"POST /api/negocios/[id]/fondear Role Guard debe retornar 401 cuando no hay sesión","status":"passed","title":"debe retornar 401 cuando no hay sesión","duration":0.5135420000005979,"failureMessages":[],"location":{"line":273,"column":3},"meta":{}},{"ancestorTitles":["POST /api/negocios/[id]/fondear","Role Guard"],"fullName":"POST /api/negocios/[id]/fondear Role Guard debe retornar 404 cuando el usuario no existe","status":"passed","title":"debe retornar 404 cuando el usuario no existe","duration":0.358790999998746,"failureMessages":[],"location":{"line":289,"column":3},"meta":{}},{"ancestorTitles":["POST /api/negocios/[id]/fondear","Role Guard"],"fullName":"POST /api/negocios/[id]/fondear Role Guard debe retornar 404 cuando el negocio no existe","status":"passed","title":"debe retornar 404 cuando el negocio no existe","duration":0.35666700000001583,"failureMessages":[],"location":{"line":311,"column":3},"meta":{}},{"ancestorTitles":["POST /api/negocios/[id]/fondear","Role Guard"],"fullName":"POST /api/negocios/[id]/fondear Role Guard debe retornar 400 cuando el id no es un número válido","status":"passed","title":"debe retornar 400 cuando el id no es un número válido","duration":0.3440410000002885,"failureMessages":[],"location":{"line":335,"column":3},"meta":{}}],"startTime":1778639177380,"endTime":1778639177387.344,"status":"passed","message":"","name":"/Users/andres/Documents/financieramente/financieramente-app/src/app/api/negocios/[id]/fondear/__tests__/route.test.ts"},{"assertionResults":[{"ancestorTitles":["POST /api/negocios/[id]/fondear-aportes"],"fullName":"POST /api/negocios/[id]/fondear-aportes 401 sin sesión","status":"passed","title":"401 sin sesión","duration":2.2025419999990845,"failureMessages":[],"location":{"line":77,"column":2},"meta":{}},{"ancestorTitles":["POST /api/negocios/[id]/fondear-aportes"],"fullName":"POST /api/negocios/[id]/fondear-aportes 403 AGENTE no puede fondear","status":"passed","title":"403 AGENTE no puede fondear","duration":1.849207999999635,"failureMessages":[],"location":{"line":87,"column":2},"meta":{}},{"ancestorTitles":["POST /api/negocios/[id]/fondear-aportes"],"fullName":"POST /api/negocios/[id]/fondear-aportes 400 negocio sin aportes → fondeo directo","status":"passed","title":"400 negocio sin aportes → fondeo directo","duration":0.5544589999990421,"failureMessages":[],"location":{"line":102,"column":2},"meta":{}},{"ancestorTitles":["POST /api/negocios/[id]/fondear-aportes"],"fullName":"POST /api/negocios/[id]/fondear-aportes 200 EMITIDO → FONDEADO: persiste expectedDate y emite audit","status":"passed","title":"200 EMITIDO → FONDEADO: persiste expectedDate y emite audit","duration":2.71074999999837,"failureMessages":[],"location":{"line":124,"column":2},"meta":{}},{"ancestorTitles":["POST /api/negocios/[id]/fondear-aportes"],"fullName":"POST /api/negocios/[id]/fondear-aportes 400 sin cuotas pendientes entre los índices","status":"passed","title":"400 sin cuotas pendientes entre los índices","duration":0.7342500000013388,"failureMessages":[],"location":{"line":176,"column":2},"meta":{}}],"startTime":1778639177385,"endTime":1778639177392.7341,"status":"passed","message":"","name":"/Users/andres/Documents/financieramente/financieramente-app/src/app/api/negocios/[id]/fondear-aportes/__tests__/route.test.ts"},{"assertionResults":[{"ancestorTitles":["GET /api/pre-liquidacion/distribucion/[settlementCommissionId]"],"fullName":"GET /api/pre-liquidacion/distribucion/[settlementCommissionId] returns 401 when session is null (unauthenticated)","status":"passed","title":"returns 401 when session is null (unauthenticated)","duration":1.381333999997878,"failureMessages":[],"location":{"line":62,"column":2},"meta":{}},{"ancestorTitles":["GET /api/pre-liquidacion/distribucion/[settlementCommissionId]"],"fullName":"GET /api/pre-liquidacion/distribucion/[settlementCommissionId] returns 403 when role is not in allowed list (AGENTE)","status":"passed","title":"returns 403 when role is not in allowed list (AGENTE)","duration":0.49058399999921676,"failureMessages":[],"location":{"line":77,"column":2},"meta":{}},{"ancestorTitles":["GET /api/pre-liquidacion/distribucion/[settlementCommissionId]"],"fullName":"GET /api/pre-liquidacion/distribucion/[settlementCommissionId] returns 403 when role is DEFAULT","status":"passed","title":"returns 403 when role is DEFAULT","duration":0.3550409999988915,"failureMessages":[],"location":{"line":94,"column":2},"meta":{}},{"ancestorTitles":["GET /api/pre-liquidacion/distribucion/[settlementCommissionId]"],"fullName":"GET /api/pre-liquidacion/distribucion/[settlementCommissionId] returns 400 when settlementCommissionId is non-numeric","status":"passed","title":"returns 400 when settlementCommissionId is non-numeric","duration":0.3692080000000715,"failureMessages":[],"location":{"line":108,"column":2},"meta":{}},{"ancestorTitles":["GET /api/pre-liquidacion/distribucion/[settlementCommissionId]"],"fullName":"GET /api/pre-liquidacion/distribucion/[settlementCommissionId] returns 400 when settlementCommissionId is 0","status":"passed","title":"returns 400 when settlementCommissionId is 0","duration":0.3200830000023416,"failureMessages":[],"location":{"line":125,"column":2},"meta":{}},{"ancestorTitles":["GET /api/pre-liquidacion/distribucion/[settlementCommissionId]"],"fullName":"GET /api/pre-liquidacion/distribucion/[settlementCommissionId] returns 404 when service returns null","status":"passed","title":"returns 404 when service returns null","duration":0.33849999999802094,"failureMessages":[],"location":{"line":139,"column":2},"meta":{}},{"ancestorTitles":["GET /api/pre-liquidacion/distribucion/[settlementCommissionId]"],"fullName":"GET /api/pre-liquidacion/distribucion/[settlementCommissionId] returns 200 with correctly shaped ApiResponse for ADMIN role","status":"passed","title":"returns 200 with correctly shaped ApiResponse for ADMIN role","duration":0.9654159999990952,"failureMessages":[],"location":{"line":156,"column":2},"meta":{}},{"ancestorTitles":["GET /api/pre-liquidacion/distribucion/[settlementCommissionId]"],"fullName":"GET /api/pre-liquidacion/distribucion/[settlementCommissionId] returns 200 for ASISTENTE_GERENCIA_OPERATIVA role","status":"passed","title":"returns 200 for ASISTENTE_GERENCIA_OPERATIVA role","duration":0.2605829999993148,"failureMessages":[],"location":{"line":181,"column":2},"meta":{}},{"ancestorTitles":["GET /api/pre-liquidacion/distribucion/[settlementCommissionId]"],"fullName":"GET /api/pre-liquidacion/distribucion/[settlementCommissionId] returns 200 for ANALISTA_SOPORTE role","status":"passed","title":"returns 200 for ANALISTA_SOPORTE role","duration":0.3046250000006694,"failureMessages":[],"location":{"line":196,"column":2},"meta":{}},{"ancestorTitles":["GET /api/pre-liquidacion/distribucion/[settlementCommissionId]"],"fullName":"GET /api/pre-liquidacion/distribucion/[settlementCommissionId] calls the service with the parsed integer id","status":"passed","title":"calls the service with the parsed integer id","duration":0.26679199999853154,"failureMessages":[],"location":{"line":211,"column":2},"meta":{}}],"startTime":1778639180186,"endTime":1778639180191.3047,"status":"passed","message":"","name":"/Users/andres/Documents/financieramente/financieramente-app/src/app/api/pre-liquidacion/distribucion/[settlementCommissionId]/__tests__/route.test.ts"},{"assertionResults":[{"ancestorTitles":["POST /api/product-configurations/[id]/distribution-commission"],"fullName":"POST /api/product-configurations/[id]/distribution-commission crea regla exitosamente y dispara audit DISTRIBUTION_COMMISSION_CREATED","status":"passed","title":"crea regla exitosamente y dispara audit DISTRIBUTION_COMMISSION_CREATED","duration":3.597042000001238,"failureMessages":[],"location":{"line":82,"column":2},"meta":{}},{"ancestorTitles":["POST /api/product-configurations/[id]/distribution-commission"],"fullName":"POST /api/product-configurations/[id]/distribution-commission retorna 400 si ya existe una distribución activa","status":"passed","title":"retorna 400 si ya existe una distribución activa","duration":0.6177090000019234,"failureMessages":[],"location":{"line":106,"column":2},"meta":{}},{"ancestorTitles":["POST /api/product-configurations/[id]/distribution-commission"],"fullName":"POST /api/product-configurations/[id]/distribution-commission sin sesión el handler sigue operando (sin guard de auth explícito)","status":"passed","title":"sin sesión el handler sigue operando (sin guard de auth explícito)","duration":0.4851250000028813,"failureMessages":[],"location":{"line":126,"column":2},"meta":{}}],"startTime":1778639181268,"endTime":1778639181272.485,"status":"passed","message":"","name":"/Users/andres/Documents/financieramente/financieramente-app/src/app/api/product-configurations/[id]/distribution-commission/__tests__/route.post.test.ts"},{"assertionResults":[{"ancestorTitles":["GET /api/pre-liquidacion/registros/[fileId]"],"fullName":"GET /api/pre-liquidacion/registros/[fileId] returns 401 when unauthenticated","status":"passed","title":"returns 401 when unauthenticated","duration":1.3654999999998836,"failureMessages":[],"location":{"line":24,"column":2},"meta":{}},{"ancestorTitles":["GET /api/pre-liquidacion/registros/[fileId]"],"fullName":"GET /api/pre-liquidacion/registros/[fileId] returns 403 for unauthorized role","status":"passed","title":"returns 403 for unauthorized role","duration":0.43716700000004494,"failureMessages":[],"location":{"line":35,"column":2},"meta":{}},{"ancestorTitles":["GET /api/pre-liquidacion/registros/[fileId]"],"fullName":"GET /api/pre-liquidacion/registros/[fileId] returns 200 with correct shape for allowed role (ANALISTA_SOPORTE)","status":"passed","title":"returns 200 with correct shape for allowed role (ANALISTA_SOPORTE)","duration":0.939250000003085,"failureMessages":[],"location":{"line":48,"column":2},"meta":{}},{"ancestorTitles":["GET /api/pre-liquidacion/registros/[fileId]"],"fullName":"GET /api/pre-liquidacion/registros/[fileId] returns 404 when file does not exist","status":"passed","title":"returns 404 when file does not exist","duration":0.3577500000028522,"failureMessages":[],"location":{"line":99,"column":2},"meta":{}},{"ancestorTitles":["GET /api/pre-liquidacion/registros/[fileId]"],"fullName":"GET /api/pre-liquidacion/registros/[fileId] returns 400 when fileId is invalid","status":"passed","title":"returns 400 when fileId is invalid","duration":0.2992919999996957,"failureMessages":[],"location":{"line":113,"column":2},"meta":{}}],"startTime":1778639180610,"endTime":1778639180613.3577,"status":"passed","message":"","name":"/Users/andres/Documents/financieramente/financieramente-app/src/app/api/pre-liquidacion/registros/[fileId]/__tests__/route.test.ts"},{"assertionResults":[{"ancestorTitles":["GET /api/product-configurations/[id]/ppcs"],"fullName":"GET /api/product-configurations/[id]/ppcs should return available PPC options for a given product configuration","status":"passed","title":"should return available PPC options for a given product configuration","duration":2.482458000002225,"failureMessages":[],"location":{"line":33,"column":2},"meta":{}},{"ancestorTitles":["GET /api/product-configurations/[id]/ppcs"],"fullName":"GET /api/product-configurations/[id]/ppcs should return empty list if no PPCs found","status":"passed","title":"should return empty list if no PPCs found","duration":0.381083000000217,"failureMessages":[],"location":{"line":68,"column":2},"meta":{}},{"ancestorTitles":["GET /api/product-configurations/[id]/ppcs"],"fullName":"GET /api/product-configurations/[id]/ppcs should handle database error","status":"passed","title":"should handle database error","duration":0.5098749999997381,"failureMessages":[],"location":{"line":85,"column":2},"meta":{}}],"startTime":1778639180796,"endTime":1778639180799.5098,"status":"passed","message":"","name":"/Users/andres/Documents/financieramente/financieramente-app/src/app/api/product-configurations/[id]/ppcs/__tests__/route.test.ts"},{"assertionResults":[{"ancestorTitles":["GET /api/product-configurations/by-code/[code]"],"fullName":"GET /api/product-configurations/by-code/[code] returns 404 when service returns null","status":"passed","title":"returns 404 when service returns null","duration":1.683999999997468,"failureMessages":[],"location":{"line":20,"column":2},"meta":{}},{"ancestorTitles":["GET /api/product-configurations/by-code/[code]"],"fullName":"GET /api/product-configurations/by-code/[code] returns 200 with configuration when found","status":"passed","title":"returns 200 with configuration when found","duration":0.6196249999993597,"failureMessages":[],"location":{"line":33,"column":2},"meta":{}},{"ancestorTitles":["GET /api/product-configurations/by-code/[code]"],"fullName":"GET /api/product-configurations/by-code/[code] decodes encoded route param before lookup (e.g. + in product code)","status":"passed","title":"decodes encoded route param before lookup (e.g. + in product code)","duration":0.7590420000015001,"failureMessages":[],"location":{"line":50,"column":2},"meta":{}}],"startTime":1778639183268,"endTime":1778639183270.759,"status":"passed","message":"","name":"/Users/andres/Documents/financieramente/financieramente-app/src/app/api/product-configurations/by-code/[code]/__tests__/route.test.ts"},{"assertionResults":[{"ancestorTitles":["POST /api/admin/discounts/[id]/inactivate"],"fullName":"POST /api/admin/discounts/[id]/inactivate returns 401 when unauthenticated","status":"passed","title":"returns 401 when unauthenticated","duration":1.2340839999997115,"failureMessages":[],"location":{"line":50,"column":2},"meta":{}},{"ancestorTitles":["POST /api/admin/discounts/[id]/inactivate"],"fullName":"POST /api/admin/discounts/[id]/inactivate returns 404 when discount not found","status":"passed","title":"returns 404 when discount not found","duration":0.42149999999674037,"failureMessages":[],"location":{"line":57,"column":2},"meta":{}},{"ancestorTitles":["POST /api/admin/discounts/[id]/inactivate"],"fullName":"POST /api/admin/discounts/[id]/inactivate returns 400 when discount is already INACTIVE","status":"passed","title":"returns 400 when discount is already INACTIVE","duration":0.5338330000013229,"failureMessages":[],"location":{"line":65,"column":2},"meta":{}},{"ancestorTitles":["POST /api/admin/discounts/[id]/inactivate"],"fullName":"POST /api/admin/discounts/[id]/inactivate returns 200 with { status: INACTIVE } for ACTIVE discount","status":"passed","title":"returns 200 with { status: INACTIVE } for ACTIVE discount","duration":1.0547499999993306,"failureMessages":[],"location":{"line":73,"column":2},"meta":{}}],"startTime":1778639184253,"endTime":1778639184257.0547,"status":"passed","message":"","name":"/Users/andres/Documents/financieramente/financieramente-app/src/app/api/admin/discounts/[id]/inactivate/__tests__/route.test.ts"},{"assertionResults":[{"ancestorTitles":["PATCH /api/product-configurations/[id]/distribution-commission/[ruleId]"],"fullName":"PATCH /api/product-configurations/[id]/distribution-commission/[ruleId] desactivar regla sin negocios asociados retorna 200 y audit DEACTIVATED","status":"passed","title":"desactivar regla sin negocios asociados retorna 200 y audit DEACTIVATED","duration":2.49633299999914,"failureMessages":[],"location":{"line":60,"column":2},"meta":{}},{"ancestorTitles":["PATCH /api/product-configurations/[id]/distribution-commission/[ruleId]"],"fullName":"PATCH /api/product-configurations/[id]/distribution-commission/[ruleId] activar regla retorna 200 y audit ACTIVATED","status":"passed","title":"activar regla retorna 200 y audit ACTIVATED","duration":0.41229199999725097,"failureMessages":[],"location":{"line":96,"column":2},"meta":{}},{"ancestorTitles":["PATCH /api/product-configurations/[id]/distribution-commission/[ruleId]"],"fullName":"PATCH /api/product-configurations/[id]/distribution-commission/[ruleId] 409 si existen negocios activos al desactivar","status":"passed","title":"409 si existen negocios activos al desactivar","duration":0.2400420000012673,"failureMessages":[],"location":{"line":134,"column":2},"meta":{}},{"ancestorTitles":["PATCH /api/product-configurations/[id]/distribution-commission/[ruleId]"],"fullName":"PATCH /api/product-configurations/[id]/distribution-commission/[ruleId] 404 si la regla no existe","status":"passed","title":"404 si la regla no existe","duration":0.10391700000036508,"failureMessages":[],"location":{"line":150,"column":2},"meta":{}}],"startTime":1778639181141,"endTime":1778639181144.4124,"status":"passed","message":"","name":"/Users/andres/Documents/financieramente/financieramente-app/src/app/api/product-configurations/[id]/distribution-commission/[ruleId]/__tests__/route.patch.test.ts"},{"assertionResults":[{"ancestorTitles":["PUT /api/product-configurations/[id]/distribution-commission/[ruleId]"],"fullName":"PUT /api/product-configurations/[id]/distribution-commission/[ruleId] passes prior porcentaje_portfolio when hasPortfolio becomes false (RF-04)","status":"passed","title":"passes prior porcentaje_portfolio when hasPortfolio becomes false (RF-04)","duration":3.7168750000018917,"failureMessages":[],"location":{"line":83,"column":2},"meta":{}},{"ancestorTitles":["PUT /api/product-configurations/[id]/distribution-commission/[ruleId]"],"fullName":"PUT /api/product-configurations/[id]/distribution-commission/[ruleId] persists portfolio fractions when hasPortfolio is true","status":"passed","title":"persists portfolio fractions when hasPortfolio is true","duration":0.4941660000004049,"failureMessages":[],"location":{"line":112,"column":2},"meta":{}}],"startTime":1778639172173,"endTime":1778639172177.4941,"status":"passed","message":"","name":"/Users/andres/Documents/financieramente/financieramente-app/src/app/api/product-configurations/[id]/distribution-commission/[ruleId]/__tests__/route.put.test.ts"},{"assertionResults":[{"ancestorTitles":["POST /api/product-configurations/[id]/commission-rules/[ruleId]/assign-new-businesses"],"fullName":"POST /api/product-configurations/[id]/commission-rules/[ruleId]/assign-new-businesses should assign the default rule for new businesses","status":"passed","title":"should assign the default rule for new businesses","duration":2.7220830000005662,"failureMessages":[],"location":{"line":36,"column":2},"meta":{}},{"ancestorTitles":["POST /api/product-configurations/[id]/commission-rules/[ruleId]/assign-new-businesses"],"fullName":"POST /api/product-configurations/[id]/commission-rules/[ruleId]/assign-new-businesses should return 400 for invalid ids","status":"passed","title":"should return 400 for invalid ids","duration":0.4572909999988042,"failureMessages":[],"location":{"line":78,"column":2},"meta":{}},{"ancestorTitles":["POST /api/product-configurations/[id]/commission-rules/[ruleId]/assign-new-businesses"],"fullName":"POST /api/product-configurations/[id]/commission-rules/[ruleId]/assign-new-businesses should return 404 when rule does not belong to configuration","status":"passed","title":"should return 404 when rule does not belong to configuration","duration":0.3989999999976135,"failureMessages":[],"location":{"line":93,"column":2},"meta":{}},{"ancestorTitles":["POST /api/product-configurations/[id]/commission-rules/[ruleId]/assign-new-businesses"],"fullName":"POST /api/product-configurations/[id]/commission-rules/[ruleId]/assign-new-businesses should return 400 when rule is inactive","status":"passed","title":"should return 400 when rule is inactive","duration":0.3615830000017013,"failureMessages":[],"location":{"line":119,"column":2},"meta":{}}],"startTime":1778639179359,"endTime":1778639179362.399,"status":"passed","message":"","name":"/Users/andres/Documents/financieramente/financieramente-app/src/app/api/product-configurations/[id]/distribution-commission/[ruleId]/assign-new-businesses/__tests__/route.test.ts"}]}
 HTML  Report is generated
       You can run npx vite preview --outDir html to see the test results.
